
Gurobi 13.0.1 (linux64) logging started Mon Apr 27 02:03:45 2026

Set parameter LogFile to value "outputs/llm_runs/trajectories/I4_P3_patchedit_auto_gpt5/step_01/attempt_01/candidate_01_solver.log"
Read solution from file outputs/solves/base/blockseq_n588_blocks19_slots24_seed42.sol
Gurobi Optimizer version 13.0.1 build v13.0.1rc0 (linux64 - "Red Hat Enterprise Linux 9.6 (Plow)")

CPU model: Intel(R) Xeon(R) Gold 6226 CPU @ 2.70GHz, instruction set [SSE2|AVX|AVX2|AVX512]
Thread count: 24 physical cores, 24 logical processors, using up to 6 threads

Non-default parameters:
TimeLimit  3600
MIPGap  0.01
DegenMoves  0
MIPFocus  2
NoRelHeurTime  900
LogToConsole  0
Threads  6

Optimize a model with 401010 rows, 677376 columns and 3532008 nonzeros (Min)
Model fingerprint: 0xa9c7d488
Model has 395750 linear objective coefficients
Variable types: 0 continuous, 677376 integer (677376 binary)
Coefficient statistics:
  Matrix range     [1e+00, 2e+00]
  Objective range  [5e+00, 8e+02]
  Bounds range     [1e+00, 1e+00]
  RHS range        [1e+00, 1e+00]

User MIP start 0 did not produce a new incumbent solution
User MIP start 0 violates constraint frontload[3] by 1.000000000
Warning: Completing partial solution with 677309 unfixed non-continuous variables out of 677376
User MIP start 1 produced solution with objective 10855 (1.12s)
Loaded user MIP start 1 with objective 10855
Processed 2 MIP starts in 1.12 seconds (0.67 work units)

Presolve removed 218211 rows and 216483 columns (presolve time = 5s)...
Presolve removed 218211 rows and 216483 columns (presolve time = 10s)...
Presolve removed 218211 rows and 216483 columns (presolve time = 15s)...
Presolve removed 218211 rows and 216483 columns (presolve time = 20s)...
Presolve removed 218211 rows and 216483 columns (presolve time = 25s)...
Presolve removed 218211 rows and 216483 columns (presolve time = 30s)...
Presolve removed 218211 rows and 216483 columns (presolve time = 35s)...
Presolve removed 218211 rows and 216483 columns (presolve time = 40s)...
Presolve removed 218211 rows and 216483 columns (presolve time = 45s)...
Presolve removed 218211 rows and 216483 columns (presolve time = 50s)...
Presolve removed 218211 rows and 216483 columns (presolve time = 55s)...
Presolve removed 218211 rows and 216483 columns (presolve time = 60s)...
Presolve removed 218211 rows and 216483 columns (presolve time = 65s)...
Presolve removed 218211 rows and 216483 columns (presolve time = 70s)...
Presolve removed 218211 rows and 216483 columns (presolve time = 75s)...
Presolve removed 218211 rows and 216483 columns (presolve time = 80s)...
Presolve removed 218211 rows and 216483 columns (presolve time = 85s)...
Presolve removed 218211 rows and 216483 columns (presolve time = 90s)...
Presolve removed 218211 rows and 216483 columns (presolve time = 95s)...
Presolve removed 218211 rows and 216483 columns (presolve time = 100s)...
Presolve removed 218211 rows and 216483 columns (presolve time = 105s)...
Presolve removed 218211 rows and 216483 columns (presolve time = 110s)...
Presolve removed 218211 rows and 216483 columns (presolve time = 115s)...
Presolve removed 218211 rows and 216483 columns (presolve time = 120s)...
Presolve removed 218211 rows and 216483 columns (presolve time = 125s)...
Presolve removed 218211 rows and 216483 columns (presolve time = 130s)...
Presolve removed 218211 rows and 216483 columns (presolve time = 135s)...
Presolve removed 218211 rows and 216483 columns (presolve time = 140s)...
Presolve removed 218211 rows and 216483 columns (presolve time = 145s)...
Presolve removed 218211 rows and 216483 columns (presolve time = 150s)...
Presolve removed 218211 rows and 216483 columns (presolve time = 155s)...
Presolve removed 218211 rows and 216483 columns (presolve time = 160s)...
Presolve removed 218211 rows and 216483 columns (presolve time = 165s)...
Presolve removed 218211 rows and 216483 columns (presolve time = 170s)...
Presolve removed 218211 rows and 216483 columns (presolve time = 175s)...
Presolve removed 218211 rows and 216483 columns (presolve time = 180s)...
Presolve removed 218211 rows and 216483 columns (presolve time = 185s)...
Presolve removed 218211 rows and 216483 columns (presolve time = 190s)...
Presolve removed 218211 rows and 216483 columns (presolve time = 195s)...
Presolve removed 218211 rows and 216483 columns (presolve time = 200s)...
Presolve removed 218211 rows and 216483 columns (presolve time = 205s)...
Presolve removed 218211 rows and 216483 columns (presolve time = 210s)...
Presolve removed 218211 rows and 216483 columns (presolve time = 215s)...
Presolve removed 218211 rows and 216483 columns (presolve time = 220s)...
Presolve removed 218211 rows and 216483 columns (presolve time = 225s)...
Presolve removed 218211 rows and 216483 columns (presolve time = 230s)...
Presolve removed 218211 rows and 216483 columns (presolve time = 235s)...
Presolve removed 218211 rows and 216483 columns (presolve time = 240s)...
Presolve removed 218211 rows and 216483 columns (presolve time = 245s)...
Presolve removed 218211 rows and 216483 columns (presolve time = 250s)...
Presolve removed 218211 rows and 216483 columns (presolve time = 255s)...
Presolve removed 218211 rows and 216483 columns (presolve time = 260s)...
Presolve removed 218211 rows and 216483 columns (presolve time = 265s)...
Presolve removed 218211 rows and 216483 columns (presolve time = 275s)...
Presolve removed 218211 rows and 216483 columns (presolve time = 281s)...
Presolve removed 218211 rows and 216483 columns (presolve time = 286s)...
Presolve removed 218211 rows and 216483 columns (presolve time = 291s)...
Presolve removed 218211 rows and 216483 columns (presolve time = 297s)...
Presolve removed 218211 rows and 216483 columns (presolve time = 302s)...
Presolve removed 218211 rows and 216483 columns (presolve time = 307s)...
Presolve removed 218211 rows and 216483 columns (presolve time = 312s)...
Presolve removed 218211 rows and 216483 columns (presolve time = 318s)...
Presolve removed 218211 rows and 216483 columns (presolve time = 323s)...
Presolve removed 218211 rows and 216483 columns (presolve time = 328s)...
Presolve removed 218211 rows and 216483 columns (presolve time = 334s)...
Presolve removed 218211 rows and 216483 columns (presolve time = 339s)...
Presolve removed 218877 rows and 245088 columns (presolve time = 340s)...
Presolve removed 218877 rows and 245088 columns (presolve time = 345s)...
Presolve removed 218877 rows and 245088 columns (presolve time = 350s)...
Presolve removed 218877 rows and 245088 columns (presolve time = 355s)...
Presolve removed 218877 rows and 245088 columns (presolve time = 360s)...
Presolve removed 218877 rows and 245088 columns (presolve time = 365s)...
Presolve removed 218877 rows and 245088 columns (presolve time = 370s)...
Presolve removed 218877 rows and 245088 columns (presolve time = 375s)...
Presolve removed 218877 rows and 245088 columns (presolve time = 380s)...
Presolve removed 218877 rows and 245088 columns (presolve time = 385s)...
Presolve removed 218877 rows and 245088 columns (presolve time = 390s)...
Presolve removed 218877 rows and 245088 columns (presolve time = 395s)...
Presolve removed 218877 rows and 245088 columns (presolve time = 400s)...
Presolve removed 218877 rows and 245088 columns (presolve time = 405s)...
Presolve removed 218877 rows and 245088 columns (presolve time = 410s)...
Presolve removed 218877 rows and 245088 columns (presolve time = 415s)...
Presolve removed 218877 rows and 245088 columns (presolve time = 420s)...
Presolve removed 218877 rows and 245088 columns (presolve time = 425s)...
Presolve removed 218877 rows and 245088 columns (presolve time = 430s)...
Presolve removed 218877 rows and 245088 columns (presolve time = 435s)...
Presolve removed 218877 rows and 245088 columns (presolve time = 440s)...
Presolve removed 218877 rows and 245088 columns (presolve time = 445s)...
Presolve removed 218877 rows and 245088 columns (presolve time = 450s)...
Presolve removed 218877 rows and 245088 columns (presolve time = 455s)...
Presolve removed 218877 rows and 245088 columns (presolve time = 460s)...
Presolve removed 218877 rows and 245088 columns (presolve time = 465s)...
Presolve removed 218877 rows and 245088 columns (presolve time = 470s)...
Presolve removed 218877 rows and 245088 columns (presolve time = 475s)...
Presolve removed 218877 rows and 245088 columns (presolve time = 480s)...
Presolve removed 218877 rows and 245088 columns (presolve time = 485s)...
Presolve removed 218877 rows and 245088 columns (presolve time = 490s)...
Presolve removed 218877 rows and 245088 columns (presolve time = 495s)...
Presolve removed 218877 rows and 245088 columns (presolve time = 500s)...
Presolve removed 218877 rows and 245088 columns (presolve time = 505s)...
Presolve removed 218877 rows and 245088 columns (presolve time = 510s)...
Presolve removed 218877 rows and 245088 columns (presolve time = 515s)...
Presolve removed 218877 rows and 245088 columns (presolve time = 520s)...
Presolve removed 218877 rows and 245088 columns (presolve time = 525s)...
Presolve removed 218877 rows and 245088 columns (presolve time = 530s)...
Presolve removed 218877 rows and 245088 columns (presolve time = 535s)...
Presolve removed 218877 rows and 245088 columns (presolve time = 540s)...
Presolve removed 218877 rows and 245088 columns (presolve time = 545s)...
Presolve removed 218877 rows and 245088 columns (presolve time = 550s)...
Presolve removed 218877 rows and 245088 columns (presolve time = 555s)...
Presolve removed 218877 rows and 245088 columns (presolve time = 560s)...
Presolve removed 218877 rows and 245088 columns (presolve time = 565s)...
Presolve removed 218877 rows and 245088 columns (presolve time = 570s)...
Presolve removed 218877 rows and 245088 columns (presolve time = 575s)...
Presolve removed 218877 rows and 245088 columns (presolve time = 580s)...
Presolve removed 218877 rows and 245088 columns (presolve time = 585s)...
Presolve removed 218877 rows and 245088 columns (presolve time = 590s)...
Presolve removed 218877 rows and 245088 columns (presolve time = 595s)...
Presolve removed 218877 rows and 245088 columns (presolve time = 600s)...
Presolve removed 218877 rows and 245088 columns (presolve time = 605s)...
Presolve removed 218877 rows and 245088 columns (presolve time = 610s)...
Presolve removed 218877 rows and 245088 columns (presolve time = 615s)...
Presolve removed 218877 rows and 245088 columns (presolve time = 620s)...
Presolve removed 218877 rows and 245088 columns (presolve time = 625s)...
Presolve removed 218877 rows and 245088 columns (presolve time = 630s)...
Presolve removed 218877 rows and 245088 columns (presolve time = 635s)...
Presolve removed 218877 rows and 245088 columns (presolve time = 640s)...
Presolve removed 218877 rows and 245088 columns (presolve time = 645s)...
Presolve removed 218877 rows and 245088 columns (presolve time = 650s)...
Presolve removed 218877 rows and 245088 columns (presolve time = 655s)...
Presolve removed 218877 rows and 245088 columns (presolve time = 660s)...
Presolve removed 218877 rows and 245088 columns (presolve time = 665s)...
Presolve removed 219525 rows and 266829 columns (presolve time = 670s)...
Presolve removed 219525 rows and 266829 columns (presolve time = 675s)...
Presolve removed 219525 rows and 266829 columns (presolve time = 680s)...
Presolve removed 219525 rows and 266829 columns (presolve time = 686s)...
Presolve removed 219525 rows and 266829 columns (presolve time = 692s)...
Presolve removed 219525 rows and 266829 columns (presolve time = 697s)...
Presolve removed 219525 rows and 266829 columns (presolve time = 702s)...
Presolve removed 219525 rows and 266829 columns (presolve time = 708s)...
Presolve removed 219525 rows and 266829 columns (presolve time = 713s)...
Presolve removed 219525 rows and 266829 columns (presolve time = 718s)...
Presolve removed 219525 rows and 266829 columns (presolve time = 723s)...
Presolve removed 219525 rows and 266829 columns (presolve time = 729s)...
Presolve removed 219525 rows and 266829 columns (presolve time = 734s)...
Presolve removed 219525 rows and 266829 columns (presolve time = 739s)...
Presolve removed 219525 rows and 266829 columns (presolve time = 745s)...
Presolve removed 219525 rows and 266829 columns (presolve time = 750s)...
Presolve removed 219525 rows and 266829 columns (presolve time = 755s)...
Presolve removed 219525 rows and 266829 columns (presolve time = 761s)...
Presolve removed 219525 rows and 266829 columns (presolve time = 766s)...
Presolve removed 219525 rows and 266829 columns (presolve time = 771s)...
Presolve removed 219525 rows and 266829 columns (presolve time = 776s)...
Presolve removed 219525 rows and 266829 columns (presolve time = 782s)...
Presolve removed 219525 rows and 266829 columns (presolve time = 787s)...
Presolve removed 219525 rows and 266829 columns (presolve time = 792s)...
Presolve removed 219525 rows and 266829 columns (presolve time = 798s)...
Presolve removed 219525 rows and 266829 columns (presolve time = 803s)...
Presolve removed 219525 rows and 266829 columns (presolve time = 808s)...
Presolve removed 219525 rows and 266829 columns (presolve time = 813s)...
Presolve removed 219525 rows and 266829 columns (presolve time = 819s)...
Presolve removed 219525 rows and 266829 columns (presolve time = 824s)...
Presolve removed 219525 rows and 266829 columns (presolve time = 829s)...
Presolve removed 219525 rows and 266829 columns (presolve time = 835s)...
Presolve removed 219525 rows and 266829 columns (presolve time = 840s)...
Presolve removed 219525 rows and 266829 columns (presolve time = 845s)...
Presolve removed 219525 rows and 266829 columns (presolve time = 850s)...
Presolve removed 219525 rows and 266829 columns (presolve time = 856s)...
Presolve removed 219525 rows and 266829 columns (presolve time = 861s)...
Presolve removed 219525 rows and 269921 columns (presolve time = 886s)...
Presolve removed 219637 rows and 269921 columns (presolve time = 890s)...
Presolve removed 219637 rows and 269921 columns
Presolve time: 890.68s
Presolved: 181373 rows, 407455 columns, 1684573 nonzeros
Variable types: 0 continuous, 407455 integer (407455 binary)
Starting NoRel heuristic
Found heuristic solution: objective 10558.000000
Found heuristic solution: objective 10316.000000
Found heuristic solution: objective 9834.0000000
Elapsed time for NoRel heuristic: 12s (best bound 0)
Elapsed time for NoRel heuristic: 18s (best bound 0)
Found heuristic solution: objective 9767.0000000
Found heuristic solution: objective 9588.0000000
Found heuristic solution: objective 9481.0000000
Elapsed time for NoRel heuristic: 33s (best bound 0)
Elapsed time for NoRel heuristic: 85s (best bound 0)
Elapsed time for NoRel heuristic: 91s (best bound 0)
Elapsed time for NoRel heuristic: 97s (best bound 0)
Found heuristic solution: objective 8957.0000000
Elapsed time for NoRel heuristic: 185s (best bound 0)
Elapsed time for NoRel heuristic: 239s (best bound 0)
Elapsed time for NoRel heuristic: 247s (best bound 0)
Elapsed time for NoRel heuristic: 253s (best bound 0)
Elapsed time for NoRel heuristic: 260s (best bound 0)
Elapsed time for NoRel heuristic: 267s (best bound 0)
Found heuristic solution: objective 8940.0000000
Found heuristic solution: objective 8858.0000000
Elapsed time for NoRel heuristic: 316s (best bound 0)
Elapsed time for NoRel heuristic: 373s (best bound 0)
Elapsed time for NoRel heuristic: 380s (best bound 0)
Found heuristic solution: objective 8644.0000000
Elapsed time for NoRel heuristic: 438s (best bound 0)
Elapsed time for NoRel heuristic: 500s (best bound 0)
Found heuristic solution: objective 8619.0000000
Elapsed time for NoRel heuristic: 564s (best bound 0)
Found heuristic solution: objective 8555.0000000
Elapsed time for NoRel heuristic: 592s (best bound 0)
Found heuristic solution: objective 8518.0000000
Elapsed time for NoRel heuristic: 659s (best bound 0)
Found heuristic solution: objective 8463.0000000
Found heuristic solution: objective 8452.0000000
Elapsed time for NoRel heuristic: 725s (best bound 0)
Elapsed time for NoRel heuristic: 811s (best bound 0)
Elapsed time for NoRel heuristic: 896s (best bound 0)
Elapsed time for NoRel heuristic: 967s (best bound 0)
NoRel heuristic complete
Root relaxation presolve removed 1 rows and 0 columns
Root relaxation presolved: 181372 rows, 407455 columns, 1684546 nonzeros

Deterministic concurrent LP optimizer: primal simplex, dual simplex, and barrier
Showing barrier log only...

Root barrier log...

Elapsed ordering time = 5s
Ordering time: 8.92s
Elapsed ordering time = 9s
Elapsed ordering time = 10s
Elapsed ordering time = 15s
Elapsed ordering time = 17s
Elapsed ordering time = 20s
Elapsed ordering time = 20s
Elapsed ordering time = 22s
Ordering time: 24.82s

Barrier statistics:
 Dense cols : 7236
 AA' NZ     : 2.264e+06
 Factor NZ  : 1.583e+08 (roughly 1.5 GB of memory)
 Factor Ops : 1.325e+12 (roughly 9 seconds per iteration)
 Threads    : 4

                  Objective                Residual
Iter       Primal          Dual         Primal    Dual     Compl     Time
   0   8.11519957e+08 -7.86150233e+07  1.21e+05 1.37e+02  3.79e+03  1892s
   1   3.43009900e+08 -8.17298961e+07  5.27e+04 2.69e+01  1.49e+03  1892s
   2   1.18959370e+08 -7.87208890e+07  1.72e+04 6.25e-13  5.19e+02  1892s
   3   2.78762458e+07 -4.82653307e+07  2.84e+03 4.26e-13  1.18e+02  1892s
   4   1.17087275e+07 -8.29816220e+06  7.38e+02 2.27e-13  2.68e+01  1893s
   5   2.43812875e+06 -2.08328965e+06  1.22e+02 1.71e-13  5.67e+00  1893s
   6   5.09537239e+05 -5.40261227e+05  2.27e+01 2.27e-13  1.28e+00  1893s
   7   1.31288732e+05 -1.02221307e+05  5.15e+00 1.71e-13  2.83e-01  1893s
   8   2.18474614e+04 -3.51557291e+04  6.39e-01 1.71e-13  6.31e-02  1893s
   9   1.94128069e+04 -3.01108928e+04  5.44e-01 1.71e-13  5.61e-02  1893s
  10   1.64864799e+04 -2.14816414e+04  4.25e-01 1.71e-13  4.54e-02  1893s
  11   1.46775118e+04 -1.85605781e+04  3.46e-01 1.14e-13  3.82e-02  1894s
  12   1.30826412e+04 -8.92564643e+03  2.69e-01 1.14e-13  2.96e-02  1894s
  13   1.03839386e+04 -5.27272500e+03  1.42e-01 1.71e-13  1.98e-02  1894s
  14   8.76462700e+03 -1.30685355e+03  8.28e-02 1.14e-13  1.29e-02  1894s
  15   7.10899528e+03  8.11419320e+02  2.91e-02 1.14e-13  7.67e-03  1895s
  16   6.22841762e+03  2.47550863e+03  6.66e-03 1.14e-13  4.25e-03  1895s
  17   6.00321573e+03  3.53187531e+03  2.77e-03 1.14e-13  2.71e-03  1895s
  18   5.86217002e+03  4.04379848e+03  1.26e-03 1.14e-13  1.96e-03  1896s
  19   5.74025245e+03  4.88233910e+03  1.77e-04 4.12e-04  8.96e-04  1902s
  20   5.70716439e+03  5.37534786e+03  3.33e-05 1.57e-04  3.44e-04  1910s
  21   5.69284724e+03  5.59559007e+03  3.52e-06 4.46e-05  1.01e-04  1919s
  22   5.68944973e+03  5.68184373e+03  1.35e-07 2.72e-06  7.87e-06  1927s
  23   5.68882911e+03  5.68860671e+03  3.41e-08 2.36e-07  2.40e-07  1936s
  24   5.68880438e+03  5.68879788e+03  3.73e-09 3.65e-08  7.56e-09  1944s
  25   5.68880017e+03  5.68879924e+03  1.05e-08 9.61e-05  1.03e-09  1953s
  26   5.68880008e+03  5.68880006e+03  1.84e-08 6.72e-06  3.05e-11  1962s

Barrier solved model in 26 iterations and 1961.59 seconds (1112.55 work units)
Optimal objective 5.68880008e+03


Root crossover log...

   22084 DPushes remaining with DInf 0.0000000e+00              1962s
     512 DPushes remaining with DInf 0.0000000e+00              1965s
       0 DPushes remaining with DInf 0.0000000e+00              1969s

     564 PPushes remaining with PInf 0.0000000e+00              1970s
       0 PPushes remaining with PInf 0.0000000e+00              1970s

  Push phase complete: Pinf 0.0000000e+00, Dinf 1.1685171e-07   1970s


Root simplex log...

Iteration    Objective       Primal Inf.    Dual Inf.      Time
   22579    5.6888001e+03   0.000000e+00   0.000000e+00   1970s
Crossover time: 8.17 seconds (3.73 work units)
Concurrent spin time: 10.68s

Solved with barrier
   22579    5.6888001e+03   0.000000e+00   0.000000e+00   1981s

Root relaxation: objective 5.688800e+03, 22579 iterations, 121.19 seconds (89.07 work units)

    Nodes    |    Current Node    |     Objective Bounds      |     Work
 Expl Unexpl |  Obj  Depth IntInf | Incumbent    BestBd   Gap | It/Node Time

     0     0 5688.80009    0  555 8452.00000 5688.80009  32.7%     - 1998s
Another try with MIP start
     0     0 5774.64909    0  487 8452.00000 5774.64909  31.7%     - 2431s
     0     0 5774.64909    0  571 8452.00000 5774.64909  31.7%     - 3078s
     0     0 5818.08494    0  623 8452.00000 5818.08494  31.2%     - 3258s
     0     0 5818.27458    0  608 8452.00000 5818.27458  31.2%     - 3277s
     0     0 5829.45791    0  682 8452.00000 5829.45791  31.0%     - 3374s
     0     0 5830.32293    0  664 8452.00000 5830.32293  31.0%     - 3397s
     0     0 5830.49196    0  712 8452.00000 5830.49196  31.0%     - 3405s
     0     0 5830.49196    0  713 8452.00000 5830.49196  31.0%     - 3405s
     0     0 5836.72800    0  742 8452.00000 5836.72800  30.9%     - 3511s
     0     0 5837.34395    0  711 8452.00000 5837.34395  30.9%     - 3533s
     0     0 5837.63387    0  706 8452.00000 5837.63387  30.9%     - 3547s
     0     0 5837.69529    0  730 8452.00000 5837.69529  30.9%     - 3550s
     0     0 5837.69550    0  718 8452.00000 5837.69550  30.9%     - 3551s

Cutting planes:
  Lift-and-project: 4
  Implied bound: 20
  Flow cover: 202
  Zero half: 84
  RLT: 19
  Relax-and-lift: 2

Explored 1 nodes (136610 simplex iterations) in 3614.54 seconds (2420.74 work units)
Thread count was 6 (of 24 available processors)

Solution count 10: 8452 8463 8518 ... 9481

Time limit reached
Best objective 8.452000000000e+03, best bound 5.838000000000e+03, gap 30.9276%
