
Gurobi 13.0.1 (linux64) logging started Mon Apr 27 04:13:31 2026

Set parameter LogFile to value "outputs/llm_runs/trajectories/I5_P5_patchedit_scratch_gpt5/step_01/replay_attempt_01/candidate_01_solver.log"
Set parameter Threads to value 6
Gurobi Optimizer version 13.0.1 build v13.0.1rc0 (linux64 - "Red Hat Enterprise Linux 9.6 (Plow)")

CPU model: Intel(R) Xeon(R) Gold 6226 CPU @ 2.70GHz, instruction set [SSE2|AVX|AVX2|AVX512]
Thread count: 24 physical cores, 24 logical processors, using up to 6 threads

Non-default parameters:
TimeLimit  3600
LogToConsole  0
Threads  6

Optimize a model with 401007 rows, 677376 columns and 3542376 nonzeros (Min)
Model fingerprint: 0x126e7363
Model has 271709 linear objective coefficients
Variable types: 0 continuous, 677376 integer (677376 binary)
Coefficient statistics:
  Matrix range     [1e+00, 3e+03]
  Objective range  [5e+00, 1e+03]
  Bounds range     [1e+00, 1e+00]
  RHS range        [1e+00, 4e+03]

Presolve removed 276352 rows and 291904 columns (presolve time = 5s)...
Presolve removed 276352 rows and 291904 columns (presolve time = 10s)...
Presolve removed 276352 rows and 291904 columns
Presolve time: 10.66s
Presolved: 124655 rows, 385472 columns, 1771176 nonzeros
Variable types: 0 continuous, 385472 integer (385472 binary)
Deterministic concurrent LP optimizer: primal simplex, dual simplex, and barrier
Showing barrier log only...

Root barrier log...

Ordering time: 3.02s
Elapsed ordering time = 5s
Elapsed ordering time = 5s
Elapsed ordering time = 6s
Ordering time: 6.50s

Barrier statistics:
 Dense cols : 3547
 AA' NZ     : 5.727e+05
 Factor NZ  : 3.280e+07 (roughly 350 MB of memory)
 Factor Ops : 1.318e+11 (roughly 1 second per iteration)
 Threads    : 3

                  Objective                Residual
Iter       Primal          Dual         Primal    Dual     Compl     Time
   0   2.48918605e+08 -1.56155977e+08  6.24e+03 1.16e+03  6.78e+03    21s
   1   1.10814291e+08 -1.36682942e+08  2.75e+03 2.73e-12  2.49e+03    21s
   2   3.50121217e+07 -8.64500276e+07  7.17e+02 1.82e-12  7.17e+02    21s
   3   1.10391341e+07 -2.25894985e+07  1.01e+02 1.36e-12  1.36e+02    21s
   4   5.78752799e+06 -3.72563878e+06  2.72e+01 9.09e-13  3.83e+01    21s
   5   1.73271731e+06 -1.09989734e+06  8.14e+00 6.82e-13  1.15e+01    21s
   6   3.44568753e+05 -5.65903527e+05  1.56e+00 9.09e-13  3.27e+00    21s
   7   6.30646487e+04 -1.84322648e+05  2.57e-01 6.82e-13  8.13e-01    22s
   8   4.76135599e+04 -1.45436596e+05  1.87e-01 4.55e-13  6.18e-01    22s
   9   3.34022450e+04 -1.11437872e+05  1.20e-01 4.55e-13  4.56e-01    22s
  10   2.18857056e+04 -6.56118362e+04  6.71e-02 4.55e-13  2.72e-01    22s
  11   1.71788274e+04 -5.13379643e+04  4.69e-02 4.55e-13  2.11e-01    22s
  12   1.21291700e+04 -3.30034632e+04  2.61e-02 6.82e-13  1.38e-01    22s
  13   8.16580877e+03 -2.29148955e+04  1.26e-02 4.55e-13  9.42e-02    22s
  14   7.00508371e+03 -1.36776888e+04  9.19e-03 4.55e-13  6.27e-02    22s
  15   5.34536943e+03 -8.21620151e+03  5.28e-03 4.55e-13  4.10e-02    22s
  16   3.71627783e+03 -4.96422631e+03  1.54e-03 7.20e-04  2.61e-02    23s
  17   3.41669583e+03 -3.20170833e+02  1.18e-03 2.37e-04  1.13e-02    24s
  18   2.24826130e+03  1.35254670e+03  6.01e-05 6.74e-05  2.68e-03    26s
  19   2.05595244e+03  1.98413496e+03  7.65e-07 4.56e-06  2.15e-04    27s
  20   2.03847864e+03  2.03413995e+03  6.96e-08 1.81e-07  1.30e-05    28s
  21   2.03700258e+03  2.03699693e+03  7.23e-10 1.09e-09  1.76e-08    30s
  22   2.03700000e+03  2.03700000e+03  7.80e-12 5.16e-10  1.76e-11    31s

Barrier solved model in 22 iterations and 31.10 seconds (27.80 work units)
Optimal objective 2.03700000e+03


Root crossover log...

    9883 DPushes remaining with DInf 0.0000000e+00                31s
       0 DPushes remaining with DInf 0.0000000e+00                32s

     415 PPushes remaining with PInf 0.0000000e+00                32s
       0 PPushes remaining with PInf 0.0000000e+00                32s

  Push phase complete: Pinf 0.0000000e+00, Dinf 2.1758169e-09     32s


Root simplex log...

Iteration    Objective       Primal Inf.    Dual Inf.      Time
   10242    2.0370000e+03   0.000000e+00   0.000000e+00     32s
Crossover time: 0.76 seconds (0.39 work units)
Concurrent spin time: 0.01s

Solved with barrier
   10242    2.0370000e+03   0.000000e+00   0.000000e+00     32s

Use crossover to convert LP symmetric solution to basic solution...

Root crossover log...

   11833 DPushes remaining with DInf 0.0000000e+00                32s
      84 DPushes remaining with DInf 0.0000000e+00                35s
       0 DPushes remaining with DInf 0.0000000e+00                36s

     502 PPushes remaining with PInf 0.0000000e+00                36s
       0 PPushes remaining with PInf 0.0000000e+00                36s

  Push phase complete: Pinf 0.0000000e+00, Dinf 2.7636702e-09     36s


Root simplex log...

Iteration    Objective       Primal Inf.    Dual Inf.      Time
   22479    2.0370000e+03   0.000000e+00   0.000000e+00     36s
Crossover time: 4.15 seconds (2.43 work units)

Root relaxation: objective 2.037000e+03, 22479 iterations, 23.67 seconds (16.82 work units)

    Nodes    |    Current Node    |     Objective Bounds      |     Work
 Expl Unexpl |  Obj  Depth IntInf | Incumbent    BestBd   Gap | It/Node Time

     0     0 2037.00000    0  257          - 2037.00000      -     -  169s
H    0     0                    3230.0000000 2037.00000  36.9%     -  173s
     0     0          -    0      3230.00000 2037.00000  36.9%     - 3600s

Cutting planes:
  Clique: 1
  MIR: 9
  Zero half: 15
  RLT: 5
  BQP: 18

Explored 1 nodes (289668 simplex iterations) in 3600.06 seconds (4389.06 work units)
Thread count was 6 (of 24 available processors)

Solution count 1: 3230 

Time limit reached
Best objective 3.230000000000e+03, best bound 2.037000000000e+03, gap 36.9350%
