
Gurobi 13.0.1 (linux64) logging started Mon Apr 27 02:03:31 2026

Set parameter LogFile to value "outputs/llm_runs/trajectories/I4_P4_patchedit_auto_gpt5/step_01/attempt_01/candidate_01_solver.log"
Gurobi Optimizer version 13.0.1 build v13.0.1rc0 (linux64 - "Red Hat Enterprise Linux 9.6 (Plow)")

CPU model: Intel(R) Xeon(R) Gold 6226 CPU @ 2.70GHz, instruction set [SSE2|AVX|AVX2|AVX512]
Thread count: 24 physical cores, 24 logical processors, using up to 6 threads

Non-default parameters:
TimeLimit  3600
MIPGap  0.01
DegenMoves  0
MIPFocus  2
NoRelHeurTime  900
LogToConsole  0
Threads  6

Optimize a model with 401010 rows, 677376 columns and 3563112 nonzeros (Min)
Model fingerprint: 0x6e6092af
Model has 395750 linear objective coefficients
Variable types: 0 continuous, 677376 integer (677376 binary)
Coefficient statistics:
  Matrix range     [1e+00, 2e+00]
  Objective range  [5e+00, 1e+03]
  Bounds range     [1e+00, 1e+00]
  RHS range        [1e+00, 1e+00]

Warning: Completing partial solution with 677309 unfixed non-continuous variables out of 677376
User MIP start produced solution with objective 12835 (1.08s)
Loaded user MIP start with objective 12835
Processed MIP start in 1.08 seconds (0.67 work units)

Presolve removed 218211 rows and 216483 columns (presolve time = 5s)...
Presolve removed 218211 rows and 216483 columns (presolve time = 10s)...
Presolve removed 218211 rows and 216483 columns (presolve time = 15s)...
Presolve removed 218211 rows and 216483 columns (presolve time = 20s)...
Presolve removed 218211 rows and 216483 columns (presolve time = 25s)...
Presolve removed 218211 rows and 216483 columns (presolve time = 30s)...
Presolve removed 218211 rows and 216483 columns (presolve time = 35s)...
Presolve removed 218211 rows and 216483 columns (presolve time = 40s)...
Presolve removed 218211 rows and 216483 columns (presolve time = 45s)...
Presolve removed 218211 rows and 216483 columns (presolve time = 50s)...
Presolve removed 218211 rows and 216483 columns (presolve time = 55s)...
Presolve removed 218211 rows and 216483 columns (presolve time = 60s)...
Presolve removed 218211 rows and 216483 columns (presolve time = 65s)...
Presolve removed 218211 rows and 216483 columns (presolve time = 70s)...
Presolve removed 218211 rows and 216483 columns (presolve time = 75s)...
Presolve removed 218211 rows and 216483 columns (presolve time = 80s)...
Presolve removed 218211 rows and 216483 columns (presolve time = 85s)...
Presolve removed 218211 rows and 216483 columns (presolve time = 90s)...
Presolve removed 218211 rows and 216483 columns (presolve time = 95s)...
Presolve removed 218211 rows and 216483 columns (presolve time = 100s)...
Presolve removed 218211 rows and 216483 columns (presolve time = 105s)...
Presolve removed 218211 rows and 216483 columns (presolve time = 110s)...
Presolve removed 218211 rows and 216483 columns (presolve time = 115s)...
Presolve removed 218211 rows and 216483 columns (presolve time = 120s)...
Presolve removed 218211 rows and 216483 columns (presolve time = 125s)...
Presolve removed 218211 rows and 216483 columns (presolve time = 130s)...
Presolve removed 218211 rows and 216483 columns (presolve time = 135s)...
Presolve removed 218211 rows and 216483 columns (presolve time = 140s)...
Presolve removed 218211 rows and 216483 columns (presolve time = 145s)...
Presolve removed 218211 rows and 216483 columns (presolve time = 150s)...
Presolve removed 218211 rows and 216483 columns (presolve time = 155s)...
Presolve removed 218211 rows and 216483 columns (presolve time = 160s)...
Presolve removed 218211 rows and 216483 columns (presolve time = 165s)...
Presolve removed 218211 rows and 216483 columns (presolve time = 170s)...
Presolve removed 218211 rows and 216483 columns (presolve time = 175s)...
Presolve removed 218211 rows and 216483 columns (presolve time = 180s)...
Presolve removed 218211 rows and 216483 columns (presolve time = 185s)...
Presolve removed 218211 rows and 216483 columns (presolve time = 190s)...
Presolve removed 218211 rows and 216483 columns (presolve time = 195s)...
Presolve removed 218211 rows and 216483 columns (presolve time = 200s)...
Presolve removed 218211 rows and 216483 columns (presolve time = 205s)...
Presolve removed 218211 rows and 216483 columns (presolve time = 210s)...
Presolve removed 218211 rows and 216483 columns (presolve time = 215s)...
Presolve removed 218211 rows and 216483 columns (presolve time = 220s)...
Presolve removed 218211 rows and 216483 columns (presolve time = 225s)...
Presolve removed 218211 rows and 216483 columns (presolve time = 230s)...
Presolve removed 218211 rows and 216483 columns (presolve time = 235s)...
Presolve removed 218211 rows and 216483 columns (presolve time = 240s)...
Presolve removed 218211 rows and 216483 columns (presolve time = 245s)...
Presolve removed 218211 rows and 216483 columns (presolve time = 250s)...
Presolve removed 218211 rows and 216483 columns (presolve time = 255s)...
Presolve removed 218211 rows and 216483 columns (presolve time = 264s)...
Presolve removed 218211 rows and 216483 columns (presolve time = 269s)...
Presolve removed 218211 rows and 216483 columns (presolve time = 275s)...
Presolve removed 218211 rows and 216483 columns (presolve time = 280s)...
Presolve removed 218211 rows and 216483 columns (presolve time = 285s)...
Presolve removed 218211 rows and 216483 columns (presolve time = 290s)...
Presolve removed 218211 rows and 216483 columns (presolve time = 296s)...
Presolve removed 218211 rows and 216483 columns (presolve time = 301s)...
Presolve removed 218211 rows and 216483 columns (presolve time = 306s)...
Presolve removed 218211 rows and 216483 columns (presolve time = 311s)...
Presolve removed 218211 rows and 216483 columns (presolve time = 317s)...
Presolve removed 218211 rows and 216483 columns (presolve time = 322s)...
Presolve removed 218211 rows and 216483 columns (presolve time = 327s)...
Presolve removed 218877 rows and 244781 columns (presolve time = 330s)...
Presolve removed 218877 rows and 244781 columns (presolve time = 335s)...
Presolve removed 218877 rows and 244781 columns (presolve time = 340s)...
Presolve removed 218877 rows and 244781 columns (presolve time = 345s)...
Presolve removed 218877 rows and 244781 columns (presolve time = 350s)...
Presolve removed 218877 rows and 244781 columns (presolve time = 355s)...
Presolve removed 218877 rows and 244781 columns (presolve time = 360s)...
Presolve removed 218877 rows and 244781 columns (presolve time = 365s)...
Presolve removed 218877 rows and 244781 columns (presolve time = 370s)...
Presolve removed 218877 rows and 244781 columns (presolve time = 375s)...
Presolve removed 218877 rows and 244781 columns (presolve time = 380s)...
Presolve removed 218877 rows and 244781 columns (presolve time = 385s)...
Presolve removed 218877 rows and 244781 columns (presolve time = 390s)...
Presolve removed 218877 rows and 244781 columns (presolve time = 395s)...
Presolve removed 218877 rows and 244781 columns (presolve time = 400s)...
Presolve removed 218877 rows and 244781 columns (presolve time = 405s)...
Presolve removed 218877 rows and 244781 columns (presolve time = 410s)...
Presolve removed 218877 rows and 244781 columns (presolve time = 415s)...
Presolve removed 218877 rows and 244781 columns (presolve time = 422s)...
Presolve removed 218877 rows and 244781 columns (presolve time = 427s)...
Presolve removed 218877 rows and 244781 columns (presolve time = 432s)...
Presolve removed 218877 rows and 244781 columns (presolve time = 438s)...
Presolve removed 218877 rows and 244781 columns (presolve time = 443s)...
Presolve removed 218877 rows and 244781 columns (presolve time = 448s)...
Presolve removed 218877 rows and 244781 columns (presolve time = 454s)...
Presolve removed 218877 rows and 244781 columns (presolve time = 459s)...
Presolve removed 218877 rows and 244781 columns (presolve time = 464s)...
Presolve removed 218877 rows and 244781 columns (presolve time = 469s)...
Presolve removed 218877 rows and 244781 columns (presolve time = 475s)...
Presolve removed 218877 rows and 244781 columns (presolve time = 480s)...
Presolve removed 218877 rows and 244781 columns (presolve time = 481s)...
Presolve removed 218877 rows and 248059 columns (presolve time = 530s)...
Presolve removed 218955 rows and 248059 columns
Presolve time: 533.59s
Presolved: 182055 rows, 429317 columns, 1694395 nonzeros
Variable types: 0 continuous, 429317 integer (429317 binary)
Starting NoRel heuristic
Found heuristic solution: objective 12136.000000
Found heuristic solution: objective 10762.000000
Elapsed time for NoRel heuristic: 6s (best bound 0)
Found heuristic solution: objective 10063.000000
Found heuristic solution: objective 9528.0000000
Elapsed time for NoRel heuristic: 12s (best bound 0)
Found heuristic solution: objective 9445.0000000
Elapsed time for NoRel heuristic: 47s (best bound 0)
Elapsed time for NoRel heuristic: 53s (best bound 0)
Found heuristic solution: objective 9251.0000000
Found heuristic solution: objective 8608.0000000
Found heuristic solution: objective 8151.0000000
Found heuristic solution: objective 7333.0000000
Elapsed time for NoRel heuristic: 85s (best bound 0)
Elapsed time for NoRel heuristic: 118s (best bound 0)
Elapsed time for NoRel heuristic: 156s (best bound 0)
Elapsed time for NoRel heuristic: 161s (best bound 0)
Elapsed time for NoRel heuristic: 170s (best bound 0)
Found heuristic solution: objective 7159.0000000
Found heuristic solution: objective 6953.0000000
Found heuristic solution: objective 6745.0000000
Found heuristic solution: objective 6695.0000000
Elapsed time for NoRel heuristic: 241s (best bound 0)
Elapsed time for NoRel heuristic: 247s (best bound 0)
Elapsed time for NoRel heuristic: 253s (best bound 0)
Elapsed time for NoRel heuristic: 259s (best bound 0)
Elapsed time for NoRel heuristic: 297s (best bound 0)
Elapsed time for NoRel heuristic: 310s (best bound 0)
Elapsed time for NoRel heuristic: 329s (best bound 0)
Elapsed time for NoRel heuristic: 379s (best bound 0)
Found heuristic solution: objective 6642.0000000
Found heuristic solution: objective 6521.0000000
Elapsed time for NoRel heuristic: 429s (best bound 0)
Found heuristic solution: objective 6514.0000000
Elapsed time for NoRel heuristic: 479s (best bound 0)
Found heuristic solution: objective 6484.0000000
Found heuristic solution: objective 6393.0000000
Elapsed time for NoRel heuristic: 520s (best bound 0)
Elapsed time for NoRel heuristic: 553s (best bound 0)
Found heuristic solution: objective 6383.0000000
Found heuristic solution: objective 6359.0000000
Elapsed time for NoRel heuristic: 598s (best bound 0)
Found heuristic solution: objective 6251.0000000
Elapsed time for NoRel heuristic: 659s (best bound 0)
Elapsed time for NoRel heuristic: 702s (best bound 0)
Elapsed time for NoRel heuristic: 757s (best bound 0)
Elapsed time for NoRel heuristic: 804s (best bound 0)
Found heuristic solution: objective 6215.0000000
Elapsed time for NoRel heuristic: 944s (best bound 0)
NoRel heuristic complete
Root relaxation presolve removed 0 rows and 0 columns (presolve time = 6s)...
Root relaxation presolved: 182055 rows, 429317 columns, 1694395 nonzeros

Deterministic concurrent LP optimizer: primal simplex, dual simplex, and barrier
Showing barrier log only...

Root barrier log...

Ordering time: 9.45s
Elapsed ordering time = 10s
Elapsed ordering time = 10s
Elapsed ordering time = 15s
Elapsed ordering time = 16s
Elapsed ordering time = 20s
Elapsed ordering time = 20s
Elapsed ordering time = 22s
Elapsed ordering time = 25s
Ordering time: 28.45s

Barrier statistics:
 Dense cols : 7410
 AA' NZ     : 2.224e+06
 Factor NZ  : 1.640e+08 (roughly 1.6 GB of memory)
 Factor Ops : 1.428e+12 (roughly 10 seconds per iteration)
 Threads    : 4

                  Objective                Residual
Iter       Primal          Dual         Primal    Dual     Compl     Time
   0   9.93279279e+08 -9.80739566e+07  1.15e+05 1.45e+02  4.30e+03  1517s
   1   4.51365985e+08 -1.00856323e+08  5.10e+04 3.39e+01  1.72e+03  1517s
   2   1.72615630e+08 -9.63927479e+07  1.92e+04 7.96e-13  6.71e+02  1517s
   3   3.76033420e+07 -6.26918166e+07  3.21e+03 4.55e-13  1.51e+02  1517s
   4   1.47423126e+07 -1.22957409e+07  7.92e+02 2.84e-13  3.42e+01  1517s
   5   3.41348963e+06 -2.68394097e+06  1.31e+02 2.84e-13  7.21e+00  1517s
   6   7.28489949e+05 -7.16237231e+05  2.54e+01 2.84e-13  1.67e+00  1517s
   7   1.87181268e+05 -1.71557700e+05  5.74e+00 3.98e-13  4.10e-01  1518s
   8   2.92816647e+04 -5.13316825e+04  6.07e-01 1.71e-13  8.48e-02  1518s
   9   1.62823459e+04 -2.71173808e+04  2.52e-01 2.27e-13  4.41e-02  1518s
  10   1.33248814e+04 -1.41213922e+04  1.77e-01 2.27e-13  2.83e-02  1518s
  11   1.02534759e+04 -8.98651379e+03  1.01e-01 2.27e-13  1.96e-02  1519s
  12   8.55962713e+03 -5.85405719e+03  6.22e-02 2.27e-13  1.46e-02  1519s
  13   7.17771829e+03 -2.14951416e+03  3.48e-02 2.27e-13  9.46e-03  1519s
  14   5.81603804e+03  2.05207237e+02  1.18e-02 1.71e-13  5.65e-03  1520s
  15   5.39456979e+03  1.86287248e+03  6.52e-03 2.84e-13  3.56e-03  1520s
  16   5.14255504e+03  2.60158064e+03  3.88e-03 4.55e-13  2.55e-03  1521s
  17   4.94879994e+03  3.16149714e+03  2.11e-03 5.12e-13  1.79e-03  1522s
  18   4.79655200e+03  3.60704451e+03  9.95e-04 2.58e-06  1.19e-03  1528s
  19   4.68641173e+03  4.11234718e+03  3.80e-04 1.26e-06  5.71e-04  1537s
  20   4.61800864e+03  4.40089296e+03  1.07e-04 4.62e-07  2.15e-04  1546s
  21   4.58179154e+03  4.54963785e+03  7.09e-06 6.04e-08  3.18e-05  1555s
  22   4.57586969e+03  4.56780111e+03  6.94e-07 1.65e-08  7.95e-06  1564s
  23   4.57504596e+03  4.57319131e+03  5.71e-08 3.80e-09  1.83e-06  1574s
  24   4.57494313e+03  4.57452468e+03  4.70e-08 1.24e-09  4.12e-07  1584s
  25   4.57491209e+03  4.57490026e+03  2.72e-08 2.32e-10  1.17e-08  1596s
  26   4.57490841e+03  4.57490837e+03  3.79e-10 1.87e-09  3.39e-11  1605s

Barrier solved model in 26 iterations and 1604.67 seconds (990.68 work units)
Optimal objective 4.57490841e+03


Root crossover log...

   21117 DPushes remaining with DInf 0.0000000e+00              1605s
    3874 DPushes remaining with DInf 0.0000000e+00              1605s
     245 DPushes remaining with DInf 0.0000000e+00              1611s
       0 DPushes remaining with DInf 0.0000000e+00              1614s

    5056 PPushes remaining with PInf 0.0000000e+00              1614s
     672 PPushes remaining with PInf 0.0000000e+00              1615s
       0 PPushes remaining with PInf 0.0000000e+00              1615s

  Push phase complete: Pinf 0.0000000e+00, Dinf 1.9656447e-08   1615s


Root simplex log...

Iteration    Objective       Primal Inf.    Dual Inf.      Time
   26103    4.5749084e+03   0.000000e+00   0.000000e+00   1615s
Crossover time: 10.63 seconds (5.87 work units)
Concurrent spin time: 2.28s

Solved with barrier
   26103    4.5749084e+03   0.000000e+00   0.000000e+00   1618s

Root relaxation: objective 4.574908e+03, 26103 iterations, 138.75 seconds (109.17 work units)

    Nodes    |    Current Node    |     Objective Bounds      |     Work
 Expl Unexpl |  Obj  Depth IntInf | Incumbent    BestBd   Gap | It/Node Time

     0     0 4574.90839    0  589 6215.00000 4574.90839  26.4%     - 1653s
     0     0          -    0      6215.00000 4574.90839  26.4%     - 3600s

Cutting planes:
  Lift-and-project: 2
  Implied bound: 5
  Flow cover: 27
  Zero half: 36
  RLT: 27
  BQP: 4

Explored 1 nodes (207541 simplex iterations) in 3600.06 seconds (2345.96 work units)
Thread count was 6 (of 24 available processors)

Solution count 10: 6215 6251 6359 ... 6695

Time limit reached
Best objective 6.215000000000e+03, best bound 4.575000000000e+03, gap 26.3878%
