
Gurobi 13.0.1 (linux64) logging started Sun Apr 26 23:52:47 2026

Set parameter LogFile to value "outputs/llm_runs/trajectories/I3_P6_patchedit_auto_gpt41mini/step_01/attempt_01/candidate_01_solver.log"
Read solution from file outputs/solves/base/blockseq_n553_blocks17_slots25_seed42.sol
Gurobi Optimizer version 13.0.1 build v13.0.1rc0 (linux64 - "Red Hat Enterprise Linux 9.6 (Plow)")

CPU model: Intel(R) Xeon(R) Gold 6226 CPU @ 2.70GHz, instruction set [SSE2|AVX|AVX2|AVX512]
Thread count: 24 physical cores, 24 logical processors, using up to 6 threads

Non-default parameters:
TimeLimit  3600
MIPGap  0.01
SimplexPricing  3
MIPFocus  2
NoRelHeurTime  900
RINS  2500
LogToConsole  0
Threads  6

Optimize a model with 468867 rows, 796875 columns and 4148100 nonzeros (Min)
Model fingerprint: 0x11f61467
Model has 333584 linear objective coefficients
Variable types: 0 continuous, 796875 integer (796875 binary)
Coefficient statistics:
  Matrix range     [1e+00, 2e+00]
  Objective range  [5e+00, 1e+03]
  Bounds range     [1e+00, 1e+00]
  RHS range        [1e+00, 1e+00]

User MIP start 0 did not produce a new incumbent solution
User MIP start 0 violates constraint reserved_virtual_slot[21] by 1.000000000
Warning: Completing partial solution with 796805 unfixed non-continuous variables out of 796875
User MIP start 1 produced solution with objective 14080 (1.26s)
Loaded user MIP start 1 with objective 14080
Processed 2 MIP starts in 1.25 seconds (0.78 work units)

Presolve removed 314630 rows and 347094 columns (presolve time = 5s)...
Presolve removed 315927 rows and 355811 columns (presolve time = 10s)...
Presolve removed 315929 rows and 355811 columns (presolve time = 15s)...
Presolve removed 315929 rows and 355811 columns (presolve time = 20s)...
Presolve removed 315929 rows and 355811 columns (presolve time = 25s)...
Presolve removed 315929 rows and 355811 columns (presolve time = 30s)...
Presolve removed 315929 rows and 355811 columns (presolve time = 35s)...
Presolve removed 315929 rows and 355811 columns (presolve time = 40s)...
Presolve removed 315929 rows and 355811 columns (presolve time = 45s)...
Presolve removed 315929 rows and 355811 columns (presolve time = 50s)...
Presolve removed 315929 rows and 355811 columns (presolve time = 55s)...
Presolve removed 315929 rows and 355811 columns (presolve time = 60s)...
Presolve removed 315929 rows and 355811 columns (presolve time = 66s)...
Presolve removed 315929 rows and 355811 columns (presolve time = 71s)...
Presolve removed 315929 rows and 355811 columns (presolve time = 77s)...
Presolve removed 315929 rows and 355811 columns (presolve time = 82s)...
Presolve removed 315929 rows and 355811 columns (presolve time = 87s)...
Presolve removed 315929 rows and 355811 columns (presolve time = 92s)...
Presolve removed 315929 rows and 355811 columns (presolve time = 98s)...
Presolve removed 315929 rows and 355811 columns (presolve time = 103s)...
Presolve removed 315929 rows and 355811 columns (presolve time = 108s)...
Presolve removed 315929 rows and 355811 columns (presolve time = 113s)...
Presolve removed 315929 rows and 355811 columns (presolve time = 119s)...
Presolve removed 315929 rows and 355811 columns (presolve time = 124s)...
Presolve removed 315929 rows and 355811 columns (presolve time = 129s)...
Presolve removed 315929 rows and 355811 columns (presolve time = 135s)...
Presolve removed 315929 rows and 355811 columns (presolve time = 140s)...
Presolve removed 315929 rows and 355811 columns (presolve time = 145s)...
Presolve removed 315929 rows and 355811 columns (presolve time = 150s)...
Presolve removed 315929 rows and 355811 columns (presolve time = 156s)...
Presolve removed 315929 rows and 355811 columns (presolve time = 161s)...
Presolve removed 315929 rows and 355811 columns (presolve time = 166s)...
Presolve removed 315929 rows and 355811 columns (presolve time = 171s)...
Presolve removed 315929 rows and 355811 columns (presolve time = 177s)...
Presolve removed 315929 rows and 355811 columns (presolve time = 182s)...
Presolve removed 315929 rows and 355811 columns (presolve time = 187s)...
Presolve removed 315929 rows and 355811 columns (presolve time = 192s)...
Presolve removed 315929 rows and 355811 columns (presolve time = 198s)...
Presolve removed 315929 rows and 355811 columns (presolve time = 203s)...
Presolve removed 315929 rows and 355811 columns (presolve time = 208s)...
Presolve removed 315929 rows and 355811 columns (presolve time = 214s)...
Presolve removed 315929 rows and 355811 columns (presolve time = 219s)...
Presolve removed 315929 rows and 355811 columns (presolve time = 224s)...
Presolve removed 315929 rows and 355811 columns (presolve time = 229s)...
Presolve removed 315929 rows and 355811 columns (presolve time = 235s)...
Presolve removed 315929 rows and 355811 columns (presolve time = 240s)...
Presolve removed 315929 rows and 355811 columns (presolve time = 245s)...
Presolve removed 315929 rows and 355811 columns (presolve time = 250s)...
Presolve removed 315929 rows and 355811 columns (presolve time = 256s)...
Presolve removed 315929 rows and 355811 columns (presolve time = 261s)...
Presolve removed 315929 rows and 355811 columns (presolve time = 266s)...
Presolve removed 315929 rows and 355811 columns (presolve time = 271s)...
Presolve removed 315929 rows and 355811 columns (presolve time = 277s)...
Presolve removed 315929 rows and 355811 columns (presolve time = 282s)...
Presolve removed 315929 rows and 355811 columns (presolve time = 287s)...
Presolve removed 315929 rows and 355811 columns (presolve time = 293s)...
Presolve removed 315929 rows and 355811 columns (presolve time = 298s)...
Presolve removed 315929 rows and 355811 columns (presolve time = 303s)...
Presolve removed 315929 rows and 355811 columns (presolve time = 308s)...
Presolve removed 315929 rows and 355811 columns (presolve time = 314s)...
Presolve removed 315929 rows and 355811 columns (presolve time = 319s)...
Presolve removed 315929 rows and 355811 columns (presolve time = 324s)...
Presolve removed 315929 rows and 355811 columns (presolve time = 329s)...
Presolve removed 315929 rows and 355811 columns (presolve time = 335s)...
Presolve removed 315929 rows and 355811 columns (presolve time = 340s)...
Presolve removed 315929 rows and 355811 columns (presolve time = 345s)...
Presolve removed 315929 rows and 355811 columns (presolve time = 350s)...
Presolve removed 315929 rows and 355811 columns (presolve time = 356s)...
Presolve removed 315929 rows and 355811 columns (presolve time = 361s)...
Presolve removed 315929 rows and 355811 columns (presolve time = 366s)...
Presolve removed 315929 rows and 355811 columns (presolve time = 371s)...
Presolve removed 315929 rows and 355811 columns (presolve time = 377s)...
Presolve removed 315929 rows and 355811 columns (presolve time = 382s)...
Presolve removed 315929 rows and 355811 columns (presolve time = 387s)...
Presolve removed 315929 rows and 355811 columns (presolve time = 393s)...
Presolve removed 315929 rows and 355811 columns (presolve time = 398s)...
Presolve removed 315929 rows and 355811 columns (presolve time = 403s)...
Presolve removed 315929 rows and 355811 columns (presolve time = 408s)...
Presolve removed 315929 rows and 355811 columns (presolve time = 414s)...
Presolve removed 315929 rows and 355811 columns (presolve time = 419s)...
Presolve removed 315929 rows and 355811 columns (presolve time = 424s)...
Presolve removed 315929 rows and 355811 columns (presolve time = 429s)...
Presolve removed 315929 rows and 355811 columns (presolve time = 435s)...
Presolve removed 315929 rows and 355811 columns (presolve time = 440s)...
Presolve removed 315929 rows and 355811 columns (presolve time = 445s)...
Presolve removed 315929 rows and 355811 columns (presolve time = 450s)...
Presolve removed 315929 rows and 355811 columns (presolve time = 456s)...
Presolve removed 315929 rows and 355811 columns (presolve time = 461s)...
Presolve removed 315929 rows and 355811 columns (presolve time = 466s)...
Presolve removed 315929 rows and 355811 columns (presolve time = 472s)...
Presolve removed 315929 rows and 355811 columns (presolve time = 477s)...
Presolve removed 315929 rows and 355811 columns (presolve time = 482s)...
Presolve removed 315929 rows and 355811 columns (presolve time = 487s)...
Presolve removed 315929 rows and 355811 columns (presolve time = 493s)...
Presolve removed 315929 rows and 355811 columns (presolve time = 498s)...
Presolve removed 315929 rows and 355811 columns (presolve time = 503s)...
Presolve removed 315929 rows and 355811 columns (presolve time = 509s)...
Presolve removed 315929 rows and 355811 columns (presolve time = 514s)...
Presolve removed 315929 rows and 355811 columns (presolve time = 517s)...
Presolve removed 315929 rows and 401993 columns (presolve time = 594s)...
Presolve removed 317509 rows and 401993 columns (presolve time = 595s)...
Presolve removed 317509 rows and 416838 columns (presolve time = 600s)...
Presolve removed 323334 rows and 425397 columns (presolve time = 605s)...
Presolve removed 323334 rows and 425397 columns (presolve time = 610s)...
Presolve removed 323334 rows and 425397 columns (presolve time = 615s)...
Presolve removed 323334 rows and 425397 columns
Presolve time: 618.53s
Presolved: 145533 rows, 371478 columns, 1609886 nonzeros
Variable types: 0 continuous, 371478 integer (371478 binary)
Starting NoRel heuristic
Found heuristic solution: objective 13182.000000
Found heuristic solution: objective 10626.000000
Elapsed time for NoRel heuristic: 10s (best bound 0)
Elapsed time for NoRel heuristic: 22s (best bound 0)
Found heuristic solution: objective 8676.0000000
Found heuristic solution: objective 7680.0000000
Found heuristic solution: objective 7679.0000000
Found heuristic solution: objective 7120.0000000
Found heuristic solution: objective 6724.0000000
Elapsed time for NoRel heuristic: 58s (best bound 0)
Elapsed time for NoRel heuristic: 67s (best bound 0)
Elapsed time for NoRel heuristic: 78s (best bound 0)
Elapsed time for NoRel heuristic: 121s (best bound 0)
Elapsed time for NoRel heuristic: 127s (best bound 0)
Found heuristic solution: objective 6668.0000000
Found heuristic solution: objective 6568.0000000
Found heuristic solution: objective 6564.0000000
Elapsed time for NoRel heuristic: 137s (best bound 0)
Found heuristic solution: objective 6517.0000000
Elapsed time for NoRel heuristic: 173s (best bound 0)
Found heuristic solution: objective 6290.0000000
Found heuristic solution: objective 6002.0000000
Elapsed time for NoRel heuristic: 208s (best bound 0)
Elapsed time for NoRel heuristic: 249s (best bound 0)
Elapsed time for NoRel heuristic: 265s (best bound 0)
Found heuristic solution: objective 5888.0000000
Found heuristic solution: objective 5746.0000000
Elapsed time for NoRel heuristic: 386s (best bound 0)
Found heuristic solution: objective 5698.0000000
Elapsed time for NoRel heuristic: 410s (best bound 0)
Found heuristic solution: objective 5669.0000000
Elapsed time for NoRel heuristic: 467s (best bound 0)
Found heuristic solution: objective 5615.0000000
Elapsed time for NoRel heuristic: 510s (best bound 0)
Elapsed time for NoRel heuristic: 542s (best bound 0)
Found heuristic solution: objective 5589.0000000
Elapsed time for NoRel heuristic: 585s (best bound 0)
Elapsed time for NoRel heuristic: 636s (best bound 0)
Elapsed time for NoRel heuristic: 696s (best bound 0)
Found heuristic solution: objective 5489.0000000
Found heuristic solution: objective 5485.0000000
Elapsed time for NoRel heuristic: 743s (best bound 0)
Found heuristic solution: objective 5460.0000000
Elapsed time for NoRel heuristic: 817s (best bound 0)
Found heuristic solution: objective 5424.0000000
Elapsed time for NoRel heuristic: 874s (best bound 0)
Found heuristic solution: objective 5408.9999528
Elapsed time for NoRel heuristic: 935s (best bound 0)
NoRel heuristic complete
Root relaxation presolve removed 0 rows and 0 columns (presolve time = 5s)...
Root relaxation presolve removed 72 rows and 3 columns
Root relaxation presolved: 145461 rows, 371475 columns, 1421528 nonzeros

Deterministic concurrent LP optimizer: primal simplex, dual simplex, and barrier
Showing barrier log only...

Root barrier log...

Ordering time: 5.31s
Elapsed ordering time = 5s
Elapsed ordering time = 10s
Elapsed ordering time = 12s
Elapsed ordering time = 13s
Ordering time: 14.58s

Barrier statistics:
 Dense cols : 5233
 AA' NZ     : 1.271e+06
 Factor NZ  : 7.664e+07 (roughly 800 MB of memory)
 Factor Ops : 4.861e+11 (roughly 3 seconds per iteration)
 Threads    : 4

                  Objective                Residual
Iter       Primal          Dual         Primal    Dual     Compl     Time
   0   4.01894602e+08 -1.32015062e+08  1.36e+04 0.00e+00  4.65e+03  1580s
   1   1.79604100e+08 -1.26028873e+08  5.79e+03 2.41e+02  1.95e+03  1581s
   2   7.27605710e+07 -1.01382967e+08  2.18e+03 1.25e-12  7.18e+02  1581s
   3   2.09093483e+07 -4.53543466e+07  3.93e+02 1.14e-12  1.65e+02  1581s
   4   1.03829308e+07 -8.67403153e+06  1.19e+02 9.09e-13  4.46e+01  1581s
   5   4.90686718e+06 -2.41576380e+06  4.88e+01 9.09e-13  1.78e+01  1581s
   6   1.80664135e+06 -6.74876877e+05  1.70e+01 9.38e-13  6.26e+00  1581s
   7   5.16789788e+05 -1.98273691e+05  4.44e+00 1.20e-12  1.76e+00  1581s
   8   2.59699963e+05 -9.27688255e+04  2.17e+00 1.49e-12  8.52e-01  1581s
   9   1.17956556e+05 -4.64990108e+04  9.32e-01 1.11e-12  3.72e-01  1581s
  10   7.98847346e+04 -4.17572113e+04  6.08e-01 1.47e-12  2.63e-01  1581s
  11   5.31560620e+04 -2.10450678e+04  3.83e-01 4.55e-13  1.50e-01  1582s
  12   4.11515851e+04 -1.62310833e+04  2.86e-01 8.99e-13  1.12e-01  1582s
  13   2.98432665e+04 -9.83827650e+03  1.93e-01 8.65e-13  7.32e-02  1582s
  14   2.53577237e+04 -7.01341109e+03  1.57e-01 1.36e-12  5.88e-02  1582s
  15   1.76975927e+04 -3.81004573e+03  9.69e-02 1.36e-12  3.82e-02  1582s
  16   1.52773023e+04 -5.30147733e+02  7.72e-02 2.75e-12  2.80e-02  1583s
  17   1.00466458e+04  1.19325035e+03  3.67e-02 2.49e-12  1.55e-02  1583s
  18   8.23288996e+03  1.87214982e+03  2.31e-02 2.83e-12  1.10e-02  1583s
  19   7.03518494e+03  2.48147478e+03  1.47e-02 1.00e-12  7.84e-03  1584s
  20   5.20620626e+03  3.10795140e+03  3.21e-03 1.17e-04  3.51e-03  1586s
  21   4.51074567e+03  3.89568246e+03  4.54e-04 3.58e-05  1.01e-03  1589s
  22   4.30382275e+03  4.13563413e+03  4.01e-05 1.12e-05  2.75e-04  1593s
  23   4.28264461e+03  4.21606313e+03  2.23e-05 3.24e-06  1.09e-04  1596s
  24   4.25532955e+03  4.23605842e+03  3.09e-06 1.19e-06  3.15e-05  1600s
  25   4.24936391e+03  4.24771756e+03  1.52e-07 4.99e-08  2.69e-06  1604s
  26   4.24859537e+03  4.24855771e+03  3.81e-09 1.23e-09  6.18e-08  1607s
  27   4.24857145e+03  4.24857141e+03  6.25e-10 2.54e-10  6.18e-11  1611s

Barrier solved model in 27 iterations and 1610.59 seconds (940.31 work units)
Optimal objective 4.24857145e+03


Root crossover log...

   14572 DPushes remaining with DInf 0.0000000e+00              1611s
       0 DPushes remaining with DInf 0.0000000e+00              1614s

    3341 PPushes remaining with PInf 0.0000000e+00              1614s
       0 PPushes remaining with PInf 0.0000000e+00              1614s

  Push phase complete: Pinf 0.0000000e+00, Dinf 5.8072160e-09   1614s


Root simplex log...

Iteration    Objective       Primal Inf.    Dual Inf.      Time
   17850    4.2485714e+03   0.000000e+00   0.000000e+00   1614s
Crossover time: 3.88 seconds (2.03 work units)
Concurrent spin time: 0.05s

Solved with barrier
   17850    4.2485714e+03   0.000000e+00   0.000000e+00   1615s

Use crossover to convert LP symmetric solution to basic solution...

Root crossover log...

  135024 variables added to crossover basis                     1615s

   10440 DPushes remaining with DInf 0.0000000e+00              1615s
      27 DPushes remaining with DInf 0.0000000e+00              1620s

     198 PPushes remaining with PInf 0.0000000e+00              1620s
       0 PPushes remaining with PInf 0.0000000e+00              1620s

  Push phase complete: Pinf 0.0000000e+00, Dinf 2.4258640e-08   1620s


Root simplex log...

Iteration    Objective       Primal Inf.    Dual Inf.      Time
   28391    4.2485714e+03   0.000000e+00   0.000000e+00   1621s
Crossover time: 5.85 seconds (3.27 work units)

Root relaxation: objective 4.248571e+03, 28391 iterations, 65.66 seconds (42.01 work units)

    Nodes    |    Current Node    |     Objective Bounds      |     Work
 Expl Unexpl |  Obj  Depth IntInf | Incumbent    BestBd   Gap | It/Node Time

     0     0 4248.57143    0  290 5408.99995 4248.57143  21.5%     - 1850s
Another try with MIP start
     0     0          -    0      5408.99995 4248.57143  21.5%     - 3600s

Cutting planes:
  Gomory: 1
  Lift-and-project: 15
  Implied bound: 20
  Clique: 5
  Flow cover: 9
  Zero half: 83
  RLT: 31
  BQP: 12

Explored 1 nodes (256269 simplex iterations) in 3600.16 seconds (2088.89 work units)
Thread count was 6 (of 24 available processors)

Solution count 10: 5409 5424 5460 ... 5746

Time limit reached
Best objective 5.408999953041e+03, best bound 4.249000000000e+03, gap 21.4457%
