
Gurobi 13.0.1 (linux64) logging started Sun Apr 26 23:54:42 2026

Set parameter LogFile to value "outputs/llm_runs/trajectories/I3_P1_patchedit_auto_gpt5/step_01/attempt_01/candidate_01_solver.log"
Read solution from file outputs/solves/base/blockseq_n553_blocks17_slots25_seed42.sol
Gurobi Optimizer version 13.0.1 build v13.0.1rc0 (linux64 - "Red Hat Enterprise Linux 9.6 (Plow)")

CPU model: Intel(R) Xeon(R) Gold 6226 CPU @ 2.70GHz, instruction set [SSE2|AVX|AVX2|AVX512]
Thread count: 24 physical cores, 24 logical processors, using up to 6 threads

Non-default parameters:
TimeLimit  3600
MIPGap  0.01
SimplexPricing  3
MIPFocus  2
NoRelHeurTime  900
RINS  2500
LogToConsole  0
Threads  6

Optimize a model with 468867 rows, 796875 columns and 4148100 nonzeros (Min)
Model fingerprint: 0x201331d5
Model has 333584 linear objective coefficients
Variable types: 0 continuous, 796875 integer (796875 binary)
Coefficient statistics:
  Matrix range     [1e+00, 2e+00]
  Objective range  [5e+00, 9e+02]
  Bounds range     [1e+00, 1e+00]
  RHS range        [1e+00, 1e+00]

User MIP start 0 did not produce a new incumbent solution
User MIP start 0 violates constraint reserved_virtual_slot[21] by 1.000000000
Warning: Completing partial solution with 796805 unfixed non-continuous variables out of 796875
User MIP start 1 produced solution with objective 11910 (1.37s)
Loaded user MIP start 1 with objective 11910
Processed 2 MIP starts in 1.37 seconds (0.78 work units)

Presolve removed 314630 rows and 347094 columns (presolve time = 5s)...
Presolve removed 315927 rows and 355811 columns (presolve time = 10s)...
Presolve removed 315929 rows and 355811 columns (presolve time = 15s)...
Presolve removed 315929 rows and 355811 columns (presolve time = 20s)...
Presolve removed 315929 rows and 355811 columns (presolve time = 25s)...
Presolve removed 315929 rows and 355811 columns (presolve time = 30s)...
Presolve removed 315929 rows and 355811 columns (presolve time = 35s)...
Presolve removed 315929 rows and 355811 columns (presolve time = 40s)...
Presolve removed 315929 rows and 355811 columns (presolve time = 45s)...
Presolve removed 315929 rows and 355811 columns (presolve time = 50s)...
Presolve removed 315929 rows and 355811 columns (presolve time = 55s)...
Presolve removed 315929 rows and 355811 columns (presolve time = 60s)...
Presolve removed 315929 rows and 355811 columns (presolve time = 69s)...
Presolve removed 315929 rows and 355811 columns (presolve time = 75s)...
Presolve removed 315929 rows and 355811 columns (presolve time = 80s)...
Presolve removed 315929 rows and 355811 columns (presolve time = 85s)...
Presolve removed 315929 rows and 355811 columns (presolve time = 91s)...
Presolve removed 315929 rows and 355811 columns (presolve time = 96s)...
Presolve removed 315929 rows and 355811 columns (presolve time = 101s)...
Presolve removed 315929 rows and 355811 columns (presolve time = 106s)...
Presolve removed 315929 rows and 355811 columns (presolve time = 112s)...
Presolve removed 315929 rows and 355811 columns (presolve time = 117s)...
Presolve removed 315929 rows and 355811 columns (presolve time = 122s)...
Presolve removed 315929 rows and 355811 columns (presolve time = 127s)...
Presolve removed 315929 rows and 355811 columns (presolve time = 133s)...
Presolve removed 315929 rows and 355811 columns (presolve time = 138s)...
Presolve removed 315929 rows and 355811 columns (presolve time = 143s)...
Presolve removed 315929 rows and 355811 columns (presolve time = 149s)...
Presolve removed 315929 rows and 355811 columns (presolve time = 154s)...
Presolve removed 315929 rows and 355811 columns (presolve time = 159s)...
Presolve removed 315929 rows and 355811 columns (presolve time = 164s)...
Presolve removed 315929 rows and 355811 columns (presolve time = 170s)...
Presolve removed 315929 rows and 355811 columns (presolve time = 175s)...
Presolve removed 315929 rows and 355811 columns (presolve time = 180s)...
Presolve removed 315929 rows and 355811 columns (presolve time = 185s)...
Presolve removed 315929 rows and 355811 columns (presolve time = 191s)...
Presolve removed 315929 rows and 355811 columns (presolve time = 196s)...
Presolve removed 315929 rows and 355811 columns (presolve time = 201s)...
Presolve removed 315929 rows and 355811 columns (presolve time = 206s)...
Presolve removed 315929 rows and 355811 columns (presolve time = 212s)...
Presolve removed 315929 rows and 355811 columns (presolve time = 217s)...
Presolve removed 315929 rows and 355811 columns (presolve time = 222s)...
Presolve removed 315929 rows and 355811 columns (presolve time = 228s)...
Presolve removed 315929 rows and 355811 columns (presolve time = 233s)...
Presolve removed 315929 rows and 355811 columns (presolve time = 238s)...
Presolve removed 315929 rows and 355811 columns (presolve time = 243s)...
Presolve removed 315929 rows and 355811 columns (presolve time = 249s)...
Presolve removed 315929 rows and 355811 columns (presolve time = 254s)...
Presolve removed 315929 rows and 355811 columns (presolve time = 259s)...
Presolve removed 315929 rows and 355811 columns (presolve time = 265s)...
Presolve removed 315929 rows and 355811 columns (presolve time = 270s)...
Presolve removed 315929 rows and 355811 columns (presolve time = 275s)...
Presolve removed 315929 rows and 355811 columns (presolve time = 280s)...
Presolve removed 315929 rows and 355811 columns (presolve time = 286s)...
Presolve removed 315929 rows and 355811 columns (presolve time = 291s)...
Presolve removed 315929 rows and 355811 columns (presolve time = 296s)...
Presolve removed 315929 rows and 355811 columns (presolve time = 301s)...
Presolve removed 315929 rows and 355811 columns (presolve time = 307s)...
Presolve removed 315929 rows and 355811 columns (presolve time = 312s)...
Presolve removed 315929 rows and 355811 columns (presolve time = 317s)...
Presolve removed 315929 rows and 355811 columns (presolve time = 322s)...
Presolve removed 315929 rows and 355811 columns (presolve time = 328s)...
Presolve removed 315929 rows and 355811 columns (presolve time = 333s)...
Presolve removed 315929 rows and 355811 columns (presolve time = 338s)...
Presolve removed 315929 rows and 355811 columns (presolve time = 344s)...
Presolve removed 315929 rows and 355811 columns (presolve time = 349s)...
Presolve removed 315929 rows and 355811 columns (presolve time = 354s)...
Presolve removed 315929 rows and 355811 columns (presolve time = 359s)...
Presolve removed 315929 rows and 355811 columns (presolve time = 365s)...
Presolve removed 315929 rows and 355811 columns (presolve time = 370s)...
Presolve removed 315929 rows and 355811 columns (presolve time = 375s)...
Presolve removed 315929 rows and 355811 columns (presolve time = 380s)...
Presolve removed 315929 rows and 355811 columns (presolve time = 386s)...
Presolve removed 315929 rows and 355811 columns (presolve time = 391s)...
Presolve removed 315929 rows and 355811 columns (presolve time = 396s)...
Presolve removed 315929 rows and 355811 columns (presolve time = 402s)...
Presolve removed 315929 rows and 355811 columns (presolve time = 407s)...
Presolve removed 315929 rows and 355811 columns (presolve time = 412s)...
Presolve removed 315929 rows and 355811 columns (presolve time = 417s)...
Presolve removed 315929 rows and 355811 columns (presolve time = 423s)...
Presolve removed 315929 rows and 355811 columns (presolve time = 428s)...
Presolve removed 315929 rows and 355811 columns (presolve time = 433s)...
Presolve removed 315929 rows and 355811 columns (presolve time = 438s)...
Presolve removed 315929 rows and 355811 columns (presolve time = 444s)...
Presolve removed 315929 rows and 355811 columns (presolve time = 449s)...
Presolve removed 315929 rows and 355811 columns (presolve time = 454s)...
Presolve removed 315929 rows and 355811 columns (presolve time = 459s)...
Presolve removed 315929 rows and 355811 columns (presolve time = 465s)...
Presolve removed 315929 rows and 355811 columns (presolve time = 470s)...
Presolve removed 315929 rows and 355811 columns (presolve time = 475s)...
Presolve removed 315929 rows and 355811 columns (presolve time = 481s)...
Presolve removed 315929 rows and 355811 columns (presolve time = 486s)...
Presolve removed 315929 rows and 401993 columns (presolve time = 533s)...
Presolve removed 317509 rows and 416838 columns (presolve time = 535s)...
Presolve removed 323334 rows and 425397 columns (presolve time = 540s)...
Presolve removed 323334 rows and 425397 columns (presolve time = 545s)...
Presolve removed 323334 rows and 425397 columns (presolve time = 550s)...
Presolve removed 323334 rows and 425397 columns
Presolve time: 552.09s
Presolved: 145533 rows, 371478 columns, 1609886 nonzeros
Variable types: 0 continuous, 371478 integer (371478 binary)
Starting NoRel heuristic
Found heuristic solution: objective 11232.000000
Found heuristic solution: objective 9156.0000000
Elapsed time for NoRel heuristic: 9s (best bound 0)
Elapsed time for NoRel heuristic: 20s (best bound 0)
Found heuristic solution: objective 7196.0000000
Found heuristic solution: objective 6680.0000000
Found heuristic solution: objective 6260.0000000
Found heuristic solution: objective 6053.0000000
Elapsed time for NoRel heuristic: 57s (best bound 0)
Elapsed time for NoRel heuristic: 66s (best bound 0)
Elapsed time for NoRel heuristic: 71s (best bound 0)
Elapsed time for NoRel heuristic: 113s (best bound 0)
Elapsed time for NoRel heuristic: 118s (best bound 0)
Found heuristic solution: objective 5889.0000000
Found heuristic solution: objective 5850.0000000
Elapsed time for NoRel heuristic: 128s (best bound 0)
Found heuristic solution: objective 5846.0000000
Elapsed time for NoRel heuristic: 161s (best bound 0)
Found heuristic solution: objective 5621.0000000
Elapsed time for NoRel heuristic: 168s (best bound 0)
Elapsed time for NoRel heuristic: 199s (best bound 0)
Found heuristic solution: objective 5562.0000000
Elapsed time for NoRel heuristic: 213s (best bound 0)
Found heuristic solution: objective 5481.0000000
Elapsed time for NoRel heuristic: 250s (best bound 0)
Elapsed time for NoRel heuristic: 283s (best bound 0)
Elapsed time for NoRel heuristic: 320s (best bound 0)
Found heuristic solution: objective 5447.0000000
Elapsed time for NoRel heuristic: 334s (best bound 0)
Found heuristic solution: objective 5423.0000000
Found heuristic solution: objective 5418.0000000
Found heuristic solution: objective 5372.0000000
Elapsed time for NoRel heuristic: 377s (best bound 0)
Found heuristic solution: objective 5339.0000000
Elapsed time for NoRel heuristic: 416s (best bound 0)
Found heuristic solution: objective 5306.0000000
Found heuristic solution: objective 5123.0000000
Elapsed time for NoRel heuristic: 462s (best bound 0)
Found heuristic solution: objective 5088.0000000
Found heuristic solution: objective 5076.0000000
Elapsed time for NoRel heuristic: 501s (best bound 0)
Found heuristic solution: objective 5020.0000000
Found heuristic solution: objective 5000.0000000
Elapsed time for NoRel heuristic: 544s (best bound 0)
Elapsed time for NoRel heuristic: 587s (best bound 0)
Found heuristic solution: objective 4960.0000000
Found heuristic solution: objective 4946.0000000
Elapsed time for NoRel heuristic: 630s (best bound 0)
Elapsed time for NoRel heuristic: 670s (best bound 0)
Elapsed time for NoRel heuristic: 725s (best bound 0)
Elapsed time for NoRel heuristic: 779s (best bound 0)
Found heuristic solution: objective 4915.0000000
Elapsed time for NoRel heuristic: 946s (best bound 0)
NoRel heuristic complete
Root relaxation presolve removed 72 rows and 3 columns
Root relaxation presolved: 145461 rows, 371475 columns, 1421528 nonzeros

Deterministic concurrent LP optimizer: primal simplex, dual simplex, and barrier
Showing barrier log only...

Root barrier log...

Ordering time: 5.15s
Elapsed ordering time = 5s
Elapsed ordering time = 10s
Elapsed ordering time = 11s
Elapsed ordering time = 13s
Ordering time: 14.16s

Barrier statistics:
 Dense cols : 5233
 AA' NZ     : 1.271e+06
 Factor NZ  : 7.664e+07 (roughly 800 MB of memory)
 Factor Ops : 4.861e+11 (roughly 3 seconds per iteration)
 Threads    : 4

                  Objective                Residual
Iter       Primal          Dual         Primal    Dual     Compl     Time
   0   3.46835624e+08 -1.23718329e+08  1.36e+04 0.00e+00  4.36e+03  1522s
   1   1.58214361e+08 -1.18118937e+08  5.87e+03 2.27e+02  1.84e+03  1523s
   2   6.45301243e+07 -9.48083260e+07  2.19e+03 1.02e-12  6.71e+02  1523s
   3   1.93063979e+07 -4.21068876e+07  3.98e+02 9.09e-13  1.54e+02  1523s
   4   9.75066494e+06 -7.95575010e+06  1.23e+02 6.82e-13  4.22e+01  1523s
   5   4.44703421e+06 -2.26587153e+06  4.87e+01 9.66e-13  1.66e+01  1523s
   6   1.70993042e+06 -6.49438699e+05  1.76e+01 9.38e-13  6.04e+00  1523s
   7   6.12626256e+05 -1.90689175e+05  5.91e+00 9.09e-13  2.07e+00  1523s
   8   2.36173596e+05 -7.87235133e+04  2.18e+00 1.17e-12  7.87e-01  1523s
   9   9.52808459e+04 -4.21146970e+04  8.27e-01 9.09e-13  3.16e-01  1523s
  10   6.56757489e+04 -3.50780651e+04  5.54e-01 1.02e-12  2.21e-01  1523s
  11   4.50043185e+04 -2.43551230e+04  3.65e-01 1.03e-12  1.42e-01  1523s
  12   2.76463569e+04 -1.25364285e+04  2.00e-01 9.05e-13  7.54e-02  1524s
  13   2.20511575e+04 -6.52081435e+03  1.49e-01 5.02e-13  5.17e-02  1524s
  14   1.35822444e+04 -3.17826544e+03  7.40e-02 1.53e-12  2.93e-02  1524s
  15   1.27894468e+04 -1.20699636e+03  6.72e-02 1.36e-12  2.43e-02  1524s
  16   1.11649401e+04  8.33126637e+02  5.35e-02 1.40e-12  1.78e-02  1524s
  17   8.74941307e+03  1.60648711e+03  3.38e-02 2.02e-12  1.22e-02  1524s
  18   6.39150844e+03  2.13545714e+03  1.56e-02 2.97e-12  7.23e-03  1525s
  19   5.20954760e+03  2.78195762e+03  7.47e-03 3.38e-12  4.08e-03  1525s
  20   4.54693569e+03  3.23248914e+03  3.51e-03 2.96e-12  2.20e-03  1525s
  21   4.21248532e+03  3.46581744e+03  1.75e-03 1.75e-12  1.24e-03  1525s
  22   3.91992689e+03  3.62257698e+03  3.85e-04 2.18e-12  4.90e-04  1530s
  23   3.82261894e+03  3.73653210e+03  6.11e-05 4.02e-12  1.41e-04  1533s
  24   3.79964740e+03  3.77312732e+03  6.52e-06 2.07e-12  4.34e-05  1537s
  25   3.79527374e+03  3.79164486e+03  3.24e-07 4.32e-12  5.93e-06  1540s
  26   3.79451545e+03  3.79422782e+03  3.19e-08 3.71e-10  4.70e-07  1544s
  27   3.79446057e+03  3.79445611e+03  6.42e-09 5.38e-10  7.40e-09  1548s
  28   3.79445876e+03  3.79445830e+03  2.11e-09 2.57e-10  6.85e-10  1553s
  29   3.79445833e+03  3.79445833e+03  2.15e-10 1.75e-07  3.74e-12  1556s

Barrier solved model in 29 iterations and 1556.28 seconds (997.38 work units)
Optimal objective 3.79445833e+03


Root crossover log...

   13538 DPushes remaining with DInf 0.0000000e+00              1556s
       0 DPushes remaining with DInf 0.0000000e+00              1559s

    6826 PPushes remaining with PInf 0.0000000e+00              1559s
       0 PPushes remaining with PInf 0.0000000e+00              1560s

  Push phase complete: Pinf 0.0000000e+00, Dinf 2.9174316e-09   1560s


Root simplex log...

Iteration    Objective       Primal Inf.    Dual Inf.      Time
   20301    3.7944583e+03   0.000000e+00   0.000000e+00   1560s
Crossover time: 3.52 seconds (2.11 work units)
Concurrent spin time: 0.04s

Solved with barrier
   20301    3.7944583e+03   0.000000e+00   0.000000e+00   1560s

Use crossover to convert LP symmetric solution to basic solution...

Root crossover log...

   11123 DPushes remaining with DInf 0.0000000e+00              1560s
       0 DPushes remaining with DInf 0.0000000e+00              1563s

     197 PPushes remaining with PInf 0.0000000e+00              1563s
       0 PPushes remaining with PInf 0.0000000e+00              1563s

  Push phase complete: Pinf 0.0000000e+00, Dinf 6.1887206e-09   1563s


Root simplex log...

Iteration    Objective       Primal Inf.    Dual Inf.      Time
   31474    3.7944583e+03   0.000000e+00   0.000000e+00   1563s
Crossover time: 3.36 seconds (2.69 work units)

Root relaxation: objective 3.794458e+03, 31474 iterations, 63.61 seconds (46.91 work units)

    Nodes    |    Current Node    |     Objective Bounds      |     Work
 Expl Unexpl |  Obj  Depth IntInf | Incumbent    BestBd   Gap | It/Node Time

     0     0 3794.45833    0  563 4915.00000 3794.45833  22.8%     - 1875s
Another try with MIP start
     0     0          -    0      4915.00000 3794.45833  22.8%     - 3600s

Cutting planes:
  Implied bound: 9
  Clique: 8
  MIR: 2
  StrongCG: 1
  Flow cover: 26
  Zero half: 30
  RLT: 25
  BQP: 4

Explored 1 nodes (315211 simplex iterations) in 3600.07 seconds (2547.48 work units)
Thread count was 6 (of 24 available processors)

Solution count 10: 4915 4946 4960 ... 5339

Time limit reached
Best objective 4.915000000000e+03, best bound 3.795000000000e+03, gap 22.7874%
