
Gurobi 13.0.1 (linux64) logging started Sun Apr 26 21:42:48 2026

Set parameter LogFile to value "outputs/llm_runs/trajectories/I2_P1_patchedit_auto_gpt41mini/step_01/attempt_01/candidate_01_solver.log"
Gurobi Optimizer version 13.0.1 build v13.0.1rc0 (linux64 - "Red Hat Enterprise Linux 9.6 (Plow)")

CPU model: Intel(R) Xeon(R) Gold 6226R CPU @ 2.90GHz, instruction set [SSE2|AVX|AVX2|AVX512]
Thread count: 32 physical cores, 32 logical processors, using up to 6 threads

Non-default parameters:
TimeLimit  3600
MIPGap  0.01
MIPFocus  2
NoRelHeurTime  900
RINS  2500
LogToConsole  0
Threads  6

Optimize a model with 401011 rows, 677376 columns and 3563688 nonzeros (Min)
Model fingerprint: 0x536f205f
Model has 351562 linear objective coefficients
Variable types: 0 continuous, 677376 integer (677376 binary)
Coefficient statistics:
  Matrix range     [1e+00, 2e+00]
  Objective range  [5e+00, 1e+03]
  Bounds range     [1e+00, 1e+00]
  RHS range        [1e+00, 1e+00]

Warning: Completing partial solution with 677309 unfixed non-continuous variables out of 677376
User MIP start produced solution with objective 12579 (1.02s)
Loaded user MIP start with objective 12579
Processed MIP start in 1.02 seconds (0.67 work units)

Presolve removed 238178 rows and 285305 columns (presolve time = 5s)...
Presolve removed 252398 rows and 332450 columns (presolve time = 10s)...
Presolve removed 252398 rows and 332450 columns (presolve time = 15s)...
Presolve removed 252398 rows and 332450 columns (presolve time = 22s)...
Presolve removed 252398 rows and 332450 columns
Presolve time: 21.76s
Presolved: 148613 rows, 344926 columns, 1290938 nonzeros
Variable types: 0 continuous, 344926 integer (344926 binary)
Starting NoRel heuristic
Found heuristic solution: objective 9788.0000000
Found heuristic solution: objective 8728.0000000
Found heuristic solution: objective 8621.0000000
Found heuristic solution: objective 8479.0000000
Found heuristic solution: objective 7946.0000000
Found heuristic solution: objective 7915.0000000
Found heuristic solution: objective 7731.0000000
Elapsed time for NoRel heuristic: 11s (best bound 0)
Elapsed time for NoRel heuristic: 17s (best bound 0)
Elapsed time for NoRel heuristic: 22s (best bound 0)
Found heuristic solution: objective 7708.0000000
Found heuristic solution: objective 7614.0000000
Found heuristic solution: objective 7358.0000000
Found heuristic solution: objective 7350.0000000
Elapsed time for NoRel heuristic: 31s (best bound 0)
Elapsed time for NoRel heuristic: 37s (best bound 0)
Elapsed time for NoRel heuristic: 42s (best bound 0)
Elapsed time for NoRel heuristic: 49s (best bound 0)
Found heuristic solution: objective 7144.0000000
Found heuristic solution: objective 7006.0000000
Elapsed time for NoRel heuristic: 58s (best bound 0)
Found heuristic solution: objective 6903.0000000
Elapsed time for NoRel heuristic: 66s (best bound 0)
Elapsed time for NoRel heuristic: 74s (best bound 0)
Found heuristic solution: objective 6883.0000000
Elapsed time for NoRel heuristic: 86s (best bound 0)
Found heuristic solution: objective 6863.0000000
Found heuristic solution: objective 6778.0000000
Found heuristic solution: objective 6692.0000000
Elapsed time for NoRel heuristic: 95s (best bound 0)
Elapsed time for NoRel heuristic: 103s (best bound 0)
Found heuristic solution: objective 6647.0000000
Elapsed time for NoRel heuristic: 109s (best bound 0)
Found heuristic solution: objective 6447.0000000
Found heuristic solution: objective 6407.0000000
Elapsed time for NoRel heuristic: 121s (best bound 0)
Found heuristic solution: objective 6384.0000000
Elapsed time for NoRel heuristic: 131s (best bound 0)
Found heuristic solution: objective 6354.0000000
Elapsed time for NoRel heuristic: 139s (best bound 0)
Elapsed time for NoRel heuristic: 151s (best bound 0)
Found heuristic solution: objective 6340.0000000
Elapsed time for NoRel heuristic: 161s (best bound 0)
Elapsed time for NoRel heuristic: 169s (best bound 0)
Found heuristic solution: objective 6293.0000000
Elapsed time for NoRel heuristic: 178s (best bound 0)
Elapsed time for NoRel heuristic: 187s (best bound 0)
Elapsed time for NoRel heuristic: 196s (best bound 0)
Found heuristic solution: objective 6267.0000000
Elapsed time for NoRel heuristic: 205s (best bound 0)
Elapsed time for NoRel heuristic: 215s (best bound 0)
Found heuristic solution: objective 6265.0000000
Elapsed time for NoRel heuristic: 227s (best bound 0)
Elapsed time for NoRel heuristic: 240s (best bound 0)
Elapsed time for NoRel heuristic: 251s (best bound 0)
Elapsed time for NoRel heuristic: 267s (best bound 0)
Found heuristic solution: objective 6242.0000000
Elapsed time for NoRel heuristic: 296s (best bound 0)
Elapsed time for NoRel heuristic: 313s (best bound 0)
Found heuristic solution: objective 6207.0000000
Elapsed time for NoRel heuristic: 334s (best bound 0)
Elapsed time for NoRel heuristic: 348s (best bound 0)
Elapsed time for NoRel heuristic: 363s (best bound 0)
Elapsed time for NoRel heuristic: 380s (best bound 0)
Elapsed time for NoRel heuristic: 443s (best bound 0)
Elapsed time for NoRel heuristic: 513s (best bound 0)
Elapsed time for NoRel heuristic: 591s (best bound 0)
Elapsed time for NoRel heuristic: 700s (best bound 0)
Elapsed time for NoRel heuristic: 795s (best bound 0)
Elapsed time for NoRel heuristic: 939s (best bound 0)
NoRel heuristic complete
Root relaxation presolve removed 1 rows and 0 columns
Root relaxation presolved: 148612 rows, 344926 columns, 1290912 nonzeros

Deterministic concurrent LP optimizer: primal simplex, dual simplex, and barrier
Showing barrier log only...

Root barrier log...

Ordering time: 4.80s
Elapsed ordering time = 5s
Elapsed ordering time = 10s
Elapsed ordering time = 11s
Ordering time: 11.61s

Barrier statistics:
 Dense cols : 5469
 AA' NZ     : 8.809e+05
 Factor NZ  : 6.405e+07 (roughly 700 MB of memory)
 Factor Ops : 3.592e+11 (roughly 2 seconds per iteration)
 Threads    : 4

                  Objective                Residual
Iter       Primal          Dual         Primal    Dual     Compl     Time
   0   1.45053918e+09 -1.35308884e+08  2.92e+04 3.40e+02  1.91e+04   979s
   1   8.14589732e+08 -1.47071273e+08  1.58e+04 1.51e+02  9.59e+03   980s
   2   3.40017953e+08 -1.56558681e+08  7.07e+03 1.82e-12  4.09e+03   980s
   3   7.12164771e+07 -1.39038313e+08  1.25e+03 1.59e-12  9.25e+02   980s
   4   3.04645952e+07 -6.33959021e+07  3.77e+02 2.39e-12  2.90e+02   980s
   5   2.13425206e+07 -1.45121746e+07  2.07e+02 1.82e-12  1.13e+02   980s
   6   1.21181179e+07 -6.94213263e+06  9.04e+01 1.93e-12  5.60e+01   980s
   7   6.35901651e+06 -3.21187671e+06  4.11e+01 1.59e-12  2.72e+01   980s
   8   2.17157700e+06 -9.44132368e+05  1.30e+01 1.31e-12  8.89e+00   980s
   9   3.99078870e+05 -2.73259417e+05  2.04e+00 2.76e-12  1.74e+00   980s
  10   1.46497507e+05 -9.45099927e+04  6.72e-01 7.96e-13  5.94e-01   980s
  11   6.69984599e+04 -6.66868069e+04  2.73e-01 1.82e-12  2.97e-01   980s
  12   2.88932663e+04 -3.93086415e+04  9.98e-02 5.42e-13  1.36e-01   980s
  13   2.11750658e+04 -1.73164708e+04  7.17e-02 8.96e-13  7.20e-02   980s
  14   1.50985697e+04 -6.43226651e+03  4.42e-02 1.84e-12  3.83e-02   981s
  15   1.11394961e+04 -2.32131657e+03  2.60e-02 1.82e-12  2.35e-02   981s
  16   1.01425254e+04  5.92704899e+02  2.19e-02 2.27e-12  1.64e-02   981s
  17   7.98075169e+03  1.42540938e+03  1.23e-02 1.82e-12  1.14e-02   981s
  18   7.04508371e+03  2.09916538e+03  7.75e-03 1.39e-12  8.60e-03   981s
  19   5.92456406e+03  3.06808914e+03  3.05e-03 1.82e-12  5.00e-03   985s
  20   5.16800617e+03  3.99291068e+03  1.02e-03 1.18e-12  2.07e-03   987s
  21   4.71462792e+03  4.33378007e+03  1.28e-04 8.49e-13  6.77e-04   989s
  22   4.63851701e+03  4.49091680e+03  2.87e-05 2.40e-12  2.63e-04   992s
  23   4.61308307e+03  4.59306018e+03  3.31e-06 1.35e-10  3.57e-05   994s
  24   4.60671965e+03  4.60593118e+03  2.75e-08 1.66e-09  1.41e-06   997s
  25   4.60648437e+03  4.60647520e+03  8.90e-10 1.01e-09  1.64e-08   999s
  26   4.60648038e+03  4.60648039e+03  1.66e-09 1.37e-10  1.64e-11  1002s

Barrier solved model in 26 iterations and 1001.58 seconds (790.76 work units)
Optimal objective 4.60648038e+03


Root crossover log...

   13235 DPushes remaining with DInf 0.0000000e+00              1002s
       0 DPushes remaining with DInf 0.0000000e+00              1004s

    1895 PPushes remaining with PInf 0.0000000e+00              1004s
       0 PPushes remaining with PInf 0.0000000e+00              1005s

  Push phase complete: Pinf 0.0000000e+00, Dinf 1.5991333e-09   1005s


Root simplex log...

Iteration    Objective       Primal Inf.    Dual Inf.      Time
   15072    4.6064804e+03   0.000000e+00   0.000000e+00   1005s
Crossover time: 3.24 seconds (2.01 work units)
Concurrent spin time: 0.01s

Solved with barrier
   15072    4.6064804e+03   0.000000e+00   0.000000e+00   1005s

Use crossover to convert LP symmetric solution to basic solution...

Root crossover log...

  135273 variables added to crossover basis                     1005s
  148380 variables added to crossover basis                     1010s

      69 DPushes remaining with DInf 0.0000000e+00              1012s
       0 DPushes remaining with DInf 0.0000000e+00              1012s

     600 PPushes remaining with PInf 0.0000000e+00              1012s
       0 PPushes remaining with PInf 0.0000000e+00              1012s

  Push phase complete: Pinf 0.0000000e+00, Dinf 1.9165267e-08   1012s


Root simplex log...

Iteration    Objective       Primal Inf.    Dual Inf.      Time
   15676    4.6064804e+03   0.000000e+00   0.000000e+00   1013s
Crossover time: 7.61 seconds (11.21 work units)
   15676    4.6064804e+03   0.000000e+00   0.000000e+00   1013s

Root relaxation: objective 4.606480e+03, 15676 iterations, 50.19 seconds (44.45 work units)

    Nodes    |    Current Node    |     Objective Bounds      |     Work
 Expl Unexpl |  Obj  Depth IntInf | Incumbent    BestBd   Gap | It/Node Time

     0     0 4606.48039    0  346 6207.00000 4606.48039  25.8%     - 1181s
     0     0          -    0      6207.00000 4606.48039  25.8%     - 3600s

Cutting planes:
  Lift-and-project: 16
  Implied bound: 26
  Flow cover: 17
  Zero half: 65
  RLT: 75
  Relax-and-lift: 4
  BQP: 6

Explored 1 nodes (470964 simplex iterations) in 3600.05 seconds (2811.25 work units)
Thread count was 6 (of 32 available processors)

Solution count 10: 6207 6242 6265 ... 6447

Time limit reached
Best objective 6.207000000000e+03, best bound 4.607000000000e+03, gap 25.7773%
