
Gurobi 13.0.1 (linux64) logging started Mon Apr 27 03:08:14 2026

Set parameter LogFile to value "outputs/llm_runs/trajectories/I4_P5_patchedit_scratch_gpt5/step_01/replay_attempt_01/candidate_01_solver.log"
Set parameter Threads to value 6
Gurobi Optimizer version 13.0.1 build v13.0.1rc0 (linux64 - "Red Hat Enterprise Linux 9.6 (Plow)")

CPU model: Intel(R) Xeon(R) Gold 6226 CPU @ 2.70GHz, instruction set [SSE2|AVX|AVX2|AVX512]
Thread count: 24 physical cores, 24 logical processors, using up to 6 threads

Non-default parameters:
TimeLimit  3600
LogToConsole  0
Threads  6

Optimize a model with 401011 rows, 677376 columns and 3595944 nonzeros (Min)
Model fingerprint: 0x737ef098
Model has 395750 linear objective coefficients
Variable types: 0 continuous, 677376 integer (677376 binary)
Coefficient statistics:
  Matrix range     [1e+00, 3e+03]
  Objective range  [5e+00, 8e+02]
  Bounds range     [1e+00, 1e+00]
  RHS range        [1e+00, 4e+03]

Presolve removed 218211 rows and 231531 columns (presolve time = 5s)...
Presolve removed 218895 rows and 240765 columns
Presolve time: 9.80s
Presolved: 182116 rows, 436611 columns, 1874625 nonzeros
Variable types: 0 continuous, 436611 integer (436611 binary)
Deterministic concurrent LP optimizer: primal simplex, dual simplex, and barrier
Showing barrier log only...

Root barrier log...

Elapsed ordering time = 5s
Ordering time: 6.13s
Elapsed ordering time = 6s
Elapsed ordering time = 10s
Elapsed ordering time = 11s
Ordering time: 11.45s

Barrier statistics:
 Dense cols : 6136
 AA' NZ     : 9.706e+05
 Factor NZ  : 7.480e+07 (roughly 800 MB of memory)
 Factor Ops : 4.766e+11 (roughly 4 seconds per iteration)
 Threads    : 3

                  Objective                Residual
Iter       Primal          Dual         Primal    Dual     Compl     Time
   0   4.15432269e+08 -1.97306118e+08  2.80e+04 0.00e+00  6.29e+03    27s
   1   1.99076873e+08 -1.85619515e+08  1.35e+04 1.82e-12  2.49e+03    27s
   2   6.59545797e+07 -1.41477817e+08  3.99e+03 1.36e-12  7.89e+02    27s
   3   1.74530960e+07 -5.55494482e+07  5.33e+02 1.14e-12  1.60e+02    27s
   4   8.79029962e+06 -9.19809029e+06  9.33e+01 1.14e-12  3.58e+01    27s
   5   3.87420078e+06 -2.34128533e+06  3.07e+01 1.82e-12  1.27e+01    27s
   6   6.21119898e+05 -5.69154134e+05  4.18e+00 1.82e-12  2.33e+00    27s
   7   1.24178940e+05 -3.09533421e+05  6.64e-01 1.82e-12  7.61e-01    27s
   8   8.28725105e+04 -1.67678859e+05  4.16e-01 1.82e-12  4.33e-01    27s
   9   3.11624964e+04 -8.38956528e+04  1.29e-01 1.36e-12  1.92e-01    27s
  10   2.59041108e+04 -6.01852796e+04  1.01e-01 6.37e-12  1.36e-01    27s
  11   2.18300976e+04 -3.34659165e+04  7.91e-02 9.09e-12  9.03e-02    28s
  12   1.75660709e+04 -1.82734464e+04  5.70e-02 1.00e-11  6.18e-02    28s
  13   1.24327793e+04 -1.41929832e+04  3.09e-02 8.19e-12  4.50e-02    28s
  14   8.81657215e+03 -7.14076541e+03  1.36e-02 3.87e-12  2.68e-02    28s
  15   6.23650600e+03 -3.43246795e+03  3.46e-03 3.18e-12  1.59e-02    29s
  16   5.07603803e+03 -8.12447271e+02  6.33e-04 4.77e-12  9.55e-03    29s
  17   4.48591286e+03  1.50898357e+03  5.62e-05 3.06e-04  4.80e-03    32s
  18   4.32254395e+03  3.17241808e+03  1.53e-05 1.11e-04  1.86e-03    36s
  19   4.22578823e+03  3.71451206e+03  3.28e-06 5.14e-05  8.25e-04    40s
  20   4.19276924e+03  4.05104059e+03  6.38e-07 1.31e-05  2.29e-04    44s
  21   4.17945435e+03  4.16061406e+03  6.15e-08 1.53e-06  3.06e-05    48s
  22   4.17721085e+03  4.17602722e+03  6.92e-09 8.03e-08  1.93e-06    52s
  23   4.17702324e+03  4.17699345e+03  4.92e-10 8.32e-09  4.98e-08    56s
  24   4.17701365e+03  4.17701362e+03  4.09e-11 3.99e-10  4.98e-11    60s

Barrier solved model in 24 iterations and 60.32 seconds (57.58 work units)
Optimal objective 4.17701365e+03


Root crossover log...

   14761 DPushes remaining with DInf 0.0000000e+00                60s
       0 DPushes remaining with DInf 0.0000000e+00                63s

     261 PPushes remaining with PInf 0.0000000e+00                63s
       0 PPushes remaining with PInf 0.0000000e+00                63s

  Push phase complete: Pinf 0.0000000e+00, Dinf 7.1597270e-09     63s


Root simplex log...

Iteration    Objective       Primal Inf.    Dual Inf.      Time
   14960    4.1770136e+03   0.000000e+00   0.000000e+00     63s
Crossover time: 3.12 seconds (1.43 work units)
Concurrent spin time: 8.84s (can be avoided by choosing Method=3)

Solved with barrier
   14960    4.1770136e+03   0.000000e+00   0.000000e+00     72s

Use crossover to convert LP symmetric solution to basic solution...

Root crossover log...

  180381 variables added to crossover basis                       75s
  181489 variables added to crossover basis                       80s
  181805 variables added to crossover basis                       85s

      75 DPushes remaining with DInf 0.0000000e+00                88s
       0 DPushes remaining with DInf 0.0000000e+00                88s

     638 PPushes remaining with PInf 0.0000000e+00                88s
       0 PPushes remaining with PInf 0.0000000e+00                89s

  Push phase complete: Pinf 0.0000000e+00, Dinf 3.3859990e-09     89s


Root simplex log...

Iteration    Objective       Primal Inf.    Dual Inf.      Time
   15603    4.1770136e+03   0.000000e+00   0.000000e+00     89s
Crossover time: 16.17 seconds (22.83 work units)

Root relaxation: objective 4.177014e+03, 15603 iterations, 76.98 seconds (68.80 work units)

    Nodes    |    Current Node    |     Objective Bounds      |     Work
 Expl Unexpl |  Obj  Depth IntInf | Incumbent    BestBd   Gap | It/Node Time

     0     0 4177.01364    0  376          - 4177.01364      -     -  154s
     0     0 4181.05978    0  469          - 4181.05978      -     - 1079s
     0     0 4187.00952    0  503          - 4187.00952      -     - 1898s
     0     0 4187.04468    0  461          - 4187.04468      -     - 2332s
     0     0 4187.04777    0  475          - 4187.04777      -     - 2488s

Cutting planes:
  Clique: 1
  MIR: 96
  StrongCG: 2
  Zero half: 52
  RLT: 3

Explored 1 nodes (213600 simplex iterations) in 3600.01 seconds (2456.63 work units)
Thread count was 6 (of 24 available processors)

Solution count 0

Time limit reached
Best objective -, best bound 4.188000000000e+03, gap -
