
Gurobi 13.0.1 (linux64) logging started Mon Apr 27 04:13:31 2026

Set parameter LogFile to value "outputs/llm_runs/trajectories/I5_P4_patchedit_scratch_gpt5/step_01/replay_attempt_01/candidate_01_solver.log"
Set parameter Threads to value 6
Gurobi Optimizer version 13.0.1 build v13.0.1rc0 (linux64 - "Red Hat Enterprise Linux 9.6 (Plow)")

CPU model: Intel(R) Xeon(R) Gold 6226 CPU @ 2.70GHz, instruction set [SSE2|AVX|AVX2|AVX512]
Thread count: 24 physical cores, 24 logical processors, using up to 6 threads

Non-default parameters:
TimeLimit  3600
LogToConsole  0
Threads  6

Optimize a model with 401006 rows, 677376 columns and 3514728 nonzeros (Min)
Model fingerprint: 0x518ff5d7
Model has 271709 linear objective coefficients
Variable types: 0 continuous, 677376 integer (677376 binary)
Coefficient statistics:
  Matrix range     [1e+00, 2e+00]
  Objective range  [5e+00, 2e+03]
  Bounds range     [1e+00, 1e+00]
  RHS range        [1e+00, 1e+00]

Presolve removed 275872 rows and 274144 columns (presolve time = 5s)...
Presolve removed 275872 rows and 274144 columns (presolve time = 10s)...
Presolve removed 275872 rows and 274144 columns (presolve time = 15s)...
Presolve removed 275872 rows and 274144 columns (presolve time = 20s)...
Presolve removed 275872 rows and 274144 columns (presolve time = 25s)...
Presolve removed 275872 rows and 274144 columns (presolve time = 30s)...
Presolve removed 275872 rows and 274144 columns (presolve time = 35s)...
Presolve removed 275872 rows and 274144 columns (presolve time = 40s)...
Presolve removed 275872 rows and 274144 columns (presolve time = 45s)...
Presolve removed 275872 rows and 277287 columns
Presolve time: 48.39s
Presolved: 125134 rows, 400089 columns, 1821810 nonzeros
Variable types: 0 continuous, 400089 integer (400089 binary)
Deterministic concurrent LP optimizer: primal simplex, dual simplex, and barrier
Showing barrier log only...

Root barrier log...

Ordering time: 2.99s
Ordering time: 4.76s

Barrier statistics:
 Dense cols : 3600
 AA' NZ     : 5.929e+05
 Factor NZ  : 3.293e+07 (roughly 350 MB of memory)
 Factor Ops : 1.428e+11 (roughly 1 second per iteration)
 Threads    : 3

                  Objective                Residual
Iter       Primal          Dual         Primal    Dual     Compl     Time
   0   2.99516388e+08 -1.61157748e+08  4.26e+03 4.55e-13  7.05e+03    57s
   1   1.35439181e+08 -1.41304283e+08  1.86e+03 2.73e-12  2.63e+03    57s
   2   3.32872078e+07 -9.02385228e+07  3.59e+02 2.27e-12  6.39e+02    57s
   3   1.06218606e+07 -2.06946607e+07  4.45e+01 1.82e-12  1.18e+02    57s
   4   5.95902023e+06 -3.28443920e+06  1.72e+01 1.82e-12  3.60e+01    57s
   5   2.11119765e+06 -1.87208075e+06  5.96e+00 2.27e-12  1.48e+01    57s
   6   7.21007786e+05 -4.68757086e+05  1.93e+00 3.64e-12  4.58e+00    57s
   7   1.74477527e+05 -1.47351721e+05  4.06e-01 3.64e-12  1.16e+00    57s
   8   7.77125008e+04 -1.14232623e+05  1.63e-01 3.64e-12  6.33e-01    57s
   9   3.51124937e+04 -5.48616135e+04  5.82e-02 2.27e-12  2.77e-01    58s
  10   2.99048626e+04 -4.19596614e+04  4.68e-02 2.73e-12  2.18e-01    58s
  11   2.10639056e+04 -3.87473578e+04  2.78e-02 2.73e-12  1.78e-01    58s
  12   1.45686445e+04 -3.29759954e+04  1.47e-02 2.73e-12  1.39e-01    58s
  13   1.00598377e+04 -2.95878396e+04  8.08e-03 3.18e-12  1.15e-01    58s
  14   8.85994116e+03 -1.99349458e+04  6.24e-03 2.73e-12  8.33e-02    58s
  15   5.98990204e+03 -1.19977491e+04  1.96e-03 5.00e-12  5.16e-02    59s
  16   5.47205908e+03 -8.03472299e+03  1.62e-03 4.55e-12  3.88e-02    60s
  17   4.97743382e+03 -4.92811351e+03  1.24e-03 4.55e-12  2.85e-02    62s
  18   4.01827776e+03 -2.46614974e+03  6.83e-04 5.46e-12  1.86e-02    63s
  19   2.89281225e+03 -4.10276427e+02  2.29e-04 5.46e-12  9.46e-03    64s
  20   2.17181355e+03  1.76582809e+03  1.95e-05 6.37e-12  1.16e-03    66s
  21   2.04657102e+03  2.01108391e+03  6.68e-07 8.19e-12  1.01e-04    67s
  22   2.03718866e+03  2.03648347e+03  2.46e-08 7.73e-12  2.04e-06    69s
  23   2.03700019e+03  2.03699948e+03  5.13e-11 8.53e-09  2.04e-09    70s
  24   2.03700000e+03  2.03700000e+03  1.04e-11 2.40e-09  2.04e-12    72s

Barrier solved model in 24 iterations and 71.67 seconds (52.58 work units)
Optimal objective 2.03700000e+03


Root crossover log...

   10075 DPushes remaining with DInf 0.0000000e+00                72s
       0 DPushes remaining with DInf 0.0000000e+00                72s

    1072 PPushes remaining with PInf 0.0000000e+00                72s
       0 PPushes remaining with PInf 0.0000000e+00                72s

  Push phase complete: Pinf 0.0000000e+00, Dinf 1.8477806e-09     72s


Root simplex log...

Iteration    Objective       Primal Inf.    Dual Inf.      Time
   11091    2.0370000e+03   0.000000e+00   0.000000e+00     72s
Crossover time: 0.65 seconds (0.37 work units)
Concurrent spin time: 0.00s

Solved with barrier
   11091    2.0370000e+03   0.000000e+00   0.000000e+00     72s

Use crossover to convert LP symmetric solution to basic solution...

Root crossover log...

   11091 DPushes remaining with DInf 0.0000000e+00                73s
      30 DPushes remaining with DInf 0.0000000e+00                75s

     735 PPushes remaining with PInf 0.0000000e+00                75s
       0 PPushes remaining with PInf 0.0000000e+00                75s

  Push phase complete: Pinf 0.0000000e+00, Dinf 9.1537800e-10     75s


Root simplex log...

Iteration    Objective       Primal Inf.    Dual Inf.      Time
   22803    2.0370000e+03   0.000000e+00   0.000000e+00     75s
Crossover time: 3.06 seconds (2.13 work units)

Root relaxation: objective 2.037000e+03, 22803 iterations, 25.43 seconds (20.02 work units)

    Nodes    |    Current Node    |     Objective Bounds      |     Work
 Expl Unexpl |  Obj  Depth IntInf | Incumbent    BestBd   Gap | It/Node Time

     0     0 2037.00000    0  244          - 2037.00000      -     -  215s
     0     0 2037.00000    0  271          - 2037.00000      -     -  434s
H    0     0                    2642.0000000 2037.00000  22.9%     -  490s
     0     0          -    0      2642.00000 2037.00000  22.9%     - 3600s

Cutting planes:
  Lift-and-project: 2
  MIR: 15
  Zero half: 33
  RLT: 1
  BQP: 2

Explored 1 nodes (353189 simplex iterations) in 3600.06 seconds (4638.94 work units)
Thread count was 6 (of 24 available processors)

Solution count 1: 2642 

Time limit reached
Best objective 2.642000000000e+03, best bound 2.037000000000e+03, gap 22.8993%
