
Gurobi 13.0.1 (linux64) logging started Mon Apr 27 01:02:24 2026

Set parameter LogFile to value "outputs/llm_runs/trajectories/I4_P5_patchedit_auto_gpt41/step_01/attempt_01/candidate_01_solver.log"
Gurobi Optimizer version 13.0.1 build v13.0.1rc0 (linux64 - "Red Hat Enterprise Linux 9.6 (Plow)")

CPU model: Intel(R) Xeon(R) Gold 6226 CPU @ 2.70GHz, instruction set [SSE2|AVX|AVX2|AVX512]
Thread count: 24 physical cores, 24 logical processors, using up to 6 threads

Non-default parameters:
TimeLimit  3600
MIPGap  0.01
DegenMoves  0
MIPFocus  2
NoRelHeurTime  900
LogToConsole  0
Threads  6

Optimize a model with 401011 rows, 677376 columns and 3595944 nonzeros (Min)
Model fingerprint: 0x6cc391b7
Model has 395750 linear objective coefficients
Variable types: 0 continuous, 677376 integer (677376 binary)
Coefficient statistics:
  Matrix range     [1e+00, 3e+03]
  Objective range  [5e+00, 8e+02]
  Bounds range     [1e+00, 1e+00]
  RHS range        [1e+00, 4e+03]

Warning: Completing partial solution with 677309 unfixed non-continuous variables out of 677376
User MIP start produced solution with objective 9512 (1.09s)
Loaded user MIP start with objective 9512
Processed MIP start in 1.09 seconds (0.68 work units)

Presolve removed 218211 rows and 231531 columns (presolve time = 5s)...
Presolve removed 218895 rows and 240765 columns (presolve time = 10s)...
Presolve removed 218895 rows and 240765 columns (presolve time = 15s)...
Presolve removed 218895 rows and 240765 columns (presolve time = 25s)...
Presolve removed 218895 rows and 240765 columns (presolve time = 30s)...
Presolve removed 218895 rows and 240765 columns (presolve time = 35s)...
Presolve removed 218895 rows and 240765 columns (presolve time = 40s)...
Presolve removed 218895 rows and 240765 columns (presolve time = 46s)...
Presolve removed 218895 rows and 240855 columns (presolve time = 57s)...
Presolve removed 218895 rows and 240855 columns (presolve time = 60s)...
Presolve removed 218895 rows and 240855 columns
Presolve time: 60.75s
Presolved: 182116 rows, 436521 columns, 1874085 nonzeros
Variable types: 0 continuous, 436521 integer (436521 binary)
Starting NoRel heuristic
Found heuristic solution: objective 8679.0000000
Elapsed time for NoRel heuristic: 6s (best bound 0)
Found heuristic solution: objective 8324.0000000
Found heuristic solution: objective 8065.0000000
Found heuristic solution: objective 7674.0000000
Elapsed time for NoRel heuristic: 13s (best bound 0)
Elapsed time for NoRel heuristic: 20s (best bound 0)
Found heuristic solution: objective 7210.0000000
Found heuristic solution: objective 6798.0000000
Elapsed time for NoRel heuristic: 34s (best bound 0)
Elapsed time for NoRel heuristic: 44s (best bound 0)
Found heuristic solution: objective 6717.0000000
Found heuristic solution: objective 6365.0000000
Elapsed time for NoRel heuristic: 64s (best bound 0)
Elapsed time for NoRel heuristic: 76s (best bound 0)
Found heuristic solution: objective 6240.0000000
Elapsed time for NoRel heuristic: 85s (best bound 0)
Elapsed time for NoRel heuristic: 93s (best bound 0)
Elapsed time for NoRel heuristic: 103s (best bound 0)
Found heuristic solution: objective 6019.0000000
Elapsed time for NoRel heuristic: 133s (best bound 0)
Elapsed time for NoRel heuristic: 148s (best bound 0)
Found heuristic solution: objective 5997.0000000
Elapsed time for NoRel heuristic: 153s (best bound 0)
Found heuristic solution: objective 5972.0000000
Elapsed time for NoRel heuristic: 166s (best bound 0)
Elapsed time for NoRel heuristic: 179s (best bound 0)
Elapsed time for NoRel heuristic: 198s (best bound 0)
Found heuristic solution: objective 5919.0000000
Elapsed time for NoRel heuristic: 233s (best bound 0)
Found heuristic solution: objective 5913.0000000
Elapsed time for NoRel heuristic: 250s (best bound 0)
Elapsed time for NoRel heuristic: 271s (best bound 0)
Elapsed time for NoRel heuristic: 294s (best bound 0)
Elapsed time for NoRel heuristic: 314s (best bound 0)
Found heuristic solution: objective 5881.0000000
Elapsed time for NoRel heuristic: 378s (best bound 0)
Elapsed time for NoRel heuristic: 401s (best bound 0)
Elapsed time for NoRel heuristic: 433s (best bound 0)
Elapsed time for NoRel heuristic: 462s (best bound 0)
Elapsed time for NoRel heuristic: 556s (best bound 0)
Elapsed time for NoRel heuristic: 639s (best bound 0)
Elapsed time for NoRel heuristic: 734s (best bound 0)
Found heuristic solution: objective 5856.0000000
Found heuristic solution: objective 5849.0000000
Elapsed time for NoRel heuristic: 792s (best bound 0)
Elapsed time for NoRel heuristic: 850s (best bound 0)
Elapsed time for NoRel heuristic: 898s (best bound 0)
Elapsed time for NoRel heuristic: 947s (best bound 0)
NoRel heuristic complete
Root relaxation presolve removed 8 rows and 0 columns
Root relaxation presolved: 182108 rows, 436521 columns, 1849567 nonzeros

Deterministic concurrent LP optimizer: primal simplex, dual simplex, and barrier
Showing barrier log only...

Root barrier log...

Elapsed ordering time = 5s
Ordering time: 6.63s
Elapsed ordering time = 7s
Elapsed ordering time = 10s
Elapsed ordering time = 11s
Elapsed ordering time = 12s
Ordering time: 12.70s

Barrier statistics:
 Dense cols : 6123
 AA' NZ     : 9.791e+05
 Factor NZ  : 7.321e+07 (roughly 700 MB of memory)
 Factor Ops : 4.617e+11 (roughly 3 seconds per iteration)
 Threads    : 4

                  Objective                Residual
Iter       Primal          Dual         Primal    Dual     Compl     Time
   0   4.15253952e+08 -1.97306007e+08  2.80e+04 0.00e+00  6.29e+03  1032s
   1   1.96220532e+08 -1.85601866e+08  1.33e+04 1.59e-12  2.46e+03  1032s
   2   6.57610073e+07 -1.40831265e+08  3.98e+03 1.36e-12  7.85e+02  1032s
   3   1.74082966e+07 -5.51256584e+07  5.30e+02 1.14e-12  1.59e+02  1032s
   4   8.76201034e+06 -9.11417646e+06  9.29e+01 1.14e-12  3.56e+01  1032s
   5   3.83737499e+06 -2.33030713e+06  3.05e+01 1.82e-12  1.26e+01  1032s
   6   6.21583271e+05 -5.61662526e+05  4.20e+00 2.73e-12  2.32e+00  1032s
   7   1.20580673e+05 -3.28637670e+05  7.04e-01 1.82e-12  7.91e-01  1032s
   8   7.44484849e+04 -2.40083832e+05  4.13e-01 1.82e-12  5.41e-01  1032s
   9   5.80330316e+04 -1.65049979e+05  3.07e-01 1.36e-12  3.80e-01  1032s
  10   2.64347500e+04 -1.20431078e+05  1.08e-01 1.36e-12  2.44e-01  1032s
  11   2.25686550e+04 -8.14151388e+04  8.49e-02 1.82e-12  1.73e-01  1033s
  12   1.46123547e+04 -6.48164680e+04  4.23e-02 1.82e-12  1.31e-01  1033s
  13   9.23602795e+03 -3.79001084e+04  1.17e-02 3.18e-12  7.68e-02  1033s
  14   7.18447275e+03 -2.30976675e+04  3.95e-03 2.96e-12  4.92e-02  1033s
  15   6.31993037e+03 -1.02182341e+04  1.63e-03 2.27e-12  2.68e-02  1033s
  16   5.23976508e+03 -4.43809542e+03  7.91e-05 3.64e-12  1.56e-02  1035s
  17   4.70031751e+03 -9.73243897e+02  1.16e-05 9.09e-12  9.14e-03  1038s
  18   4.42692805e+03  1.40866911e+03  3.51e-06 4.73e-11  4.87e-03  1041s
  19   4.26506890e+03  3.38570965e+03  8.75e-07 8.73e-11  1.42e-03  1044s
  20   4.19973368e+03  3.78054847e+03  1.58e-07 1.32e-10  6.76e-04  1047s
  21   4.18042671e+03  4.09889047e+03  7.78e-08 1.16e-10  1.32e-04  1050s
  22   4.17742480e+03  4.17112669e+03  1.11e-08 1.75e-10  1.02e-05  1053s
  23   4.17712954e+03  4.17689699e+03  3.47e-09 5.65e-08  4.01e-07  1056s
  24   4.17701375e+03  4.17701352e+03  2.73e-10 2.17e-10  4.07e-10  1059s
  25   4.17701364e+03  4.17701364e+03  1.65e-10 9.73e-09  4.07e-13  1062s

Barrier solved model in 25 iterations and 1061.89 seconds (713.75 work units)
Optimal objective 4.17701364e+03


Root crossover log...

   14740 DPushes remaining with DInf 0.0000000e+00              1062s
      69 DPushes remaining with DInf 0.0000000e+00              1065s
       0 DPushes remaining with DInf 0.0000000e+00              1065s

     260 PPushes remaining with PInf 0.0000000e+00              1065s
       0 PPushes remaining with PInf 0.0000000e+00              1065s

  Push phase complete: Pinf 0.0000000e+00, Dinf 4.7981281e-09   1065s


Root simplex log...

Iteration    Objective       Primal Inf.    Dual Inf.      Time
   14944    4.1770136e+03   0.000000e+00   0.000000e+00   1065s
Crossover time: 3.51 seconds (1.59 work units)
Concurrent spin time: 9.73s (can be avoided by choosing Method=3)

Solved with barrier
   14944    4.1770136e+03   0.000000e+00   0.000000e+00   1075s

Use crossover to convert LP symmetric solution to basic solution...

Root crossover log...

  180895 variables added to crossover basis                     1080s
  181867 variables added to crossover basis                     1085s

      75 DPushes remaining with DInf 0.0000000e+00              1087s
       0 DPushes remaining with DInf 0.0000000e+00              1088s

     629 PPushes remaining with PInf 0.0000000e+00              1088s
       0 PPushes remaining with PInf 0.0000000e+00              1088s

  Push phase complete: Pinf 0.0000000e+00, Dinf 3.2042317e-09   1088s


Root simplex log...

Iteration    Objective       Primal Inf.    Dual Inf.      Time
   15578    4.1770136e+03   0.000000e+00   0.000000e+00   1088s
Crossover time: 12.71 seconds (17.43 work units)

Root relaxation: objective 4.177014e+03, 15578 iterations, 78.75 seconds (61.90 work units)

    Nodes    |    Current Node    |     Objective Bounds      |     Work
 Expl Unexpl |  Obj  Depth IntInf | Incumbent    BestBd   Gap | It/Node Time

     0     0 4177.01364    0  408 5849.00000 4177.01364  28.6%     - 1114s
     0     0 4181.05978    0  474 5849.00000 4181.05978  28.5%     - 1699s
     0     0 4181.05978    0  495 5849.00000 4181.05978  28.5%     - 1744s
     0     0 4187.01326    0  431 5849.00000 4187.01326  28.4%     - 2557s
     0     0 4187.08446    0  426 5849.00000 4187.08446  28.4%     - 2794s
     0     0 4187.20714    0  478 5849.00000 4187.20714  28.4%     - 3140s
     0     0          -    0      5849.00000 4187.20714  28.4%     - 3600s

Cutting planes:
  Lift-and-project: 21
  Implied bound: 7
  StrongCG: 3
  Flow cover: 83
  Zero half: 145
  RLT: 9
  BQP: 1

Explored 1 nodes (219749 simplex iterations) in 3600.06 seconds (2491.46 work units)
Thread count was 6 (of 24 available processors)

Solution count 10: 5849 5856 5881 ... 6365

Time limit reached
Best objective 5.849000000000e+03, best bound 4.188000000000e+03, gap 28.3980%
