
Gurobi 13.0.1 (linux64) logging started Sun Apr 26 21:41:42 2026

Set parameter LogFile to value "outputs/llm_runs/trajectories/I1_P1_patchedit_auto_gpt41/step_01/attempt_01/candidate_01_solver.log"
Gurobi Optimizer version 13.0.1 build v13.0.1rc0 (linux64 - "Red Hat Enterprise Linux 9.6 (Plow)")

CPU model: Intel(R) Xeon(R) Gold 6226 CPU @ 2.70GHz, instruction set [SSE2|AVX|AVX2|AVX512]
Thread count: 24 physical cores, 24 logical processors, using up to 6 threads

Non-default parameters:
TimeLimit  3600
MIPGap  0.01
BranchDir  -1
LogToConsole  0
Threads  6

Optimize a model with 401012 rows, 677376 columns and 3575784 nonzeros (Min)
Model fingerprint: 0x7c604d3f
Model has 439537 linear objective coefficients
Variable types: 0 continuous, 677376 integer (677376 binary)
Coefficient statistics:
  Matrix range     [1e+00, 2e+00]
  Objective range  [5e+00, 8e+02]
  Bounds range     [1e+00, 1e+00]
  RHS range        [1e+00, 1e+00]

Warning: Completing partial solution with 677309 unfixed non-continuous variables out of 677376
User MIP start produced solution with objective 10171 (1.13s)
Loaded user MIP start with objective 10171
Processed MIP start in 1.13 seconds (0.68 work units)

Presolve removed 197020 rows and 245144 columns (presolve time = 5s)...
Presolve removed 214958 rows and 295939 columns (presolve time = 10s)...
Presolve removed 214958 rows and 295939 columns
Presolve time: 11.44s
Presolved: 186054 rows, 381437 columns, 1371189 nonzeros
Variable types: 0 continuous, 381437 integer (381437 binary)
Deterministic concurrent LP optimizer: primal simplex, dual simplex, and barrier
Showing barrier log only...

Root barrier log...

Ordering time: 7.17s
Elapsed ordering time = 7s
Elapsed ordering time = 10s
Elapsed ordering time = 11s
Elapsed ordering time = 12s
Elapsed ordering time = 13s
Elapsed ordering time = 14s
Ordering time: 14.41s

Barrier statistics:
 Dense cols : 7192
 AA' NZ     : 9.491e+05
 Factor NZ  : 9.086e+07 (roughly 900 MB of memory)
 Factor Ops : 6.462e+11 (roughly 4 seconds per iteration)
 Threads    : 4

                  Objective                Residual
Iter       Primal          Dual         Primal    Dual     Compl     Time
   0   2.53110442e+09 -1.32276099e+08  4.60e+04 4.79e+02  2.61e+04    31s
   1   1.48559739e+09 -1.44058151e+08  2.57e+04 2.72e+02  1.42e+04    31s
   2   6.87238970e+08 -1.63574149e+08  1.16e+04 1.36e-12  6.60e+03    31s
   3   1.64132783e+08 -1.63614503e+08  2.62e+03 1.36e-12  1.68e+03    31s
   4   4.02350377e+07 -1.20336672e+08  5.14e+02 1.02e-12  4.22e+02    31s
   5   2.20145224e+07 -3.54232902e+07  2.15e+02 7.96e-13  1.26e+02    31s
   6   1.40511127e+07 -1.04167570e+07  1.11e+02 6.25e-13  5.21e+01    31s
   7   7.50446551e+06 -2.65295733e+06  5.70e+01 9.09e-13  2.29e+01    32s
   8   2.84805161e+06 -9.19512322e+05  2.11e+01 6.82e-13  8.54e+00    32s
   9   8.93516263e+05 -3.25510869e+05  6.07e+00 6.36e-13  2.66e+00    32s
  10   3.72425878e+05 -1.49238763e+05  2.45e+00 5.84e-13  1.11e+00    32s
  11   2.00362209e+05 -7.04725258e+04  1.30e+00 5.08e-13  5.67e-01    32s
  12   9.22430264e+04 -4.24742970e+04  5.59e-01 4.27e-13  2.59e-01    32s
  13   3.06782562e+04 -1.76135200e+04  1.52e-01 7.59e-13  8.08e-02    32s
  14   9.28116965e+03 -7.28367958e+03  3.33e-02 6.82e-13  2.40e-02    32s
  15   6.93093002e+03 -1.54616151e+03  1.12e-02 6.82e-13  1.19e-02    33s
  16   6.01125012e+03  1.27332996e+03  4.57e-03 6.14e-13  6.62e-03    33s
  17   5.61763265e+03  1.91300845e+03  2.67e-03 7.96e-13  5.17e-03    33s
  18   5.27168564e+03  2.44342930e+03  1.47e-03 7.39e-13  3.95e-03    33s
  19   4.82777113e+03  2.90917170e+03  5.53e-04 7.96e-13  2.68e-03    34s
  20   4.36908422e+03  3.26740242e+03  1.17e-04 6.82e-13  1.54e-03    34s
  21   4.04041894e+03  3.62793361e+03  9.11e-06 5.68e-13  5.76e-04    40s
  22   3.94750131e+03  3.84755324e+03  5.80e-07 3.51e-11  1.40e-04    44s
  23   3.92643507e+03  3.90115063e+03  6.83e-08 1.28e-09  3.53e-05    48s
  24   3.92274559e+03  3.91648015e+03  1.78e-08 5.24e-10  8.75e-06    53s
  25   3.92124751e+03  3.92077196e+03  1.73e-09 6.12e-10  6.64e-07    57s
  26   3.92105798e+03  3.92101143e+03  2.81e-10 8.25e-10  6.50e-08    62s
  27   3.92102862e+03  3.92102326e+03  1.47e-08 8.80e-10  7.40e-09    68s
  28   3.92102566e+03  3.92102487e+03  1.20e-07 5.74e-06  1.86e-09    72s
  29   3.92102555e+03  3.92102564e+03  4.28e-08 1.60e-07  4.00e-11    76s

Barrier solved model in 29 iterations and 76.02 seconds (67.28 work units)
Optimal objective 3.92102555e+03


Root crossover log...

   15620 DPushes remaining with DInf 0.0000000e+00                76s
     216 DPushes remaining with DInf 0.0000000e+00                81s
       0 DPushes remaining with DInf 0.0000000e+00                82s

     763 PPushes remaining with PInf 2.2653723e-05                82s
       0 PPushes remaining with PInf 0.0000000e+00                82s

  Push phase complete: Pinf 0.0000000e+00, Dinf 2.2686510e-09     82s


Root simplex log...

Iteration    Objective       Primal Inf.    Dual Inf.      Time
   16321    3.9210257e+03   0.000000e+00   0.000000e+00     82s
Crossover time: 6.12 seconds (2.25 work units)
Concurrent spin time: 0.02s

Solved with barrier
   16321    3.9210257e+03   0.000000e+00   0.000000e+00     82s

Use crossover to convert LP symmetric solution to basic solution...

Root crossover log...

  185029 variables added to crossover basis                       85s

      74 DPushes remaining with DInf 0.0000000e+00                89s
       0 DPushes remaining with DInf 0.0000000e+00                90s

     467 PPushes remaining with PInf 0.0000000e+00                90s
       0 PPushes remaining with PInf 0.0000000e+00                90s

  Push phase complete: Pinf 0.0000000e+00, Dinf 1.3982543e-08     90s


Root simplex log...

Iteration    Objective       Primal Inf.    Dual Inf.      Time
   16796    3.9210257e+03   0.000000e+00   0.000000e+00     90s
Crossover time: 8.06 seconds (10.84 work units)

Root relaxation: objective 3.921026e+03, 16796 iterations, 77.40 seconds (66.32 work units)

    Nodes    |    Current Node    |     Objective Bounds      |     Work
 Expl Unexpl |  Obj  Depth IntInf | Incumbent    BestBd   Gap | It/Node Time

     0     0 3921.02565    0  512 10171.0000 3921.02565  61.4%     -  138s
H    0     0                    6609.0000000 3921.02565  40.7%     -  139s
H    0     0                    6549.0000000 3921.02565  40.1%     -  139s
     0     0          -    0      6549.00000 3921.02565  40.1%     - 3600s

Cutting planes:
  Gomory: 1
  MIR: 32
  StrongCG: 1
  Zero half: 23
  RLT: 94
  Relax-and-lift: 6
  BQP: 14

Explored 1 nodes (506553 simplex iterations) in 3600.06 seconds (3153.16 work units)
Thread count was 6 (of 24 available processors)

Solution count 3: 6549 6609 10171 

Time limit reached
Best objective 6.549000000000e+03, best bound 3.922000000000e+03, gap 40.1130%
