
Gurobi 13.0.1 (linux64) logging started Mon Apr 27 02:03:17 2026

Set parameter LogFile to value "outputs/llm_runs/trajectories/I5_P5_patchedit_auto_gpt41mini/step_01/attempt_01/candidate_01_solver.log"
Read solution from file outputs/solves/base/blockseq_n539_blocks16_slots24_seed42.sol
Gurobi Optimizer version 13.0.1 build v13.0.1rc0 (linux64 - "Red Hat Enterprise Linux 9.6 (Plow)")

CPU model: Intel(R) Xeon(R) Gold 6226 CPU @ 2.70GHz, instruction set [SSE2|AVX|AVX2|AVX512]
Thread count: 24 physical cores, 24 logical processors, using up to 6 threads

Non-default parameters:
TimeLimit  3600
MIPGap  0.01
NoRelHeurTime  900
RINS  2500
LogToConsole  0
PrePasses  2
Threads  6

Optimize a model with 401007 rows, 677376 columns and 3542376 nonzeros (Min)
Model fingerprint: 0xdff4bd23
Model has 271709 linear objective coefficients
Variable types: 0 continuous, 677376 integer (677376 binary)
Coefficient statistics:
  Matrix range     [1e+00, 3e+03]
  Objective range  [5e+00, 1e+03]
  Bounds range     [1e+00, 1e+00]
  RHS range        [1e+00, 4e+03]

User MIP start 0 did not produce a new incumbent solution
User MIP start 0 violates constraint slot_load_cap[day_2] by 2222.000000000
Warning: Completing partial solution with 677309 unfixed non-continuous variables out of 677376
User MIP start 1 produced solution with objective 11771 (1.03s)
Loaded user MIP start 1 with objective 11771
Processed 2 MIP starts in 1.03 seconds (0.65 work units)

Presolve removed 276352 rows and 291904 columns (presolve time = 5s)...
Presolve removed 276352 rows and 291904 columns (presolve time = 10s)...
Presolve removed 276352 rows and 291904 columns
Presolve time: 11.25s
Presolved: 124655 rows, 385472 columns, 1771176 nonzeros
Variable types: 0 continuous, 385472 integer (385472 binary)
Starting NoRel heuristic
Found heuristic solution: objective 9813.0000000
Found heuristic solution: objective 9575.0000000
Elapsed time for NoRel heuristic: 9s (best bound 0)
Found heuristic solution: objective 7617.0000000
Elapsed time for NoRel heuristic: 17s (best bound 0)
Found heuristic solution: objective 6577.0000000
Found heuristic solution: objective 5421.0000000
Found heuristic solution: objective 4584.0000000
Elapsed time for NoRel heuristic: 26s (best bound 0)
Elapsed time for NoRel heuristic: 36s (best bound 0)
Elapsed time for NoRel heuristic: 42s (best bound 0)
Found heuristic solution: objective 4472.0000000
Found heuristic solution: objective 4426.0000000
Found heuristic solution: objective 3909.0000000
Elapsed time for NoRel heuristic: 54s (best bound 0)
Elapsed time for NoRel heuristic: 59s (best bound 0)
Found heuristic solution: objective 3876.0000000
Found heuristic solution: objective 3389.0000000
Elapsed time for NoRel heuristic: 70s (best bound 0)
Found heuristic solution: objective 3329.0000000
Elapsed time for NoRel heuristic: 80s (best bound 0)
Found heuristic solution: objective 3256.0000000
Found heuristic solution: objective 3205.0000000
Found heuristic solution: objective 3112.0000000
Elapsed time for NoRel heuristic: 86s (best bound 0)
Found heuristic solution: objective 3059.0000000
Elapsed time for NoRel heuristic: 94s (best bound 0)
Found heuristic solution: objective 3051.0000000
Elapsed time for NoRel heuristic: 99s (best bound 0)
Found heuristic solution: objective 3007.0000000
Found heuristic solution: objective 2963.0000000
Elapsed time for NoRel heuristic: 107s (best bound 0)
Found heuristic solution: objective 2943.0000000
Elapsed time for NoRel heuristic: 114s (best bound 0)
Elapsed time for NoRel heuristic: 123s (best bound 0)
Elapsed time for NoRel heuristic: 130s (best bound 0)
Found heuristic solution: objective 2918.0000000
Elapsed time for NoRel heuristic: 139s (best bound 0)
Found heuristic solution: objective 2883.0000000
Elapsed time for NoRel heuristic: 147s (best bound 0)
Elapsed time for NoRel heuristic: 156s (best bound 0)
Found heuristic solution: objective 2826.0000000
Elapsed time for NoRel heuristic: 165s (best bound 0)
Found heuristic solution: objective 2818.0000000
Found heuristic solution: objective 2758.0000000
Elapsed time for NoRel heuristic: 183s (best bound 0)
Elapsed time for NoRel heuristic: 196s (best bound 0)
Found heuristic solution: objective 2737.0000000
Elapsed time for NoRel heuristic: 211s (best bound 0)
Found heuristic solution: objective 2702.0000000
Elapsed time for NoRel heuristic: 223s (best bound 0)
Elapsed time for NoRel heuristic: 234s (best bound 0)
Elapsed time for NoRel heuristic: 247s (best bound 0)
Found heuristic solution: objective 2683.0000000
Elapsed time for NoRel heuristic: 262s (best bound 0)
Elapsed time for NoRel heuristic: 274s (best bound 0)
Found heuristic solution: objective 2658.0000000
Elapsed time for NoRel heuristic: 290s (best bound 0)
Elapsed time for NoRel heuristic: 309s (best bound 0)
Found heuristic solution: objective 2633.0000000
Elapsed time for NoRel heuristic: 333s (best bound 0)
Elapsed time for NoRel heuristic: 352s (best bound 0)
Elapsed time for NoRel heuristic: 368s (best bound 0)
Elapsed time for NoRel heuristic: 384s (best bound 0)
Elapsed time for NoRel heuristic: 448s (best bound 0)
Elapsed time for NoRel heuristic: 505s (best bound 0)
Elapsed time for NoRel heuristic: 597s (best bound 0)
Elapsed time for NoRel heuristic: 673s (best bound 0)
Elapsed time for NoRel heuristic: 799s (best bound 0)
Elapsed time for NoRel heuristic: 934s (best bound 0)
NoRel heuristic complete
Deterministic concurrent LP optimizer: primal simplex, dual simplex, and barrier
Showing barrier log only...

Root barrier log...

Ordering time: 2.98s
Elapsed ordering time = 5s
Elapsed ordering time = 5s
Ordering time: 5.90s

Barrier statistics:
 Dense cols : 3547
 AA' NZ     : 5.727e+05
 Factor NZ  : 3.280e+07 (roughly 350 MB of memory)
 Factor Ops : 1.318e+11 (roughly 1 second per iteration)
 Threads    : 4

                  Objective                Residual
Iter       Primal          Dual         Primal    Dual     Compl     Time
   0   2.48921693e+08 -1.56155977e+08  6.24e+03 1.16e+03  6.78e+03   955s
   1   1.10813512e+08 -1.36683460e+08  2.75e+03 2.73e-12  2.49e+03   955s
   2   3.50297896e+07 -8.64502130e+07  7.18e+02 1.82e-12  7.17e+02   955s
   3   1.10417656e+07 -2.26006305e+07  1.01e+02 1.36e-12  1.36e+02   955s
   4   5.78937022e+06 -3.72747351e+06  2.72e+01 9.09e-13  3.83e+01   955s
   5   1.73420377e+06 -1.10035408e+06  8.14e+00 9.09e-13  1.15e+01   955s
   6   3.44846560e+05 -5.66861934e+05  1.56e+00 9.09e-13  3.27e+00   955s
   7   6.31806036e+04 -1.84214025e+05  2.58e-01 9.09e-13  8.13e-01   955s
   8   4.76921709e+04 -1.45183083e+05  1.87e-01 4.55e-13  6.17e-01   955s
   9   3.34360596e+04 -1.11244640e+05  1.20e-01 4.55e-13  4.56e-01   955s
  10   2.18907651e+04 -6.54787340e+04  6.71e-02 4.55e-13  2.72e-01   955s
  11   1.71723524e+04 -5.11870545e+04  4.72e-02 9.09e-13  2.11e-01   956s
  12   1.21112552e+04 -3.29335529e+04  2.66e-02 9.09e-13  1.37e-01   956s
  13   8.16525559e+03 -2.28748388e+04  1.29e-02 4.55e-13  9.41e-02   956s
  14   7.01922393e+03 -1.36211274e+04  9.39e-03 4.55e-13  6.26e-02   956s
  15   5.35290045e+03 -8.16410870e+03  5.36e-03 4.55e-13  4.09e-02   956s
  16   3.71021670e+03 -4.93474717e+03  1.54e-03 1.03e-04  2.60e-02   956s
  17   3.41972472e+03 -6.63466667e+02  1.20e-03 4.13e-05  1.23e-02   958s
  18   2.33500192e+03  1.13204727e+03  1.68e-04 1.39e-05  3.61e-03   959s
  19   2.05668396e+03  1.96954275e+03  2.84e-06 8.74e-07  2.61e-04   960s
  20   2.03817618e+03  2.03601608e+03  1.03e-07 3.48e-09  6.50e-06   961s
  21   2.03700067e+03  2.03699901e+03  9.93e-11 4.78e-10  5.00e-09   962s
  22   2.03700000e+03  2.03700000e+03  4.03e-12 3.97e-10  5.00e-12   963s

Barrier solved model in 22 iterations and 962.74 seconds (669.44 work units)
Optimal objective 2.03700000e+03


Root crossover log...

    9883 DPushes remaining with DInf 0.0000000e+00               963s
       0 DPushes remaining with DInf 0.0000000e+00               963s

     415 PPushes remaining with PInf 0.0000000e+00               963s
       0 PPushes remaining with PInf 0.0000000e+00               963s

  Push phase complete: Pinf 0.0000000e+00, Dinf 3.3706726e-09    963s


Root simplex log...

Iteration    Objective       Primal Inf.    Dual Inf.      Time
   10242    2.0370000e+03   0.000000e+00   0.000000e+00    963s
Crossover time: 0.71 seconds (0.43 work units)
Concurrent spin time: 0.00s

Solved with barrier
   10242    2.0370000e+03   0.000000e+00   0.000000e+00    964s

Use crossover to convert LP symmetric solution to basic solution...

Root crossover log...

   12261 DPushes remaining with DInf 0.0000000e+00               964s
     175 DPushes remaining with DInf 0.0000000e+00               965s
       0 DPushes remaining with DInf 0.0000000e+00               966s

     527 PPushes remaining with PInf 0.0000000e+00               966s
       0 PPushes remaining with PInf 0.0000000e+00               967s

  Push phase complete: Pinf 0.0000000e+00, Dinf 1.2012862e-09    967s


Root simplex log...

Iteration    Objective       Primal Inf.    Dual Inf.      Time
   22883    2.0370000e+03   0.000000e+00   0.000000e+00    967s
Crossover time: 3.05 seconds (2.22 work units)

Root relaxation: objective 2.037000e+03, 22883 iterations, 19.51 seconds (14.57 work units)

    Nodes    |    Current Node    |     Objective Bounds      |     Work
 Expl Unexpl |  Obj  Depth IntInf | Incumbent    BestBd   Gap | It/Node Time

     0     0 2037.00000    0  269 2633.00000 2037.00000  22.6%     - 1085s
Another try with MIP start
     0     0 2037.00000    0  159 2633.00000 2037.00000  22.6%     - 1182s
     0     0 2037.00000    0  202 2633.00000 2037.00000  22.6%     - 1482s
     0     0 2037.00000    0  202 2633.00000 2037.00000  22.6%     - 1483s
     0     0 2037.00000    0  202 2633.00000 2037.00000  22.6%     - 1543s
     0     0 2037.00000    0  205 2633.00000 2037.00000  22.6%     - 1975s
     0     0 2037.00000    0  205 2633.00000 2037.00000  22.6%     - 1976s
     0     0 2037.00000    0  168 2633.00000 2037.00000  22.6%     - 2358s
     0     0 2037.00000    0  168 2633.00000 2037.00000  22.6%     - 2358s
     0     0 2037.00000    0  154 2633.00000 2037.00000  22.6%     - 2442s
     0     0 2037.00000    0  240 2633.00000 2037.00000  22.6%     - 2860s
     0     0 2037.00000    0  240 2633.00000 2037.00000  22.6%     - 2860s
     0     0 2037.00000    0  211 2633.00000 2037.00000  22.6%     - 2995s
     0     0 2037.00000    0  184 2633.00000 2037.00000  22.6%     - 3376s
     0     0 2037.00000    0  184 2633.00000 2037.00000  22.6%     - 3376s
     0     0 2037.00000    0  184 2633.00000 2037.00000  22.6%     - 3378s
     0     0 2037.00000    0  184 2633.00000 2037.00000  22.6%     - 3378s
     0     2 2057.00000    0  184 2633.00000 2057.00000  21.9%     - 3472s

Cutting planes:
  Lift-and-project: 2
  MIR: 29
  Zero half: 55
  RLT: 2

Explored 1 nodes (335766 simplex iterations) in 3600.07 seconds (2709.00 work units)
Thread count was 6 (of 24 available processors)

Solution count 10: 2633 2658 2683 ... 2918

Time limit reached
Best objective 2.633000000000e+03, best bound 2.057000000000e+03, gap 21.8762%
