
Gurobi 13.0.1 (linux64) logging started Sun Apr 26 23:52:47 2026

Set parameter LogFile to value "outputs/llm_runs/trajectories/I3_P4_patchedit_auto_gpt41mini/step_01/attempt_01/candidate_01_solver.log"
Read solution from file outputs/solves/base/blockseq_n553_blocks17_slots25_seed42.sol
Gurobi Optimizer version 13.0.1 build v13.0.1rc0 (linux64 - "Red Hat Enterprise Linux 9.6 (Plow)")

CPU model: Intel(R) Xeon(R) Gold 6226 CPU @ 2.70GHz, instruction set [SSE2|AVX|AVX2|AVX512]
Thread count: 24 physical cores, 24 logical processors, using up to 6 threads

Non-default parameters:
TimeLimit  3600
MIPGap  0.01
SimplexPricing  3
MIPFocus  2
NoRelHeurTime  900
RINS  2500
LogToConsole  0
Threads  6

Optimize a model with 468866 rows, 796875 columns and 4147475 nonzeros (Min)
Model fingerprint: 0xc0d0d43b
Model has 333584 linear objective coefficients
Variable types: 0 continuous, 796875 integer (796875 binary)
Coefficient statistics:
  Matrix range     [1e+00, 2e+00]
  Objective range  [2e+01, 2e+03]
  Bounds range     [1e+00, 1e+00]
  RHS range        [1e+00, 1e+00]

Loaded user MIP start 0 with objective 7023
Warning: Completing partial solution with 796805 unfixed non-continuous variables out of 796875
User MIP start 1 did not produce a new incumbent solution
Processed 2 MIP starts in 1.29 seconds (0.78 work units)

Presolve removed 314630 rows and 312755 columns (presolve time = 5s)...
Presolve removed 314630 rows and 312755 columns (presolve time = 10s)...
Presolve removed 314630 rows and 312755 columns (presolve time = 15s)...
Presolve removed 314630 rows and 312755 columns (presolve time = 20s)...
Presolve removed 314630 rows and 312755 columns (presolve time = 25s)...
Presolve removed 314630 rows and 312755 columns (presolve time = 30s)...
Presolve removed 314630 rows and 312755 columns (presolve time = 35s)...
Presolve removed 314630 rows and 312755 columns (presolve time = 40s)...
Presolve removed 314630 rows and 312755 columns (presolve time = 45s)...
Presolve removed 314630 rows and 312755 columns (presolve time = 50s)...
Presolve removed 314630 rows and 312755 columns (presolve time = 55s)...
Presolve removed 314630 rows and 312755 columns (presolve time = 60s)...
Presolve removed 314630 rows and 312755 columns (presolve time = 65s)...
Presolve removed 314630 rows and 312755 columns (presolve time = 70s)...
Presolve removed 314630 rows and 312755 columns (presolve time = 75s)...
Presolve removed 314630 rows and 312755 columns (presolve time = 80s)...
Presolve removed 314630 rows and 312755 columns (presolve time = 85s)...
Presolve removed 314630 rows and 312755 columns (presolve time = 90s)...
Presolve removed 314630 rows and 312755 columns (presolve time = 95s)...
Presolve removed 314630 rows and 312755 columns (presolve time = 100s)...
Presolve removed 314630 rows and 312755 columns (presolve time = 105s)...
Presolve removed 314630 rows and 312755 columns (presolve time = 110s)...
Presolve removed 314630 rows and 312755 columns (presolve time = 115s)...
Presolve removed 314630 rows and 312755 columns (presolve time = 120s)...
Presolve removed 314630 rows and 312755 columns (presolve time = 125s)...
Presolve removed 314630 rows and 312755 columns (presolve time = 130s)...
Presolve removed 314630 rows and 312755 columns (presolve time = 135s)...
Presolve removed 314630 rows and 312755 columns (presolve time = 140s)...
Presolve removed 314630 rows and 312755 columns (presolve time = 145s)...
Presolve removed 314630 rows and 312755 columns (presolve time = 150s)...
Presolve removed 314630 rows and 312755 columns (presolve time = 155s)...
Presolve removed 314630 rows and 312755 columns (presolve time = 160s)...
Presolve removed 314630 rows and 312755 columns (presolve time = 165s)...
Presolve removed 314630 rows and 312755 columns (presolve time = 170s)...
Presolve removed 314630 rows and 312755 columns (presolve time = 175s)...
Presolve removed 314630 rows and 312755 columns (presolve time = 180s)...
Presolve removed 314630 rows and 312755 columns (presolve time = 185s)...
Presolve removed 314630 rows and 312755 columns (presolve time = 190s)...
Presolve removed 314630 rows and 312755 columns (presolve time = 195s)...
Presolve removed 314630 rows and 312755 columns (presolve time = 200s)...
Presolve removed 314630 rows and 312755 columns (presolve time = 205s)...
Presolve removed 314630 rows and 312755 columns (presolve time = 210s)...
Presolve removed 314630 rows and 312755 columns (presolve time = 215s)...
Presolve removed 314630 rows and 312755 columns (presolve time = 220s)...
Presolve removed 314630 rows and 312755 columns (presolve time = 225s)...
Presolve removed 314630 rows and 312755 columns (presolve time = 230s)...
Presolve removed 314630 rows and 312755 columns (presolve time = 235s)...
Presolve removed 314630 rows and 312755 columns (presolve time = 240s)...
Presolve removed 314630 rows and 312755 columns (presolve time = 245s)...
Presolve removed 314630 rows and 312755 columns (presolve time = 250s)...
Presolve removed 314630 rows and 312755 columns (presolve time = 255s)...
Presolve removed 314630 rows and 312755 columns (presolve time = 260s)...
Presolve removed 314630 rows and 312755 columns (presolve time = 265s)...
Presolve removed 314630 rows and 312755 columns (presolve time = 270s)...
Presolve removed 314630 rows and 312755 columns (presolve time = 275s)...
Presolve removed 314630 rows and 312755 columns (presolve time = 280s)...
Presolve removed 314630 rows and 312755 columns (presolve time = 285s)...
Presolve removed 314630 rows and 312755 columns (presolve time = 290s)...
Presolve removed 314630 rows and 312755 columns (presolve time = 295s)...
Presolve removed 314630 rows and 312755 columns (presolve time = 300s)...
Presolve removed 314630 rows and 312755 columns (presolve time = 305s)...
Presolve removed 314630 rows and 312755 columns (presolve time = 310s)...
Presolve removed 314630 rows and 312755 columns (presolve time = 318s)...
Presolve removed 314630 rows and 312755 columns (presolve time = 324s)...
Presolve removed 314630 rows and 312755 columns (presolve time = 329s)...
Presolve removed 314630 rows and 312755 columns (presolve time = 334s)...
Presolve removed 314630 rows and 312755 columns (presolve time = 339s)...
Presolve removed 314630 rows and 312755 columns (presolve time = 345s)...
Presolve removed 314630 rows and 312755 columns (presolve time = 350s)...
Presolve removed 314630 rows and 312755 columns (presolve time = 355s)...
Presolve removed 314630 rows and 312755 columns (presolve time = 360s)...
Presolve removed 315158 rows and 338349 columns (presolve time = 365s)...
Presolve removed 315158 rows and 338349 columns (presolve time = 370s)...
Presolve removed 315158 rows and 338349 columns (presolve time = 375s)...
Presolve removed 315158 rows and 338349 columns (presolve time = 380s)...
Presolve removed 315158 rows and 338349 columns (presolve time = 385s)...
Presolve removed 315158 rows and 338349 columns (presolve time = 390s)...
Presolve removed 315158 rows and 338349 columns (presolve time = 395s)...
Presolve removed 315158 rows and 338349 columns (presolve time = 400s)...
Presolve removed 315158 rows and 338349 columns (presolve time = 405s)...
Presolve removed 315158 rows and 338349 columns (presolve time = 410s)...
Presolve removed 315158 rows and 338349 columns (presolve time = 415s)...
Presolve removed 315158 rows and 338349 columns (presolve time = 420s)...
Presolve removed 315158 rows and 338349 columns (presolve time = 425s)...
Presolve removed 315158 rows and 338349 columns (presolve time = 430s)...
Presolve removed 315158 rows and 338349 columns (presolve time = 435s)...
Presolve removed 315158 rows and 338349 columns (presolve time = 440s)...
Presolve removed 315158 rows and 338349 columns (presolve time = 445s)...
Presolve removed 315158 rows and 338349 columns (presolve time = 450s)...
Presolve removed 315158 rows and 338349 columns (presolve time = 455s)...
Presolve removed 315158 rows and 338349 columns (presolve time = 460s)...
Presolve removed 315158 rows and 338349 columns (presolve time = 465s)...
Presolve removed 315158 rows and 338349 columns (presolve time = 470s)...
Presolve removed 315158 rows and 338349 columns (presolve time = 475s)...
Presolve removed 315158 rows and 338349 columns (presolve time = 480s)...
Presolve removed 315158 rows and 338349 columns (presolve time = 485s)...
Presolve removed 315158 rows and 338349 columns (presolve time = 490s)...
Presolve removed 315158 rows and 338349 columns (presolve time = 495s)...
Presolve removed 315158 rows and 338349 columns (presolve time = 500s)...
Presolve removed 315158 rows and 338349 columns (presolve time = 505s)...
Presolve removed 315158 rows and 338349 columns (presolve time = 510s)...
Presolve removed 315158 rows and 338349 columns (presolve time = 515s)...
Presolve removed 315158 rows and 338349 columns (presolve time = 520s)...
Presolve removed 315158 rows and 338349 columns (presolve time = 525s)...
Presolve removed 315158 rows and 338349 columns (presolve time = 530s)...
Presolve removed 315158 rows and 338349 columns (presolve time = 535s)...
Presolve removed 315158 rows and 338349 columns (presolve time = 540s)...
Presolve removed 315158 rows and 338349 columns (presolve time = 545s)...
Presolve removed 315158 rows and 338349 columns (presolve time = 550s)...
Presolve removed 315158 rows and 338349 columns (presolve time = 555s)...
Presolve removed 315158 rows and 338349 columns (presolve time = 560s)...
Presolve removed 315158 rows and 338349 columns (presolve time = 565s)...
Presolve removed 315158 rows and 338349 columns (presolve time = 570s)...
Presolve removed 315158 rows and 338349 columns (presolve time = 575s)...
Presolve removed 315158 rows and 338349 columns (presolve time = 580s)...
Presolve removed 315158 rows and 338349 columns (presolve time = 585s)...
Presolve removed 315158 rows and 338349 columns (presolve time = 590s)...
Presolve removed 315158 rows and 338349 columns (presolve time = 595s)...
Presolve removed 315158 rows and 338349 columns (presolve time = 600s)...
Presolve removed 315158 rows and 338349 columns (presolve time = 605s)...
Presolve removed 315158 rows and 338349 columns (presolve time = 610s)...
Presolve removed 315158 rows and 338349 columns (presolve time = 615s)...
Presolve removed 315158 rows and 338349 columns (presolve time = 620s)...
Presolve removed 315158 rows and 338349 columns (presolve time = 625s)...
Presolve removed 315158 rows and 338349 columns (presolve time = 630s)...
Presolve removed 315158 rows and 338349 columns (presolve time = 635s)...
Presolve removed 315158 rows and 338349 columns (presolve time = 640s)...
Presolve removed 315158 rows and 338349 columns (presolve time = 645s)...
Presolve removed 315158 rows and 338349 columns (presolve time = 650s)...
Presolve removed 315158 rows and 338349 columns (presolve time = 655s)...
Presolve removed 315158 rows and 338349 columns (presolve time = 660s)...
Presolve removed 315158 rows and 338349 columns (presolve time = 665s)...
Presolve removed 315158 rows and 338349 columns (presolve time = 670s)...
Presolve removed 315158 rows and 338349 columns (presolve time = 675s)...
Presolve removed 315158 rows and 338349 columns (presolve time = 680s)...
Presolve removed 315158 rows and 338349 columns (presolve time = 685s)...
Presolve removed 315158 rows and 338349 columns (presolve time = 692s)...
Presolve removed 315158 rows and 338349 columns (presolve time = 697s)...
Presolve removed 315158 rows and 338349 columns (presolve time = 702s)...
Presolve removed 315397 rows and 348971 columns (presolve time = 705s)...
Presolve removed 315398 rows and 348980 columns (presolve time = 710s)...
Presolve removed 315398 rows and 348980 columns (presolve time = 715s)...
Presolve removed 315398 rows and 348980 columns (presolve time = 721s)...
Presolve removed 315398 rows and 348980 columns (presolve time = 731s)...
Presolve removed 315398 rows and 348980 columns
Presolve time: 731.09s
Presolved: 153468 rows, 447895 columns, 2004314 nonzeros
Variable types: 0 continuous, 447895 integer (447895 binary)
Starting NoRel heuristic
Elapsed time for NoRel heuristic: 11s (best bound 0)
Elapsed time for NoRel heuristic: 19s (best bound 0)
Found heuristic solution: objective 6950.0000000
Elapsed time for NoRel heuristic: 27s (best bound 0)
Elapsed time for NoRel heuristic: 35s (best bound 0)
Elapsed time for NoRel heuristic: 40s (best bound 0)
Found heuristic solution: objective 6824.0000000
Found heuristic solution: objective 6796.0000000
Elapsed time for NoRel heuristic: 68s (best bound 0)
Elapsed time for NoRel heuristic: 73s (best bound 0)
Elapsed time for NoRel heuristic: 80s (best bound 0)
Elapsed time for NoRel heuristic: 90s (best bound 0)
Elapsed time for NoRel heuristic: 98s (best bound 0)
Elapsed time for NoRel heuristic: 105s (best bound 0)
Found heuristic solution: objective 6784.0000000
Found heuristic solution: objective 6691.0000000
Elapsed time for NoRel heuristic: 182s (best bound 0)
Elapsed time for NoRel heuristic: 189s (best bound 0)
Found heuristic solution: objective 6661.0000000
Elapsed time for NoRel heuristic: 216s (best bound 0)
Elapsed time for NoRel heuristic: 222s (best bound 0)
Elapsed time for NoRel heuristic: 259s (best bound 0)
Elapsed time for NoRel heuristic: 296s (best bound 0)
Found heuristic solution: objective 6588.0000000
Found heuristic solution: objective 6551.0000000
Found heuristic solution: objective 6256.0000000
Elapsed time for NoRel heuristic: 381s (best bound 0)
Elapsed time for NoRel heuristic: 441s (best bound 0)
Found heuristic solution: objective 6030.0000000
Elapsed time for NoRel heuristic: 485s (best bound 0)
Elapsed time for NoRel heuristic: 536s (best bound 0)
Elapsed time for NoRel heuristic: 578s (best bound 0)
Elapsed time for NoRel heuristic: 665s (best bound 0)
Elapsed time for NoRel heuristic: 806s (best bound 0)
Found heuristic solution: objective 5951.0000000
Elapsed time for NoRel heuristic: 925s (best bound 0)
NoRel heuristic complete
Root relaxation presolve removed 0 rows and 0 columns (presolve time = 5s)...
Root relaxation presolve removed 4 rows and 0 columns
Root relaxation presolved: 153464 rows, 447895 columns, 1975151 nonzeros

Deterministic concurrent LP optimizer: primal simplex, dual simplex, and barrier
Showing barrier log only...

Root barrier log...

Ordering time: 8.23s
Elapsed ordering time = 8s
Elapsed ordering time = 10s
Elapsed ordering time = 14s
Elapsed ordering time = 15s
Elapsed ordering time = 17s
Elapsed ordering time = 20s
Elapsed ordering time = 21s
Elapsed ordering time = 23s
Elapsed ordering time = 25s
Ordering time: 26.89s

Barrier statistics:
 Dense cols : 6216
 AA' NZ     : 2.412e+06
 Factor NZ  : 1.756e+08 (roughly 1.7 GB of memory)
 Factor Ops : 1.654e+12 (roughly 10 seconds per iteration)
 Threads    : 4

                  Objective                Residual
Iter       Primal          Dual         Primal    Dual     Compl     Time
   0   4.90759091e+08 -1.82569318e+08  4.05e+04 2.28e+02  3.19e+03  1695s
   1   2.18709336e+08 -1.52049942e+08  1.67e+04 1.66e+02  1.24e+03  1695s
   2   1.12564413e+08 -1.00695284e+08  7.28e+03 1.69e+01  5.12e+02  1696s
   3   3.86514399e+07 -2.94417582e+07  1.55e+03 9.09e-13  1.18e+02  1696s
   4   8.99324520e+06 -5.99635966e+06  2.72e+02 6.82e-13  2.33e+01  1696s
   5   1.42649051e+06 -1.63147873e+06  3.73e+01 6.82e-13  4.23e+00  1696s
   6   2.63372543e+05 -3.96179174e+05  6.05e+00 6.82e-13  8.46e-01  1696s
   7   3.98277100e+04 -8.18137704e+04  6.84e-01 6.82e-13  1.36e-01  1696s
   8   9.70271245e+03 -3.54022021e+04  8.89e-02 6.82e-13  4.56e-02  1696s
   9   8.00479561e+03 -1.62083731e+04  5.75e-02 6.82e-13  2.43e-02  1697s
  10   6.55043448e+03 -6.47706872e+03  2.95e-02 6.82e-13  1.44e-02  1697s
  11   4.84537940e+03 -3.02597286e+03  5.70e-03 4.55e-13  8.06e-03  1697s
  12   4.19654264e+03  6.16527548e+02  1.59e-03 6.82e-13  3.61e-03  1698s
  13   4.00637940e+03  1.51612604e+03  1.06e-03 4.55e-13  2.51e-03  1698s
  14   3.79516556e+03  1.96286058e+03  5.97e-04 4.55e-13  1.84e-03  1698s
  15   3.70851865e+03  2.46495521e+03  4.64e-04 4.55e-13  1.25e-03  1699s
  16   3.64418035e+03  2.75242654e+03  3.72e-04 4.55e-13  9.00e-04  1699s
  17   3.53358964e+03  2.93230673e+03  2.31e-04 4.55e-13  6.05e-04  1700s
  18   3.44349957e+03  3.07216570e+03  1.43e-04 4.55e-13  3.74e-04  1701s
  19   3.32742851e+03  3.18896890e+03  4.33e-05 3.54e-05  1.39e-04  1710s
  20   3.27297967e+03  3.23987542e+03  3.32e-06 1.12e-05  3.26e-05  1720s
  21   3.26543070e+03  3.25806096e+03  8.87e-08 3.09e-06  7.21e-06  1730s
  22   3.26466823e+03  3.26452255e+03  2.66e-07 2.61e-08  1.44e-07  1741s
  23   3.26460007e+03  3.26459992e+03  2.26e-10 4.68e-10  1.45e-10  1751s
  24   3.26460000e+03  3.26460000e+03  2.93e-13 3.88e-09  1.45e-13  1761s

Barrier solved model in 24 iterations and 1761.03 seconds (1108.07 work units)
Optimal objective 3.26460000e+03


Root crossover log...

   20939 DPushes remaining with DInf 0.0000000e+00              1761s
     240 DPushes remaining with DInf 0.0000000e+00              1766s
       0 DPushes remaining with DInf 0.0000000e+00              1768s

   11182 PPushes remaining with PInf 0.0000000e+00              1768s
       0 PPushes remaining with PInf 0.0000000e+00              1770s

  Push phase complete: Pinf 0.0000000e+00, Dinf 4.1274610e-09   1770s


Root simplex log...

Iteration    Objective       Primal Inf.    Dual Inf.      Time
   32052    3.2646000e+03   0.000000e+00   0.000000e+00   1770s
Crossover time: 8.67 seconds (4.53 work units)
Concurrent spin time: 6.48s

Solved with barrier
   32052    3.2646000e+03   0.000000e+00   0.000000e+00   1776s

Root relaxation: objective 3.264600e+03, 32052 iterations, 118.11 seconds (86.17 work units)

    Nodes    |    Current Node    |     Objective Bounds      |     Work
 Expl Unexpl |  Obj  Depth IntInf | Incumbent    BestBd   Gap | It/Node Time

     0     0 3264.60000    0  277 5951.00000 3264.60000  45.1%     - 2135s
     0     0          -    0      5951.00000 3264.60000  45.1%     - 3600s

Cutting planes:
  Gomory: 1
  Lift-and-project: 19
  Implied bound: 32
  Clique: 1
  MIR: 3
  StrongCG: 1
  Flow cover: 8
  Zero half: 55
  RLT: 25
  BQP: 16

Explored 1 nodes (305978 simplex iterations) in 3600.07 seconds (2426.54 work units)
Thread count was 6 (of 24 available processors)

Solution count 10: 5951 6030 6256 ... 6824

Time limit reached
Best objective 5.951000000000e+03, best bound 3.265000000000e+03, gap 45.1353%
