
Gurobi 13.0.1 (linux64) logging started Mon Apr 27 02:07:48 2026

Set parameter LogFile to value "outputs/llm_runs/trajectories/I4_P4_patchedit_scratch_gpt41/step_01/replay_attempt_01/candidate_01_solver.log"
Set parameter Threads to value 6
Gurobi Optimizer version 13.0.1 build v13.0.1rc0 (linux64 - "Red Hat Enterprise Linux 9.6 (Plow)")

CPU model: Intel(R) Xeon(R) Gold 6226 CPU @ 2.70GHz, instruction set [SSE2|AVX|AVX2|AVX512]
Thread count: 24 physical cores, 24 logical processors, using up to 6 threads

Non-default parameters:
TimeLimit  3600
LogToConsole  0
Threads  6

Optimize a model with 401010 rows, 677376 columns and 3563112 nonzeros (Min)
Model fingerprint: 0x7a394878
Model has 395750 linear objective coefficients
Variable types: 0 continuous, 677376 integer (677376 binary)
Coefficient statistics:
  Matrix range     [1e+00, 2e+00]
  Objective range  [5e+00, 1e+03]
  Bounds range     [1e+00, 1e+00]
  RHS range        [1e+00, 1e+00]

Presolve removed 218211 rows and 216483 columns (presolve time = 5s)...
Presolve removed 218211 rows and 216483 columns (presolve time = 10s)...
Presolve removed 218211 rows and 216483 columns (presolve time = 15s)...
Presolve removed 218211 rows and 216483 columns (presolve time = 20s)...
Presolve removed 218211 rows and 216483 columns (presolve time = 25s)...
Presolve removed 218211 rows and 216483 columns (presolve time = 30s)...
Presolve removed 218211 rows and 216483 columns (presolve time = 35s)...
Presolve removed 218211 rows and 216483 columns (presolve time = 40s)...
Presolve removed 218211 rows and 216483 columns (presolve time = 45s)...
Presolve removed 218211 rows and 216483 columns (presolve time = 50s)...
Presolve removed 218211 rows and 216483 columns (presolve time = 55s)...
Presolve removed 218211 rows and 216483 columns (presolve time = 60s)...
Presolve removed 218211 rows and 220163 columns
Presolve time: 63.55s
Presolved: 182799 rows, 457213 columns, 1955643 nonzeros
Variable types: 0 continuous, 457213 integer (457213 binary)
Deterministic concurrent LP optimizer: primal simplex, dual simplex, and barrier
Showing barrier log only...

Root barrier log...

Ordering time: 6.18s
Elapsed ordering time = 6s
Elapsed ordering time = 10s
Elapsed ordering time = 12s
Elapsed ordering time = 15s
Elapsed ordering time = 15s
Elapsed ordering time = 17s
Ordering time: 19.11s

Barrier statistics:
 Dense cols : 3868
 AA' NZ     : 2.466e+06
 Factor NZ  : 2.203e+08 (roughly 2.0 GB of memory)
 Factor Ops : 1.800e+12 (roughly 15 seconds per iteration)
 Threads    : 3

                  Objective                Residual
Iter       Primal          Dual         Primal    Dual     Compl     Time
   0   5.07979008e+08 -1.98918904e+08  2.06e+04 0.00e+00  6.25e+03    90s
   1   2.39703536e+08 -1.86816107e+08  9.73e+03 1.59e-12  2.46e+03    90s
   2   8.25273440e+07 -1.42371868e+08  3.10e+03 1.36e-12  8.16e+02    90s
   3   1.97409881e+07 -5.80600920e+07  4.05e+02 9.09e-13  1.64e+02    90s
   4   9.08868527e+06 -1.01262304e+07  6.06e+01 1.36e-12  3.64e+01    90s
   5   4.52978300e+06 -2.41861995e+06  2.26e+01 1.82e-12  1.37e+01    90s
   6   8.88198333e+05 -6.32426935e+05  3.85e+00 1.82e-12  2.95e+00    90s
   7   1.95175649e+05 -3.71070624e+05  7.74e-01 2.27e-12  9.79e-01    91s
   8   6.54986504e+04 -2.52370993e+05  2.27e-01 1.82e-12  5.17e-01    91s
   9   1.57324376e+04 -1.62690199e+05  3.08e-02 1.82e-12  2.77e-01    91s
  10   1.44244258e+04 -1.31682594e+05  2.54e-02 2.27e-12  2.26e-01    91s
  11   1.24781331e+04 -1.03022052e+05  1.77e-02 2.27e-12  1.79e-01    91s
  12   1.06007881e+04 -6.09782802e+04  8.76e-03 3.64e-12  1.12e-01    91s
  13   8.75676066e+03 -4.40423286e+04  3.49e-03 4.32e-12  8.19e-02    91s
  14   7.88038495e+03 -2.15230018e+04  1.63e-03 3.64e-12  4.56e-02    92s
  15   6.84239234e+03 -9.08105836e+03  7.60e-04 4.55e-12  2.47e-02    92s
  16   6.19984065e+03 -4.58772580e+03  4.48e-04 5.46e-12  1.67e-02    92s
  17   5.52428325e+03 -2.02631006e+03  1.94e-04 4.55e-12  1.17e-02    93s
  18   5.16482198e+03  1.79060513e+02  9.68e-05 6.37e-12  7.70e-03    93s
  19   4.87095322e+03  1.24036469e+03  3.65e-05 7.28e-12  5.59e-03    94s
  20   4.73982429e+03  2.36708872e+03  1.68e-05 1.09e-11  3.66e-03    95s
  21   4.61726221e+03  3.89455082e+03  1.57e-06 6.55e-11  1.11e-03   356s
  22   4.58446871e+03  4.38901945e+03  1.38e-07 7.28e-11  3.01e-04   371s
  23   4.57672168e+03  4.52266512e+03  2.74e-08 2.50e-10  8.31e-05   386s
  24   4.57652810e+03  4.54297085e+03  2.42e-08 2.44e-10  5.16e-05   400s
  25   4.57639221e+03  4.54916895e+03  2.21e-08 1.67e-10  4.19e-05   415s
  26   4.57620070e+03  4.55036578e+03  1.83e-08 2.38e-10  3.97e-05   429s
  27   4.57610980e+03  4.55285530e+03  1.73e-08 2.36e-10  3.58e-05   444s
  28   4.57602013e+03  4.55362260e+03  1.64e-08 2.44e-10  3.44e-05   459s
  29   4.57590079e+03  4.55554841e+03  1.41e-08 1.75e-10  3.13e-05   473s

Barrier performed 29 iterations in 473.37 seconds (170.95 work units)
Barrier solve interrupted - model solved by another algorithm

Concurrent spin time: 211.75s (can be avoided by choosing Method=3)

Solved with dual simplex

Root simplex log...

Iteration    Objective       Primal Inf.    Dual Inf.      Time
   54031    4.5749084e+03   0.000000e+00   0.000000e+00    473s

Use crossover to convert LP symmetric solution to basic solution...

Root crossover log...

   10234 DPushes remaining with DInf 0.0000000e+00               474s
      36 DPushes remaining with DInf 0.0000000e+00               475s
       0 DPushes remaining with DInf 0.0000000e+00               475s

     420 PPushes remaining with PInf 0.0000000e+00               475s
       0 PPushes remaining with PInf 0.0000000e+00               476s

  Push phase complete: Pinf 0.0000000e+00, Dinf 1.2256649e-09    476s


Root simplex log...

Iteration    Objective       Primal Inf.    Dual Inf.      Time
   62008    4.5749084e+03   0.000000e+00   0.000000e+00    476s
Crossover time: 2.09 seconds (1.63 work units)

Root relaxation: objective 4.574908e+03, 62008 iterations, 410.02 seconds (183.71 work units)

    Nodes    |    Current Node    |     Objective Bounds      |     Work
 Expl Unexpl |  Obj  Depth IntInf | Incumbent    BestBd   Gap | It/Node Time

     0     0 4574.90839    0  483          - 4574.90839      -     - 1534s
H    0     0                    9443.0000000 4574.90839  51.6%     - 1543s
     0     0          -    0      9443.00000 4574.90839  51.6%     - 3600s

Cutting planes:
  MIR: 22
  StrongCG: 2
  Zero half: 22
  RLT: 23
  BQP: 14

Explored 1 nodes (478610 simplex iterations) in 3600.07 seconds (2750.59 work units)
Thread count was 6 (of 24 available processors)

Solution count 1: 9443 

Time limit reached
Best objective 9.443000000000e+03, best bound 4.575000000000e+03, gap 51.5514%
