
Gurobi 13.0.1 (linux64) logging started Sun Apr 26 23:53:21 2026

Set parameter LogFile to value "outputs/llm_runs/trajectories/I3_P4_patchedit_auto_gpt41/step_01/attempt_01/candidate_01_solver.log"
Gurobi Optimizer version 13.0.1 build v13.0.1rc0 (linux64 - "Red Hat Enterprise Linux 9.6 (Plow)")

CPU model: Intel(R) Xeon(R) Gold 6226R CPU @ 2.90GHz, instruction set [SSE2|AVX|AVX2|AVX512]
Thread count: 32 physical cores, 32 logical processors, using up to 6 threads

Non-default parameters:
TimeLimit  3600
MIPGap  0.01
SimplexPricing  3
MIPFocus  2
NoRelHeurTime  900
RINS  2500
LogToConsole  0
Threads  6

Optimize a model with 468866 rows, 796875 columns and 4147475 nonzeros (Min)
Model fingerprint: 0xb9bb4175
Model has 333584 linear objective coefficients
Variable types: 0 continuous, 796875 integer (796875 binary)
Coefficient statistics:
  Matrix range     [1e+00, 2e+00]
  Objective range  [5e+00, 1e+03]
  Bounds range     [1e+00, 1e+00]
  RHS range        [1e+00, 1e+00]

Warning: Completing partial solution with 796805 unfixed non-continuous variables out of 796875
User MIP start produced solution with objective 14080 (1.19s)
Loaded user MIP start with objective 14080
Processed MIP start in 1.19 seconds (0.78 work units)

Presolve removed 314630 rows and 312755 columns (presolve time = 5s)...
Presolve removed 314630 rows and 312755 columns (presolve time = 10s)...
Presolve removed 314630 rows and 312755 columns (presolve time = 15s)...
Presolve removed 314630 rows and 312755 columns (presolve time = 20s)...
Presolve removed 314630 rows and 312755 columns (presolve time = 25s)...
Presolve removed 314630 rows and 312755 columns (presolve time = 30s)...
Presolve removed 314630 rows and 312755 columns (presolve time = 35s)...
Presolve removed 314630 rows and 312755 columns (presolve time = 40s)...
Presolve removed 314630 rows and 312755 columns (presolve time = 45s)...
Presolve removed 314630 rows and 312755 columns (presolve time = 50s)...
Presolve removed 314630 rows and 312755 columns (presolve time = 55s)...
Presolve removed 314630 rows and 312755 columns (presolve time = 60s)...
Presolve removed 314630 rows and 312755 columns (presolve time = 65s)...
Presolve removed 314630 rows and 312755 columns (presolve time = 70s)...
Presolve removed 314630 rows and 312755 columns (presolve time = 75s)...
Presolve removed 314630 rows and 312755 columns (presolve time = 80s)...
Presolve removed 314630 rows and 312755 columns (presolve time = 85s)...
Presolve removed 314630 rows and 312755 columns (presolve time = 90s)...
Presolve removed 314630 rows and 312755 columns (presolve time = 95s)...
Presolve removed 314630 rows and 312755 columns (presolve time = 100s)...
Presolve removed 314630 rows and 312755 columns (presolve time = 105s)...
Presolve removed 314630 rows and 312755 columns (presolve time = 110s)...
Presolve removed 314630 rows and 312755 columns (presolve time = 115s)...
Presolve removed 314630 rows and 312755 columns (presolve time = 120s)...
Presolve removed 314630 rows and 312755 columns (presolve time = 125s)...
Presolve removed 314630 rows and 312755 columns (presolve time = 130s)...
Presolve removed 314630 rows and 312755 columns (presolve time = 135s)...
Presolve removed 314630 rows and 312755 columns (presolve time = 140s)...
Presolve removed 314630 rows and 312755 columns (presolve time = 145s)...
Presolve removed 314630 rows and 312755 columns (presolve time = 150s)...
Presolve removed 314630 rows and 312755 columns (presolve time = 155s)...
Presolve removed 314630 rows and 312755 columns (presolve time = 160s)...
Presolve removed 314630 rows and 312755 columns (presolve time = 165s)...
Presolve removed 314630 rows and 312755 columns (presolve time = 170s)...
Presolve removed 314630 rows and 312755 columns (presolve time = 175s)...
Presolve removed 314630 rows and 312755 columns (presolve time = 180s)...
Presolve removed 314630 rows and 312755 columns (presolve time = 185s)...
Presolve removed 314630 rows and 312755 columns (presolve time = 190s)...
Presolve removed 314630 rows and 312755 columns (presolve time = 195s)...
Presolve removed 314630 rows and 312755 columns (presolve time = 200s)...
Presolve removed 314630 rows and 312755 columns (presolve time = 205s)...
Presolve removed 314630 rows and 312755 columns (presolve time = 210s)...
Presolve removed 314630 rows and 312755 columns (presolve time = 215s)...
Presolve removed 314630 rows and 312755 columns (presolve time = 220s)...
Presolve removed 314630 rows and 312755 columns (presolve time = 225s)...
Presolve removed 314630 rows and 312755 columns (presolve time = 230s)...
Presolve removed 314630 rows and 312755 columns (presolve time = 235s)...
Presolve removed 314630 rows and 312755 columns (presolve time = 240s)...
Presolve removed 314630 rows and 312755 columns (presolve time = 245s)...
Presolve removed 314630 rows and 312755 columns (presolve time = 250s)...
Presolve removed 314630 rows and 312755 columns (presolve time = 255s)...
Presolve removed 314630 rows and 312755 columns (presolve time = 260s)...
Presolve removed 314630 rows and 312755 columns (presolve time = 265s)...
Presolve removed 314630 rows and 312755 columns (presolve time = 270s)...
Presolve removed 314630 rows and 312755 columns (presolve time = 275s)...
Presolve removed 314630 rows and 312755 columns (presolve time = 280s)...
Presolve removed 314630 rows and 312755 columns (presolve time = 285s)...
Presolve removed 314630 rows and 312755 columns (presolve time = 290s)...
Presolve removed 314630 rows and 312755 columns (presolve time = 295s)...
Presolve removed 314630 rows and 312755 columns (presolve time = 300s)...
Presolve removed 314630 rows and 312755 columns (presolve time = 310s)...
Presolve removed 314630 rows and 312755 columns (presolve time = 315s)...
Presolve removed 314630 rows and 312755 columns (presolve time = 320s)...
Presolve removed 314630 rows and 312755 columns (presolve time = 326s)...
Presolve removed 314630 rows and 312755 columns (presolve time = 331s)...
Presolve removed 314630 rows and 312755 columns (presolve time = 336s)...
Presolve removed 314630 rows and 312755 columns (presolve time = 341s)...
Presolve removed 314630 rows and 312755 columns (presolve time = 347s)...
Presolve removed 314630 rows and 312755 columns (presolve time = 352s)...
Presolve removed 314630 rows and 312755 columns (presolve time = 357s)...
Presolve removed 314630 rows and 312755 columns (presolve time = 363s)...
Presolve removed 315158 rows and 338349 columns (presolve time = 365s)...
Presolve removed 315158 rows and 338349 columns (presolve time = 370s)...
Presolve removed 315158 rows and 338349 columns (presolve time = 375s)...
Presolve removed 315158 rows and 338349 columns (presolve time = 380s)...
Presolve removed 315158 rows and 338349 columns (presolve time = 385s)...
Presolve removed 315158 rows and 338349 columns (presolve time = 390s)...
Presolve removed 315158 rows and 338349 columns (presolve time = 395s)...
Presolve removed 315158 rows and 338349 columns (presolve time = 400s)...
Presolve removed 315158 rows and 338349 columns (presolve time = 405s)...
Presolve removed 315158 rows and 338349 columns (presolve time = 410s)...
Presolve removed 315158 rows and 338349 columns (presolve time = 415s)...
Presolve removed 315158 rows and 338349 columns (presolve time = 420s)...
Presolve removed 315158 rows and 338349 columns (presolve time = 425s)...
Presolve removed 315158 rows and 338349 columns (presolve time = 430s)...
Presolve removed 315158 rows and 338349 columns (presolve time = 435s)...
Presolve removed 315158 rows and 338349 columns (presolve time = 440s)...
Presolve removed 315158 rows and 338349 columns (presolve time = 445s)...
Presolve removed 315158 rows and 338349 columns (presolve time = 450s)...
Presolve removed 315158 rows and 338349 columns (presolve time = 455s)...
Presolve removed 315158 rows and 338349 columns (presolve time = 460s)...
Presolve removed 315158 rows and 338349 columns (presolve time = 465s)...
Presolve removed 315158 rows and 338349 columns (presolve time = 470s)...
Presolve removed 315158 rows and 338349 columns (presolve time = 475s)...
Presolve removed 315158 rows and 338349 columns (presolve time = 480s)...
Presolve removed 315158 rows and 338349 columns (presolve time = 485s)...
Presolve removed 315158 rows and 338349 columns (presolve time = 490s)...
Presolve removed 315158 rows and 338349 columns (presolve time = 495s)...
Presolve removed 315158 rows and 338349 columns (presolve time = 500s)...
Presolve removed 315158 rows and 338349 columns (presolve time = 505s)...
Presolve removed 315158 rows and 338349 columns (presolve time = 510s)...
Presolve removed 315158 rows and 338349 columns (presolve time = 515s)...
Presolve removed 315158 rows and 338349 columns (presolve time = 520s)...
Presolve removed 315158 rows and 338349 columns (presolve time = 525s)...
Presolve removed 315158 rows and 338349 columns (presolve time = 530s)...
Presolve removed 315158 rows and 338349 columns (presolve time = 535s)...
Presolve removed 315158 rows and 338349 columns (presolve time = 540s)...
Presolve removed 315158 rows and 338349 columns (presolve time = 545s)...
Presolve removed 315158 rows and 338349 columns (presolve time = 550s)...
Presolve removed 315158 rows and 338349 columns (presolve time = 555s)...
Presolve removed 315158 rows and 338349 columns (presolve time = 560s)...
Presolve removed 315158 rows and 338349 columns (presolve time = 565s)...
Presolve removed 315158 rows and 338349 columns (presolve time = 570s)...
Presolve removed 315158 rows and 338349 columns (presolve time = 575s)...
Presolve removed 315158 rows and 338349 columns (presolve time = 580s)...
Presolve removed 315158 rows and 338349 columns (presolve time = 585s)...
Presolve removed 315158 rows and 338349 columns (presolve time = 590s)...
Presolve removed 315158 rows and 338349 columns (presolve time = 595s)...
Presolve removed 315158 rows and 338349 columns (presolve time = 600s)...
Presolve removed 315158 rows and 338349 columns (presolve time = 605s)...
Presolve removed 315158 rows and 338349 columns (presolve time = 610s)...
Presolve removed 315158 rows and 338349 columns (presolve time = 615s)...
Presolve removed 315158 rows and 338349 columns (presolve time = 620s)...
Presolve removed 315158 rows and 338349 columns (presolve time = 625s)...
Presolve removed 315158 rows and 338349 columns (presolve time = 633s)...
Presolve removed 315158 rows and 338349 columns (presolve time = 638s)...
Presolve removed 315158 rows and 338349 columns (presolve time = 644s)...
Presolve removed 315158 rows and 338349 columns (presolve time = 649s)...
Presolve removed 315158 rows and 338349 columns (presolve time = 654s)...
Presolve removed 315158 rows and 338349 columns (presolve time = 659s)...
Presolve removed 315158 rows and 338349 columns (presolve time = 665s)...
Presolve removed 315158 rows and 338349 columns (presolve time = 670s)...
Presolve removed 315158 rows and 338349 columns (presolve time = 675s)...
Presolve removed 315158 rows and 338349 columns (presolve time = 681s)...
Presolve removed 315158 rows and 338349 columns (presolve time = 686s)...
Presolve removed 315158 rows and 338349 columns (presolve time = 691s)...
Presolve removed 315158 rows and 338349 columns (presolve time = 696s)...
Presolve removed 315158 rows and 338349 columns (presolve time = 701s)...
Presolve removed 315398 rows and 348980 columns (presolve time = 705s)...
Presolve removed 315398 rows and 348980 columns (presolve time = 710s)...
Presolve removed 315398 rows and 348980 columns (presolve time = 716s)...
Presolve removed 315398 rows and 348980 columns (presolve time = 725s)...
Presolve removed 315398 rows and 348980 columns
Presolve time: 724.86s
Presolved: 153468 rows, 447895 columns, 2004314 nonzeros
Variable types: 0 continuous, 447895 integer (447895 binary)
Starting NoRel heuristic
Found heuristic solution: objective 12242.000000
Found heuristic solution: objective 11593.000000
Elapsed time for NoRel heuristic: 11s (best bound 0)
Found heuristic solution: objective 9944.0000000
Elapsed time for NoRel heuristic: 19s (best bound 0)
Found heuristic solution: objective 8927.0000000
Found heuristic solution: objective 7993.0000000
Found heuristic solution: objective 6187.0000000
Elapsed time for NoRel heuristic: 59s (best bound 0)
Elapsed time for NoRel heuristic: 92s (best bound 0)
Elapsed time for NoRel heuristic: 128s (best bound 0)
Elapsed time for NoRel heuristic: 134s (best bound 0)
Found heuristic solution: objective 5385.0000000
Elapsed time for NoRel heuristic: 142s (best bound 0)
Found heuristic solution: objective 5109.0000000
Elapsed time for NoRel heuristic: 171s (best bound 0)
Found heuristic solution: objective 5104.0000000
Elapsed time for NoRel heuristic: 208s (best bound 0)
Elapsed time for NoRel heuristic: 233s (best bound 0)
Found heuristic solution: objective 5085.0000000
Found heuristic solution: objective 5030.0000000
Elapsed time for NoRel heuristic: 268s (best bound 0)
Found heuristic solution: objective 4934.0000000
Elapsed time for NoRel heuristic: 306s (best bound 0)
Found heuristic solution: objective 4925.0000000
Elapsed time for NoRel heuristic: 313s (best bound 0)
Found heuristic solution: objective 4910.0000000
Found heuristic solution: objective 4708.0000000
Elapsed time for NoRel heuristic: 361s (best bound 0)
Elapsed time for NoRel heuristic: 404s (best bound 0)
Found heuristic solution: objective 4661.0000000
Found heuristic solution: objective 4657.0000000
Elapsed time for NoRel heuristic: 410s (best bound 0)
Elapsed time for NoRel heuristic: 452s (best bound 0)
Found heuristic solution: objective 4497.0000000
Elapsed time for NoRel heuristic: 495s (best bound 0)
Found heuristic solution: objective 4491.0000000
Elapsed time for NoRel heuristic: 537s (best bound 0)
Found heuristic solution: objective 4428.0000000
Elapsed time for NoRel heuristic: 580s (best bound 0)
Elapsed time for NoRel heuristic: 630s (best bound 0)
Elapsed time for NoRel heuristic: 678s (best bound 0)
Elapsed time for NoRel heuristic: 733s (best bound 0)
Found heuristic solution: objective 4392.0000000
Elapsed time for NoRel heuristic: 893s (best bound 0)
Elapsed time for NoRel heuristic: 956s (best bound 0)
NoRel heuristic complete
Root relaxation presolve removed 4 rows and 0 columns (presolve time = 5s)...
Root relaxation presolve removed 4 rows and 0 columns
Root relaxation presolved: 153464 rows, 447895 columns, 1975151 nonzeros

Deterministic concurrent LP optimizer: primal simplex, dual simplex, and barrier
Showing barrier log only...

Root barrier log...

Elapsed ordering time = 5s
Ordering time: 8.47s
Elapsed ordering time = 9s
Elapsed ordering time = 10s
Elapsed ordering time = 14s
Elapsed ordering time = 15s
Elapsed ordering time = 18s
Elapsed ordering time = 20s
Elapsed ordering time = 21s
Elapsed ordering time = 24s
Elapsed ordering time = 25s
Ordering time: 27.17s

Barrier statistics:
 Dense cols : 6216
 AA' NZ     : 2.412e+06
 Factor NZ  : 1.756e+08 (roughly 1.7 GB of memory)
 Factor Ops : 1.654e+12 (roughly 10 seconds per iteration)
 Threads    : 4

                  Objective                Residual
Iter       Primal          Dual         Primal    Dual     Compl     Time
   0   2.93531925e+08 -8.75534454e+07  4.05e+04 1.86e+02  1.41e+03  1718s
   1   1.19245417e+08 -7.31690490e+07  1.63e+04 5.32e+01  5.28e+02  1719s
   2   6.09565688e+07 -4.46124573e+07  7.67e+03 5.68e-13  2.24e+02  1719s
   3   1.51027943e+07 -1.45864677e+07  1.17e+03 3.41e-13  4.34e+01  1719s
   4   4.29608200e+06 -2.67873730e+06  2.15e+02 1.71e-13  9.38e+00  1719s
   5   6.93626487e+05 -7.27803194e+05  3.05e+01 1.71e-13  1.78e+00  1719s
   6   1.28153950e+05 -1.88452575e+05  5.01e+00 2.27e-13  3.73e-01  1719s
   7   2.08958736e+04 -4.10422505e+04  6.20e-01 1.71e-13  6.67e-02  1719s
   8   1.14273442e+04 -2.35284448e+04  2.55e-01 1.71e-13  3.63e-02  1720s
   9   9.17841356e+03 -1.52613819e+04  1.73e-01 1.71e-13  2.63e-02  1720s
  10   7.31457951e+03 -8.83832265e+03  1.02e-01 1.14e-13  1.70e-02  1720s
  11   5.31872567e+03 -5.41302351e+03  3.27e-02 1.14e-13  1.10e-02  1721s
  12   4.45739109e+03 -1.80011680e+03  9.44e-03 1.14e-13  6.29e-03  1721s
  13   4.03859860e+03  6.57697593e+02  3.02e-03 1.14e-13  3.38e-03  1721s
  14   3.86178932e+03  1.87573983e+03  1.46e-03 1.14e-13  1.98e-03  1722s
  15   3.75659488e+03  2.70143491e+03  8.19e-04 1.14e-13  1.05e-03  1722s
  16   3.64598160e+03  2.93119888e+03  3.48e-04 1.14e-13  7.09e-04  1723s
  17   3.55383240e+03  3.32769304e+03  1.03e-04 3.19e-05  2.24e-04  1731s
  18   3.49951632e+03  3.42728990e+03  9.37e-06 1.14e-05  7.09e-05  1741s
  19   3.49080602e+03  3.44817603e+03  2.73e-06 7.42e-06  4.18e-05  1752s
  20   3.48796476e+03  3.47500824e+03  4.98e-07 2.21e-06  1.27e-05  1762s
  21   3.48665530e+03  3.48604823e+03  4.31e-07 7.38e-08  5.96e-07  1773s
  22   3.48652467e+03  3.48652190e+03  2.25e-09 4.06e-10  2.78e-09  1783s
  23   3.48652381e+03  3.48652381e+03  5.09e-11 5.16e-11  2.78e-12  1793s

Barrier solved model in 23 iterations and 1792.65 seconds (949.18 work units)
Optimal objective 3.48652381e+03


Root crossover log...

   20076 DPushes remaining with DInf 0.0000000e+00              1793s
     410 DPushes remaining with DInf 0.0000000e+00              1795s
       0 DPushes remaining with DInf 0.0000000e+00              1799s

   16096 PPushes remaining with PInf 0.0000000e+00              1799s
   11367 PPushes remaining with PInf 0.0000000e+00              1800s
       0 PPushes remaining with PInf 0.0000000e+00              1803s

  Push phase complete: Pinf 0.0000000e+00, Dinf 4.6966022e-09   1803s


Root simplex log...

Iteration    Objective       Primal Inf.    Dual Inf.      Time
   36103    3.4865238e+03   0.000000e+00   0.000000e+00   1803s
Crossover time: 10.80 seconds (7.86 work units)
Concurrent spin time: 28.59s (can be avoided by choosing Method=3)

Solved with barrier
   36103    3.4865238e+03   0.000000e+00   0.000000e+00   1832s

Root relaxation: objective 3.486524e+03, 36103 iterations, 150.00 seconds (92.06 work units)

    Nodes    |    Current Node    |     Objective Bounds      |     Work
 Expl Unexpl |  Obj  Depth IntInf | Incumbent    BestBd   Gap | It/Node Time

     0     0 3486.52381    0  797 4392.00000 3486.52381  20.6%     - 2611s
     0     0          -    0      4392.00000 3486.52381  20.6%     - 3600s

Cutting planes:
  Implied bound: 12
  MIR: 2
  Flow cover: 25
  Zero half: 21
  RLT: 21
  BQP: 5

Explored 1 nodes (230551 simplex iterations) in 3600.11 seconds (2368.80 work units)
Thread count was 6 (of 32 available processors)

Solution count 10: 4392 4428 4491 ... 4934

Time limit reached
Best objective 4.392000000000e+03, best bound 3.487000000000e+03, gap 20.6056%
