
Gurobi 13.0.1 (linux64) logging started Mon Apr 27 00:57:34 2026

Set parameter LogFile to value "outputs/llm_runs/trajectories/I4_P5_patchedit_auto_gpt41mini/step_01/attempt_01/candidate_01_solver.log"
Gurobi Optimizer version 13.0.1 build v13.0.1rc0 (linux64 - "Red Hat Enterprise Linux 9.6 (Plow)")

CPU model: Intel(R) Xeon(R) Gold 6226 CPU @ 2.70GHz, instruction set [SSE2|AVX|AVX2|AVX512]
Thread count: 24 physical cores, 24 logical processors, using up to 6 threads

Non-default parameters:
TimeLimit  3600
MIPGap  0.01
DegenMoves  0
MIPFocus  2
NoRelHeurTime  900
LogToConsole  0
Threads  6

Optimize a model with 401011 rows, 677376 columns and 3595944 nonzeros (Min)
Model fingerprint: 0x6cc391b7
Model has 395750 linear objective coefficients
Variable types: 0 continuous, 677376 integer (677376 binary)
Coefficient statistics:
  Matrix range     [1e+00, 3e+03]
  Objective range  [5e+00, 8e+02]
  Bounds range     [1e+00, 1e+00]
  RHS range        [1e+00, 4e+03]

Warning: Completing partial solution with 677309 unfixed non-continuous variables out of 677376
User MIP start produced solution with objective 9512 (1.05s)
Loaded user MIP start with objective 9512
Processed MIP start in 1.05 seconds (0.68 work units)

Presolve removed 218211 rows and 231531 columns (presolve time = 5s)...
Presolve removed 218895 rows and 240765 columns (presolve time = 10s)...
Presolve removed 218895 rows and 240765 columns (presolve time = 15s)...
Presolve removed 218895 rows and 240765 columns (presolve time = 23s)...
Presolve removed 218895 rows and 240765 columns (presolve time = 29s)...
Presolve removed 218895 rows and 240765 columns (presolve time = 34s)...
Presolve removed 218895 rows and 240765 columns (presolve time = 39s)...
Presolve removed 218895 rows and 240765 columns (presolve time = 40s)...
Presolve removed 218895 rows and 240855 columns (presolve time = 49s)...
Presolve removed 218895 rows and 240855 columns (presolve time = 50s)...
Presolve removed 218895 rows and 240855 columns
Presolve time: 52.23s
Presolved: 182116 rows, 436521 columns, 1874085 nonzeros
Variable types: 0 continuous, 436521 integer (436521 binary)
Starting NoRel heuristic
Found heuristic solution: objective 8679.0000000
Elapsed time for NoRel heuristic: 6s (best bound 0)
Found heuristic solution: objective 8324.0000000
Found heuristic solution: objective 8065.0000000
Found heuristic solution: objective 7674.0000000
Elapsed time for NoRel heuristic: 12s (best bound 0)
Elapsed time for NoRel heuristic: 19s (best bound 0)
Found heuristic solution: objective 7210.0000000
Found heuristic solution: objective 6798.0000000
Elapsed time for NoRel heuristic: 32s (best bound 0)
Elapsed time for NoRel heuristic: 42s (best bound 0)
Found heuristic solution: objective 6717.0000000
Found heuristic solution: objective 6365.0000000
Elapsed time for NoRel heuristic: 61s (best bound 0)
Elapsed time for NoRel heuristic: 72s (best bound 0)
Found heuristic solution: objective 6240.0000000
Elapsed time for NoRel heuristic: 81s (best bound 0)
Elapsed time for NoRel heuristic: 89s (best bound 0)
Elapsed time for NoRel heuristic: 98s (best bound 0)
Found heuristic solution: objective 6019.0000000
Elapsed time for NoRel heuristic: 127s (best bound 0)
Elapsed time for NoRel heuristic: 141s (best bound 0)
Found heuristic solution: objective 5997.0000000
Elapsed time for NoRel heuristic: 146s (best bound 0)
Found heuristic solution: objective 5972.0000000
Elapsed time for NoRel heuristic: 158s (best bound 0)
Elapsed time for NoRel heuristic: 170s (best bound 0)
Elapsed time for NoRel heuristic: 188s (best bound 0)
Found heuristic solution: objective 5919.0000000
Elapsed time for NoRel heuristic: 222s (best bound 0)
Found heuristic solution: objective 5913.0000000
Elapsed time for NoRel heuristic: 238s (best bound 0)
Elapsed time for NoRel heuristic: 258s (best bound 0)
Elapsed time for NoRel heuristic: 279s (best bound 0)
Elapsed time for NoRel heuristic: 297s (best bound 0)
Found heuristic solution: objective 5881.0000000
Elapsed time for NoRel heuristic: 357s (best bound 0)
Elapsed time for NoRel heuristic: 378s (best bound 0)
Elapsed time for NoRel heuristic: 408s (best bound 0)
Elapsed time for NoRel heuristic: 435s (best bound 0)
Elapsed time for NoRel heuristic: 525s (best bound 0)
Elapsed time for NoRel heuristic: 604s (best bound 0)
Elapsed time for NoRel heuristic: 694s (best bound 0)
Found heuristic solution: objective 5856.0000000
Found heuristic solution: objective 5849.0000000
Elapsed time for NoRel heuristic: 749s (best bound 0)
Elapsed time for NoRel heuristic: 804s (best bound 0)
Elapsed time for NoRel heuristic: 849s (best bound 0)
Elapsed time for NoRel heuristic: 894s (best bound 0)
Found heuristic solution: objective 5779.0000000
Elapsed time for NoRel heuristic: 1073s (best bound 0)
NoRel heuristic complete
Root relaxation presolve removed 8 rows and 0 columns
Root relaxation presolved: 182108 rows, 436521 columns, 1849567 nonzeros

Deterministic concurrent LP optimizer: primal simplex, dual simplex, and barrier
Showing barrier log only...

Root barrier log...

Elapsed ordering time = 5s
Ordering time: 6.43s
Elapsed ordering time = 7s
Elapsed ordering time = 10s
Elapsed ordering time = 11s
Elapsed ordering time = 12s
Ordering time: 12.47s

Barrier statistics:
 Dense cols : 6123
 AA' NZ     : 9.791e+05
 Factor NZ  : 7.321e+07 (roughly 700 MB of memory)
 Factor Ops : 4.617e+11 (roughly 3 seconds per iteration)
 Threads    : 4

                  Objective                Residual
Iter       Primal          Dual         Primal    Dual     Compl     Time
   0   4.15253952e+08 -1.97306007e+08  2.80e+04 0.00e+00  6.29e+03  1148s
   1   1.96220532e+08 -1.85601866e+08  1.33e+04 1.59e-12  2.46e+03  1148s
   2   6.57610073e+07 -1.40831265e+08  3.98e+03 1.36e-12  7.85e+02  1148s
   3   1.74082966e+07 -5.51256584e+07  5.30e+02 1.14e-12  1.59e+02  1148s
   4   8.76201034e+06 -9.11417646e+06  9.29e+01 1.14e-12  3.56e+01  1148s
   5   3.83737499e+06 -2.33030713e+06  3.05e+01 1.82e-12  1.26e+01  1148s
   6   6.21583271e+05 -5.61662526e+05  4.20e+00 2.73e-12  2.32e+00  1148s
   7   1.20580673e+05 -3.28637670e+05  7.04e-01 1.82e-12  7.91e-01  1148s
   8   7.44484849e+04 -2.40083832e+05  4.13e-01 1.82e-12  5.41e-01  1148s
   9   5.80330316e+04 -1.65049979e+05  3.07e-01 1.36e-12  3.80e-01  1148s
  10   2.64347500e+04 -1.20431078e+05  1.08e-01 1.36e-12  2.44e-01  1148s
  11   2.25686550e+04 -8.14151388e+04  8.49e-02 1.82e-12  1.73e-01  1148s
  12   1.46123547e+04 -6.48164680e+04  4.23e-02 1.82e-12  1.31e-01  1149s
  13   9.23602795e+03 -3.79001084e+04  1.17e-02 3.18e-12  7.68e-02  1149s
  14   7.18447275e+03 -2.30976675e+04  3.95e-03 2.96e-12  4.92e-02  1149s
  15   6.31993037e+03 -1.02182341e+04  1.63e-03 2.27e-12  2.68e-02  1149s
  16   5.23976508e+03 -4.43809542e+03  7.91e-05 3.64e-12  1.56e-02  1151s
  17   4.70031751e+03 -9.73243897e+02  1.16e-05 9.09e-12  9.14e-03  1154s
  18   4.42692805e+03  1.40866911e+03  3.51e-06 4.73e-11  4.87e-03  1157s
  19   4.26506890e+03  3.38570965e+03  8.75e-07 8.73e-11  1.42e-03  1160s
  20   4.19973368e+03  3.78054847e+03  1.58e-07 1.32e-10  6.76e-04  1163s
  21   4.18042671e+03  4.09889047e+03  7.78e-08 1.16e-10  1.32e-04  1166s
  22   4.17742480e+03  4.17112669e+03  1.11e-08 1.75e-10  1.02e-05  1169s
  23   4.17712954e+03  4.17689699e+03  3.47e-09 5.65e-08  4.01e-07  1172s
  24   4.17701375e+03  4.17701352e+03  2.73e-10 2.17e-10  4.07e-10  1175s
  25   4.17701364e+03  4.17701364e+03  1.65e-10 9.73e-09  4.07e-13  1177s

Barrier solved model in 25 iterations and 1177.35 seconds (867.61 work units)
Optimal objective 4.17701364e+03


Root crossover log...

   14740 DPushes remaining with DInf 0.0000000e+00              1177s
      69 DPushes remaining with DInf 0.0000000e+00              1180s
       0 DPushes remaining with DInf 0.0000000e+00              1181s

     260 PPushes remaining with PInf 0.0000000e+00              1181s
       0 PPushes remaining with PInf 0.0000000e+00              1181s

  Push phase complete: Pinf 0.0000000e+00, Dinf 4.7981281e-09   1181s


Root simplex log...

Iteration    Objective       Primal Inf.    Dual Inf.      Time
   14944    4.1770136e+03   0.000000e+00   0.000000e+00   1181s
Crossover time: 3.31 seconds (1.59 work units)
Concurrent spin time: 9.02s (can be avoided by choosing Method=3)

Solved with barrier
   14944    4.1770136e+03   0.000000e+00   0.000000e+00   1190s

Use crossover to convert LP symmetric solution to basic solution...

Root crossover log...

  164815 variables added to crossover basis                     1190s
  180955 variables added to crossover basis                     1195s
  182030 variables added to crossover basis                     1200s

      75 DPushes remaining with DInf 0.0000000e+00              1201s
       0 DPushes remaining with DInf 0.0000000e+00              1202s

     629 PPushes remaining with PInf 0.0000000e+00              1202s
       0 PPushes remaining with PInf 0.0000000e+00              1202s

  Push phase complete: Pinf 0.0000000e+00, Dinf 3.2042317e-09   1202s


Root simplex log...

Iteration    Objective       Primal Inf.    Dual Inf.      Time
   15578    4.1770136e+03   0.000000e+00   0.000000e+00   1202s
Crossover time: 12.16 seconds (17.43 work units)

Root relaxation: objective 4.177014e+03, 15578 iterations, 75.61 seconds (61.90 work units)

    Nodes    |    Current Node    |     Objective Bounds      |     Work
 Expl Unexpl |  Obj  Depth IntInf | Incumbent    BestBd   Gap | It/Node Time

     0     0 4177.01364    0  408 5779.00000 4177.01364  27.7%     - 1224s
     0     0 4181.05978    0  484 5779.00000 4181.05978  27.7%     - 1728s
     0     0 4191.06918    0  452 5779.00000 4191.06918  27.5%     - 2527s
     0     0 4191.06918    0  448 5779.00000 4191.06918  27.5%     - 2541s
     0     0 4196.99858    0  466 5779.00000 4196.99858  27.4%     - 3468s
     0     0          -    0      5779.00000 4196.99858  27.4%     - 3600s

Cutting planes:
  Lift-and-project: 8
  Implied bound: 2
  StrongCG: 3
  Flow cover: 81
  Zero half: 134
  RLT: 2
  BQP: 1

Explored 1 nodes (229659 simplex iterations) in 3600.06 seconds (2666.89 work units)
Thread count was 6 (of 24 available processors)

Solution count 10: 5779 5849 5856 ... 6240

Time limit reached
Best objective 5.779000000000e+03, best bound 4.197000000000e+03, gap 27.3750%
