
Gurobi 13.0.1 (linux64) logging started Sun Apr 26 23:51:33 2026

Set parameter LogFile to value "outputs/llm_runs/trajectories/I2_P5_patchedit_scratch_gpt41/step_01/replay_attempt_01/candidate_01_solver.log"
Set parameter Threads to value 6
Gurobi Optimizer version 13.0.1 build v13.0.1rc0 (linux64 - "Red Hat Enterprise Linux 9.6 (Plow)")

CPU model: Intel(R) Xeon(R) Gold 6226 CPU @ 2.70GHz, instruction set [SSE2|AVX|AVX2|AVX512]
Thread count: 24 physical cores, 24 logical processors, using up to 6 threads

Non-default parameters:
TimeLimit  3600
LogToConsole  0
Threads  6

Optimize a model with 401011 rows, 677376 columns and 3594216 nonzeros (Min)
Model fingerprint: 0x9b0588b2
Model has 351562 linear objective coefficients
Variable types: 0 continuous, 677376 integer (677376 binary)
Coefficient statistics:
  Matrix range     [1e+00, 3e+03]
  Objective range  [5e+00, 1e+03]
  Bounds range     [1e+00, 1e+00]
  RHS range        [1e+00, 4e+03]

Presolve removed 238488 rows and 247320 columns (presolve time = 5s)...
Presolve removed 238968 rows and 254520 columns (presolve time = 10s)...
Presolve removed 238968 rows and 254520 columns
Presolve time: 10.31s
Presolved: 162043 rows, 422856 columns, 1870476 nonzeros
Variable types: 0 continuous, 422856 integer (422856 binary)
Deterministic concurrent LP optimizer: primal simplex, dual simplex, and barrier
Showing barrier log only...

Root barrier log...

Ordering time: 4.71s
Elapsed ordering time = 5s
Elapsed ordering time = 10s
Elapsed ordering time = 10s
Ordering time: 11.12s

Barrier statistics:
 Dense cols : 5188
 AA' NZ     : 8.367e+05
 Factor NZ  : 5.842e+07 (roughly 600 MB of memory)
 Factor Ops : 3.294e+11 (roughly 3 seconds per iteration)
 Threads    : 3

                  Objective                Residual
Iter       Primal          Dual         Primal    Dual     Compl     Time
   0   4.97000827e+08 -2.16478009e+08  3.84e+04 7.34e+02  1.00e+04    27s
   1   2.47760835e+08 -2.11350093e+08  2.06e+04 2.57e+01  4.17e+03    27s
   2   9.91768584e+07 -1.74278932e+08  7.78e+03 2.27e-12  1.59e+03    27s
   3   2.66949121e+07 -9.36104203e+07  1.48e+03 1.36e-12  3.83e+02    27s
   4   1.05575519e+07 -1.90770018e+07  2.18e+02 6.82e-13  7.18e+01    27s
   5   5.82195003e+06 -3.32349664e+06  7.97e+01 4.55e-13  2.29e+01    27s
   6   1.12258956e+06 -1.05790253e+06  1.52e+01 4.55e-13  5.30e+00    27s
   7   2.25439190e+05 -5.53009338e+05  2.73e+00 4.55e-13  1.69e+00    27s
   8   5.87657369e+04 -4.27018613e+05  6.56e-01 4.55e-13  9.79e-01    27s
   9   2.79932080e+04 -3.14552372e+05  2.63e-01 4.55e-13  6.75e-01    27s
  10   2.42060041e+04 -1.51889898e+05  2.06e-01 3.41e-13  3.34e-01    28s
  11   1.72186195e+04 -9.87807471e+04  1.19e-01 4.55e-13  2.15e-01    28s
  12   1.52548222e+04 -4.73062024e+04  9.51e-02 2.27e-13  1.53e-01    28s
  13   8.56897348e+03 -4.59271862e+04  1.50e-02 4.55e-13  1.08e-01    30s
  14   6.87569908e+03 -1.39126852e+04  3.09e-03 4.55e-13  4.15e-02    33s
  15   6.17868407e+03 -8.02667242e+03  9.71e-04 4.55e-13  2.79e-02    35s
  16   5.58273746e+03 -7.37419482e+02  3.02e-04 4.55e-13  1.24e-02    38s
  17   5.23061490e+03  1.73004117e+03  1.24e-04 4.55e-13  6.85e-03    42s
  18   4.85162981e+03  3.66948615e+03  1.08e-05 4.55e-13  2.29e-03    45s
  19   4.74845226e+03  4.33295544e+03  1.92e-06 4.55e-13  8.06e-04    48s
  20   4.72193991e+03  4.50990144e+03  8.63e-07 4.55e-13  4.12e-04    51s
  21   4.69830821e+03  4.63480722e+03  1.39e-07 4.55e-13  1.23e-04    55s
  22   4.69341659e+03  4.66577342e+03  6.74e-08 4.55e-13  5.37e-05    58s
  23   4.69030319e+03  4.66891967e+03  2.81e-08 4.55e-13  4.15e-05    60s
  24   4.68785052e+03  4.68379847e+03  6.32e-09 2.44e-08  7.89e-06    64s
  25   4.68734529e+03  4.68678274e+03  4.90e-10 2.72e-08  1.09e-06    67s
  26   4.68731104e+03  4.68728190e+03  3.17e-09 1.99e-08  5.78e-08    71s
  27   4.68730234e+03  4.68730208e+03  1.19e-09 6.10e-10  5.14e-10    74s
  28   4.68730224e+03  4.68730224e+03  2.54e-11 5.03e-08  3.81e-13    78s

Barrier solved model in 28 iterations and 77.59 seconds (69.32 work units)
Optimal objective 4.68730224e+03


Root crossover log...

   12989 DPushes remaining with DInf 0.0000000e+00                78s
      65 DPushes remaining with DInf 0.0000000e+00                80s
       0 DPushes remaining with DInf 0.0000000e+00                81s

     310 PPushes remaining with PInf 0.0000000e+00                81s
       0 PPushes remaining with PInf 0.0000000e+00                81s

  Push phase complete: Pinf 0.0000000e+00, Dinf 3.0703156e-09     81s


Root simplex log...

Iteration    Objective       Primal Inf.    Dual Inf.      Time
   13239    4.6873022e+03   0.000000e+00   0.000000e+00     81s
Crossover time: 3.07 seconds (1.35 work units)
Concurrent spin time: 4.32s

Solved with barrier
   13239    4.6873022e+03   0.000000e+00   0.000000e+00     85s

Use crossover to convert LP symmetric solution to basic solution...

Root crossover log...

   10132 DPushes remaining with DInf 0.0000000e+00                86s
     124 DPushes remaining with DInf 0.0000000e+00                91s
       0 DPushes remaining with DInf 0.0000000e+00                92s

     581 PPushes remaining with PInf 0.0000000e+00                92s
       0 PPushes remaining with PInf 0.0000000e+00                92s

  Push phase complete: Pinf 0.0000000e+00, Dinf 7.2615367e-09     92s


Root simplex log...

Iteration    Objective       Primal Inf.    Dual Inf.      Time
   23867    4.6873022e+03   0.000000e+00   0.000000e+00     92s
Crossover time: 7.31 seconds (4.28 work units)

Root relaxation: objective 4.687302e+03, 23867 iterations, 80.03 seconds (61.14 work units)

    Nodes    |    Current Node    |     Objective Bounds      |     Work
 Expl Unexpl |  Obj  Depth IntInf | Incumbent    BestBd   Gap | It/Node Time

     0     0 4687.30224    0  362          - 4687.30224      -     -  238s
H    0     0                    9262.0000000 4687.30224  49.4%     -  241s
     0     0 4696.80382    0  484 9262.00000 4696.80382  49.3%     - 2699s
H    0     0                    8724.0000000 4696.80382  46.2%     - 2702s
H    0     0                    8559.0000000 4696.80382  45.1%     - 2702s
     0     0          -    0      8559.00000 4696.80382  45.1%     - 3600s

Cutting planes:
  Gomory: 1
  Lift-and-project: 1
  Clique: 1
  MIR: 52
  Zero half: 26
  RLT: 20
  BQP: 5

Explored 1 nodes (314327 simplex iterations) in 3600.07 seconds (2355.54 work units)
Thread count was 6 (of 24 available processors)

Solution count 3: 8559 8724 9262 

Time limit reached
Best objective 8.559000000000e+03, best bound 4.697000000000e+03, gap 45.1221%
