
Gurobi 13.0.1 (linux64) logging started Sun Apr 26 23:52:18 2026

Set parameter LogFile to value "outputs/llm_runs/trajectories/I3_P1_patchedit_auto_gpt41mini/step_01/attempt_02/candidate_01_solver.log"
Read solution from file outputs/solves/base/blockseq_n553_blocks17_slots25_seed42.sol
Gurobi Optimizer version 13.0.1 build v13.0.1rc0 (linux64 - "Red Hat Enterprise Linux 9.6 (Plow)")

CPU model: Intel(R) Xeon(R) Gold 6226 CPU @ 2.70GHz, instruction set [SSE2|AVX|AVX2|AVX512]
Thread count: 24 physical cores, 24 logical processors, using up to 6 threads

Non-default parameters:
TimeLimit  3600
MIPGap  0.01
SimplexPricing  3
MIPFocus  2
NoRelHeurTime  900
RINS  2500
LogToConsole  0
Threads  6

Optimize a model with 468867 rows, 796875 columns and 4148100 nonzeros (Min)
Model fingerprint: 0x3fdd95cd
Model has 333584 linear objective coefficients
Variable types: 0 continuous, 796875 integer (796875 binary)
Coefficient statistics:
  Matrix range     [1e+00, 2e+00]
  Objective range  [5e+00, 9e+02]
  Bounds range     [1e+00, 1e+00]
  RHS range        [1e+00, 1e+00]

User MIP start 0 did not produce a new incumbent solution
User MIP start 0 violates constraint reserved_virtual_slot[22] by 1.000000000
Warning: Completing partial solution with 796805 unfixed non-continuous variables out of 796875
User MIP start 1 produced solution with objective 11910 (1.40s)
Loaded user MIP start 1 with objective 11910
Processed 2 MIP starts in 1.40 seconds (0.78 work units)

Presolve removed 314630 rows and 347094 columns (presolve time = 5s)...
Presolve removed 315927 rows and 355811 columns (presolve time = 10s)...
Presolve removed 315929 rows and 355811 columns (presolve time = 15s)...
Presolve removed 315929 rows and 355811 columns (presolve time = 20s)...
Presolve removed 315929 rows and 355811 columns (presolve time = 25s)...
Presolve removed 315929 rows and 355811 columns (presolve time = 30s)...
Presolve removed 315929 rows and 355811 columns (presolve time = 35s)...
Presolve removed 315929 rows and 355811 columns (presolve time = 40s)...
Presolve removed 315929 rows and 355811 columns (presolve time = 45s)...
Presolve removed 315929 rows and 355811 columns (presolve time = 50s)...
Presolve removed 315929 rows and 355811 columns (presolve time = 55s)...
Presolve removed 315929 rows and 355811 columns (presolve time = 60s)...
Presolve removed 315929 rows and 355811 columns (presolve time = 70s)...
Presolve removed 315929 rows and 355811 columns (presolve time = 75s)...
Presolve removed 315929 rows and 355811 columns (presolve time = 80s)...
Presolve removed 315929 rows and 355811 columns (presolve time = 86s)...
Presolve removed 315929 rows and 355811 columns (presolve time = 91s)...
Presolve removed 315929 rows and 355811 columns (presolve time = 96s)...
Presolve removed 315929 rows and 355811 columns (presolve time = 102s)...
Presolve removed 315929 rows and 355811 columns (presolve time = 107s)...
Presolve removed 315929 rows and 355811 columns (presolve time = 112s)...
Presolve removed 315929 rows and 355811 columns (presolve time = 117s)...
Presolve removed 315929 rows and 355811 columns (presolve time = 123s)...
Presolve removed 315929 rows and 355811 columns (presolve time = 128s)...
Presolve removed 315929 rows and 355811 columns (presolve time = 133s)...
Presolve removed 315929 rows and 355811 columns (presolve time = 138s)...
Presolve removed 315929 rows and 355811 columns (presolve time = 144s)...
Presolve removed 315929 rows and 355811 columns (presolve time = 149s)...
Presolve removed 315929 rows and 355811 columns (presolve time = 154s)...
Presolve removed 315929 rows and 355811 columns (presolve time = 159s)...
Presolve removed 315929 rows and 355811 columns (presolve time = 165s)...
Presolve removed 315929 rows and 355811 columns (presolve time = 170s)...
Presolve removed 315929 rows and 355811 columns (presolve time = 175s)...
Presolve removed 315929 rows and 355811 columns (presolve time = 180s)...
Presolve removed 315929 rows and 355811 columns (presolve time = 186s)...
Presolve removed 315929 rows and 355811 columns (presolve time = 191s)...
Presolve removed 315929 rows and 355811 columns (presolve time = 196s)...
Presolve removed 315929 rows and 355811 columns (presolve time = 202s)...
Presolve removed 315929 rows and 355811 columns (presolve time = 207s)...
Presolve removed 315929 rows and 355811 columns (presolve time = 212s)...
Presolve removed 315929 rows and 355811 columns (presolve time = 217s)...
Presolve removed 315929 rows and 355811 columns (presolve time = 223s)...
Presolve removed 315929 rows and 355811 columns (presolve time = 228s)...
Presolve removed 315929 rows and 355811 columns (presolve time = 233s)...
Presolve removed 315929 rows and 355811 columns (presolve time = 238s)...
Presolve removed 315929 rows and 355811 columns (presolve time = 244s)...
Presolve removed 315929 rows and 355811 columns (presolve time = 249s)...
Presolve removed 315929 rows and 355811 columns (presolve time = 254s)...
Presolve removed 315929 rows and 355811 columns (presolve time = 259s)...
Presolve removed 315929 rows and 355811 columns (presolve time = 265s)...
Presolve removed 315929 rows and 355811 columns (presolve time = 270s)...
Presolve removed 315929 rows and 355811 columns (presolve time = 275s)...
Presolve removed 315929 rows and 355811 columns (presolve time = 281s)...
Presolve removed 315929 rows and 355811 columns (presolve time = 286s)...
Presolve removed 315929 rows and 355811 columns (presolve time = 291s)...
Presolve removed 315929 rows and 355811 columns (presolve time = 296s)...
Presolve removed 315929 rows and 355811 columns (presolve time = 302s)...
Presolve removed 315929 rows and 355811 columns (presolve time = 307s)...
Presolve removed 315929 rows and 355811 columns (presolve time = 312s)...
Presolve removed 315929 rows and 355811 columns (presolve time = 317s)...
Presolve removed 315929 rows and 355811 columns (presolve time = 323s)...
Presolve removed 315929 rows and 355811 columns (presolve time = 328s)...
Presolve removed 315929 rows and 355811 columns (presolve time = 333s)...
Presolve removed 315929 rows and 355811 columns (presolve time = 338s)...
Presolve removed 315929 rows and 355811 columns (presolve time = 344s)...
Presolve removed 315929 rows and 355811 columns (presolve time = 349s)...
Presolve removed 315929 rows and 355811 columns (presolve time = 354s)...
Presolve removed 315929 rows and 355811 columns (presolve time = 360s)...
Presolve removed 315929 rows and 355811 columns (presolve time = 365s)...
Presolve removed 315929 rows and 355811 columns (presolve time = 370s)...
Presolve removed 315929 rows and 355811 columns (presolve time = 375s)...
Presolve removed 315929 rows and 355811 columns (presolve time = 381s)...
Presolve removed 315929 rows and 355811 columns (presolve time = 386s)...
Presolve removed 315929 rows and 355811 columns (presolve time = 391s)...
Presolve removed 315929 rows and 355811 columns (presolve time = 396s)...
Presolve removed 315929 rows and 355811 columns (presolve time = 402s)...
Presolve removed 315929 rows and 355811 columns (presolve time = 407s)...
Presolve removed 315929 rows and 355811 columns (presolve time = 412s)...
Presolve removed 315929 rows and 355811 columns (presolve time = 417s)...
Presolve removed 315929 rows and 355811 columns (presolve time = 423s)...
Presolve removed 315929 rows and 355811 columns (presolve time = 428s)...
Presolve removed 315929 rows and 355811 columns (presolve time = 433s)...
Presolve removed 315929 rows and 355811 columns (presolve time = 438s)...
Presolve removed 315929 rows and 355811 columns (presolve time = 444s)...
Presolve removed 315929 rows and 355811 columns (presolve time = 449s)...
Presolve removed 315929 rows and 355811 columns (presolve time = 454s)...
Presolve removed 315929 rows and 355811 columns (presolve time = 460s)...
Presolve removed 315929 rows and 355811 columns (presolve time = 465s)...
Presolve removed 315929 rows and 355811 columns (presolve time = 470s)...
Presolve removed 315929 rows and 355811 columns (presolve time = 475s)...
Presolve removed 315929 rows and 355811 columns (presolve time = 481s)...
Presolve removed 315929 rows and 355811 columns (presolve time = 486s)...
Presolve removed 315929 rows and 355811 columns (presolve time = 491s)...
Presolve removed 315929 rows and 355811 columns (presolve time = 496s)...
Presolve removed 315929 rows and 355811 columns (presolve time = 502s)...
Presolve removed 315929 rows and 392907 columns (presolve time = 562s)...
Presolve removed 317174 rows and 409131 columns (presolve time = 565s)...
Presolve removed 323183 rows and 420240 columns (presolve time = 570s)...
Presolve removed 323183 rows and 420240 columns (presolve time = 575s)...
Presolve removed 323183 rows and 420240 columns (presolve time = 580s)...
Presolve removed 323183 rows and 420240 columns
Presolve time: 582.63s
Presolved: 145684 rows, 376635 columns, 1633368 nonzeros
Variable types: 0 continuous, 376635 integer (376635 binary)
Starting NoRel heuristic
Found heuristic solution: objective 11232.000000
Elapsed time for NoRel heuristic: 5s (best bound 0)
Found heuristic solution: objective 10054.000000
Found heuristic solution: objective 7923.0000000
Elapsed time for NoRel heuristic: 11s (best bound 0)
Elapsed time for NoRel heuristic: 16s (best bound 0)
Found heuristic solution: objective 7188.0000000
Found heuristic solution: objective 7061.0000000
Found heuristic solution: objective 6722.0000000
Found heuristic solution: objective 5237.0000000
Elapsed time for NoRel heuristic: 25s (best bound 0)
Elapsed time for NoRel heuristic: 33s (best bound 0)
Elapsed time for NoRel heuristic: 39s (best bound 0)
Found heuristic solution: objective 5139.0000000
Found heuristic solution: objective 4964.0000000
Found heuristic solution: objective 4833.0000000
Found heuristic solution: objective 4832.0000000
Elapsed time for NoRel heuristic: 71s (best bound 0)
Found heuristic solution: objective 4655.0000000
Elapsed time for NoRel heuristic: 107s (best bound 0)
Elapsed time for NoRel heuristic: 146s (best bound 0)
Found heuristic solution: objective 4628.0000000
Found heuristic solution: objective 4608.0000000
Elapsed time for NoRel heuristic: 152s (best bound 0)
Found heuristic solution: objective 4578.0000000
Found heuristic solution: objective 4573.0000000
Elapsed time for NoRel heuristic: 191s (best bound 0)
Found heuristic solution: objective 4568.0000000
Found heuristic solution: objective 4523.0000000
Elapsed time for NoRel heuristic: 223s (best bound 0)
Elapsed time for NoRel heuristic: 237s (best bound 0)
Found heuristic solution: objective 4450.0000000
Elapsed time for NoRel heuristic: 267s (best bound 0)
Elapsed time for NoRel heuristic: 307s (best bound 0)
Found heuristic solution: objective 4419.0000000
Found heuristic solution: objective 4234.0000000
Elapsed time for NoRel heuristic: 336s (best bound 0)
Elapsed time for NoRel heuristic: 373s (best bound 0)
Elapsed time for NoRel heuristic: 414s (best bound 0)
Found heuristic solution: objective 4226.0000000
Elapsed time for NoRel heuristic: 452s (best bound 0)
Found heuristic solution: objective 4207.0000000
Elapsed time for NoRel heuristic: 491s (best bound 0)
Found heuristic solution: objective 4142.0000000
Elapsed time for NoRel heuristic: 529s (best bound 0)
Elapsed time for NoRel heuristic: 566s (best bound 0)
Found heuristic solution: objective 4134.0000000
Found heuristic solution: objective 4126.0000000
Found heuristic solution: objective 4122.0000000
Elapsed time for NoRel heuristic: 611s (best bound 0)
Found heuristic solution: objective 4106.0000000
Elapsed time for NoRel heuristic: 674s (best bound 0)
Elapsed time for NoRel heuristic: 728s (best bound 0)
Found heuristic solution: objective 4101.0000000
Elapsed time for NoRel heuristic: 779s (best bound 0)
Elapsed time for NoRel heuristic: 831s (best bound 0)
Elapsed time for NoRel heuristic: 891s (best bound 0)
Elapsed time for NoRel heuristic: 943s (best bound 0)
NoRel heuristic complete
Root relaxation presolve removed 33 rows and 0 columns
Root relaxation presolved: 145651 rows, 376635 columns, 1574248 nonzeros

Deterministic concurrent LP optimizer: primal simplex, dual simplex, and barrier
Showing barrier log only...

Root barrier log...

Ordering time: 6.98s
Elapsed ordering time = 7s
Elapsed ordering time = 10s
Elapsed ordering time = 11s
Elapsed ordering time = 14s
Elapsed ordering time = 15s
Elapsed ordering time = 17s
Elapsed ordering time = 19s
Elapsed ordering time = 20s
Ordering time: 21.39s

Barrier statistics:
 Dense cols : 6044
 AA' NZ     : 1.982e+06
 Factor NZ  : 1.333e+08 (roughly 1.3 GB of memory)
 Factor Ops : 1.087e+12 (roughly 7 seconds per iteration)
 Threads    : 4

                  Objective                Residual
Iter       Primal          Dual         Primal    Dual     Compl     Time
   0   5.12803203e+08 -6.88795357e+07  7.93e+04 9.79e+01  2.60e+03  1555s
   1   2.14818296e+08 -6.91276828e+07  3.23e+04 2.57e+02  1.08e+03  1559s
   2   1.14634243e+08 -7.50735934e+07  1.62e+04 8.71e-11  5.24e+02  1566s
   3   2.57343503e+07 -3.79852661e+07  2.70e+03 4.12e-11  1.07e+02  1573s
   4   7.95421479e+06 -3.91506776e+06  4.13e+02 3.37e-11  1.71e+01  1580s
   5   1.22557236e+05 -1.75097705e+05  4.19e+00 2.63e-11  3.74e-01  1586s
   6   7.83545148e+04 -8.76966545e+04  2.60e+00 2.07e-11  2.06e-01  1593s
   7   9.64619940e+03 -1.75570512e+04  1.37e-01 2.22e-11  3.14e-02  1600s
   8   4.60256338e+03  3.30463818e+02  1.74e-03 1.30e-11  4.87e-03  1608s
   9   3.72514489e+03  1.94766524e+03  1.38e-04 1.37e-11  2.03e-03  1616s
  10   3.37142087e+03  3.08330422e+03  2.85e-06 1.52e-10  3.28e-04  1624s
  11   3.28521406e+03  3.23408588e+03  2.74e-07 1.07e-10  5.83e-05  1631s
  12   3.26967729e+03  3.25502839e+03  8.89e-08 5.88e-11  1.67e-05  1639s
  13   3.26487710e+03  3.26394272e+03  1.65e-08 1.99e-10  1.07e-06  1647s
  14   3.26460122e+03  3.26459739e+03  6.93e-09 2.46e-10  4.39e-09  1654s
  15   3.26460000e+03  3.26460000e+03  8.24e-11 3.01e-10  4.39e-12  1660s

Barrier solved model in 15 iterations and 1660.18 seconds (1000.17 work units)
Optimal objective 3.26460000e+03


Root crossover log...

   18163 DPushes remaining with DInf 0.0000000e+00              1661s
      47 DPushes remaining with DInf 0.0000000e+00              1666s

    8757 PPushes remaining with PInf 0.0000000e+00              1666s
       0 PPushes remaining with PInf 0.0000000e+00              1667s

  Push phase complete: Pinf 0.0000000e+00, Dinf 6.2456671e-09   1667s


Root simplex log...

Iteration    Objective       Primal Inf.    Dual Inf.      Time
   26876    3.2646000e+03   0.000000e+00   0.000000e+00   1667s
Crossover time: 7.27 seconds (4.36 work units)
Concurrent spin time: 25.79s (can be avoided by choosing Method=3)

Solved with barrier
   26876    3.2646000e+03   0.000000e+00   0.000000e+00   1693s

Root relaxation: objective 3.264600e+03, 26876 iterations, 166.15 seconds (119.25 work units)

    Nodes    |    Current Node    |     Objective Bounds      |     Work
 Expl Unexpl |  Obj  Depth IntInf | Incumbent    BestBd   Gap | It/Node Time

     0     0 3264.60000    0  221 4101.00000 3264.60000  20.4%     - 1889s
Another try with MIP start
     0     0          -    0      4101.00000 3264.60000  20.4%     - 3600s

Cutting planes:
  Lift-and-project: 33
  Implied bound: 26
  Clique: 2
  MIR: 2
  StrongCG: 1
  Flow cover: 9
  Zero half: 39
  RLT: 22
  BQP: 6

Explored 1 nodes (297276 simplex iterations) in 3600.07 seconds (2345.17 work units)
Thread count was 6 (of 24 available processors)

Solution count 10: 4101 4106 4122 ... 4419

Time limit reached
Best objective 4.101000000000e+03, best bound 3.265000000000e+03, gap 20.3853%
