
Gurobi 13.0.1 (linux64) logging started Sun Apr 26 21:43:22 2026

Set parameter LogFile to value "outputs/llm_runs/trajectories/I2_P4_patchedit_auto_gpt41mini/step_01/attempt_01/candidate_01_solver.log"
Read solution from file outputs/solves/base/blockseq_n601_blocks18_slots24_seed42.sol
Gurobi Optimizer version 13.0.1 build v13.0.1rc0 (linux64 - "Red Hat Enterprise Linux 9.6 (Plow)")

CPU model: Intel(R) Xeon(R) Gold 6226 CPU @ 2.70GHz, instruction set [SSE2|AVX|AVX2|AVX512]
Thread count: 24 physical cores, 24 logical processors, using up to 6 threads

Non-default parameters:
TimeLimit  3600
MIPGap  0.01
MIPFocus  2
NoRelHeurTime  900
RINS  2500
LogToConsole  0
Threads  6

Optimize a model with 401010 rows, 677376 columns and 3563112 nonzeros (Min)
Model fingerprint: 0xda1492a7
Model has 351562 linear objective coefficients
Variable types: 0 continuous, 677376 integer (677376 binary)
Coefficient statistics:
  Matrix range     [1e+00, 2e+00]
  Objective range  [2e+01, 2e+03]
  Bounds range     [1e+00, 1e+00]
  RHS range        [1e+00, 1e+00]

Loaded user MIP start 0 with objective 12955
Warning: Completing partial solution with 677309 unfixed non-continuous variables out of 677376
User MIP start 1 did not produce a new incumbent solution
Processed 2 MIP starts in 1.07 seconds (0.67 work units)

Presolve removed 238488 rows and 236760 columns (presolve time = 5s)...
Presolve removed 238488 rows and 236760 columns (presolve time = 10s)...
Presolve removed 238488 rows and 236760 columns (presolve time = 15s)...
Presolve removed 238488 rows and 236760 columns (presolve time = 20s)...
Presolve removed 238488 rows and 236760 columns (presolve time = 25s)...
Presolve removed 238488 rows and 236760 columns (presolve time = 30s)...
Presolve removed 238488 rows and 236760 columns (presolve time = 35s)...
Presolve removed 238488 rows and 236760 columns (presolve time = 40s)...
Presolve removed 238488 rows and 236760 columns (presolve time = 45s)...
Presolve removed 238488 rows and 236760 columns (presolve time = 50s)...
Presolve removed 238488 rows and 236760 columns (presolve time = 55s)...
Presolve removed 238488 rows and 236760 columns (presolve time = 60s)...
Presolve removed 238488 rows and 236760 columns (presolve time = 65s)...
Presolve removed 238488 rows and 236760 columns (presolve time = 70s)...
Presolve removed 238488 rows and 236760 columns (presolve time = 75s)...
Presolve removed 238488 rows and 236760 columns (presolve time = 80s)...
Presolve removed 238488 rows and 236760 columns (presolve time = 85s)...
Presolve removed 238488 rows and 236760 columns (presolve time = 90s)...
Presolve removed 238488 rows and 236760 columns (presolve time = 95s)...
Presolve removed 238488 rows and 236760 columns (presolve time = 100s)...
Presolve removed 238488 rows and 236760 columns (presolve time = 105s)...
Presolve removed 238488 rows and 236760 columns (presolve time = 110s)...
Presolve removed 238488 rows and 236760 columns (presolve time = 115s)...
Presolve removed 238488 rows and 236760 columns (presolve time = 120s)...
Presolve removed 238488 rows and 236760 columns (presolve time = 125s)...
Presolve removed 238488 rows and 236760 columns (presolve time = 130s)...
Presolve removed 238488 rows and 236760 columns (presolve time = 135s)...
Presolve removed 238488 rows and 236760 columns (presolve time = 140s)...
Presolve removed 238488 rows and 236760 columns (presolve time = 145s)...
Presolve removed 238488 rows and 236760 columns (presolve time = 150s)...
Presolve removed 238488 rows and 236760 columns (presolve time = 155s)...
Presolve removed 238488 rows and 236760 columns (presolve time = 160s)...
Presolve removed 238488 rows and 236760 columns (presolve time = 165s)...
Presolve removed 238488 rows and 236760 columns (presolve time = 170s)...
Presolve removed 238488 rows and 236760 columns (presolve time = 175s)...
Presolve removed 238488 rows and 236760 columns (presolve time = 180s)...
Presolve removed 238488 rows and 236760 columns (presolve time = 185s)...
Presolve removed 238488 rows and 236760 columns (presolve time = 190s)...
Presolve removed 238488 rows and 236760 columns (presolve time = 195s)...
Presolve removed 238488 rows and 236760 columns (presolve time = 200s)...
Presolve removed 238488 rows and 236760 columns (presolve time = 205s)...
Presolve removed 238488 rows and 236760 columns (presolve time = 210s)...
Presolve removed 238488 rows and 236760 columns (presolve time = 215s)...
Presolve removed 238488 rows and 236760 columns (presolve time = 220s)...
Presolve removed 238488 rows and 236760 columns (presolve time = 225s)...
Presolve removed 238488 rows and 236760 columns (presolve time = 230s)...
Presolve removed 238488 rows and 236760 columns (presolve time = 235s)...
Presolve removed 238488 rows and 236760 columns (presolve time = 240s)...
Presolve removed 238488 rows and 236760 columns (presolve time = 245s)...
Presolve removed 238488 rows and 236760 columns (presolve time = 251s)...
Presolve removed 238488 rows and 236760 columns (presolve time = 257s)...
Presolve removed 238488 rows and 236760 columns (presolve time = 262s)...
Presolve removed 238488 rows and 236760 columns (presolve time = 268s)...
Presolve removed 238488 rows and 236760 columns (presolve time = 273s)...
Presolve removed 238488 rows and 236760 columns (presolve time = 279s)...
Presolve removed 238488 rows and 236760 columns (presolve time = 284s)...
Presolve removed 238488 rows and 236760 columns (presolve time = 289s)...
Presolve removed 238488 rows and 236760 columns (presolve time = 294s)...
Presolve removed 238488 rows and 236760 columns (presolve time = 296s)...
Presolve removed 239194 rows and 265903 columns (presolve time = 300s)...
Presolve removed 239194 rows and 265903 columns (presolve time = 305s)...
Presolve removed 239194 rows and 265903 columns (presolve time = 310s)...
Presolve removed 239194 rows and 265903 columns (presolve time = 315s)...
Presolve removed 239194 rows and 265903 columns (presolve time = 320s)...
Presolve removed 239194 rows and 265903 columns (presolve time = 325s)...
Presolve removed 239194 rows and 265903 columns (presolve time = 330s)...
Presolve removed 239194 rows and 265903 columns (presolve time = 335s)...
Presolve removed 239194 rows and 265903 columns (presolve time = 340s)...
Presolve removed 239194 rows and 265903 columns (presolve time = 345s)...
Presolve removed 239194 rows and 265903 columns (presolve time = 350s)...
Presolve removed 239194 rows and 265903 columns (presolve time = 355s)...
Presolve removed 239194 rows and 265903 columns (presolve time = 360s)...
Presolve removed 239194 rows and 265903 columns (presolve time = 365s)...
Presolve removed 239194 rows and 265903 columns (presolve time = 370s)...
Presolve removed 239194 rows and 265903 columns (presolve time = 375s)...
Presolve removed 239194 rows and 265903 columns (presolve time = 380s)...
Presolve removed 239194 rows and 265903 columns (presolve time = 385s)...
Presolve removed 239194 rows and 265903 columns (presolve time = 390s)...
Presolve removed 239194 rows and 265903 columns (presolve time = 395s)...
Presolve removed 239194 rows and 265903 columns (presolve time = 400s)...
Presolve removed 239194 rows and 265903 columns (presolve time = 409s)...
Presolve removed 239194 rows and 265903 columns (presolve time = 414s)...
Presolve removed 239194 rows and 265903 columns (presolve time = 419s)...
Presolve removed 239194 rows and 265903 columns (presolve time = 425s)...
Presolve removed 239194 rows and 265903 columns (presolve time = 430s)...
Presolve removed 239194 rows and 265903 columns (presolve time = 435s)...
Presolve removed 239194 rows and 265903 columns (presolve time = 440s)...
Presolve removed 239194 rows and 265903 columns (presolve time = 446s)...
Presolve removed 239194 rows and 265903 columns (presolve time = 451s)...
Presolve removed 239194 rows and 265903 columns (presolve time = 456s)...
Presolve removed 239194 rows and 265903 columns (presolve time = 461s)...
Presolve removed 239194 rows and 265903 columns (presolve time = 467s)...
Presolve removed 239194 rows and 265903 columns (presolve time = 472s)...
Presolve removed 239194 rows and 265903 columns (presolve time = 477s)...
Presolve removed 239194 rows and 265903 columns (presolve time = 483s)...
Presolve removed 239194 rows and 265903 columns (presolve time = 488s)...
Presolve removed 239194 rows and 265903 columns (presolve time = 493s)...
Presolve removed 239194 rows and 265903 columns (presolve time = 499s)...
Presolve removed 239194 rows and 265903 columns (presolve time = 504s)...
Presolve removed 239194 rows and 265903 columns (presolve time = 510s)...
Presolve removed 239194 rows and 265903 columns (presolve time = 515s)...
Presolve removed 239194 rows and 265903 columns (presolve time = 520s)...
Presolve removed 239194 rows and 265903 columns (presolve time = 526s)...
Presolve removed 239194 rows and 265903 columns (presolve time = 531s)...
Presolve removed 239194 rows and 265903 columns (presolve time = 536s)...
Presolve removed 239194 rows and 265903 columns (presolve time = 541s)...
Presolve removed 239194 rows and 265903 columns (presolve time = 547s)...
Presolve removed 239194 rows and 265903 columns (presolve time = 552s)...
Presolve removed 239194 rows and 265903 columns (presolve time = 557s)...
Presolve removed 239194 rows and 265903 columns (presolve time = 562s)...
Presolve removed 239194 rows and 265903 columns (presolve time = 568s)...
Presolve removed 239194 rows and 265903 columns (presolve time = 573s)...
Presolve removed 239194 rows and 265903 columns (presolve time = 577s)...
Presolve removed 240360 rows and 289968 columns (presolve time = 580s)...
Presolve removed 240360 rows and 289968 columns (presolve time = 585s)...
Presolve removed 240360 rows and 289968 columns (presolve time = 595s)...
Presolve removed 240360 rows and 289968 columns
Presolve time: 595.41s
Presolved: 160650 rows, 387408 columns, 1539090 nonzeros
Variable types: 0 continuous, 387408 integer (387408 binary)
Starting NoRel heuristic
Found heuristic solution: objective 12938.000000
Found heuristic solution: objective 12772.000000
Elapsed time for NoRel heuristic: 9s (best bound 0)
Found heuristic solution: objective 12708.000000
Elapsed time for NoRel heuristic: 15s (best bound 0)
Found heuristic solution: objective 12250.000000
Found heuristic solution: objective 12068.000000
Found heuristic solution: objective 11880.000000
Elapsed time for NoRel heuristic: 68s (best bound 0)
Found heuristic solution: objective 11422.000000
Elapsed time for NoRel heuristic: 110s (best bound 0)
Elapsed time for NoRel heuristic: 146s (best bound 0)
Elapsed time for NoRel heuristic: 154s (best bound 0)
Elapsed time for NoRel heuristic: 166s (best bound 0)
Found heuristic solution: objective 11396.000000
Elapsed time for NoRel heuristic: 173s (best bound 0)
Elapsed time for NoRel heuristic: 209s (best bound 0)
Found heuristic solution: objective 11340.000000
Found heuristic solution: objective 11285.000000
Found heuristic solution: objective 11237.000000
Elapsed time for NoRel heuristic: 248s (best bound 0)
Elapsed time for NoRel heuristic: 285s (best bound 0)
Found heuristic solution: objective 11230.000000
Elapsed time for NoRel heuristic: 323s (best bound 0)
Found heuristic solution: objective 11208.000000
Elapsed time for NoRel heuristic: 368s (best bound 0)
Found heuristic solution: objective 11053.000000
Elapsed time for NoRel heuristic: 407s (best bound 0)
Elapsed time for NoRel heuristic: 452s (best bound 0)
Found heuristic solution: objective 10953.000000
Elapsed time for NoRel heuristic: 494s (best bound 0)
Found heuristic solution: objective 10785.000000
Elapsed time for NoRel heuristic: 536s (best bound 0)
Elapsed time for NoRel heuristic: 576s (best bound 0)
Found heuristic solution: objective 10765.000000
Elapsed time for NoRel heuristic: 623s (best bound 0)
Found heuristic solution: objective 10590.000000
Elapsed time for NoRel heuristic: 681s (best bound 0)
Elapsed time for NoRel heuristic: 782s (best bound 0)
Found heuristic solution: objective 10584.000000
Found heuristic solution: objective 10569.000000
Found heuristic solution: objective 10386.000000
Elapsed time for NoRel heuristic: 882s (best bound 0)
Found heuristic solution: objective 10365.000000
Elapsed time for NoRel heuristic: 937s (best bound 0)
NoRel heuristic complete
Root relaxation presolve removed 17 rows and 0 columns
Root relaxation presolved: 160633 rows, 387408 columns, 1513969 nonzeros

Deterministic concurrent LP optimizer: primal simplex, dual simplex, and barrier
Showing barrier log only...

Root barrier log...

Ordering time: 8.01s
Elapsed ordering time = 8s
Elapsed ordering time = 10s
Elapsed ordering time = 15s
Elapsed ordering time = 16s
Elapsed ordering time = 18s
Elapsed ordering time = 20s
Elapsed ordering time = 21s
Ordering time: 23.23s

Barrier statistics:
 Dense cols : 6716
 AA' NZ     : 1.974e+06
 Factor NZ  : 1.370e+08 (roughly 1.3 GB of memory)
 Factor Ops : 1.072e+12 (roughly 7 seconds per iteration)
 Threads    : 4

                  Objective                Residual
Iter       Primal          Dual         Primal    Dual     Compl     Time
   0   3.60085481e+08 -2.68863620e+08  2.50e+04 2.87e+02  3.32e+03  1564s
   1   2.14190848e+08 -2.05662698e+08  1.38e+04 1.76e+02  1.54e+03  1564s
   2   9.37472712e+07 -1.15450023e+08  4.57e+03 5.38e+00  5.03e+02  1564s
   3   4.88012998e+07 -2.59060193e+07  1.84e+03 9.09e-13  1.66e+02  1564s
   4   1.03535258e+07 -6.58399047e+06  2.90e+02 1.36e-12  3.16e+01  1565s
   5   1.63007786e+06 -1.80089552e+06  3.81e+01 6.82e-13  5.52e+00  1565s
   6   2.94595831e+05 -3.72494380e+05  5.75e+00 9.09e-13  9.96e-01  1565s
   7   4.69926927e+04 -1.32116198e+05  5.98e-01 9.09e-13  2.20e-01  1565s
   8   1.36227005e+04 -4.03218337e+04  6.67e-02 9.09e-13  5.98e-02  1565s
   9   7.98865372e+03 -1.06314858e+04  6.95e-03 9.09e-13  2.04e-02  1565s
  10   6.64554602e+03 -3.21598230e+03  1.43e-03 9.09e-13  1.08e-02  1565s
  11   5.92236924e+03 -1.53356654e+03  3.55e-04 4.55e-13  8.17e-03  1566s
  12   5.51917166e+03  8.41524326e+02  7.99e-05 6.82e-13  5.12e-03  1566s
  13   5.24698066e+03  2.37632228e+03  3.69e-05 9.09e-13  3.14e-03  1566s
  14   5.03861652e+03  3.26113263e+03  1.54e-05 9.09e-13  1.95e-03  1567s
  15   4.84602740e+03  3.88753110e+03  5.96e-06 3.00e-05  1.05e-03  1571s
  16   4.74488493e+03  4.17532284e+03  3.02e-06 1.82e-05  6.24e-04  1578s
  17   4.68124900e+03  4.38769082e+03  1.36e-06 9.17e-06  3.22e-04  1585s
  18   4.63167573e+03  4.52604903e+03  3.01e-07 3.76e-06  1.16e-04  1592s
  19   4.61576283e+03  4.56301422e+03  9.51e-08 2.02e-06  5.78e-05  1598s
  20   4.60737340e+03  4.60434892e+03  3.25e-09 8.20e-08  3.31e-06  1606s
  21   4.60649276e+03  4.60644268e+03  3.23e-10 2.36e-09  5.48e-08  1613s
  22   4.60648040e+03  4.60648035e+03  4.50e-11 3.49e-11  5.50e-11  1619s
  23   4.60648040e+03  4.60648036e+03  4.24e-11 1.06e-06  5.17e-11  1626s
  24   4.60648039e+03  4.60648039e+03  1.86e-12 2.05e-08  1.58e-12  1633s

Barrier solved model in 24 iterations and 1632.80 seconds (1002.28 work units)
Optimal objective 4.60648039e+03


Root crossover log...

   19041 DPushes remaining with DInf 0.0000000e+00              1633s
     247 DPushes remaining with DInf 0.0000000e+00              1635s
       0 DPushes remaining with DInf 0.0000000e+00              1637s

    6504 PPushes remaining with PInf 0.0000000e+00              1637s
       0 PPushes remaining with PInf 0.0000000e+00              1639s

  Push phase complete: Pinf 0.0000000e+00, Dinf 2.5550735e-09   1639s


Root simplex log...

Iteration    Objective       Primal Inf.    Dual Inf.      Time
   25474    4.6064804e+03   0.000000e+00   0.000000e+00   1639s
Crossover time: 6.08 seconds (3.69 work units)
Concurrent spin time: 1.38s

Solved with barrier
   25474    4.6064804e+03   0.000000e+00   0.000000e+00   1640s

Root relaxation: objective 4.606480e+03, 25474 iterations, 106.68 seconds (83.53 work units)

    Nodes    |    Current Node    |     Objective Bounds      |     Work
 Expl Unexpl |  Obj  Depth IntInf | Incumbent    BestBd   Gap | It/Node Time

     0     0 4606.48039    0  339 10365.0000 4606.48039  55.6%     - 1890s
     0     0          -    0      10365.0000 4606.48039  55.6%     - 3600s

Cutting planes:
  Lift-and-project: 38
  Implied bound: 41
  Clique: 3
  Flow cover: 17
  Zero half: 31
  RLT: 38
  Relax-and-lift: 16
  BQP: 15

Explored 1 nodes (314872 simplex iterations) in 3600.13 seconds (2470.50 work units)
Thread count was 6 (of 24 available processors)

Solution count 10: 10365 10386 10569 ... 11208

Time limit reached
Best objective 1.036500000000e+04, best bound 4.607000000000e+03, gap 55.5523%
