
Gurobi 13.0.1 (linux64) logging started Sun Apr 26 23:51:33 2026

Set parameter LogFile to value "outputs/llm_runs/trajectories/I2_P1_patchedit_scratch_gpt41/step_01/replay_attempt_01/candidate_01_solver.log"
Set parameter Threads to value 6
Gurobi Optimizer version 13.0.1 build v13.0.1rc0 (linux64 - "Red Hat Enterprise Linux 9.6 (Plow)")

CPU model: Intel(R) Xeon(R) Gold 6226 CPU @ 2.70GHz, instruction set [SSE2|AVX|AVX2|AVX512]
Thread count: 24 physical cores, 24 logical processors, using up to 6 threads

Non-default parameters:
TimeLimit  3600
LogToConsole  0
Threads  6

Optimize a model with 401011 rows, 677376 columns and 3563688 nonzeros (Min)
Model fingerprint: 0x0968062d
Model has 351562 linear objective coefficients
Variable types: 0 continuous, 677376 integer (677376 binary)
Coefficient statistics:
  Matrix range     [1e+00, 2e+00]
  Objective range  [5e+00, 1e+03]
  Bounds range     [1e+00, 1e+00]
  RHS range        [1e+00, 1e+00]

Presolve removed 238488 rows and 267010 columns (presolve time = 5s)...
Presolve removed 239687 rows and 274710 columns (presolve time = 10s)...
Presolve removed 239687 rows and 274710 columns (presolve time = 15s)...
Presolve removed 239687 rows and 274710 columns (presolve time = 20s)...
Presolve removed 239687 rows and 274710 columns (presolve time = 25s)...
Presolve removed 239687 rows and 274710 columns (presolve time = 30s)...
Presolve removed 239687 rows and 274710 columns (presolve time = 35s)...
Presolve removed 239687 rows and 274710 columns (presolve time = 40s)...
Presolve removed 239687 rows and 274710 columns (presolve time = 45s)...
Presolve removed 239687 rows and 274710 columns (presolve time = 50s)...
Presolve removed 239687 rows and 276228 columns (presolve time = 65s)...
Presolve removed 239733 rows and 276228 columns (presolve time = 65s)...
Presolve removed 239733 rows and 276228 columns
Presolve time: 66.27s
Presolved: 161278 rows, 401148 columns, 1708778 nonzeros
Variable types: 0 continuous, 401148 integer (401148 binary)
Deterministic concurrent LP optimizer: primal simplex, dual simplex, and barrier
Showing barrier log only...

Root barrier log...

Ordering time: 5.32s
Elapsed ordering time = 5s
Elapsed ordering time = 10s
Elapsed ordering time = 10s
Elapsed ordering time = 12s
Elapsed ordering time = 13s
Elapsed ordering time = 15s
Elapsed ordering time = 15s
Ordering time: 15.78s

Barrier statistics:
 Dense cols : 5501
 AA' NZ     : 1.012e+06
 Factor NZ  : 6.836e+07 (roughly 700 MB of memory)
 Factor Ops : 4.056e+11 (roughly 3 seconds per iteration)
 Threads    : 3

                  Objective                Residual
Iter       Primal          Dual         Primal    Dual     Compl     Time
   0   6.88339370e+08 -2.60127967e+08  4.75e+04 8.65e+02  1.38e+04    87s
   1   3.58393596e+08 -2.63268360e+08  2.50e+04 2.73e-12  6.22e+03    88s
   2   1.27716949e+08 -2.35190536e+08  8.50e+03 2.73e-12  2.22e+03    88s
   3   3.52702418e+07 -1.43009945e+08  1.79e+03 2.27e-12  5.72e+02    88s
   4   1.74115110e+07 -3.28456216e+07  5.40e+02 2.96e-12  1.41e+02    88s
   5   8.76741245e+06 -6.32973764e+06  1.24e+02 2.73e-12  3.94e+01    88s
   6   4.92190636e+06 -2.11003372e+06  6.57e+01 3.18e-12  1.99e+01    88s
   7   1.16037811e+06 -6.74925416e+05  1.37e+01 3.87e-12  4.95e+00    88s
   8   2.38619689e+05 -2.16308431e+05  2.34e+00 3.64e-12  1.08e+00    88s
   9   7.09376175e+04 -1.45816739e+05  5.75e-01 3.41e-12  4.43e-01    88s
  10   3.57053692e+04 -1.17834567e+05  2.57e-01 3.18e-12  2.93e-01    88s
  11   2.97629366e+04 -9.06397400e+04  2.04e-01 3.41e-12  2.28e-01    88s
  12   2.23521137e+04 -7.79299939e+04  1.37e-01 2.50e-12  1.86e-01    89s
  13   1.49571394e+04 -4.45167717e+04  6.88e-02 2.56e-12  1.09e-01    89s
  14   1.04196862e+04 -1.16821075e+04  3.05e-02 2.81e-12  4.05e-02    89s
  15   7.98506095e+03 -3.37649678e+03  1.29e-02 2.18e-12  2.07e-02    89s
  16   6.56622375e+03 -1.52517429e+03  4.57e-03 1.82e-12  1.44e-02    89s
  17   5.94131076e+03  3.49113616e+02  2.06e-03 2.13e-12  9.89e-03    89s
  18   5.44488118e+03  1.73891301e+03  7.96e-04 2.30e-12  6.50e-03    90s
  19   4.93120553e+03  3.30973211e+03  1.08e-04 4.25e-12  2.82e-03    95s
  20   4.73451624e+03  4.09229263e+03  1.78e-05 1.01e-11  1.11e-03    98s
  21   4.67102805e+03  4.57675005e+03  2.09e-06 4.21e-11  1.64e-04   102s
  22   4.65645858e+03  4.64402789e+03  2.43e-07 6.41e-09  2.16e-05   106s
  23   4.65419757e+03  4.65384903e+03  1.35e-07 9.98e-09  6.20e-07   109s
  24   4.65411330e+03  4.65411243e+03  1.32e-10 3.56e-10  1.52e-09   113s
  25   4.65411322e+03  4.65411321e+03  1.35e-09 2.86e-10  1.52e-12   116s

Barrier solved model in 25 iterations and 116.01 seconds (79.23 work units)
Optimal objective 4.65411322e+03


Root crossover log...

   14209 DPushes remaining with DInf 0.0000000e+00               116s
      63 DPushes remaining with DInf 0.0000000e+00               120s

     386 PPushes remaining with PInf 0.0000000e+00               120s
       0 PPushes remaining with PInf 0.0000000e+00               120s

  Push phase complete: Pinf 0.0000000e+00, Dinf 1.3193635e-08    120s


Root simplex log...

Iteration    Objective       Primal Inf.    Dual Inf.      Time
   14535    4.6541132e+03   0.000000e+00   0.000000e+00    120s
Crossover time: 4.46 seconds (2.26 work units)
Concurrent spin time: 0.02s

Solved with barrier
   14535    4.6541132e+03   0.000000e+00   0.000000e+00    121s

Use crossover to convert LP symmetric solution to basic solution...

Root crossover log...

   10013 DPushes remaining with DInf 0.0000000e+00               121s
     155 DPushes remaining with DInf 0.0000000e+00               125s
       0 DPushes remaining with DInf 0.0000000e+00               127s

     486 PPushes remaining with PInf 0.0000000e+00               127s
       0 PPushes remaining with PInf 0.0000000e+00               127s

  Push phase complete: Pinf 0.0000000e+00, Dinf 5.7830079e-09    127s


Root simplex log...

Iteration    Objective       Primal Inf.    Dual Inf.      Time
   24962    4.6541132e+03   0.000000e+00   0.000000e+00    127s
Crossover time: 6.28 seconds (3.65 work units)

Root relaxation: objective 4.654113e+03, 24962 iterations, 58.77 seconds (42.74 work units)

    Nodes    |    Current Node    |     Objective Bounds      |     Work
 Expl Unexpl |  Obj  Depth IntInf | Incumbent    BestBd   Gap | It/Node Time

     0     0 4654.11321    0  385          - 4654.11321      -     -  258s
H    0     0                    8013.0000000 4654.11321  41.9%     -  261s
     0     0 4675.98658    0  597 8013.00000 4675.98658  41.6%     - 2617s
     0     0          -    0      8013.00000 4675.98658  41.6%     - 3600s

Cutting planes:
  Gomory: 1
  Lift-and-project: 3
  Clique: 22
  MIR: 55
  StrongCG: 1
  Zero half: 17
  RLT: 35
  BQP: 5

Explored 1 nodes (414289 simplex iterations) in 3600.07 seconds (2629.06 work units)
Thread count was 6 (of 24 available processors)

Solution count 1: 8013 

Time limit reached
Best objective 8.013000000000e+03, best bound 4.676000000000e+03, gap 41.6448%
