
Gurobi 13.0.1 (linux64) logging started Mon Apr 27 04:03:39 2026

Set parameter LogFile to value "outputs/llm_runs/trajectories/I5_P1_patchedit_scratch_gpt41/step_01/replay_attempt_01/candidate_01_solver.log"
Set parameter Threads to value 6
Gurobi Optimizer version 13.0.1 build v13.0.1rc0 (linux64 - "Red Hat Enterprise Linux 9.6 (Plow)")

CPU model: Intel(R) Xeon(R) Gold 6226 CPU @ 2.70GHz, instruction set [SSE2|AVX|AVX2|AVX512]
Thread count: 24 physical cores, 24 logical processors, using up to 6 threads

Non-default parameters:
TimeLimit  3600
LogToConsole  0
Threads  6

Optimize a model with 401007 rows, 677376 columns and 3515304 nonzeros (Min)
Model fingerprint: 0x9926610b
Model has 271709 linear objective coefficients
Variable types: 0 continuous, 677376 integer (677376 binary)
Coefficient statistics:
  Matrix range     [1e+00, 2e+00]
  Objective range  [5e+00, 1e+03]
  Bounds range     [1e+00, 1e+00]
  RHS range        [1e+00, 1e+00]

Presolve removed 280728 rows and 321965 columns (presolve time = 5s)...
Presolve removed 285858 rows and 362174 columns (presolve time = 10s)...
Presolve removed 285858 rows and 362174 columns
Presolve time: 10.57s
Presolved: 115149 rows, 315202 columns, 1243416 nonzeros
Variable types: 0 continuous, 315202 integer (315202 binary)
Deterministic concurrent LP optimizer: primal simplex, dual simplex, and barrier
Showing barrier log only...

Root barrier log...

Ordering time: 2.73s
Elapsed ordering time = 5s
Ordering time: 5.44s

Barrier statistics:
 Dense cols : 3598
 AA' NZ     : 4.556e+05
 Factor NZ  : 2.969e+07 (roughly 300 MB of memory)
 Factor Ops : 1.190e+11 (roughly 1 second per iteration)
 Threads    : 3

                  Objective                Residual
Iter       Primal          Dual         Primal    Dual     Compl     Time
   0   7.50567321e+08 -1.41741298e+08  8.21e+03 1.06e+03  2.10e+04    19s
   1   4.91968070e+08 -1.49324653e+08  5.29e+03 6.64e+01  1.17e+04    19s
   2   1.72698856e+08 -1.46509277e+08  1.92e+03 2.73e-12  4.25e+03    19s
   3   4.37201852e+07 -1.13959610e+08  4.04e+02 2.73e-12  1.10e+03    20s
   4   1.92456663e+07 -4.11298629e+07  1.12e+02 2.96e-12  3.17e+02    20s
   5   1.38795703e+07 -2.26130140e+07  6.27e+01 2.27e-12  1.82e+02    20s
   6   1.14008371e+07 -1.61026841e+07  4.44e+01 2.50e-12  1.34e+02    20s
   7   7.59715575e+06 -6.37725900e+06  2.60e+01 1.71e-12  7.09e+01    20s
   8   4.71994701e+06 -1.25342148e+06  1.49e+01 2.39e-12  3.38e+01    20s
   9   1.75371396e+06 -5.77406354e+05  5.31e+00 1.82e-12  1.28e+01    20s
  10   3.59947690e+05 -2.41659047e+05  9.48e-01 2.29e-12  2.87e+00    20s
  11   1.19744078e+05 -1.62729546e+05  2.88e-01 2.78e-12  1.18e+00    20s
  12   6.93437613e+04 -1.33992716e+05  1.55e-01 6.79e-12  7.84e-01    20s
  13   3.31198474e+04 -6.25995518e+04  5.62e-02 6.15e-12  3.35e-01    20s
  14   1.70666753e+04 -3.94737297e+04  2.02e-02 3.33e-12  1.85e-01    20s
  15   9.97434054e+03 -2.02631577e+04  7.14e-03 3.65e-12  9.53e-02    20s
  16   8.00165130e+03 -1.32375817e+04  4.52e-03 2.97e-12  6.64e-02    20s
  17   7.35618418e+03 -7.69062869e+03  3.81e-03 3.23e-12  4.67e-02    20s
  18   6.63033265e+03 -6.51664375e+03  3.12e-03 3.55e-12  4.08e-02    20s
  19   4.61422415e+03 -3.46338539e+03  1.22e-03 4.40e-12  2.50e-02    21s
  20   3.75862974e+03 -1.13940149e+03  6.42e-04 1.36e-12  1.52e-02    22s
  21   3.29413013e+03 -5.04156818e+02  4.10e-04 1.36e-12  1.18e-02    23s
  22   2.75067962e+03  9.43969582e+02  1.90e-04 2.89e-12  5.60e-03    25s

Barrier performed 22 iterations in 24.73 seconds (23.65 work units)
Barrier solve interrupted - model solved by another algorithm

Concurrent spin time: 6.06s (can be avoided by choosing Method=3)

Solved with dual simplex

Root simplex log...

Iteration    Objective       Primal Inf.    Dual Inf.      Time
   11769    2.0370000e+03   0.000000e+00   0.000000e+00     30s

Use crossover to convert LP symmetric solution to basic solution...

Root crossover log...

    2287 DPushes remaining with DInf 0.0000000e+00                31s
       0 DPushes remaining with DInf 0.0000000e+00                31s

     248 PPushes remaining with PInf 0.0000000e+00                31s
       0 PPushes remaining with PInf 0.0000000e+00                31s

  Push phase complete: Pinf 0.0000000e+00, Dinf 1.1923410e-10     31s


Root simplex log...

Iteration    Objective       Primal Inf.    Dual Inf.      Time
   12948    2.0370000e+03   0.000000e+00   0.000000e+00     31s
Crossover time: 0.64 seconds (0.84 work units)

Root relaxation: objective 2.037000e+03, 12948 iterations, 18.74 seconds (14.13 work units)

    Nodes    |    Current Node    |     Objective Bounds      |     Work
 Expl Unexpl |  Obj  Depth IntInf | Incumbent    BestBd   Gap | It/Node Time

     0     0 2037.00000    0  203          - 2037.00000      -     -  137s
H    0     0                    2898.0000000 2037.00000  29.7%     -  139s
H    0     0                    2852.0000000 2037.00000  28.6%     -  156s
     0     0 2038.62500    0  302 2852.00000 2038.62500  28.5%     -  710s
H    0     0                    2834.0000000 2038.62500  28.1%     -  711s
     0     0 2050.00000    0  211 2834.00000 2050.00000  27.7%     - 1381s
H    0     0                    2799.0000000 2050.00000  26.8%     - 1382s
     0     0 2050.00000    0  201 2799.00000 2050.00000  26.8%     - 2141s
H    0     0                    2780.0000000 2050.00000  26.3%     - 2142s
     0     0 2050.00000    0  153 2780.00000 2050.00000  26.3%     - 2643s
     0     0 2050.00000    0  197 2780.00000 2050.00000  26.3%     - 3333s
     0     0 2050.00000    0  197 2780.00000 2050.00000  26.3%     - 3333s
     0     0 2050.00000    0  197 2780.00000 2050.00000  26.3%     - 3389s
     0     0          -    0      2780.00000 2050.00000  26.3%     - 3600s

Cutting planes:
  Gomory: 2
  Lift-and-project: 1
  Clique: 2
  MIR: 32
  Zero half: 53
  RLT: 5
  BQP: 1

Explored 1 nodes (577072 simplex iterations) in 3600.06 seconds (2995.78 work units)
Thread count was 6 (of 24 available processors)

Solution count 5: 2780 2799 2834 ... 2898

Time limit reached
Best objective 2.780000000000e+03, best bound 2.050000000000e+03, gap 26.2590%
