
Gurobi 13.0.1 (linux64) logging started Thu Apr  9 10:50:58 2026

Set parameter LogFile to value "outputs/solves/tune/logs/blockseq_n588_blocks19_slots24_seed42.log"
Set parameter Threads to value 8
Set parameter MIPGap to value 0.01
Set parameter TuneTimeLimit to value 86400
Set parameter TuneResults to value 1
Gurobi Optimizer version 13.0.1 build v13.0.1rc0 (linux64gpu - "Red Hat Enterprise Linux 9.6 (Plow)")

CPU model: Intel(R) Xeon(R) Gold 6226 CPU @ 2.70GHz, instruction set [SSE2|AVX|AVX2|AVX512]
Thread count: 24 physical cores, 24 logical processors, using up to 8 threads

Non-default parameters:
MIPGap  0.01
Threads  8
TuneResults  1

Start tuning.
Tune 34 parameters.

Solving model using baseline parameter set with TimeLimit=3600s

Total tuning time limit is 86400s
(set the TuneTimeLimit parameter to choose a different value)
-------------------------------------------------------------------------------

Testing candidate parameter set 1...

	MIPGap 0.01 (fixed)
	Threads 8 (fixed)

Solving model_000 (Min) with random seed #1 ... MIP gap 42.1%
Solving model_000 (Min) with random seed #2 ... MIP gap 41.7%
Solving model_000 (Min) with random seed #3 ... MIP gap -

Summary candidate parameter set 1 
 # Name              0        1        2      Avg  Std Dev      Max
 0 model_000     42.1%    41.7%        -        -        -        -

-------------------------------------------------------------------------------
Begin tuning (baseline 1 no_solution, maximum MIP gap 42.1%)...
-------------------------------------------------------------------------------

Testing candidate parameter set 2...

	MIPGap 0.01 (fixed)
	Threads 8 (fixed)
	NoRelHeurTime 900

Solving model_000 (Min) with random seed #1 ... MIP gap 28.2%
Solving model_000 (Min) with random seed #2 ... MIP gap 27.2%
Solving model_000 (Min) with random seed #3 ... MIP gap 29.9%

Summary candidate parameter set 2 
 # Name              0        1        2      Avg  Std Dev      Max
 0 model_000     28.2%    27.2%    29.9%    28.4%     1.12    29.9%

Improvement found:
  baseline: 1 no_solution, maximum MIP gap 42.1% (parameter set 1, 0 non-defaults)
  improved: maximum MIP gap 29.9% (parameter set 2, 1 non-defaults)
Total elapsed tuning time 21601s (64799s remaining, 1 running jobs)

-------------------------------------------------------------------------------

Testing candidate parameter set 3...

	MIPGap 0.01 (fixed)
	Threads 8 (fixed)
	MIPFocus 2
	NoRelHeurTime 900

Solving model_000 (Min) with random seed #1 ... MIP gap 25.2%
Solving model_000 (Min) with random seed #2 ... MIP gap 26.8%
Solving model_000 (Min) with random seed #3 ... MIP gap 27.2%

Summary candidate parameter set 3 
 # Name              0        1        2      Avg  Std Dev      Max
 0 model_000     25.2%    26.8%    27.2%    26.4%     0.88    27.2%

Improvement found:
  baseline: 1 no_solution, maximum MIP gap 42.1% (parameter set 1, 0 non-defaults)
  improved: maximum MIP gap 27.2% (parameter set 3, 2 non-defaults)
Total elapsed tuning time 32401s (53999s remaining, 1 running jobs)

-------------------------------------------------------------------------------

Testing candidate parameter set 4...

	MIPGap 0.01 (fixed)
	Threads 8 (fixed)
	DegenMoves 0
	MIPFocus 2
	NoRelHeurTime 900

Solving model_000 (Min) with random seed #1 ... MIP gap 25.2%
Solving model_000 (Min) with random seed #2 ... MIP gap 26.8%
Solving model_000 (Min) with random seed #3 ... MIP gap 27.2%

Summary candidate parameter set 4 
 # Name              0        1        2      Avg  Std Dev      Max
 0 model_000     25.2%    26.8%    27.2%    26.4%     0.88    27.2%

Progress so far:
  baseline: 1 no_solution, maximum MIP gap 42.1% (parameter set 1, 0 non-defaults)
  best:     maximum MIP gap 27.2% (parameter set 3, 2 non-defaults)
Total elapsed tuning time 43201s (43199s remaining, 1 running jobs)

-------------------------------------------------------------------------------

Testing candidate parameter set 5...

	MIPGap 0.01 (fixed)
	Threads 8 (fixed)
	Method 1
	MIPFocus 2
	NoRelHeurTime 900

Solving model_000 (Min) with random seed #1 ... MIP gap 100%

Summary candidate parameter set 5 (discarded)
 # Name              0        1        2      Avg  Std Dev      Max
 0 model_000      100%        -        -        -        -        -

Progress so far:
  baseline: 1 no_solution, maximum MIP gap 42.1% (parameter set 1, 0 non-defaults)
  best:     maximum MIP gap 27.2% (parameter set 3, 2 non-defaults)
Total elapsed tuning time 46802s (39598s remaining, 1 running jobs)

-------------------------------------------------------------------------------

Testing candidate parameter set 6...

	MIPGap 0.01 (fixed)
	Threads 8 (fixed)
	MIPFocus 2
	NoRelHeurTime 3240

Solving model_000 (Min) with random seed #1 ... MIP gap 100%

Summary candidate parameter set 6 (discarded)
 # Name              0        1        2      Avg  Std Dev      Max
 0 model_000      100%        -        -        -        -        -

Progress so far:
  baseline: 1 no_solution, maximum MIP gap 42.1% (parameter set 1, 0 non-defaults)
  best:     maximum MIP gap 27.2% (parameter set 3, 2 non-defaults)
Total elapsed tuning time 50402s (35998s remaining, 1 running jobs)

-------------------------------------------------------------------------------

Testing candidate parameter set 7...

	MIPGap 0.01 (fixed)
	Threads 8 (fixed)
	MIPFocus 2
	NoRelHeurTime 900
	Cuts 3

Solving model_000 (Min) with random seed #1 ... MIP gap 25.2%
Solving model_000 (Min) with random seed #2 ... MIP gap 26.8%
Solving model_000 (Min) with random seed #3 ... MIP gap 27.2%

Summary candidate parameter set 7 
 # Name              0        1        2      Avg  Std Dev      Max
 0 model_000     25.2%    26.8%    27.2%    26.4%     0.88    27.2%

Progress so far:
  baseline: 1 no_solution, maximum MIP gap 42.1% (parameter set 1, 0 non-defaults)
  best:     maximum MIP gap 27.2% (parameter set 3, 2 non-defaults)
Total elapsed tuning time 61202s (25198s remaining, 1 running jobs)

-------------------------------------------------------------------------------

Testing candidate parameter set 8...

	MIPGap 0.01 (fixed)
	Threads 8 (fixed)
	MIPFocus 2
	NoRelHeurTime 900
	Symmetry 2

Solving model_000 (Min) with random seed #1 ... MIP gap 25.2%
Solving model_000 (Min) with random seed #2 ... MIP gap 26.8%
Solving model_000 (Min) with random seed #3 ... MIP gap 27.2%

Summary candidate parameter set 8 
 # Name              0        1        2      Avg  Std Dev      Max
 0 model_000     25.2%    26.8%    27.2%    26.4%     0.88    27.2%

Progress so far:
  baseline: 1 no_solution, maximum MIP gap 42.1% (parameter set 1, 0 non-defaults)
  best:     maximum MIP gap 27.2% (parameter set 3, 2 non-defaults)
Total elapsed tuning time 72003s (14397s remaining, 1 running jobs)

-------------------------------------------------------------------------------

Testing candidate parameter set 9...

	MIPGap 0.01 (fixed)
	Threads 8 (fixed)
	Method 0
	NoRelHeurTime 900

Solving model_000 (Min) with random seed #1 ... MIP gap 100%

Summary candidate parameter set 9 (discarded)
 # Name              0        1        2      Avg  Std Dev      Max
 0 model_000      100%        -        -        -        -        -

Progress so far:
  baseline: 1 no_solution, maximum MIP gap 42.1% (parameter set 1, 0 non-defaults)
  best:     maximum MIP gap 27.2% (parameter set 3, 2 non-defaults)
Total elapsed tuning time 75603s (10797s remaining, 1 running jobs)

-------------------------------------------------------------------------------

Testing candidate parameter set 10...

	MIPGap 0.01 (fixed)
	Threads 8 (fixed)
	MIPFocus 2
	NoRelHeurTime 900
	AggFill 0

Solving model_000 (Min) with random seed #1 ... MIP gap 25.2%
Solving model_000 (Min) with random seed #2 ... MIP gap 26.8%
Solving model_000 (Min) with random seed #3 ... MIP gap 27.2%

Summary candidate parameter set 10 
 # Name              0        1        2      Avg  Std Dev      Max
 0 model_000     25.2%    26.8%    27.2%    26.4%     0.88    27.2%

Progress so far:
  baseline: 1 no_solution, maximum MIP gap 42.1% (parameter set 1, 0 non-defaults)
  best:     maximum MIP gap 27.2% (parameter set 3, 2 non-defaults)
Total elapsed tuning time 86403s (-3s remaining, 1 running jobs)



Tune time limit reached

-------------------------------------------------------------------------------

Tested 10 parameter sets in 86403.20s
Total optimization run time for up to 1 concurrent runs: 86402.97s

Baseline parameter set: 1 no_solution, maximum MIP gap 42.1%

	MIPGap 0.01 (fixed)
	Threads 8 (fixed)

 # Name              0        1        2      Avg  Std Dev      Max
 0 model_000     42.1%    41.7%        -        -        -        -

Improved parameter set 1 (maximum MIP gap 27.2%):

	MIPGap 0.01 (fixed)
	Threads 8 (fixed)
	DegenMoves 0
	MIPFocus 2
	NoRelHeurTime 900

 # Name              0        1        2      Avg  Std Dev      Max
 0 model_000     25.2%    26.8%    27.2%    26.4%     0.88    27.2%

Improved parameter set 2 (maximum MIP gap 27.2%):

	MIPGap 0.01 (fixed)
	Threads 8 (fixed)
	MIPFocus 2
	NoRelHeurTime 900

 # Name              0        1        2      Avg  Std Dev      Max
 0 model_000     25.2%    26.8%    27.2%    26.4%     0.88    27.2%

Improved parameter set 3 (maximum MIP gap 29.9%):

	MIPGap 0.01 (fixed)
	Threads 8 (fixed)
	NoRelHeurTime 900

 # Name              0        1        2      Avg  Std Dev      Max
 0 model_000     28.2%    27.2%    29.9%    28.4%     1.12    29.9%

