
Gurobi 13.0.1 (linux64) logging started Thu Apr  9 10:50:50 2026

Set parameter LogFile to value "outputs/solves/tune/logs/blockseq_n544_blocks20_slots24_seed42.log"
Set parameter Threads to value 8
Set parameter MIPGap to value 0.01
Set parameter TuneTimeLimit to value 86400
Set parameter TuneResults to value 1
Gurobi Optimizer version 13.0.1 build v13.0.1rc0 (linux64gpu - "Red Hat Enterprise Linux 9.6 (Plow)")

CPU model: Intel(R) Xeon(R) Gold 6226 CPU @ 2.70GHz, instruction set [SSE2|AVX|AVX2|AVX512]
Thread count: 24 physical cores, 24 logical processors, using up to 8 threads

Non-default parameters:
MIPGap  0.01
Threads  8
TuneResults  1

Start tuning.
Tune 34 parameters.

Solving model using baseline parameter set with TimeLimit=3600s

Total tuning time limit is 86400s
(set the TuneTimeLimit parameter to choose a different value)
-------------------------------------------------------------------------------

Testing candidate parameter set 1...

	MIPGap 0.01 (fixed)
	Threads 8 (fixed)

Solving model_000 (Min) with random seed #1 ... MIP gap 41.2%
Solving model_000 (Min) with random seed #2 ... MIP gap 37.7%
Solving model_000 (Min) with random seed #3 ... MIP gap 41.4%

Summary candidate parameter set 1 
 # Name              0        1        2      Avg  Std Dev      Max
 0 model_000     41.2%    37.7%    41.4%    40.1%     1.70    41.4%

-------------------------------------------------------------------------------
Begin tuning (baseline maximum MIP gap 41.4%)...
-------------------------------------------------------------------------------

Testing candidate parameter set 2...

	MIPGap 0.01 (fixed)
	Threads 8 (fixed)
	NoRelHeurTime 900

Solving model_000 (Min) with random seed #1 ... MIP gap 55.9%

Summary candidate parameter set 2 (discarded)
 # Name              0        1        2      Avg  Std Dev      Max
 0 model_000     55.9%        -        -        -        -        -

Progress so far:
  baseline: maximum MIP gap 41.4% (parameter set 1, 0 non-defaults)
  best:     maximum MIP gap 41.4% (parameter set 1, 0 non-defaults)
Total elapsed tuning time 14400s (72000s remaining, 1 running jobs)

-------------------------------------------------------------------------------

Testing candidate parameter set 3...

	MIPGap 0.01 (fixed)
	Threads 8 (fixed)
	ScaleFlag 1

Solving model_000 (Min) with random seed #1 ... MIP gap 51.1%

Summary candidate parameter set 3 (discarded)
 # Name              0        1        2      Avg  Std Dev      Max
 0 model_000     51.1%        -        -        -        -        -

Progress so far:
  baseline: maximum MIP gap 41.4% (parameter set 1, 0 non-defaults)
  best:     maximum MIP gap 41.4% (parameter set 1, 0 non-defaults)
Total elapsed tuning time 18001s (68399s remaining, 1 running jobs)

-------------------------------------------------------------------------------

Testing candidate parameter set 4...

	MIPGap 0.01 (fixed)
	Threads 8 (fixed)
	BranchDir -1

Solving model_000 (Min) with random seed #1 ... MIP gap 41.2%
Solving model_000 (Min) with random seed #2 ... MIP gap 37.7%
Solving model_000 (Min) with random seed #3 ... MIP gap 41.4%

Summary candidate parameter set 4 
 # Name              0        1        2      Avg  Std Dev      Max
 0 model_000     41.2%    37.7%    41.4%    40.1%     1.70    41.4%

Progress so far:
  baseline: maximum MIP gap 41.4% (parameter set 1, 0 non-defaults)
  best:     maximum MIP gap 41.4% (parameter set 1, 0 non-defaults)
Total elapsed tuning time 28911s (57489s remaining, 1 running jobs)

-------------------------------------------------------------------------------

Testing candidate parameter set 5...

	MIPGap 0.01 (fixed)
	Threads 8 (fixed)
	Cuts 2

Solving model_000 (Min) with random seed #1 ... MIP gap 41.2%
Solving model_000 (Min) with random seed #2 ... MIP gap 42.4%

Summary candidate parameter set 5 (discarded)
 # Name              0        1        2      Avg  Std Dev      Max
 0 model_000     41.2%    42.4%        -        -        -        -

Progress so far:
  baseline: maximum MIP gap 41.4% (parameter set 1, 0 non-defaults)
  best:     maximum MIP gap 41.4% (parameter set 1, 0 non-defaults)
Total elapsed tuning time 36111s (50289s remaining, 1 running jobs)

-------------------------------------------------------------------------------

Testing candidate parameter set 6...

	MIPGap 0.01 (fixed)
	Threads 8 (fixed)
	PrePasses 2

Solving model_000 (Min) with random seed #1 ... MIP gap 41.2%
Solving model_000 (Min) with random seed #2 ... MIP gap 37.7%
Solving model_000 (Min) with random seed #3 ... MIP gap 41.4%

Summary candidate parameter set 6 
 # Name              0        1        2      Avg  Std Dev      Max
 0 model_000     41.2%    37.7%    41.4%    40.1%     1.70    41.4%

Progress so far:
  baseline: maximum MIP gap 41.4% (parameter set 1, 0 non-defaults)
  best:     maximum MIP gap 41.4% (parameter set 1, 0 non-defaults)
Total elapsed tuning time 46911s (39489s remaining, 1 running jobs)

-------------------------------------------------------------------------------

Testing candidate parameter set 7...

	MIPGap 0.01 (fixed)
	Threads 8 (fixed)
	RINS 500

Solving model_000 (Min) with random seed #1 ... MIP gap 41.2%
Solving model_000 (Min) with random seed #2 ... MIP gap 37.7%
Solving model_000 (Min) with random seed #3 ... MIP gap 41.4%

Summary candidate parameter set 7 
 # Name              0        1        2      Avg  Std Dev      Max
 0 model_000     41.2%    37.7%    41.4%    40.1%     1.70    41.4%

Progress so far:
  baseline: maximum MIP gap 41.4% (parameter set 1, 0 non-defaults)
  best:     maximum MIP gap 41.4% (parameter set 1, 0 non-defaults)
Total elapsed tuning time 57712s (28688s remaining, 1 running jobs)

-------------------------------------------------------------------------------

Testing candidate parameter set 8...

	MIPGap 0.01 (fixed)
	Threads 8 (fixed)
	RINS 2500

Solving model_000 (Min) with random seed #1 ... MIP gap 41.2%
Solving model_000 (Min) with random seed #2 ... MIP gap 37.7%
Solving model_000 (Min) with random seed #3 ... MIP gap 41.4%

Summary candidate parameter set 8 
 # Name              0        1        2      Avg  Std Dev      Max
 0 model_000     41.2%    37.7%    41.4%    40.1%     1.70    41.4%

Progress so far:
  baseline: maximum MIP gap 41.4% (parameter set 1, 0 non-defaults)
  best:     maximum MIP gap 41.4% (parameter set 1, 0 non-defaults)
Total elapsed tuning time 68512s (17888s remaining, 1 running jobs)

-------------------------------------------------------------------------------

Testing candidate parameter set 9...

	MIPGap 0.01 (fixed)
	Threads 8 (fixed)
	SimplexPricing 3

Solving model_000 (Min) with random seed #1 ... MIP gap 37.6%
Solving model_000 (Min) with random seed #2 ... MIP gap 37.6%
Solving model_000 (Min) with random seed #3 ... MIP gap 41.9%

Summary candidate parameter set 9 
 # Name              0        1        2      Avg  Std Dev      Max
 0 model_000     37.6%    37.6%    41.9%    39.0%     2.04    41.9%

Progress so far:
  baseline: maximum MIP gap 41.4% (parameter set 1, 0 non-defaults)
  best:     maximum MIP gap 41.4% (parameter set 1, 0 non-defaults)
Total elapsed tuning time 79312s (7088s remaining, 1 running jobs)

-------------------------------------------------------------------------------

Testing candidate parameter set 10...

	MIPGap 0.01 (fixed)
	Threads 8 (fixed)
	NoRelHeurTime 1800

Solving model_000 (Min) with random seed #1 ... MIP gap 29.2%
Solving model_000 (Min) with random seed #2 ... MIP gap 25.7%


Tune time limit reached

-------------------------------------------------------------------------------

Tested 9 parameter sets in 86512.45s
Total optimization run time for up to 1 concurrent runs: 86512.17s

Baseline parameter set: maximum MIP gap 41.4%

	MIPGap 0.01 (fixed)
	Threads 8 (fixed)

 # Name              0        1        2      Avg  Std Dev      Max
 0 model_000     41.2%    37.7%    41.4%    40.1%     1.70    41.4%

Improved parameter set 1 (maximum MIP gap 41.4%):

	MIPGap 0.01 (fixed)
	Threads 8 (fixed)
	BranchDir -1

 # Name              0        1        2      Avg  Std Dev      Max
 0 model_000     41.2%    37.7%    41.4%    40.1%     1.70    41.4%

