
Gurobi 13.0.1 (linux64) logging started Thu Apr  9 10:50:50 2026

Set parameter LogFile to value "outputs/solves/tune/logs/blockseq_n553_blocks17_slots25_seed42.log"
Set parameter Threads to value 8
Set parameter MIPGap to value 0.01
Set parameter TuneTimeLimit to value 86400
Set parameter TuneResults to value 1
Gurobi Optimizer version 13.0.1 build v13.0.1rc0 (linux64gpu - "Red Hat Enterprise Linux 9.6 (Plow)")

CPU model: Intel(R) Xeon(R) Gold 6226 CPU @ 2.70GHz, instruction set [SSE2|AVX|AVX2|AVX512]
Thread count: 24 physical cores, 24 logical processors, using up to 8 threads

Non-default parameters:
MIPGap  0.01
Threads  8
TuneResults  1

Start tuning.
Tune 34 parameters.

Solving model using baseline parameter set with TimeLimit=3600s

Total tuning time limit is 86400s
(set the TuneTimeLimit parameter to choose a different value)
-------------------------------------------------------------------------------

Testing candidate parameter set 1...

	MIPGap 0.01 (fixed)
	Threads 8 (fixed)

Solving model_000 (Min) with random seed #1 ... MIP gap 45.8%
Solving model_000 (Min) with random seed #2 ... MIP gap 48.1%
Solving model_000 (Min) with random seed #3 ... MIP gap 100%

Summary candidate parameter set 1 
 # Name              0        1        2      Avg  Std Dev      Max
 0 model_000     45.8%    48.1%     100%    64.6%    25.01     100%

-------------------------------------------------------------------------------
Begin tuning (baseline maximum MIP gap 100%)...
-------------------------------------------------------------------------------

Testing candidate parameter set 2...

	MIPGap 0.01 (fixed)
	Threads 8 (fixed)
	NoRelHeurTime 900

Solving model_000 (Min) with random seed #1 ... MIP gap 22.5%
Solving model_000 (Min) with random seed #2 ... MIP gap 21.3%
Solving model_000 (Min) with random seed #3 ... MIP gap 18.9%

Summary candidate parameter set 2 
 # Name              0        1        2      Avg  Std Dev      Max
 0 model_000     22.5%    21.3%    18.9%    20.9%     1.48    22.5%

Improvement found:
  baseline: maximum MIP gap 100% (parameter set 1, 0 non-defaults)
  improved: maximum MIP gap 22.5% (parameter set 2, 1 non-defaults)
Total elapsed tuning time 21601s (64799s remaining, 1 running jobs)

-------------------------------------------------------------------------------

Testing candidate parameter set 3...

	MIPGap 0.01 (fixed)
	Threads 8 (fixed)
	MIPFocus 2
	NoRelHeurTime 900

Solving model_000 (Min) with random seed #1 ... MIP gap 21.4%
Solving model_000 (Min) with random seed #2 ... MIP gap 19.1%
Solving model_000 (Min) with random seed #3 ... MIP gap 19.4%

Summary candidate parameter set 3 
 # Name              0        1        2      Avg  Std Dev      Max
 0 model_000     21.4%    19.1%    19.4%    20.0%     1.01    21.4%

Improvement found:
  baseline: maximum MIP gap 100% (parameter set 1, 0 non-defaults)
  improved: maximum MIP gap 21.4% (parameter set 3, 2 non-defaults)
Total elapsed tuning time 32401s (53999s remaining, 1 running jobs)

-------------------------------------------------------------------------------

Testing candidate parameter set 4...

	MIPGap 0.01 (fixed)
	Threads 8 (fixed)
	SimplexPricing 3
	MIPFocus 2
	NoRelHeurTime 900

Solving model_000 (Min) with random seed #1 ... MIP gap 19.5%
Solving model_000 (Min) with random seed #2 ... MIP gap 19.9%
Solving model_000 (Min) with random seed #3 ... MIP gap 20.2%

Summary candidate parameter set 4 
 # Name              0        1        2      Avg  Std Dev      Max
 0 model_000     19.5%    19.9%    20.2%    19.9%     0.27    20.2%

Improvement found:
  baseline: maximum MIP gap 100% (parameter set 1, 0 non-defaults)
  improved: maximum MIP gap 20.2% (parameter set 4, 3 non-defaults)
Total elapsed tuning time 43202s (43198s remaining, 1 running jobs)

-------------------------------------------------------------------------------

Testing candidate parameter set 5...

	MIPGap 0.01 (fixed)
	Threads 8 (fixed)
	Method 1
	SimplexPricing 3
	MIPFocus 2
	NoRelHeurTime 900

Solving model_000 (Min) with random seed #1 ... MIP gap 100%

Summary candidate parameter set 5 (discarded)
 # Name              0        1        2      Avg  Std Dev      Max
 0 model_000      100%        -        -        -        -        -

Progress so far:
  baseline: maximum MIP gap 100% (parameter set 1, 0 non-defaults)
  best:     maximum MIP gap 20.2% (parameter set 4, 3 non-defaults)
Total elapsed tuning time 46802s (39598s remaining, 1 running jobs)

-------------------------------------------------------------------------------

Testing candidate parameter set 6...

	MIPGap 0.01 (fixed)
	Threads 8 (fixed)
	SimplexPricing 3
	MIPFocus 2

Solving model_000 (Min) with random seed #1 ... MIP gap 56.8%

Summary candidate parameter set 6 (discarded)
 # Name              0        1        2      Avg  Std Dev      Max
 0 model_000     56.8%        -        -        -        -        -

Progress so far:
  baseline: maximum MIP gap 100% (parameter set 1, 0 non-defaults)
  best:     maximum MIP gap 20.2% (parameter set 4, 3 non-defaults)
Total elapsed tuning time 50402s (35998s remaining, 1 running jobs)

-------------------------------------------------------------------------------

Testing candidate parameter set 7...

	MIPGap 0.01 (fixed)
	Threads 8 (fixed)
	Method 0
	SimplexPricing 3
	MIPFocus 2
	NoRelHeurTime 900

Solving model_000 (Min) with random seed #1 ... MIP gap 100%

Summary candidate parameter set 7 (discarded)
 # Name              0        1        2      Avg  Std Dev      Max
 0 model_000      100%        -        -        -        -        -

Progress so far:
  baseline: maximum MIP gap 100% (parameter set 1, 0 non-defaults)
  best:     maximum MIP gap 20.2% (parameter set 4, 3 non-defaults)
Total elapsed tuning time 54002s (32398s remaining, 1 running jobs)

-------------------------------------------------------------------------------

Testing candidate parameter set 8...

	MIPGap 0.01 (fixed)
	Threads 8 (fixed)
	SimplexPricing 3
	NoRelHeurTime 900

Solving model_000 (Min) with random seed #1 ... MIP gap 19.8%
Solving model_000 (Min) with random seed #2 ... MIP gap 21.4%

Summary candidate parameter set 8 (discarded)
 # Name              0        1        2      Avg  Std Dev      Max
 0 model_000     19.8%    21.4%        -        -        -        -

Progress so far:
  baseline: maximum MIP gap 100% (parameter set 1, 0 non-defaults)
  best:     maximum MIP gap 20.2% (parameter set 4, 3 non-defaults)
Total elapsed tuning time 61203s (25197s remaining, 1 running jobs)

-------------------------------------------------------------------------------

Testing candidate parameter set 9...

	MIPGap 0.01 (fixed)
	Threads 8 (fixed)
	SimplexPricing 3
	MIPFocus 2
	PrePasses 1

Solving model_000 (Min) with random seed #1 ... MIP gap 56.8%

Summary candidate parameter set 9 (discarded)
 # Name              0        1        2      Avg  Std Dev      Max
 0 model_000     56.8%        -        -        -        -        -

Progress so far:
  baseline: maximum MIP gap 100% (parameter set 1, 0 non-defaults)
  best:     maximum MIP gap 20.2% (parameter set 4, 3 non-defaults)
Total elapsed tuning time 64803s (21597s remaining, 1 running jobs)

-------------------------------------------------------------------------------

Testing candidate parameter set 10...

	MIPGap 0.01 (fixed)
	Threads 8 (fixed)
	SimplexPricing 3
	MIPFocus 2
	NoRelHeurTime 900
	RINS 2500

Solving model_000 (Min) with random seed #1 ... MIP gap 19.5%
Solving model_000 (Min) with random seed #2 ... MIP gap 19.9%
Solving model_000 (Min) with random seed #3 ... MIP gap 20.2%

Summary candidate parameter set 10 
 # Name              0        1        2      Avg  Std Dev      Max
 0 model_000     19.5%    19.9%    20.2%    19.9%     0.27    20.2%

Progress so far:
  baseline: maximum MIP gap 100% (parameter set 1, 0 non-defaults)
  best:     maximum MIP gap 20.2% (parameter set 4, 3 non-defaults)
Total elapsed tuning time 75603s (10797s remaining, 1 running jobs)

-------------------------------------------------------------------------------

Testing candidate parameter set 11...

	MIPGap 0.01 (fixed)
	Threads 8 (fixed)
	SimplexPricing 3

Solving model_000 (Min) with random seed #1 ... MIP gap 45.8%

Summary candidate parameter set 11 (discarded)
 # Name              0        1        2      Avg  Std Dev      Max
 0 model_000     45.8%        -        -        -        -        -

Progress so far:
  baseline: maximum MIP gap 100% (parameter set 1, 0 non-defaults)
  best:     maximum MIP gap 20.2% (parameter set 4, 3 non-defaults)
Total elapsed tuning time 79203s (7197s remaining, 1 running jobs)

-------------------------------------------------------------------------------

Testing candidate parameter set 12...

	MIPGap 0.01 (fixed)
	Threads 8 (fixed)
	SimplexPricing 3
	MIPFocus 2
	NoRelHeurTime 900
	PreSparsify 0

Solving model_000 (Min) with random seed #1 ... MIP gap 19.5%
Solving model_000 (Min) with random seed #2 ... MIP gap 20.0%


Tune time limit reached

-------------------------------------------------------------------------------

Tested 11 parameter sets in 86403.62s
Total optimization run time for up to 1 concurrent runs: 86403.45s

Baseline parameter set: maximum MIP gap 100%

	MIPGap 0.01 (fixed)
	Threads 8 (fixed)

 # Name              0        1        2      Avg  Std Dev      Max
 0 model_000     45.8%    48.1%     100%    64.6%    25.01     100%

Improved parameter set 1 (maximum MIP gap 20.2%):

	MIPGap 0.01 (fixed)
	Threads 8 (fixed)
	SimplexPricing 3
	MIPFocus 2
	NoRelHeurTime 900
	RINS 2500

 # Name              0        1        2      Avg  Std Dev      Max
 0 model_000     19.5%    19.9%    20.2%    19.9%     0.27    20.2%

Improved parameter set 2 (maximum MIP gap 20.2%):

	MIPGap 0.01 (fixed)
	Threads 8 (fixed)
	SimplexPricing 3
	MIPFocus 2
	NoRelHeurTime 900

 # Name              0        1        2      Avg  Std Dev      Max
 0 model_000     19.5%    19.9%    20.2%    19.9%     0.27    20.2%

Improved parameter set 3 (maximum MIP gap 21.4%):

	MIPGap 0.01 (fixed)
	Threads 8 (fixed)
	MIPFocus 2
	NoRelHeurTime 900

 # Name              0        1        2      Avg  Std Dev      Max
 0 model_000     21.4%    19.1%    19.4%    20.0%     1.01    21.4%

Improved parameter set 4 (maximum MIP gap 22.5%):

	MIPGap 0.01 (fixed)
	Threads 8 (fixed)
	NoRelHeurTime 900

 # Name              0        1        2      Avg  Std Dev      Max
 0 model_000     22.5%    21.3%    18.9%    20.9%     1.48    22.5%

