
Gurobi 13.0.1 (linux64) logging started Sun Apr 26 22:46:15 2026

Set parameter LogFile to value "outputs/llm_runs/trajectories/I1_P2_patchedit_scratch_gpt41mini/step_01/replay_attempt_01/candidate_01_solver.log"
Set parameter Threads to value 6
Gurobi Optimizer version 13.0.1 build v13.0.1rc0 (linux64 - "Red Hat Enterprise Linux 9.6 (Plow)")

CPU model: Intel(R) Xeon(R) Gold 6226 CPU @ 2.70GHz, instruction set [SSE2|AVX|AVX2|AVX512]
Thread count: 24 physical cores, 24 logical processors, using up to 6 threads

Non-default parameters:
TimeLimit  3600
LogToConsole  0
Threads  6

Optimize a model with 401011 rows, 677376 columns and 3575208 nonzeros (Min)
Model fingerprint: 0xaab0500c
Model has 439537 linear objective coefficients
Variable types: 0 continuous, 677376 integer (677376 binary)
Coefficient statistics:
  Matrix range     [1e+00, 2e+00]
  Objective range  [5e+00, 8e+02]
  Bounds range     [1e+00, 1e+00]
  RHS range        [1e+00, 1e+00]

Presolve removed 197212 rows and 195484 columns (presolve time = 5s)...
Presolve removed 197212 rows and 195484 columns (presolve time = 10s)...
Presolve removed 197212 rows and 195484 columns (presolve time = 15s)...
Presolve removed 197212 rows and 195484 columns (presolve time = 20s)...
Presolve removed 197212 rows and 195484 columns (presolve time = 25s)...
Presolve removed 197212 rows and 195484 columns (presolve time = 30s)...
Presolve removed 197212 rows and 195484 columns (presolve time = 35s)...
Presolve removed 197212 rows and 195484 columns (presolve time = 40s)...
Presolve removed 197212 rows and 195484 columns (presolve time = 45s)...
Presolve removed 197212 rows and 195484 columns (presolve time = 50s)...
Presolve removed 197212 rows and 195484 columns (presolve time = 55s)...
Presolve removed 197212 rows and 199159 columns
Presolve time: 58.32s
Presolved: 203799 rows, 478217 columns, 2009688 nonzeros
Variable types: 0 continuous, 478217 integer (478217 binary)
Deterministic concurrent LP optimizer: primal simplex, dual simplex, and barrier
Showing barrier log only...

Root barrier log...

Ordering time: 7.40s
Elapsed ordering time = 8s
Elapsed ordering time = 10s
Elapsed ordering time = 11s
Elapsed ordering time = 11s
Ordering time: 12.07s

Barrier statistics:
 Dense cols : 7172
 AA' NZ     : 1.261e+06
 Factor NZ  : 9.902e+07 (roughly 1.0 GB of memory)
 Factor Ops : 7.509e+11 (roughly 6 seconds per iteration)
 Threads    : 3

                  Objective                Residual
Iter       Primal          Dual         Primal    Dual     Compl     Time
   0   4.37645192e+08 -1.35821297e+08  1.53e+04 3.82e+02  3.80e+03    77s
   1   1.97101999e+08 -1.29159622e+08  7.42e+03 2.43e+01  1.44e+03    77s
   2   9.06305028e+07 -1.01052239e+08  3.27e+03 1.02e-12  6.03e+02    77s
   3   2.27098922e+07 -5.10298564e+07  5.37e+02 5.68e-13  1.37e+02    77s
   4   9.43166521e+06 -8.83715528e+06  8.76e+01 2.84e-13  2.88e+01    77s
   5   3.99930715e+06 -2.13064551e+06  2.57e+01 2.27e-13  9.71e+00    77s
   6   7.94248502e+05 -5.54183113e+05  4.50e+00 2.27e-13  2.09e+00    77s
   7   1.52512215e+05 -1.75890264e+05  7.50e-01 2.27e-13  4.76e-01    78s
   8   3.50147123e+04 -9.18285991e+04  1.61e-01 2.27e-13  1.70e-01    78s
   9   3.02827976e+04 -8.66233657e+04  1.34e-01 2.27e-13  1.53e-01    78s
  10   2.49542877e+04 -6.12256697e+04  1.06e-01 2.27e-13  1.12e-01    78s
  11   1.87251685e+04 -4.21270000e+04  7.22e-02 2.27e-13  7.98e-02    78s
  12   1.51313339e+04 -1.94029312e+04  5.17e-02 2.27e-13  4.64e-02    79s
  13   1.14226970e+04 -9.87065562e+03  3.09e-02 2.27e-13  2.91e-02    79s
  14   7.71055742e+03 -6.21864200e+03  1.08e-02 2.27e-13  1.85e-02    79s
  15   6.38544809e+03 -2.87789014e+03  5.11e-03 1.14e-13  1.22e-02    79s
  16   5.79241988e+03 -3.92928338e+02  3.38e-03 1.14e-13  8.16e-03    80s
  17   5.03075997e+03  1.04853343e+03  1.69e-03 1.14e-13  5.23e-03    80s
  18   4.69155176e+03  2.13264627e+03  1.09e-03 1.14e-13  3.36e-03    80s
  19   4.40865657e+03  2.66265797e+03  6.43e-04 2.27e-13  2.29e-03    81s
  20   4.14209596e+03  3.17395552e+03  2.50e-04 2.27e-13  1.26e-03    81s
  21   3.97904537e+03  3.68472696e+03  5.32e-05 2.27e-13  3.82e-04    90s
  22   3.94438980e+03  3.82077294e+03  1.87e-05 1.71e-13  1.60e-04    96s
  23   3.92816853e+03  3.87906380e+03  5.17e-06 2.27e-13  6.33e-05   102s
  24   3.92232153e+03  3.91914660e+03  8.23e-07 1.98e-09  4.18e-06   108s
  25   3.92129338e+03  3.92094334e+03  1.44e-07 8.51e-09  4.76e-07   114s
  26   3.92104482e+03  3.92101094e+03  1.46e-08 4.07e-09  4.52e-08   122s
  27   3.92102639e+03  3.92102495e+03  9.39e-09 2.65e-09  1.94e-09   129s
  28   3.92102563e+03  3.92102562e+03  1.03e-08 3.56e-07  4.42e-11   135s

Barrier solved model in 28 iterations and 134.76 seconds (100.09 work units)
Optimal objective 3.92102563e+03


Root crossover log...

   17204 DPushes remaining with DInf 0.0000000e+00               135s
    2693 DPushes remaining with DInf 0.0000000e+00               135s
       0 DPushes remaining with DInf 0.0000000e+00               138s

     785 PPushes remaining with PInf 5.5280127e-04               138s
       0 PPushes remaining with PInf 5.3447783e-01               138s

  Push phase complete: Pinf 5.3447783e-01, Dinf 3.2025547e+01    138s


Root simplex log...

Iteration    Objective       Primal Inf.    Dual Inf.      Time
   17925    3.9210253e+03   0.000000e+00   3.202555e+01    138s
   17979    3.9210257e+03   0.000000e+00   0.000000e+00    139s
Crossover time: 3.85 seconds (2.21 work units)
Concurrent spin time: 5.26s

Solved with barrier
   17979    3.9210257e+03   0.000000e+00   0.000000e+00    144s

Use crossover to convert LP symmetric solution to basic solution...

Root crossover log...

  201430 variables added to crossover basis                      145s
  202989 variables added to crossover basis                      150s
  203488 variables added to crossover basis                      155s

      74 DPushes remaining with DInf 0.0000000e+00               158s
       0 DPushes remaining with DInf 0.0000000e+00               159s

     691 PPushes remaining with PInf 0.0000000e+00               159s
       0 PPushes remaining with PInf 0.0000000e+00               159s

  Push phase complete: Pinf 0.0000000e+00, Dinf 2.2661297e-08    159s


Root simplex log...

Iteration    Objective       Primal Inf.    Dual Inf.      Time
   18674    3.9210257e+03   0.000000e+00   0.000000e+00    159s
Crossover time: 15.42 seconds (21.13 work units)

Root relaxation: objective 3.921026e+03, 18674 iterations, 99.16 seconds (89.48 work units)

    Nodes    |    Current Node    |     Objective Bounds      |     Work
 Expl Unexpl |  Obj  Depth IntInf | Incumbent    BestBd   Gap | It/Node Time

     0     0 3921.02565    0  552          - 3921.02565      -     -  342s
H    0     0                    6557.0000000 3921.02565  40.2%     -  345s
     0     0          -    0      6557.00000 3921.02565  40.2%     - 3600s

Cutting planes:
  Gomory: 1
  MIR: 34
  StrongCG: 1
  Zero half: 28
  RLT: 71
  BQP: 25

Explored 1 nodes (358982 simplex iterations) in 3600.09 seconds (2418.01 work units)
Thread count was 6 (of 24 available processors)

Solution count 1: 6557 

Time limit reached
Best objective 6.557000000000e+03, best bound 3.922000000000e+03, gap 40.1861%
