
Gurobi 13.0.1 (linux64) logging started Mon Apr 27 02:02:51 2026

Set parameter LogFile to value "outputs/llm_runs/trajectories/I5_P1_patchedit_auto_gpt41mini/step_01/attempt_01/candidate_01_solver.log"
Read solution from file outputs/solves/base/blockseq_n539_blocks16_slots24_seed42.sol
Gurobi Optimizer version 13.0.1 build v13.0.1rc0 (linux64 - "Red Hat Enterprise Linux 9.6 (Plow)")

CPU model: Intel(R) Xeon(R) Gold 6226 CPU @ 2.70GHz, instruction set [SSE2|AVX|AVX2|AVX512]
Thread count: 24 physical cores, 24 logical processors, using up to 6 threads

Non-default parameters:
TimeLimit  3600
MIPGap  0.01
NoRelHeurTime  900
RINS  2500
LogToConsole  0
PrePasses  2
Threads  6

Optimize a model with 401008 rows, 677376 columns and 3515880 nonzeros (Min)
Model fingerprint: 0x9bb818ee
Model has 271709 linear objective coefficients
Variable types: 0 continuous, 677376 integer (677376 binary)
Coefficient statistics:
  Matrix range     [1e+00, 2e+00]
  Objective range  [5e+00, 1e+03]
  Bounds range     [1e+00, 1e+00]
  RHS range        [1e+00, 1e+00]

User MIP start 0 did not produce a new incumbent solution
User MIP start 0 violates constraint reserved_virtual_slot[20] by 1.000000000
Warning: Completing partial solution with 677309 unfixed non-continuous variables out of 677376
User MIP start 1 produced solution with objective 12790 (1.05s)
Loaded user MIP start 1 with objective 12790
Processed 2 MIP starts in 1.04 seconds (0.65 work units)

Presolve removed 275872 rows and 323018 columns (presolve time = 5s)...
Presolve removed 291365 rows and 391816 columns (presolve time = 10s)...
Presolve removed 291366 rows and 391816 columns
Presolve time: 10.70s
Presolved: 109642 rows, 285560 columns, 1222460 nonzeros
Variable types: 0 continuous, 285560 integer (285560 binary)
Starting NoRel heuristic
Found heuristic solution: objective 11999.000000
Found heuristic solution: objective 8646.0000000
Elapsed time for NoRel heuristic: 7s (best bound 0)
Elapsed time for NoRel heuristic: 12s (best bound 0)
Found heuristic solution: objective 8166.0000000
Found heuristic solution: objective 7911.0000000
Found heuristic solution: objective 6519.0000000
Elapsed time for NoRel heuristic: 19s (best bound 0)
Found heuristic solution: objective 6200.0000000
Found heuristic solution: objective 6122.0000000
Found heuristic solution: objective 5923.0000000
Found heuristic solution: objective 5700.0000000
Elapsed time for NoRel heuristic: 31s (best bound 0)
Elapsed time for NoRel heuristic: 39s (best bound 0)
Found heuristic solution: objective 5659.0000000
Found heuristic solution: objective 5626.0000000
Found heuristic solution: objective 4452.0000000
Elapsed time for NoRel heuristic: 49s (best bound 0)
Found heuristic solution: objective 4019.0000000
Elapsed time for NoRel heuristic: 54s (best bound 0)
Found heuristic solution: objective 4014.0000000
Elapsed time for NoRel heuristic: 61s (best bound 0)
Found heuristic solution: objective 3955.0000000
Found heuristic solution: objective 3949.0000000
Elapsed time for NoRel heuristic: 66s (best bound 0)
Found heuristic solution: objective 3890.0000000
Elapsed time for NoRel heuristic: 72s (best bound 0)
Found heuristic solution: objective 3847.0000000
Elapsed time for NoRel heuristic: 78s (best bound 0)
Found heuristic solution: objective 3807.0000000
Elapsed time for NoRel heuristic: 86s (best bound 0)
Found heuristic solution: objective 3726.0000000
Elapsed time for NoRel heuristic: 93s (best bound 0)
Found heuristic solution: objective 3673.0000000
Found heuristic solution: objective 3597.0000000
Elapsed time for NoRel heuristic: 103s (best bound 0)
Elapsed time for NoRel heuristic: 110s (best bound 0)
Found heuristic solution: objective 3580.0000000
Found heuristic solution: objective 3573.0000000
Elapsed time for NoRel heuristic: 118s (best bound 0)
Found heuristic solution: objective 3528.0000000
Found heuristic solution: objective 3518.0000000
Elapsed time for NoRel heuristic: 124s (best bound 0)
Elapsed time for NoRel heuristic: 130s (best bound 0)
Elapsed time for NoRel heuristic: 138s (best bound 0)
Found heuristic solution: objective 3441.0000000
Elapsed time for NoRel heuristic: 145s (best bound 0)
Elapsed time for NoRel heuristic: 151s (best bound 0)
Elapsed time for NoRel heuristic: 159s (best bound 0)
Elapsed time for NoRel heuristic: 171s (best bound 0)
Found heuristic solution: objective 3418.0000000
Elapsed time for NoRel heuristic: 203s (best bound 0)
Found heuristic solution: objective 3383.0000000
Elapsed time for NoRel heuristic: 217s (best bound 0)
Found heuristic solution: objective 3368.0000000
Elapsed time for NoRel heuristic: 227s (best bound 0)
Elapsed time for NoRel heuristic: 239s (best bound 0)
Found heuristic solution: objective 3353.0000000
Elapsed time for NoRel heuristic: 254s (best bound 0)
Elapsed time for NoRel heuristic: 270s (best bound 0)
Found heuristic solution: objective 3349.0000000
Elapsed time for NoRel heuristic: 282s (best bound 0)
Found heuristic solution: objective 3323.0000000
Elapsed time for NoRel heuristic: 303s (best bound 0)
Elapsed time for NoRel heuristic: 320s (best bound 0)
Elapsed time for NoRel heuristic: 333s (best bound 0)
Elapsed time for NoRel heuristic: 355s (best bound 0)
Elapsed time for NoRel heuristic: 411s (best bound 0)
Elapsed time for NoRel heuristic: 456s (best bound 0)
Elapsed time for NoRel heuristic: 503s (best bound 0)
Elapsed time for NoRel heuristic: 589s (best bound 0)
Elapsed time for NoRel heuristic: 669s (best bound 0)
Elapsed time for NoRel heuristic: 766s (best bound 0)
Elapsed time for NoRel heuristic: 864s (best bound 0)
Elapsed time for NoRel heuristic: 998s (best bound 0)
NoRel heuristic complete
Deterministic concurrent LP optimizer: primal simplex, dual simplex, and barrier
Showing barrier log only...

Root barrier log...

Ordering time: 3.41s
Elapsed ordering time = 5s
Elapsed ordering time = 6s
Elapsed ordering time = 7s
Ordering time: 7.42s

Barrier statistics:
 Dense cols : 4080
 AA' NZ     : 6.803e+05
 Factor NZ  : 4.157e+07 (roughly 400 MB of memory)
 Factor Ops : 1.778e+11 (roughly 1 second per iteration)
 Threads    : 4

                  Objective                Residual
Iter       Primal          Dual         Primal    Dual     Compl     Time
   0   9.42981767e+08 -1.95413571e+08  5.88e+04 8.59e+02  2.63e+04  1020s
   1   7.13619437e+08 -2.00917461e+08  4.44e+04 1.31e+03  1.90e+04  1021s
   2   2.73319193e+08 -2.05321843e+08  1.68e+04 6.03e+02  7.43e+03  1022s
   3   5.44791723e+07 -1.92703765e+08  2.80e+03 1.27e-11  1.52e+03  1023s
   4   1.74951594e+07 -7.56702672e+07  5.45e+02 1.89e-11  3.44e+02  1024s
   5   1.17862018e+07 -3.86542279e+07  2.54e+02 8.64e-12  1.69e+02  1025s
   6   6.67151606e+06 -6.82174393e+06  8.24e+01 8.07e-12  4.66e+01  1027s
   7   9.04528797e+05 -7.85676272e+05  6.44e+00 1.00e-11  5.24e+00  1028s
   8   1.19488258e+05 -7.69434737e+04  7.83e-01 2.44e-10  5.97e-01  1029s
   9   2.21625291e+04 -2.76933348e+04  9.48e-02 1.09e-10  1.34e-01  1031s
  10   1.30199087e+04 -1.34790085e+04  3.90e-02 6.50e-11  6.95e-02  1032s
  11   7.81226748e+03 -1.02474856e+03  1.21e-02 2.29e-11  2.29e-02  1033s
  12   6.21313738e+03  5.10962416e+02  7.66e-03 1.73e-11  1.48e-02  1034s
  13   4.90770950e+03  1.17729302e+03  4.61e-03 2.00e-11  9.67e-03  1036s
  14   4.82292825e+03  1.27472754e+03  4.41e-03 2.09e-11  9.19e-03  1037s
  15   4.79999826e+03  1.46825601e+03  4.36e-03 2.59e-11  8.64e-03  1038s
  16   3.79070721e+03  1.82311372e+03  2.27e-03 2.53e-11  5.10e-03  1039s
  17   2.87252226e+03  2.27621717e+03  4.50e-04 3.24e-11  1.54e-03  1040s
  18   2.69453821e+03  2.52414456e+03  1.57e-04 8.84e-11  4.41e-04  1041s
  19   2.59294018e+03  2.57072589e+03  9.06e-06 1.78e-10  5.72e-05  1043s
  20   2.58435909e+03  2.58335442e+03  1.19e-07 3.04e-09  2.58e-06  1044s
  21   2.58400125e+03  2.58399934e+03  2.57e-10 2.68e-10  4.92e-09  1045s
  22   2.58400000e+03  2.58399997e+03  2.03e-12 7.99e-06  6.01e-11  1046s

Barrier solved model in 22 iterations and 1046.20 seconds (790.51 work units)
Optimal objective 2.58400000e+03


Root crossover log...

   10342 DPushes remaining with DInf 0.0000000e+00              1046s
       0 DPushes remaining with DInf 0.0000000e+00              1048s

    2349 PPushes remaining with PInf 0.0000000e+00              1048s
       0 PPushes remaining with PInf 0.0000000e+00              1048s

  Push phase complete: Pinf 0.0000000e+00, Dinf 7.1188353e-09   1048s


Root simplex log...

Iteration    Objective       Primal Inf.    Dual Inf.      Time
   12636    2.5840000e+03   0.000000e+00   0.000000e+00   1048s
Crossover time: 1.82 seconds (1.04 work units)
Concurrent spin time: 6.23s (can be avoided by choosing Method=3)

Solved with barrier
   12636    2.5840000e+03   0.000000e+00   0.000000e+00   1054s

Use crossover to convert LP symmetric solution to basic solution...

Root crossover log...

    8356 DPushes remaining with DInf 0.0000000e+00              1055s
     304 DPushes remaining with DInf 0.0000000e+00              1055s
       0 DPushes remaining with DInf 0.0000000e+00              1057s

     264 PPushes remaining with PInf 0.0000000e+00              1057s
       0 PPushes remaining with PInf 0.0000000e+00              1057s

  Push phase complete: Pinf 0.0000000e+00, Dinf 2.4273419e-09   1057s


Root simplex log...

Iteration    Objective       Primal Inf.    Dual Inf.      Time
   21193    2.5840000e+03   0.000000e+00   0.000000e+00   1057s
Crossover time: 2.43 seconds (1.76 work units)
   21193    2.5840000e+03   0.000000e+00   0.000000e+00   1057s

Root relaxation: objective 2.584000e+03, 21193 iterations, 46.50 seconds (35.05 work units)

    Nodes    |    Current Node    |     Objective Bounds      |     Work
 Expl Unexpl |  Obj  Depth IntInf | Incumbent    BestBd   Gap | It/Node Time

     0     0 2584.00000    0  213 3323.00000 2584.00000  22.2%     - 1222s
Another try with MIP start
     0     0 2620.13333    0  356 3323.00000 2620.13333  21.2%     - 3206s
     0     0          -    0      3323.00000 2620.13333  21.2%     - 3600s

Cutting planes:
  Clique: 4
  MIR: 23
  Zero half: 28
  RLT: 12
  BQP: 1

Explored 1 nodes (425231 simplex iterations) in 3600.06 seconds (2562.55 work units)
Thread count was 6 (of 24 available processors)

Solution count 10: 3323 3349 3353 ... 3573

Time limit reached
Best objective 3.323000000000e+03, best bound 2.621000000000e+03, gap 21.1255%
