
Gurobi 13.0.1 (linux64) logging started Sun Apr 26 21:43:29 2026

Set parameter LogFile to value "outputs/llm_runs/trajectories/I2_P3_patchedit_auto_gpt41mini/step_01/attempt_02/candidate_01_solver.log"
Gurobi Optimizer version 13.0.1 build v13.0.1rc0 (linux64 - "Red Hat Enterprise Linux 9.6 (Plow)")

CPU model: Intel(R) Xeon(R) Gold 6226R CPU @ 2.90GHz, instruction set [SSE2|AVX|AVX2|AVX512]
Thread count: 32 physical cores, 32 logical processors, using up to 6 threads

Non-default parameters:
TimeLimit  3600
MIPGap  0.01
MIPFocus  2
NoRelHeurTime  900
RINS  2500
LogToConsole  0
Threads  6

Optimize a model with 401010 rows, 677376 columns and 3532008 nonzeros (Min)
Model fingerprint: 0x81c1f4bb
Model has 351562 linear objective coefficients
Variable types: 0 continuous, 677376 integer (677376 binary)
Coefficient statistics:
  Matrix range     [1e+00, 2e+00]
  Objective range  [5e+00, 1e+03]
  Bounds range     [1e+00, 1e+00]
  RHS range        [1e+00, 1e+00]

Warning: Completing partial solution with 677309 unfixed non-continuous variables out of 677376
User MIP start produced solution with objective 12579 (1.01s)
Loaded user MIP start with objective 12579
Processed MIP start in 1.01 seconds (0.66 work units)

Presolve removed 238488 rows and 236760 columns (presolve time = 5s)...
Presolve removed 238488 rows and 236760 columns (presolve time = 10s)...
Presolve removed 238488 rows and 236760 columns (presolve time = 15s)...
Presolve removed 238488 rows and 236760 columns (presolve time = 20s)...
Presolve removed 238488 rows and 236760 columns (presolve time = 25s)...
Presolve removed 238488 rows and 236760 columns (presolve time = 30s)...
Presolve removed 238488 rows and 236760 columns (presolve time = 35s)...
Presolve removed 238488 rows and 236760 columns (presolve time = 40s)...
Presolve removed 238488 rows and 236760 columns (presolve time = 45s)...
Presolve removed 238488 rows and 236760 columns (presolve time = 50s)...
Presolve removed 238488 rows and 236760 columns (presolve time = 55s)...
Presolve removed 238488 rows and 236760 columns (presolve time = 60s)...
Presolve removed 238488 rows and 236760 columns (presolve time = 65s)...
Presolve removed 238488 rows and 236760 columns (presolve time = 70s)...
Presolve removed 238488 rows and 236760 columns (presolve time = 75s)...
Presolve removed 238488 rows and 236760 columns (presolve time = 80s)...
Presolve removed 238488 rows and 236760 columns (presolve time = 85s)...
Presolve removed 238488 rows and 236760 columns (presolve time = 90s)...
Presolve removed 238488 rows and 236760 columns (presolve time = 95s)...
Presolve removed 238488 rows and 236760 columns (presolve time = 100s)...
Presolve removed 238488 rows and 236760 columns (presolve time = 105s)...
Presolve removed 238488 rows and 236760 columns (presolve time = 110s)...
Presolve removed 238488 rows and 236760 columns (presolve time = 115s)...
Presolve removed 238488 rows and 236760 columns (presolve time = 120s)...
Presolve removed 238488 rows and 236760 columns (presolve time = 125s)...
Presolve removed 238488 rows and 236760 columns (presolve time = 130s)...
Presolve removed 238488 rows and 236760 columns (presolve time = 135s)...
Presolve removed 238488 rows and 236760 columns (presolve time = 140s)...
Presolve removed 238488 rows and 236760 columns (presolve time = 145s)...
Presolve removed 238488 rows and 236760 columns (presolve time = 150s)...
Presolve removed 238488 rows and 236760 columns (presolve time = 155s)...
Presolve removed 238488 rows and 236760 columns (presolve time = 160s)...
Presolve removed 238488 rows and 236760 columns (presolve time = 165s)...
Presolve removed 238488 rows and 236760 columns (presolve time = 170s)...
Presolve removed 238488 rows and 236760 columns (presolve time = 175s)...
Presolve removed 238488 rows and 236760 columns (presolve time = 180s)...
Presolve removed 238488 rows and 236760 columns (presolve time = 185s)...
Presolve removed 238488 rows and 236760 columns (presolve time = 190s)...
Presolve removed 238488 rows and 236760 columns (presolve time = 195s)...
Presolve removed 238488 rows and 236760 columns (presolve time = 200s)...
Presolve removed 238488 rows and 236760 columns (presolve time = 205s)...
Presolve removed 238488 rows and 236760 columns (presolve time = 210s)...
Presolve removed 238488 rows and 236760 columns (presolve time = 215s)...
Presolve removed 238488 rows and 236760 columns (presolve time = 220s)...
Presolve removed 238488 rows and 236760 columns (presolve time = 225s)...
Presolve removed 238488 rows and 236760 columns (presolve time = 230s)...
Presolve removed 238488 rows and 236760 columns (presolve time = 235s)...
Presolve removed 238488 rows and 236760 columns (presolve time = 240s)...
Presolve removed 238488 rows and 236760 columns (presolve time = 245s)...
Presolve removed 238488 rows and 236760 columns (presolve time = 250s)...
Presolve removed 238488 rows and 236760 columns (presolve time = 255s)...
Presolve removed 238488 rows and 236760 columns (presolve time = 262s)...
Presolve removed 238488 rows and 236760 columns (presolve time = 267s)...
Presolve removed 238488 rows and 236760 columns (presolve time = 272s)...
Presolve removed 238488 rows and 236760 columns (presolve time = 278s)...
Presolve removed 238488 rows and 236760 columns (presolve time = 283s)...
Presolve removed 238488 rows and 236760 columns (presolve time = 292s)...
Presolve removed 238488 rows and 236760 columns (presolve time = 297s)...
Presolve removed 238488 rows and 236760 columns (presolve time = 302s)...
Presolve removed 238488 rows and 236760 columns (presolve time = 308s)...
Presolve removed 238488 rows and 236760 columns (presolve time = 313s)...
Presolve removed 238488 rows and 236760 columns (presolve time = 318s)...
Presolve removed 238488 rows and 236760 columns (presolve time = 320s)...
Presolve removed 239225 rows and 267317 columns (presolve time = 325s)...
Presolve removed 239225 rows and 267317 columns (presolve time = 330s)...
Presolve removed 239225 rows and 267317 columns (presolve time = 335s)...
Presolve removed 239225 rows and 267317 columns (presolve time = 340s)...
Presolve removed 239225 rows and 267317 columns (presolve time = 345s)...
Presolve removed 239225 rows and 267317 columns (presolve time = 350s)...
Presolve removed 239225 rows and 267317 columns (presolve time = 355s)...
Presolve removed 239225 rows and 267317 columns (presolve time = 360s)...
Presolve removed 239225 rows and 267317 columns (presolve time = 365s)...
Presolve removed 239225 rows and 267317 columns (presolve time = 370s)...
Presolve removed 239225 rows and 267317 columns (presolve time = 375s)...
Presolve removed 239225 rows and 267317 columns (presolve time = 380s)...
Presolve removed 239225 rows and 267317 columns (presolve time = 385s)...
Presolve removed 239225 rows and 267317 columns (presolve time = 390s)...
Presolve removed 239225 rows and 267317 columns (presolve time = 395s)...
Presolve removed 239225 rows and 267317 columns (presolve time = 400s)...
Presolve removed 239225 rows and 267317 columns (presolve time = 405s)...
Presolve removed 239225 rows and 267317 columns (presolve time = 410s)...
Presolve removed 239225 rows and 267317 columns (presolve time = 415s)...
Presolve removed 239225 rows and 267317 columns (presolve time = 420s)...
Presolve removed 239225 rows and 267317 columns (presolve time = 425s)...
Presolve removed 239225 rows and 267317 columns (presolve time = 430s)...
Presolve removed 239225 rows and 267317 columns (presolve time = 435s)...
Presolve removed 239225 rows and 267317 columns (presolve time = 440s)...
Presolve removed 239225 rows and 267317 columns (presolve time = 445s)...
Presolve removed 239225 rows and 267317 columns (presolve time = 450s)...
Presolve removed 239225 rows and 267317 columns (presolve time = 455s)...
Presolve removed 239225 rows and 267317 columns (presolve time = 460s)...
Presolve removed 239225 rows and 267317 columns (presolve time = 465s)...
Presolve removed 239225 rows and 267317 columns (presolve time = 470s)...
Presolve removed 239225 rows and 267317 columns (presolve time = 475s)...
Presolve removed 239225 rows and 267317 columns (presolve time = 480s)...
Presolve removed 239225 rows and 267317 columns (presolve time = 485s)...
Presolve removed 239225 rows and 267317 columns (presolve time = 490s)...
Presolve removed 239225 rows and 267317 columns (presolve time = 495s)...
Presolve removed 239225 rows and 267317 columns (presolve time = 500s)...
Presolve removed 239225 rows and 267317 columns (presolve time = 505s)...
Presolve removed 239225 rows and 267317 columns (presolve time = 510s)...
Presolve removed 239225 rows and 267317 columns (presolve time = 515s)...
Presolve removed 239225 rows and 267317 columns (presolve time = 520s)...
Presolve removed 239225 rows and 267317 columns (presolve time = 525s)...
Presolve removed 239225 rows and 267317 columns (presolve time = 530s)...
Presolve removed 239225 rows and 267317 columns (presolve time = 535s)...
Presolve removed 239225 rows and 267317 columns (presolve time = 540s)...
Presolve removed 239225 rows and 267317 columns (presolve time = 545s)...
Presolve removed 239225 rows and 267317 columns (presolve time = 550s)...
Presolve removed 239225 rows and 267317 columns (presolve time = 555s)...
Presolve removed 239225 rows and 267317 columns (presolve time = 560s)...
Presolve removed 239225 rows and 267317 columns (presolve time = 565s)...
Presolve removed 239225 rows and 267317 columns (presolve time = 570s)...
Presolve removed 239225 rows and 267317 columns (presolve time = 575s)...
Presolve removed 239225 rows and 267317 columns (presolve time = 580s)...
Presolve removed 239225 rows and 267317 columns (presolve time = 585s)...
Presolve removed 239225 rows and 267317 columns (presolve time = 590s)...
Presolve removed 239225 rows and 267317 columns (presolve time = 595s)...
Presolve removed 239225 rows and 267317 columns (presolve time = 600s)...
Presolve removed 239705 rows and 284299 columns (presolve time = 605s)...
Presolve removed 239705 rows and 284299 columns (presolve time = 610s)...
Presolve removed 239705 rows and 284299 columns (presolve time = 615s)...
Presolve removed 239705 rows and 284299 columns (presolve time = 621s)...
Presolve removed 239705 rows and 284299 columns (presolve time = 626s)...
Presolve removed 239705 rows and 284299 columns (presolve time = 632s)...
Presolve removed 239705 rows and 284299 columns (presolve time = 637s)...
Presolve removed 239705 rows and 284299 columns (presolve time = 642s)...
Presolve removed 239705 rows and 284299 columns (presolve time = 648s)...
Presolve removed 239705 rows and 284299 columns (presolve time = 653s)...
Presolve removed 239705 rows and 284299 columns (presolve time = 658s)...
Presolve removed 239705 rows and 284299 columns (presolve time = 663s)...
Presolve removed 239705 rows and 284299 columns (presolve time = 669s)...
Presolve removed 239705 rows and 284299 columns (presolve time = 674s)...
Presolve removed 239705 rows and 284299 columns (presolve time = 679s)...
Presolve removed 239705 rows and 284299 columns (presolve time = 684s)...
Presolve removed 239705 rows and 284299 columns (presolve time = 690s)...
Presolve removed 239705 rows and 284299 columns (presolve time = 695s)...
Presolve removed 239705 rows and 284299 columns (presolve time = 700s)...
Presolve removed 239705 rows and 284299 columns (presolve time = 707s)...
Presolve removed 239705 rows and 284299 columns (presolve time = 712s)...
Presolve removed 239705 rows and 284299 columns (presolve time = 717s)...
Presolve removed 239705 rows and 284299 columns (presolve time = 723s)...
Presolve removed 239705 rows and 284299 columns (presolve time = 728s)...
Presolve removed 239705 rows and 284299 columns (presolve time = 733s)...
Presolve removed 239705 rows and 284299 columns (presolve time = 738s)...
Presolve removed 239705 rows and 284299 columns (presolve time = 744s)...
Presolve removed 239705 rows and 284299 columns (presolve time = 749s)...
Presolve removed 239705 rows and 284299 columns (presolve time = 754s)...
Presolve removed 239705 rows and 284299 columns (presolve time = 759s)...
Presolve removed 239705 rows and 284299 columns (presolve time = 765s)...
Presolve removed 239705 rows and 284299 columns (presolve time = 770s)...
Presolve removed 239705 rows and 284299 columns (presolve time = 775s)...
Presolve removed 239705 rows and 284299 columns (presolve time = 781s)...
Presolve removed 239705 rows and 284299 columns (presolve time = 786s)...
Presolve removed 239705 rows and 284299 columns (presolve time = 791s)...
Presolve removed 239705 rows and 284299 columns (presolve time = 796s)...
Presolve removed 239705 rows and 284299 columns (presolve time = 802s)...
Presolve removed 239705 rows and 284299 columns (presolve time = 807s)...
Presolve removed 239705 rows and 284299 columns (presolve time = 812s)...
Presolve removed 239705 rows and 284299 columns (presolve time = 817s)...
Presolve removed 239705 rows and 284299 columns (presolve time = 823s)...
Presolve removed 239705 rows and 284299 columns (presolve time = 828s)...
Presolve removed 239705 rows and 284299 columns (presolve time = 833s)...
Presolve removed 239705 rows and 284299 columns (presolve time = 838s)...
Presolve removed 239705 rows and 284299 columns (presolve time = 844s)...
Presolve removed 239705 rows and 292121 columns (presolve time = 900s)...
Presolve removed 239983 rows and 292127 columns (presolve time = 900s)...
Presolve removed 239983 rows and 292127 columns (presolve time = 905s)...
Presolve removed 239983 rows and 292127 columns (presolve time = 910s)...
Presolve removed 239983 rows and 292127 columns (presolve time = 915s)...
Presolve removed 239983 rows and 292127 columns (presolve time = 920s)...
Presolve removed 239983 rows and 292127 columns (presolve time = 925s)...
Presolve removed 239983 rows and 292127 columns (presolve time = 930s)...
Presolve removed 239983 rows and 292127 columns (presolve time = 935s)...
Presolve removed 239983 rows and 292127 columns (presolve time = 940s)...
Presolve removed 239983 rows and 292127 columns (presolve time = 945s)...
Presolve removed 239983 rows and 292127 columns (presolve time = 950s)...
Presolve removed 239983 rows and 292127 columns (presolve time = 955s)...
Presolve removed 239983 rows and 292127 columns (presolve time = 960s)...
Presolve removed 239983 rows and 292127 columns (presolve time = 965s)...
Presolve removed 239983 rows and 292127 columns (presolve time = 970s)...
Presolve removed 239983 rows and 292127 columns (presolve time = 975s)...
Presolve removed 239983 rows and 292127 columns (presolve time = 980s)...
Presolve removed 239983 rows and 292127 columns (presolve time = 985s)...
Presolve removed 239983 rows and 292127 columns (presolve time = 990s)...
Presolve removed 239983 rows and 292127 columns (presolve time = 995s)...
Presolve removed 239983 rows and 292127 columns (presolve time = 1000s)...
Presolve removed 239983 rows and 292127 columns (presolve time = 1005s)...
Presolve removed 239983 rows and 292127 columns (presolve time = 1010s)...
Presolve removed 239983 rows and 292127 columns (presolve time = 1015s)...
Presolve removed 239983 rows and 292127 columns (presolve time = 1020s)...
Presolve removed 239983 rows and 292127 columns (presolve time = 1025s)...
Presolve removed 239983 rows and 292127 columns (presolve time = 1030s)...
Presolve removed 239983 rows and 292127 columns (presolve time = 1035s)...
Presolve removed 239983 rows and 292127 columns (presolve time = 1040s)...
Presolve removed 239983 rows and 292127 columns (presolve time = 1045s)...
Presolve removed 239983 rows and 292127 columns (presolve time = 1050s)...
Presolve removed 239983 rows and 292127 columns (presolve time = 1055s)...
Presolve removed 239983 rows and 292127 columns (presolve time = 1060s)...
Presolve removed 240028 rows and 294495 columns (presolve time = 1065s)...
Presolve removed 240028 rows and 294495 columns
Presolve time: 1067.22s
Presolved: 160982 rows, 382881 columns, 1626864 nonzeros
Variable types: 0 continuous, 382881 integer (382881 binary)
Starting NoRel heuristic
Found heuristic solution: objective 12432.000000
Found heuristic solution: objective 12289.000000
Elapsed time for NoRel heuristic: 9s (best bound 0)
Elapsed time for NoRel heuristic: 15s (best bound 0)
Found heuristic solution: objective 12080.000000
Found heuristic solution: objective 11952.000000
Found heuristic solution: objective 11578.000000
Found heuristic solution: objective 11439.000000
Elapsed time for NoRel heuristic: 65s (best bound 0)
Found heuristic solution: objective 10753.000000
Elapsed time for NoRel heuristic: 70s (best bound 0)
Elapsed time for NoRel heuristic: 77s (best bound 0)
Elapsed time for NoRel heuristic: 83s (best bound 0)
Elapsed time for NoRel heuristic: 92s (best bound 0)
Elapsed time for NoRel heuristic: 98s (best bound 0)
Elapsed time for NoRel heuristic: 103s (best bound 0)
Elapsed time for NoRel heuristic: 109s (best bound 0)
Elapsed time for NoRel heuristic: 115s (best bound 0)
Found heuristic solution: objective 10492.000000
Found heuristic solution: objective 10324.000000
Elapsed time for NoRel heuristic: 167s (best bound 0)
Elapsed time for NoRel heuristic: 232s (best bound 0)
Found heuristic solution: objective 10281.000000
Elapsed time for NoRel heuristic: 238s (best bound 0)
Elapsed time for NoRel heuristic: 247s (best bound 0)
Found heuristic solution: objective 10038.000000
Elapsed time for NoRel heuristic: 356s (best bound 0)
Found heuristic solution: objective 10027.000000
Elapsed time for NoRel heuristic: 435s (best bound 0)
Found heuristic solution: objective 9854.0000000
Elapsed time for NoRel heuristic: 502s (best bound 0)
Elapsed time for NoRel heuristic: 571s (best bound 0)
Found heuristic solution: objective 9838.0000000
Elapsed time for NoRel heuristic: 639s (best bound 0)
Found heuristic solution: objective 9719.0000000
Elapsed time for NoRel heuristic: 711s (best bound 0)
Elapsed time for NoRel heuristic: 771s (best bound 0)
Elapsed time for NoRel heuristic: 849s (best bound 0)
Found heuristic solution: objective 9576.0000000
Elapsed time for NoRel heuristic: 920s (best bound 0)
NoRel heuristic complete
Root relaxation presolve removed 14 rows and 0 columns
Root relaxation presolved: 160968 rows, 382881 columns, 1567897 nonzeros

Deterministic concurrent LP optimizer: primal simplex, dual simplex, and barrier
Showing barrier log only...

Root barrier log...

Elapsed ordering time = 5s
Ordering time: 7.62s
Elapsed ordering time = 8s
Elapsed ordering time = 10s
Elapsed ordering time = 12s
Elapsed ordering time = 14s
Elapsed ordering time = 15s
Elapsed ordering time = 17s
Elapsed ordering time = 19s
Elapsed ordering time = 20s
Ordering time: 21.66s

Barrier statistics:
 Dense cols : 6455
 AA' NZ     : 2.088e+06
 Factor NZ  : 1.414e+08 (roughly 1.4 GB of memory)
 Factor Ops : 1.156e+12 (roughly 7 seconds per iteration)
 Threads    : 4

                  Objective                Residual
Iter       Primal          Dual         Primal    Dual     Compl     Time
   0   1.70404550e+08 -1.06091223e+08  2.44e+04 1.96e+02  1.22e+03  2018s
   1   8.26567056e+07 -8.03651205e+07  1.12e+04 5.69e+01  4.90e+02  2018s
   2   3.91593434e+07 -4.14501612e+07  4.70e+03 5.12e-13  1.78e+02  2018s
   3   1.36752412e+07 -9.97051756e+06  1.08e+03 4.26e-13  4.16e+01  2019s
   4   3.02409654e+06 -2.19776503e+06  1.69e+02 4.09e-13  8.15e+00  2019s
   5   5.30138307e+05 -5.84967125e+05  2.58e+01 3.86e-13  1.61e+00  2019s
   6   1.19814919e+05 -1.34973768e+05  5.02e+00 4.00e-13  3.49e-01  2019s
   7   2.26282420e+04 -5.06292085e+04  7.47e-01 3.91e-13  8.87e-02  2019s
   8   1.95329887e+04 -4.06321065e+04  5.96e-01 3.12e-13  7.58e-02  2019s
   9   1.57780868e+04 -3.30778422e+04  4.18e-01 3.66e-13  6.21e-02  2019s
  10   1.36766576e+04 -1.55008555e+04  3.12e-01 3.28e-13  4.08e-02  2020s
  11   1.01780629e+04 -7.31798233e+03  1.27e-01 3.35e-13  2.35e-02  2020s
  12   9.11274705e+03 -4.49247887e+03  6.45e-02 3.09e-13  1.73e-02  2020s
  13   7.85709657e+03 -4.85441759e+02  1.41e-02 3.00e-13  9.92e-03  2020s
  14   7.36471651e+03  1.30167217e+03  3.68e-03 3.00e-13  6.94e-03  2021s
  15   7.10722293e+03  2.76873546e+03  1.72e-03 3.42e-13  4.93e-03  2022s
  16   6.82211961e+03  5.07471024e+03  4.28e-04 1.24e-05  1.97e-03  2029s
  17   6.66368444e+03  6.10453442e+03  4.98e-05 3.91e-06  6.26e-04  2037s
  18   6.62654866e+03  6.40434806e+03  1.04e-05 1.55e-06  2.48e-04  2045s
  19   6.61446691e+03  6.58713562e+03  2.16e-06 1.59e-07  3.10e-05  2053s
  20   6.60961781e+03  6.60858895e+03  1.68e-07 2.12e-07  1.20e-06  2062s
  21   6.60914743e+03  6.60912575e+03  6.06e-08 3.37e-09  2.66e-08  2070s
  22   6.60913119e+03  6.60913110e+03  1.54e-09 7.88e-10  1.34e-10  2078s
  23   6.60913119e+03  6.60913110e+03  1.48e-09 5.21e-07  1.29e-10  2086s
  24   6.60913115e+03  6.60913115e+03  5.98e-11 7.97e-08  2.11e-12  2094s

Barrier solved model in 24 iterations and 2093.82 seconds (1320.07 work units)
Optimal objective 6.60913115e+03


Root crossover log...

   21286 DPushes remaining with DInf 0.0000000e+00              2094s
    1003 DPushes remaining with DInf 0.0000000e+00              2095s
     273 DPushes remaining with DInf 0.0000000e+00              2101s
       0 DPushes remaining with DInf 0.0000000e+00              2103s

     956 PPushes remaining with PInf 0.0000000e+00              2103s
       0 PPushes remaining with PInf 0.0000000e+00              2103s

  Push phase complete: Pinf 0.0000000e+00, Dinf 1.0616925e-06   2103s


Root simplex log...

Iteration    Objective       Primal Inf.    Dual Inf.      Time
   22186    6.6091311e+03   0.000000e+00   0.000000e+00   2104s
Crossover time: 9.72 seconds (4.40 work units)
Concurrent spin time: 0.02s

Solved with barrier
   22186    6.6091311e+03   0.000000e+00   0.000000e+00   2104s

Root relaxation: objective 6.609131e+03, 22186 iterations, 114.66 seconds (81.78 work units)

    Nodes    |    Current Node    |     Objective Bounds      |     Work
 Expl Unexpl |  Obj  Depth IntInf | Incumbent    BestBd   Gap | It/Node Time

     0     0 6609.13115    0  543 9576.00000 6609.13115  31.0%     - 2121s
     0     0 6717.56978    0  429 9576.00000 6717.56978  29.8%     - 2650s
     0     0 6717.56978    0  415 9576.00000 6717.56978  29.8%     - 2953s
     0     0 6737.36013    0  568 9576.00000 6737.36013  29.6%     - 3096s
     0     0 6747.13979    0  649 9576.00000 6747.13979  29.5%     - 3190s
     0     0 6763.05183    0  678 9576.00000 6763.05183  29.4%     - 3310s
     0     0 6763.10091    0  719 9576.00000 6763.10091  29.4%     - 3325s
     0     0 6763.11745    0  721 9576.00000 6763.11745  29.4%     - 3327s
     0     0 6769.16569    0  697 9576.00000 6769.16569  29.3%     - 3426s
     0     0 6769.40725    0  756 9576.00000 6769.40725  29.3%     - 3440s
     0     0 6769.41350    0  757 9576.00000 6769.41350  29.3%     - 3442s
     0     0 6771.74547    0  747 9576.00000 6771.74547  29.3%     - 3539s
     0     0 6772.17942    0  799 9576.00000 6772.17942  29.3%     - 3556s
     0     0 6772.20105    0  801 9576.00000 6772.20105  29.3%     - 3560s
     0     0 6772.20879    0  795 9576.00000 6772.20879  29.3%     - 3563s

Cutting planes:
  Gomory: 1
  Lift-and-project: 4
  Implied bound: 55
  Flow cover: 349
  Zero half: 71
  RLT: 39
  Relax-and-lift: 2

Explored 1 nodes (162411 simplex iterations) in 3601.64 seconds (2702.33 work units)
Thread count was 6 (of 32 available processors)

Solution count 10: 9576 9719 9838 ... 10753

Time limit reached
Best objective 9.576000000000e+03, best bound 6.773000000000e+03, gap 29.2711%
