
Gurobi 13.0.1 (linux64) logging started Mon Apr 27 00:57:32 2026

Set parameter LogFile to value "outputs/llm_runs/trajectories/I4_P2_patchedit_auto_gpt41mini/step_01/attempt_01/candidate_01_solver.log"
Gurobi Optimizer version 13.0.1 build v13.0.1rc0 (linux64 - "Red Hat Enterprise Linux 9.6 (Plow)")

CPU model: Intel(R) Xeon(R) Gold 6226 CPU @ 2.70GHz, instruction set [SSE2|AVX|AVX2|AVX512]
Thread count: 24 physical cores, 24 logical processors, using up to 6 threads

Non-default parameters:
TimeLimit  3600
MIPGap  0.01
DegenMoves  0
MIPFocus  2
NoRelHeurTime  900
LogToConsole  0
Threads  6

Optimize a model with 401010 rows, 677376 columns and 3563112 nonzeros (Min)
Model fingerprint: 0xd2a1665e
Model has 395750 linear objective coefficients
Variable types: 0 continuous, 677376 integer (677376 binary)
Coefficient statistics:
  Matrix range     [1e+00, 2e+00]
  Objective range  [5e+00, 8e+02]
  Bounds range     [1e+00, 1e+00]
  RHS range        [1e+00, 1e+00]

Warning: Completing partial solution with 677309 unfixed non-continuous variables out of 677376
User MIP start produced solution with objective 10855 (1.03s)
Loaded user MIP start with objective 10855
Processed MIP start in 1.02 seconds (0.67 work units)

Presolve removed 218211 rows and 216483 columns (presolve time = 5s)...
Presolve removed 218211 rows and 216483 columns (presolve time = 10s)...
Presolve removed 218211 rows and 216483 columns (presolve time = 15s)...
Presolve removed 218211 rows and 216483 columns (presolve time = 20s)...
Presolve removed 218211 rows and 216483 columns (presolve time = 25s)...
Presolve removed 218211 rows and 216483 columns (presolve time = 30s)...
Presolve removed 218211 rows and 216483 columns (presolve time = 35s)...
Presolve removed 218211 rows and 216483 columns (presolve time = 40s)...
Presolve removed 218211 rows and 216483 columns (presolve time = 45s)...
Presolve removed 218211 rows and 216483 columns (presolve time = 50s)...
Presolve removed 218211 rows and 216483 columns (presolve time = 55s)...
Presolve removed 218211 rows and 216483 columns (presolve time = 60s)...
Presolve removed 218211 rows and 216483 columns (presolve time = 65s)...
Presolve removed 218211 rows and 216483 columns (presolve time = 70s)...
Presolve removed 218211 rows and 216483 columns (presolve time = 75s)...
Presolve removed 218211 rows and 216483 columns (presolve time = 80s)...
Presolve removed 218211 rows and 216483 columns (presolve time = 85s)...
Presolve removed 218211 rows and 216483 columns (presolve time = 90s)...
Presolve removed 218211 rows and 216483 columns (presolve time = 95s)...
Presolve removed 218211 rows and 216483 columns (presolve time = 100s)...
Presolve removed 218211 rows and 216483 columns (presolve time = 105s)...
Presolve removed 218211 rows and 216483 columns (presolve time = 110s)...
Presolve removed 218211 rows and 216483 columns (presolve time = 115s)...
Presolve removed 218211 rows and 216483 columns (presolve time = 120s)...
Presolve removed 218211 rows and 216483 columns (presolve time = 125s)...
Presolve removed 218211 rows and 216483 columns (presolve time = 130s)...
Presolve removed 218211 rows and 216483 columns (presolve time = 135s)...
Presolve removed 218211 rows and 216483 columns (presolve time = 140s)...
Presolve removed 218211 rows and 216483 columns (presolve time = 145s)...
Presolve removed 218211 rows and 216483 columns (presolve time = 150s)...
Presolve removed 218211 rows and 216483 columns (presolve time = 155s)...
Presolve removed 218211 rows and 216483 columns (presolve time = 160s)...
Presolve removed 218211 rows and 216483 columns (presolve time = 165s)...
Presolve removed 218211 rows and 216483 columns (presolve time = 170s)...
Presolve removed 218211 rows and 216483 columns (presolve time = 175s)...
Presolve removed 218211 rows and 216483 columns (presolve time = 180s)...
Presolve removed 218211 rows and 216483 columns (presolve time = 185s)...
Presolve removed 218211 rows and 216483 columns (presolve time = 190s)...
Presolve removed 218211 rows and 216483 columns (presolve time = 195s)...
Presolve removed 218211 rows and 216483 columns (presolve time = 200s)...
Presolve removed 218211 rows and 216483 columns (presolve time = 205s)...
Presolve removed 218211 rows and 216483 columns (presolve time = 210s)...
Presolve removed 218211 rows and 216483 columns (presolve time = 215s)...
Presolve removed 218211 rows and 216483 columns (presolve time = 220s)...
Presolve removed 218211 rows and 216483 columns (presolve time = 225s)...
Presolve removed 218211 rows and 216483 columns (presolve time = 230s)...
Presolve removed 218211 rows and 216483 columns (presolve time = 235s)...
Presolve removed 218211 rows and 216483 columns (presolve time = 240s)...
Presolve removed 218211 rows and 216483 columns (presolve time = 245s)...
Presolve removed 218211 rows and 216483 columns (presolve time = 255s)...
Presolve removed 218211 rows and 216483 columns (presolve time = 261s)...
Presolve removed 218211 rows and 216483 columns (presolve time = 266s)...
Presolve removed 218211 rows and 216483 columns (presolve time = 271s)...
Presolve removed 218211 rows and 216483 columns (presolve time = 277s)...
Presolve removed 218211 rows and 216483 columns (presolve time = 282s)...
Presolve removed 218211 rows and 216483 columns (presolve time = 287s)...
Presolve removed 218211 rows and 216483 columns (presolve time = 292s)...
Presolve removed 218211 rows and 216483 columns (presolve time = 298s)...
Presolve removed 218211 rows and 216483 columns (presolve time = 303s)...
Presolve removed 218211 rows and 216483 columns (presolve time = 308s)...
Presolve removed 218211 rows and 216483 columns (presolve time = 313s)...
Presolve removed 218211 rows and 216483 columns (presolve time = 319s)...
Presolve removed 218877 rows and 244781 columns (presolve time = 320s)...
Presolve removed 218877 rows and 244781 columns (presolve time = 325s)...
Presolve removed 218877 rows and 244781 columns (presolve time = 330s)...
Presolve removed 218877 rows and 244781 columns (presolve time = 335s)...
Presolve removed 218877 rows and 244781 columns (presolve time = 340s)...
Presolve removed 218877 rows and 244781 columns (presolve time = 345s)...
Presolve removed 218877 rows and 244781 columns (presolve time = 350s)...
Presolve removed 218877 rows and 244781 columns (presolve time = 355s)...
Presolve removed 218877 rows and 244781 columns (presolve time = 360s)...
Presolve removed 218877 rows and 244781 columns (presolve time = 365s)...
Presolve removed 218877 rows and 244781 columns (presolve time = 370s)...
Presolve removed 218877 rows and 244781 columns (presolve time = 375s)...
Presolve removed 218877 rows and 244781 columns (presolve time = 380s)...
Presolve removed 218877 rows and 244781 columns (presolve time = 385s)...
Presolve removed 218877 rows and 244781 columns (presolve time = 390s)...
Presolve removed 218877 rows and 244781 columns (presolve time = 395s)...
Presolve removed 218877 rows and 244781 columns (presolve time = 400s)...
Presolve removed 218877 rows and 244781 columns (presolve time = 405s)...
Presolve removed 218877 rows and 244781 columns (presolve time = 413s)...
Presolve removed 218877 rows and 244781 columns (presolve time = 418s)...
Presolve removed 218877 rows and 244781 columns (presolve time = 424s)...
Presolve removed 218877 rows and 244781 columns (presolve time = 429s)...
Presolve removed 218877 rows and 244781 columns (presolve time = 434s)...
Presolve removed 218877 rows and 244781 columns (presolve time = 439s)...
Presolve removed 218877 rows and 244781 columns (presolve time = 445s)...
Presolve removed 218877 rows and 244781 columns (presolve time = 450s)...
Presolve removed 218877 rows and 244781 columns (presolve time = 455s)...
Presolve removed 218877 rows and 244781 columns (presolve time = 460s)...
Presolve removed 218877 rows and 244781 columns (presolve time = 466s)...
Presolve removed 218877 rows and 248059 columns (presolve time = 517s)...
Presolve removed 218955 rows and 248059 columns (presolve time = 520s)...
Presolve removed 218955 rows and 248059 columns
Presolve time: 520.41s
Presolved: 182055 rows, 429317 columns, 1694395 nonzeros
Variable types: 0 continuous, 429317 integer (429317 binary)
Starting NoRel heuristic
Found heuristic solution: objective 10316.000000
Found heuristic solution: objective 9162.0000000
Elapsed time for NoRel heuristic: 6s (best bound 0)
Found heuristic solution: objective 8623.0000000
Found heuristic solution: objective 8098.0000000
Elapsed time for NoRel heuristic: 12s (best bound 0)
Found heuristic solution: objective 8025.0000000
Elapsed time for NoRel heuristic: 20s (best bound 0)
Found heuristic solution: objective 7876.0000000
Found heuristic solution: objective 7388.0000000
Found heuristic solution: objective 7305.0000000
Found heuristic solution: objective 7151.0000000
Found heuristic solution: objective 6572.0000000
Elapsed time for NoRel heuristic: 34s (best bound 0)
Elapsed time for NoRel heuristic: 41s (best bound 0)
Elapsed time for NoRel heuristic: 75s (best bound 0)
Elapsed time for NoRel heuristic: 80s (best bound 0)
Elapsed time for NoRel heuristic: 116s (best bound 0)
Found heuristic solution: objective 6512.0000000
Found heuristic solution: objective 6151.0000000
Elapsed time for NoRel heuristic: 177s (best bound 0)
Elapsed time for NoRel heuristic: 215s (best bound 0)
Elapsed time for NoRel heuristic: 233s (best bound 0)
Elapsed time for NoRel heuristic: 269s (best bound 0)
Found heuristic solution: objective 6088.0000000
Elapsed time for NoRel heuristic: 280s (best bound 0)
Elapsed time for NoRel heuristic: 315s (best bound 0)
Found heuristic solution: objective 5978.0000000
Elapsed time for NoRel heuristic: 351s (best bound 0)
Found heuristic solution: objective 5955.0000000
Found heuristic solution: objective 5935.0000000
Elapsed time for NoRel heuristic: 396s (best bound 0)
Elapsed time for NoRel heuristic: 428s (best bound 0)
Found heuristic solution: objective 5929.0000000
Found heuristic solution: objective 5916.0000000
Found heuristic solution: objective 5915.0000000
Elapsed time for NoRel heuristic: 443s (best bound 0)
Found heuristic solution: objective 5828.0000000
Elapsed time for NoRel heuristic: 488s (best bound 0)
Elapsed time for NoRel heuristic: 541s (best bound 0)
Found heuristic solution: objective 5731.0000000
Elapsed time for NoRel heuristic: 588s (best bound 0)
Found heuristic solution: objective 5721.0000000
Elapsed time for NoRel heuristic: 631s (best bound 0)
Found heuristic solution: objective 5634.0000000
Elapsed time for NoRel heuristic: 675s (best bound 0)
Elapsed time for NoRel heuristic: 724s (best bound 0)
Found heuristic solution: objective 5609.0000000
Elapsed time for NoRel heuristic: 772s (best bound 0)
Found heuristic solution: objective 5581.0000000
Elapsed time for NoRel heuristic: 823s (best bound 0)
Elapsed time for NoRel heuristic: 879s (best bound 0)
Elapsed time for NoRel heuristic: 941s (best bound 0)
NoRel heuristic complete
Root relaxation presolve removed 0 rows and 0 columns (presolve time = 5s)...
Root relaxation presolved: 182055 rows, 429317 columns, 1694395 nonzeros

Deterministic concurrent LP optimizer: primal simplex, dual simplex, and barrier
Showing barrier log only...

Root barrier log...

Ordering time: 9.61s
Elapsed ordering time = 10s
Elapsed ordering time = 10s
Elapsed ordering time = 15s
Elapsed ordering time = 17s
Elapsed ordering time = 20s
Elapsed ordering time = 20s
Elapsed ordering time = 23s
Elapsed ordering time = 25s
Elapsed ordering time = 26s
Ordering time: 28.67s

Barrier statistics:
 Dense cols : 7410
 AA' NZ     : 2.224e+06
 Factor NZ  : 1.640e+08 (roughly 1.6 GB of memory)
 Factor Ops : 1.428e+12 (roughly 9 seconds per iteration)
 Threads    : 4

                  Objective                Residual
Iter       Primal          Dual         Primal    Dual     Compl     Time
   0   8.49134638e+08 -7.82388656e+07  1.15e+05 8.70e+01  3.51e+03  1500s
   1   4.02353169e+08 -8.04507238e+07  5.36e+04 3.12e+01  1.47e+03  1500s
   2   1.53269697e+08 -7.76892643e+07  2.02e+04 5.68e-13  5.70e+02  1500s
   3   3.40007172e+07 -5.08916633e+07  3.38e+03 5.12e-13  1.29e+02  1501s
   4   1.37058982e+07 -1.00401884e+07  8.85e+02 2.27e-13  3.05e+01  1501s
   5   2.93584725e+06 -2.31666795e+06  1.42e+02 1.71e-13  6.26e+00  1501s
   6   6.14442453e+05 -6.03822190e+05  2.69e+01 2.27e-13  1.42e+00  1501s
   7   1.64967267e+05 -1.30235082e+05  6.43e+00 1.71e-13  3.43e-01  1501s
   8   2.54401461e+04 -3.85498876e+04  6.72e-01 1.71e-13  6.79e-02  1501s
   9   1.39679042e+04 -1.75928580e+04  2.77e-01 1.42e-13  3.23e-02  1501s
  10   1.15306307e+04 -9.61794990e+03  1.99e-01 1.14e-13  2.18e-02  1502s
  11   9.50915522e+03 -5.59724757e+03  1.33e-01 1.71e-13  1.56e-02  1502s
  12   7.02455841e+03 -2.80415215e+03  5.50e-02 1.14e-13  9.99e-03  1502s
  13   5.25167812e+03  5.47354419e+01  9.91e-03 1.14e-13  5.23e-03  1502s
  14   4.85076123e+03  1.14618028e+03  4.46e-03 1.14e-13  3.70e-03  1503s
  15   4.61460750e+03  2.43291135e+03  2.27e-03 1.14e-13  2.18e-03  1503s
  16   4.43864908e+03  3.02952515e+03  1.05e-03 1.14e-13  1.40e-03  1504s
  17   4.27649737e+03  3.42560462e+03  2.46e-04 1.71e-13  8.41e-04  1518s
  18   4.18663643e+03  3.80701921e+03  4.40e-05 1.14e-13  3.74e-04  1526s
  19   4.15679547e+03  3.96423072e+03  1.42e-05 1.14e-13  1.90e-04  1535s
  20   4.14229073e+03  4.10466039e+03  2.93e-06 1.14e-13  3.71e-05  1544s
  21   4.13664150e+03  4.13076855e+03  2.30e-07 9.66e-13  5.79e-06  1554s
  22   4.13550280e+03  4.13513630e+03  1.07e-08 8.45e-10  3.61e-07  1563s
  23   4.13543468e+03  4.13542651e+03  3.75e-09 1.23e-10  8.10e-09  1573s
  24   4.13543229e+03  4.13543228e+03  1.82e-09 4.36e-10  8.68e-12  1582s

Barrier solved model in 24 iterations and 1581.81 seconds (936.16 work units)
Optimal objective 4.13543229e+03


Root crossover log...

   20407 DPushes remaining with DInf 0.0000000e+00              1582s
     472 DPushes remaining with DInf 0.0000000e+00              1585s
       0 DPushes remaining with DInf 0.0000000e+00              1589s

    7694 PPushes remaining with PInf 0.0000000e+00              1589s
    4700 PPushes remaining with PInf 0.0000000e+00              1590s
       0 PPushes remaining with PInf 0.0000000e+00              1593s

  Push phase complete: Pinf 0.0000000e+00, Dinf 3.0404151e+00   1593s


Root simplex log...

Iteration    Objective       Primal Inf.    Dual Inf.      Time
   28031    4.1354323e+03   0.000000e+00   3.040415e+00   1593s
   28205    4.1354323e+03   0.000000e+00   0.000000e+00   1595s
Crossover time: 13.09 seconds (10.37 work units)
Concurrent spin time: 0.11s

Solved with barrier
   28205    4.1354323e+03   0.000000e+00   0.000000e+00   1595s

Root relaxation: objective 4.135432e+03, 28205 iterations, 132.13 seconds (104.34 work units)

    Nodes    |    Current Node    |     Objective Bounds      |     Work
 Expl Unexpl |  Obj  Depth IntInf | Incumbent    BestBd   Gap | It/Node Time

     0     0 4135.43228    0  724 5581.00000 4135.43228  25.9%     - 1638s
     0     0          -    0      5581.00000 4135.43228  25.9%     - 3600s

Cutting planes:
  Lift-and-project: 20
  Implied bound: 15
  StrongCG: 1
  Flow cover: 38
  Zero half: 40
  RLT: 25
  BQP: 5

Explored 1 nodes (225896 simplex iterations) in 3600.06 seconds (2383.56 work units)
Thread count was 6 (of 24 available processors)

Solution count 10: 5581 5609 5634 ... 5935

Time limit reached
Best objective 5.581000000000e+03, best bound 4.136000000000e+03, gap 25.8914%
