
Gurobi 13.0.1 (linux64) logging started Sun Apr 26 21:41:41 2026

Set parameter LogFile to value "outputs/llm_runs/trajectories/I1_P3_patchedit_auto_gpt41/step_01/attempt_01/candidate_01_solver.log"
Gurobi Optimizer version 13.0.1 build v13.0.1rc0 (linux64 - "Red Hat Enterprise Linux 9.6 (Plow)")

CPU model: Intel(R) Xeon(R) Gold 6226 CPU @ 2.70GHz, instruction set [SSE2|AVX|AVX2|AVX512]
Thread count: 24 physical cores, 24 logical processors, using up to 6 threads

Non-default parameters:
TimeLimit  3600
MIPGap  0.01
BranchDir  -1
LogToConsole  0
Threads  6

Optimize a model with 401011 rows, 677376 columns and 3553320 nonzeros (Min)
Model fingerprint: 0x8f6010f0
Model has 439537 linear objective coefficients
Variable types: 0 continuous, 677376 integer (677376 binary)
Coefficient statistics:
  Matrix range     [1e+00, 2e+00]
  Objective range  [5e+00, 8e+02]
  Bounds range     [1e+00, 1e+00]
  RHS range        [1e+00, 1e+00]

Warning: Completing partial solution with 677309 unfixed non-continuous variables out of 677376
User MIP start produced solution with objective 10171 (1.09s)
Loaded user MIP start with objective 10171
Processed MIP start in 1.09 seconds (0.68 work units)

Presolve removed 197212 rows and 195484 columns (presolve time = 5s)...
Presolve removed 197212 rows and 195484 columns (presolve time = 10s)...
Presolve removed 197212 rows and 195484 columns (presolve time = 15s)...
Presolve removed 197212 rows and 195484 columns (presolve time = 20s)...
Presolve removed 197212 rows and 195484 columns (presolve time = 25s)...
Presolve removed 197212 rows and 195484 columns (presolve time = 30s)...
Presolve removed 197212 rows and 195484 columns (presolve time = 35s)...
Presolve removed 197212 rows and 195484 columns (presolve time = 40s)...
Presolve removed 197212 rows and 195484 columns (presolve time = 45s)...
Presolve removed 197212 rows and 195484 columns (presolve time = 50s)...
Presolve removed 197212 rows and 195484 columns (presolve time = 55s)...
Presolve removed 197212 rows and 199174 columns
Presolve time: 57.01s
Presolved: 203799 rows, 478202 columns, 1990370 nonzeros
Variable types: 0 continuous, 478202 integer (478202 binary)
Deterministic concurrent LP optimizer: primal simplex, dual simplex, and barrier
Showing barrier log only...

Root barrier log...

Ordering time: 7.70s
Elapsed ordering time = 8s
Elapsed ordering time = 10s
Elapsed ordering time = 11s
Elapsed ordering time = 12s
Ordering time: 12.55s

Barrier statistics:
 Dense cols : 7161
 AA' NZ     : 1.246e+06
 Factor NZ  : 9.876e+07 (roughly 1.0 GB of memory)
 Factor Ops : 7.418e+11 (roughly 5 seconds per iteration)
 Threads    : 4

                  Objective                Residual
Iter       Primal          Dual         Primal    Dual     Compl     Time
   0   4.24334761e+08 -1.34799360e+08  1.48e+04 3.64e+02  3.67e+03    75s
   1   1.90315279e+08 -1.27662666e+08  7.11e+03 2.51e+01  1.38e+03    75s
   2   8.62041999e+07 -9.85574974e+07  3.09e+03 9.09e-13  5.68e+02    75s
   3   2.47727463e+07 -4.81246657e+07  6.25e+02 5.68e-13  1.41e+02    76s
   4   9.29708789e+06 -8.35634868e+06  9.45e+01 2.84e-13  2.81e+01    76s
   5   2.99795327e+06 -2.08157946e+06  2.17e+01 2.27e-13  8.00e+00    76s
   6   5.86715053e+05 -4.89914963e+05  3.64e+00 2.27e-13  1.66e+00    76s
   7   1.11267785e+05 -1.49963819e+05  5.69e-01 1.71e-13  3.74e-01    76s
   8   2.04956470e+04 -1.01771568e+05  6.82e-02 2.27e-13  1.61e-01    76s
   9   1.91440936e+04 -8.63220186e+04  6.18e-02 2.27e-13  1.35e-01    76s
  10   1.71272261e+04 -6.67110253e+04  5.23e-02 2.27e-13  1.09e-01    76s
  11   1.59094286e+04 -4.17628228e+04  4.65e-02 1.14e-13  8.06e-02    77s
  12   1.40449280e+04 -2.79635371e+04  3.77e-02 2.27e-13  6.01e-02    77s
  13   1.05906187e+04 -1.74805943e+04  1.98e-02 1.14e-13  3.96e-02    77s
  14   8.32743410e+03 -9.16772540e+03  9.03e-03 1.71e-13  2.51e-02    77s
  15   6.74761960e+03 -4.90249864e+03  3.20e-03 1.14e-13  1.61e-02    78s
  16   5.92486622e+03 -1.14528781e+03  1.25e-03 1.14e-13  9.60e-03    78s
  17   5.23246323e+03  2.07272580e+03  2.59e-04 8.45e-06  4.17e-03    81s
  18   4.95100858e+03  3.35773815e+03  4.18e-05 4.44e-06  2.06e-03    86s
  19   4.86568036e+03  4.05844059e+03  1.21e-05 2.25e-06  1.04e-03    90s
  20   4.82721997e+03  4.42483958e+03  4.73e-06 1.11e-06  5.18e-04    95s
  21   4.80020576e+03  4.67841274e+03  8.73e-07 4.07e-07  1.57e-04    99s
  22   4.79162056e+03  4.77136964e+03  1.41e-07 1.89e-06  2.64e-05   104s
  23   4.78965515e+03  4.78580123e+03  4.40e-08 3.27e-07  5.06e-06   110s
  24   4.78940775e+03  4.78720977e+03  2.02e-08 1.91e-07  2.87e-06   116s
  25   4.78924973e+03  4.78916208e+03  5.00e-09 1.18e-08  1.29e-07   121s
  26   4.78920557e+03  4.78920545e+03  8.02e-11 1.70e-09  1.73e-10   126s
  27   4.78920551e+03  4.78920551e+03  8.03e-10 1.45e-09  1.29e-13   130s

Barrier solved model in 27 iterations and 130.25 seconds (99.39 work units)
Optimal objective 4.78920551e+03


Root crossover log...

   17510 DPushes remaining with DInf 0.0000000e+00               130s
     161 DPushes remaining with DInf 0.0000000e+00               135s
       0 DPushes remaining with DInf 0.0000000e+00               136s

      93 PPushes remaining with PInf 0.0000000e+00               136s
       0 PPushes remaining with PInf 0.0000000e+00               136s

  Push phase complete: Pinf 0.0000000e+00, Dinf 1.8047388e-08    136s


Root simplex log...

Iteration    Objective       Primal Inf.    Dual Inf.      Time
   17539    4.7892055e+03   0.000000e+00   0.000000e+00    137s
Crossover time: 6.29 seconds (2.77 work units)
Concurrent spin time: 12.44s (can be avoided by choosing Method=3)

Solved with barrier
   17539    4.7892055e+03   0.000000e+00   0.000000e+00    149s

Use crossover to convert LP symmetric solution to basic solution...

Root crossover log...

  202444 variables added to crossover basis                      150s
  203640 variables added to crossover basis                      155s

      76 DPushes remaining with DInf 0.0000000e+00               156s
       0 DPushes remaining with DInf 0.0000000e+00               157s

     379 PPushes remaining with PInf 0.0000000e+00               157s
       0 PPushes remaining with PInf 0.0000000e+00               157s

  Push phase complete: Pinf 0.0000000e+00, Dinf 2.3215749e-08    157s


Root simplex log...

Iteration    Objective       Primal Inf.    Dual Inf.      Time
   17924    4.7892055e+03   0.000000e+00   0.000000e+00    158s
Crossover time: 8.44 seconds (10.55 work units)

Root relaxation: objective 4.789206e+03, 17924 iterations, 99.00 seconds (77.54 work units)

    Nodes    |    Current Node    |     Objective Bounds      |     Work
 Expl Unexpl |  Obj  Depth IntInf | Incumbent    BestBd   Gap | It/Node Time

     0     0 4789.20551    0  456 10171.0000 4789.20551  52.9%     -  172s
H    0     0                    8675.0000000 4789.20551  44.8%     -  173s
H    0     0                    8615.0000000 4789.20551  44.4%     -  174s
     0     0          -    0      8615.00000 4789.20551  44.4%     - 3600s

Cutting planes:
  Gomory: 1
  Clique: 1
  MIR: 39
  StrongCG: 2
  Zero half: 39
  RLT: 54
  BQP: 20

Explored 1 nodes (241115 simplex iterations) in 3600.06 seconds (4831.03 work units)
Thread count was 6 (of 24 available processors)

Solution count 3: 8615 8675 10171 

Time limit reached
Best objective 8.615000000000e+03, best bound 4.790000000000e+03, gap 44.3993%
