
Gurobi 13.0.1 (linux64) logging started Mon Apr 27 00:57:06 2026

Set parameter LogFile to value "outputs/llm_runs/trajectories/I3_P4_patchedit_scratch_gpt41mini/step_01/replay_attempt_01/candidate_01_solver.log"
Set parameter Threads to value 6
Gurobi Optimizer version 13.0.1 build v13.0.1rc0 (linux64 - "Red Hat Enterprise Linux 9.6 (Plow)")

CPU model: Intel(R) Xeon(R) Gold 6226 CPU @ 2.70GHz, instruction set [SSE2|AVX|AVX2|AVX512]
Thread count: 24 physical cores, 24 logical processors, using up to 6 threads

Non-default parameters:
TimeLimit  3600
LogToConsole  0
Threads  6

Optimize a model with 468866 rows, 796875 columns and 4147475 nonzeros (Min)
Model fingerprint: 0x6f46aaf6
Model has 333584 linear objective coefficients
Variable types: 0 continuous, 796875 integer (796875 binary)
Coefficient statistics:
  Matrix range     [1e+00, 2e+00]
  Objective range  [2e+01, 2e+03]
  Bounds range     [1e+00, 1e+00]
  RHS range        [1e+00, 1e+00]

Presolve removed 314630 rows and 312755 columns (presolve time = 5s)...
Presolve removed 314630 rows and 312755 columns (presolve time = 10s)...
Presolve removed 314630 rows and 312755 columns (presolve time = 15s)...
Presolve removed 314630 rows and 312755 columns (presolve time = 20s)...
Presolve removed 314630 rows and 312755 columns (presolve time = 25s)...
Presolve removed 314630 rows and 312755 columns (presolve time = 30s)...
Presolve removed 314630 rows and 312755 columns (presolve time = 35s)...
Presolve removed 314630 rows and 312755 columns (presolve time = 40s)...
Presolve removed 314630 rows and 312755 columns (presolve time = 45s)...
Presolve removed 314630 rows and 312755 columns (presolve time = 50s)...
Presolve removed 314630 rows and 312755 columns (presolve time = 55s)...
Presolve removed 314630 rows and 316506 columns (presolve time = 60s)...
Presolve removed 314630 rows and 316506 columns
Presolve time: 61.04s
Presolved: 154236 rows, 480369 columns, 2172966 nonzeros
Variable types: 0 continuous, 480369 integer (480369 binary)
Deterministic concurrent LP optimizer: primal simplex, dual simplex, and barrier
Showing barrier log only...

Root barrier log...

Ordering time: 3.80s
Elapsed ordering time = 5s
Elapsed ordering time = 5s
Elapsed ordering time = 6s
Elapsed ordering time = 7s
Elapsed ordering time = 7s
Ordering time: 7.58s

Barrier statistics:
 Dense cols : 4351
 AA' NZ     : 7.468e+05
 Factor NZ  : 4.817e+07 (roughly 500 MB of memory)
 Factor Ops : 2.426e+11 (roughly 2 seconds per iteration)
 Threads    : 3

                  Objective                Residual
Iter       Primal          Dual         Primal    Dual     Compl     Time
   0   5.47375129e+08 -4.15745971e+08  5.41e+03 1.71e+03  1.58e+04    74s
   1   2.54328453e+08 -3.76485540e+08  2.55e+03 6.53e+01  5.91e+03    74s
   2   9.84302599e+07 -2.48379802e+08  7.48e+02 5.46e-12  1.85e+03    74s
   3   3.63447816e+07 -7.25890708e+07  9.44e+01 3.64e-12  3.51e+02    74s
   4   1.80636325e+07 -1.25568642e+07  2.56e+01 1.82e-12  9.93e+01    74s
   5   7.43292423e+06 -7.40882503e+06  1.05e+01 1.82e-12  4.66e+01    74s
   6   3.13829739e+06 -1.41895267e+06  4.37e+00 1.82e-12  1.62e+01    74s
   7   5.70943406e+05 -4.16555454e+05  6.90e-01 2.73e-12  3.19e+00    74s
   8   3.42623994e+05 -3.21084659e+05  4.08e-01 2.73e-12  2.02e+00    74s
   9   1.34517894e+05 -2.02209970e+05  1.62e-01 1.82e-12  9.32e-01    74s
  10   9.40349161e+04 -1.33344358e+05  1.13e-01 2.73e-12  6.10e-01    74s
  11   5.78661804e+04 -9.00746982e+04  6.52e-02 1.82e-12  3.80e-01    74s
  12   4.75567918e+04 -6.31851981e+04  5.23e-02 1.82e-12  2.80e-01    74s
  13   3.49638994e+04 -4.18247616e+04  3.65e-02 1.82e-12  1.91e-01    74s
  14   1.11660695e+04 -2.12429285e+04  5.57e-03 1.82e-12  7.54e-02    74s
  15   8.87477570e+03 -1.40053705e+04  3.39e-03 1.82e-12  5.29e-02    75s
  16   7.11847282e+03 -8.26791674e+03  2.31e-03 1.82e-12  3.54e-02    75s
  17   6.09074729e+03 -2.09845653e+03  1.48e-03 1.82e-12  1.89e-02    75s
  18   5.24274541e+03 -1.75287889e+02  9.85e-04 1.82e-12  1.25e-02    75s
  19   4.90409456e+03  9.95766031e+02  7.77e-04 1.82e-12  9.03e-03    75s
  20   4.60346623e+03  1.28002888e+03  6.23e-04 1.82e-12  7.66e-03    75s
  21   4.17703472e+03  2.01626157e+03  3.81e-04 1.82e-12  4.98e-03    78s
  22   3.69355639e+03  2.57099330e+03  1.38e-04 1.82e-12  2.57e-03    81s
  23   3.36381610e+03  3.11435927e+03  2.40e-05 2.73e-12  5.69e-04    83s
  24   3.29514657e+03  3.22530770e+03  6.36e-06 2.73e-12  1.60e-04    85s
  25   3.27556982e+03  3.24094759e+03  2.03e-06 1.82e-12  7.86e-05    88s
  26   3.26551470e+03  3.26382323e+03  7.95e-08 4.54e-09  3.88e-06    90s
  27   3.26460328e+03  3.26459515e+03  4.76e-10 2.24e-09  1.90e-08    92s
  28   3.26460000e+03  3.26460000e+03  3.24e-10 1.69e-10  1.90e-11    95s

Barrier solved model in 28 iterations and 94.69 seconds (67.59 work units)
Optimal objective 3.26460000e+03


Root crossover log...

   11983 DPushes remaining with DInf 0.0000000e+00                95s
     413 DPushes remaining with DInf 0.0000000e+00                95s
       0 DPushes remaining with DInf 0.0000000e+00                96s

    1068 PPushes remaining with PInf 0.0000000e+00                96s
       0 PPushes remaining with PInf 0.0000000e+00                96s

  Push phase complete: Pinf 0.0000000e+00, Dinf 3.7500172e-09     96s


Root simplex log...

Iteration    Objective       Primal Inf.    Dual Inf.      Time
   12992    3.2646000e+03   0.000000e+00   0.000000e+00     96s
Crossover time: 1.72 seconds (0.81 work units)
Concurrent spin time: 0.00s

Solved with barrier
   12992    3.2646000e+03   0.000000e+00   0.000000e+00     96s

Use crossover to convert LP symmetric solution to basic solution...

Root crossover log...

   13565 DPushes remaining with DInf 0.0000000e+00                97s
     132 DPushes remaining with DInf 0.0000000e+00               100s
       0 DPushes remaining with DInf 0.0000000e+00               102s

    1028 PPushes remaining with PInf 0.0000000e+00               102s
       0 PPushes remaining with PInf 0.0000000e+00               102s

  Push phase complete: Pinf 0.0000000e+00, Dinf 4.5754732e-09    102s


Root simplex log...

Iteration    Objective       Primal Inf.    Dual Inf.      Time
   27505    3.2646000e+03   0.000000e+00   0.000000e+00    102s
Crossover time: 5.43 seconds (3.57 work units)

Root relaxation: objective 3.264600e+03, 27505 iterations, 38.90 seconds (31.10 work units)

    Nodes    |    Current Node    |     Objective Bounds      |     Work
 Expl Unexpl |  Obj  Depth IntInf | Incumbent    BestBd   Gap | It/Node Time

     0     0 3264.60000    0  335          - 3264.60000      -     -  331s
H    0     0                    7643.0000000 3264.60000  57.3%     -  433s
     0     0          -    0      7643.00000 3264.60000  57.3%     - 3600s

Cutting planes:
  Clique: 1
  MIR: 2
  Zero half: 11
  RLT: 20
  BQP: 6

Explored 1 nodes (325901 simplex iterations) in 3600.07 seconds (4607.73 work units)
Thread count was 6 (of 24 available processors)

Solution count 1: 7643 

Time limit reached
Best objective 7.643000000000e+03, best bound 3.265000000000e+03, gap 57.2812%
