
Gurobi 13.0.1 (linux64) logging started Mon Apr 27 02:58:20 2026

Set parameter LogFile to value "outputs/llm_runs/trajectories/I5_P3_patchedit_auto_gpt41/step_01/attempt_01/candidate_01_solver.log"
Gurobi Optimizer version 13.0.1 build v13.0.1rc0 (linux64 - "Red Hat Enterprise Linux 9.6 (Plow)")

CPU model: Intel(R) Xeon(R) Gold 6226 CPU @ 2.70GHz, instruction set [SSE2|AVX|AVX2|AVX512]
Thread count: 24 physical cores, 24 logical processors, using up to 6 threads

Non-default parameters:
TimeLimit  3600
MIPGap  0.01
NoRelHeurTime  900
RINS  2500
LogToConsole  0
PrePasses  2
Threads  6

Optimize a model with 401006 rows, 677376 columns and 3458280 nonzeros (Min)
Model fingerprint: 0x6cbc92e6
Model has 271709 linear objective coefficients
Variable types: 0 continuous, 677376 integer (677376 binary)
Coefficient statistics:
  Matrix range     [1e+00, 2e+00]
  Objective range  [5e+00, 1e+03]
  Bounds range     [1e+00, 1e+00]
  RHS range        [1e+00, 1e+00]

Warning: Completing partial solution with 677309 unfixed non-continuous variables out of 677376
User MIP start produced solution with objective 12790 (1.00s)
Loaded user MIP start with objective 12790

Presolve removed 275872 rows and 274144 columns (presolve time = 5s)...
Presolve removed 275872 rows and 274144 columns (presolve time = 10s)...
Presolve removed 275872 rows and 274144 columns (presolve time = 15s)...
Presolve removed 275872 rows and 274144 columns (presolve time = 20s)...
Presolve removed 275872 rows and 274144 columns (presolve time = 25s)...
Presolve removed 275872 rows and 274144 columns (presolve time = 30s)...
Presolve removed 275872 rows and 274144 columns (presolve time = 35s)...
Presolve removed 275872 rows and 274144 columns (presolve time = 40s)...
Presolve removed 275872 rows and 274144 columns (presolve time = 45s)...
Presolve removed 275872 rows and 274144 columns (presolve time = 50s)...
Presolve removed 275872 rows and 277320 columns (presolve time = 55s)...
Presolve removed 275872 rows and 277320 columns
Presolve time: 55.15s
Presolved: 125134 rows, 400056 columns, 1772024 nonzeros
Variable types: 0 continuous, 400056 integer (400056 binary)
Starting NoRel heuristic
Found heuristic solution: objective 11209.000000
Elapsed time for NoRel heuristic: 10s (best bound 0)
Elapsed time for NoRel heuristic: 17s (best bound 0)
Elapsed time for NoRel heuristic: 30s (best bound 0)
Elapsed time for NoRel heuristic: 39s (best bound 0)
Found heuristic solution: objective 11187.000000
Found heuristic solution: objective 10826.000000
Found heuristic solution: objective 10585.000000
Found heuristic solution: objective 10503.000000
Elapsed time for NoRel heuristic: 56s (best bound 0)
Elapsed time for NoRel heuristic: 63s (best bound 0)
Elapsed time for NoRel heuristic: 71s (best bound 0)
Elapsed time for NoRel heuristic: 76s (best bound 0)
Elapsed time for NoRel heuristic: 84s (best bound 0)
Found heuristic solution: objective 10310.000000
Found heuristic solution: objective 9965.0000000
Found heuristic solution: objective 9874.0000000
Elapsed time for NoRel heuristic: 110s (best bound 0)
Elapsed time for NoRel heuristic: 117s (best bound 0)
Elapsed time for NoRel heuristic: 127s (best bound 0)
Elapsed time for NoRel heuristic: 139s (best bound 0)
Elapsed time for NoRel heuristic: 149s (best bound 0)
Found heuristic solution: objective 9855.0000000
Elapsed time for NoRel heuristic: 176s (best bound 0)
Elapsed time for NoRel heuristic: 193s (best bound 0)
Elapsed time for NoRel heuristic: 198s (best bound 0)
Found heuristic solution: objective 9854.0000000
Found heuristic solution: objective 9823.0000000
Elapsed time for NoRel heuristic: 237s (best bound 0)
Found heuristic solution: objective 9607.0000000
Elapsed time for NoRel heuristic: 258s (best bound 0)
Elapsed time for NoRel heuristic: 278s (best bound 0)
Found heuristic solution: objective 9432.0000000
Elapsed time for NoRel heuristic: 295s (best bound 0)
Elapsed time for NoRel heuristic: 311s (best bound 0)
Elapsed time for NoRel heuristic: 322s (best bound 0)
Elapsed time for NoRel heuristic: 354s (best bound 0)
Found heuristic solution: objective 9301.0000000
Elapsed time for NoRel heuristic: 403s (best bound 0)
Elapsed time for NoRel heuristic: 430s (best bound 0)
Elapsed time for NoRel heuristic: 461s (best bound 0)
Found heuristic solution: objective 9237.0000000
Elapsed time for NoRel heuristic: 484s (best bound 0)
Elapsed time for NoRel heuristic: 519s (best bound 0)
Elapsed time for NoRel heuristic: 547s (best bound 0)
Elapsed time for NoRel heuristic: 584s (best bound 0)
Elapsed time for NoRel heuristic: 692s (best bound 0)
Elapsed time for NoRel heuristic: 787s (best bound 0)
Elapsed time for NoRel heuristic: 905s (best bound 0)
NoRel heuristic complete
Deterministic concurrent LP optimizer: primal simplex, dual simplex, and barrier
Showing barrier log only...

Root barrier log...

Ordering time: 3.35s
Elapsed ordering time = 5s
Elapsed ordering time = 6s
Ordering time: 6.50s

Barrier statistics:
 Dense cols : 3349
 AA' NZ     : 6.824e+05
 Factor NZ  : 3.470e+07 (roughly 400 MB of memory)
 Factor Ops : 1.461e+11 (roughly 1 second per iteration)
 Threads    : 4

                  Objective                Residual
Iter       Primal          Dual         Primal    Dual     Compl     Time
   0   2.35623910e+08 -1.49446306e+08  3.88e+03 9.51e+02  5.82e+03   970s
   1   1.04624347e+08 -1.30882279e+08  1.67e+03 1.16e+01  2.13e+03   970s
   2   3.49057488e+07 -7.76703816e+07  4.65e+02 1.82e-12  6.27e+02   970s
   3   1.07682539e+07 -1.91133398e+07  5.92e+01 9.09e-13  1.16e+02   970s
   4   5.83090249e+06 -3.12058601e+06  1.92e+01 6.82e-13  3.66e+01   970s
   5   2.03486057e+06 -1.48892822e+06  6.32e+00 6.82e-13  1.38e+01   970s
   6   7.00431470e+05 -3.85405802e+05  1.98e+00 9.09e-13  4.42e+00   970s
   7   1.19757383e+05 -1.02873905e+05  3.73e-01 9.09e-13  8.24e-01   970s
   8   9.21523758e+04 -9.65112530e+04  2.77e-01 9.09e-13  6.72e-01   970s
   9   8.36690342e+04 -7.92444022e+04  2.48e-01 9.09e-13  5.86e-01   970s
  10   6.12186979e+04 -6.84123242e+04  1.71e-01 4.55e-13  4.54e-01   970s
  11   4.67670440e+04 -5.85498115e+04  1.22e-01 1.36e-12  3.61e-01   970s
  12   4.01055142e+04 -3.71245829e+04  1.00e-01 4.55e-13  2.70e-01   971s
  13   3.16278867e+04 -3.07915932e+04  7.36e-02 9.09e-13  2.15e-01   971s
  14   1.71744283e+04 -1.39063590e+04  2.80e-02 9.09e-13  1.05e-01   971s
  15   1.27834321e+04 -1.04585048e+03  1.46e-02 9.09e-13  4.92e-02   971s
  16   8.76995373e+03  1.41436641e+03  3.63e-03 4.55e-13  2.39e-02   971s
  17   7.66223965e+03  3.15964715e+03  1.61e-03 6.82e-13  1.43e-02   971s
  18   6.75863597e+03  4.48481203e+03  3.67e-04 2.41e-04  6.82e-03   972s
  19   6.38536545e+03  5.63921912e+03  5.68e-05 8.26e-05  2.18e-03   973s
  20   6.28386409e+03  6.01211084e+03  8.91e-06 3.24e-05  7.85e-04   974s
  21   6.25652901e+03  6.23840338e+03  4.68e-07 1.77e-06  5.24e-05   975s
  22   6.25379763e+03  6.25272265e+03  4.76e-08 8.57e-07  3.23e-06   977s
  23   6.25347372e+03  6.25346958e+03  1.25e-08 3.96e-08  1.47e-08   978s
  24   6.25347097e+03  6.25347097e+03  9.04e-12 7.09e-09  1.47e-11   979s

Barrier solved model in 24 iterations and 979.00 seconds (602.90 work units)
Optimal objective 6.25347097e+03


Root crossover log...

   10317 DPushes remaining with DInf 0.0000000e+00               979s
      67 DPushes remaining with DInf 0.0000000e+00               980s
       0 DPushes remaining with DInf 0.0000000e+00               980s

      74 PPushes remaining with PInf 0.0000000e+00               980s
       0 PPushes remaining with PInf 0.0000000e+00               980s

  Push phase complete: Pinf 0.0000000e+00, Dinf 1.3701879e-08    980s


Root simplex log...

Iteration    Objective       Primal Inf.    Dual Inf.      Time
   10335    6.2534710e+03   0.000000e+00   0.000000e+00    980s
Crossover time: 1.33 seconds (0.82 work units)
Concurrent spin time: 0.01s

Solved with barrier
   10335    6.2534710e+03   0.000000e+00   0.000000e+00    980s

Use crossover to convert LP symmetric solution to basic solution...

Root crossover log...

    9768 DPushes remaining with DInf 0.0000000e+00               981s
       0 DPushes remaining with DInf 0.0000000e+00               985s

    2850 PPushes remaining with PInf 0.0000000e+00               985s
    2346 PPushes remaining with PInf 0.0000000e+00               985s
       0 PPushes remaining with PInf 0.0000000e+00               985s

  Push phase complete: Pinf 0.0000000e+00, Dinf 3.4734853e-08    985s


Root simplex log...

Iteration    Objective       Primal Inf.    Dual Inf.      Time
   22883    6.2534710e+03   0.000000e+00   0.000000e+00    985s
Crossover time: 4.90 seconds (3.34 work units)

Root relaxation: objective 6.253471e+03, 22883 iterations, 24.09 seconds (17.30 work units)

    Nodes    |    Current Node    |     Objective Bounds      |     Work
 Expl Unexpl |  Obj  Depth IntInf | Incumbent    BestBd   Gap | It/Node Time

     0     0 6253.47097    0  251 9237.00000 6253.47097  32.3%     - 1043s
     0     0 6276.18246    0  329 9237.00000 6276.18246  32.1%     - 1462s
     0     0 6311.80980    0  363 9237.00000 6311.80980  31.7%     - 2266s
     0     0 6330.52684    0  415 9237.00000 6330.52684  31.5%     - 2822s
     0     0 6332.25172    0  334 9237.00000 6332.25172  31.4%     - 3212s
     0     0 6333.03016    0  364 9237.00000 6333.03016  31.4%     - 3451s
     0     0 6333.05926    0  380 9237.00000 6333.05926  31.4%     - 3538s

Cutting planes:
  Gomory: 1
  MIR: 82
  Zero half: 24
  RLT: 3

Explored 1 nodes (217457 simplex iterations) in 3643.37 seconds (2095.35 work units)
Thread count was 6 (of 24 available processors)

Solution count 10: 9237 9301 9432 ... 10310

Time limit reached
Best objective 9.237000000000e+03, best bound 6.334000000000e+03, gap 31.4280%
