
Gurobi 13.0.1 (linux64) logging started Mon Apr 27 00:57:30 2026

Set parameter LogFile to value "outputs/llm_runs/trajectories/I4_P4_patchedit_auto_gpt41mini/step_01/attempt_01/candidate_01_solver.log"
Read solution from file outputs/solves/base/blockseq_n588_blocks19_slots24_seed42.sol
Gurobi Optimizer version 13.0.1 build v13.0.1rc0 (linux64 - "Red Hat Enterprise Linux 9.6 (Plow)")

CPU model: Intel(R) Xeon(R) Gold 6226 CPU @ 2.70GHz, instruction set [SSE2|AVX|AVX2|AVX512]
Thread count: 24 physical cores, 24 logical processors, using up to 6 threads

Non-default parameters:
TimeLimit  3600
MIPGap  0.01
DegenMoves  0
MIPFocus  2
NoRelHeurTime  900
LogToConsole  0
Threads  6

Optimize a model with 401010 rows, 677376 columns and 3563112 nonzeros (Min)
Model fingerprint: 0x35974d70
Model has 395750 linear objective coefficients
Variable types: 0 continuous, 677376 integer (677376 binary)
Coefficient statistics:
  Matrix range     [1e+00, 2e+00]
  Objective range  [2e+01, 2e+03]
  Bounds range     [1e+00, 1e+00]
  RHS range        [1e+00, 1e+00]

Loaded user MIP start 0 with objective 10914
Warning: Completing partial solution with 677309 unfixed non-continuous variables out of 677376
User MIP start 1 did not produce a new incumbent solution
Processed 2 MIP starts in 1.11 seconds (0.67 work units)

Presolve removed 218211 rows and 216483 columns (presolve time = 5s)...
Presolve removed 218211 rows and 216483 columns (presolve time = 10s)...
Presolve removed 218211 rows and 216483 columns (presolve time = 15s)...
Presolve removed 218211 rows and 216483 columns (presolve time = 20s)...
Presolve removed 218211 rows and 216483 columns (presolve time = 25s)...
Presolve removed 218211 rows and 216483 columns (presolve time = 30s)...
Presolve removed 218211 rows and 216483 columns (presolve time = 35s)...
Presolve removed 218211 rows and 216483 columns (presolve time = 40s)...
Presolve removed 218211 rows and 216483 columns (presolve time = 45s)...
Presolve removed 218211 rows and 216483 columns (presolve time = 50s)...
Presolve removed 218211 rows and 216483 columns (presolve time = 55s)...
Presolve removed 218211 rows and 216483 columns (presolve time = 60s)...
Presolve removed 218211 rows and 216483 columns (presolve time = 65s)...
Presolve removed 218211 rows and 216483 columns (presolve time = 70s)...
Presolve removed 218211 rows and 216483 columns (presolve time = 75s)...
Presolve removed 218211 rows and 216483 columns (presolve time = 80s)...
Presolve removed 218211 rows and 216483 columns (presolve time = 85s)...
Presolve removed 218211 rows and 216483 columns (presolve time = 90s)...
Presolve removed 218211 rows and 216483 columns (presolve time = 95s)...
Presolve removed 218211 rows and 216483 columns (presolve time = 100s)...
Presolve removed 218211 rows and 216483 columns (presolve time = 105s)...
Presolve removed 218211 rows and 216483 columns (presolve time = 110s)...
Presolve removed 218211 rows and 216483 columns (presolve time = 115s)...
Presolve removed 218211 rows and 216483 columns (presolve time = 120s)...
Presolve removed 218211 rows and 216483 columns (presolve time = 125s)...
Presolve removed 218211 rows and 216483 columns (presolve time = 130s)...
Presolve removed 218211 rows and 216483 columns (presolve time = 135s)...
Presolve removed 218211 rows and 216483 columns (presolve time = 140s)...
Presolve removed 218211 rows and 216483 columns (presolve time = 145s)...
Presolve removed 218211 rows and 216483 columns (presolve time = 150s)...
Presolve removed 218211 rows and 216483 columns (presolve time = 155s)...
Presolve removed 218211 rows and 216483 columns (presolve time = 160s)...
Presolve removed 218211 rows and 216483 columns (presolve time = 165s)...
Presolve removed 218211 rows and 216483 columns (presolve time = 170s)...
Presolve removed 218211 rows and 216483 columns (presolve time = 175s)...
Presolve removed 218211 rows and 216483 columns (presolve time = 180s)...
Presolve removed 218211 rows and 216483 columns (presolve time = 185s)...
Presolve removed 218211 rows and 216483 columns (presolve time = 190s)...
Presolve removed 218211 rows and 216483 columns (presolve time = 195s)...
Presolve removed 218211 rows and 216483 columns (presolve time = 200s)...
Presolve removed 218211 rows and 216483 columns (presolve time = 205s)...
Presolve removed 218211 rows and 216483 columns (presolve time = 210s)...
Presolve removed 218211 rows and 216483 columns (presolve time = 215s)...
Presolve removed 218211 rows and 216483 columns (presolve time = 220s)...
Presolve removed 218211 rows and 216483 columns (presolve time = 225s)...
Presolve removed 218211 rows and 216483 columns (presolve time = 230s)...
Presolve removed 218211 rows and 216483 columns (presolve time = 235s)...
Presolve removed 218211 rows and 216483 columns (presolve time = 240s)...
Presolve removed 218211 rows and 216483 columns (presolve time = 245s)...
Presolve removed 218211 rows and 216483 columns (presolve time = 250s)...
Presolve removed 218211 rows and 216483 columns (presolve time = 258s)...
Presolve removed 218211 rows and 216483 columns (presolve time = 263s)...
Presolve removed 218211 rows and 216483 columns (presolve time = 268s)...
Presolve removed 218211 rows and 216483 columns (presolve time = 274s)...
Presolve removed 218211 rows and 216483 columns (presolve time = 279s)...
Presolve removed 218211 rows and 216483 columns (presolve time = 284s)...
Presolve removed 218211 rows and 216483 columns (presolve time = 290s)...
Presolve removed 218211 rows and 216483 columns (presolve time = 295s)...
Presolve removed 218211 rows and 216483 columns (presolve time = 300s)...
Presolve removed 218211 rows and 216483 columns (presolve time = 305s)...
Presolve removed 218211 rows and 216483 columns (presolve time = 311s)...
Presolve removed 218211 rows and 216483 columns (presolve time = 316s)...
Presolve removed 218877 rows and 244781 columns (presolve time = 320s)...
Presolve removed 218877 rows and 244781 columns (presolve time = 325s)...
Presolve removed 218877 rows and 244781 columns (presolve time = 330s)...
Presolve removed 218877 rows and 244781 columns (presolve time = 335s)...
Presolve removed 218877 rows and 244781 columns (presolve time = 340s)...
Presolve removed 218877 rows and 244781 columns (presolve time = 345s)...
Presolve removed 218877 rows and 244781 columns (presolve time = 350s)...
Presolve removed 218877 rows and 244781 columns (presolve time = 355s)...
Presolve removed 218877 rows and 244781 columns (presolve time = 360s)...
Presolve removed 218877 rows and 244781 columns (presolve time = 365s)...
Presolve removed 218877 rows and 244781 columns (presolve time = 370s)...
Presolve removed 218877 rows and 244781 columns (presolve time = 375s)...
Presolve removed 218877 rows and 244781 columns (presolve time = 380s)...
Presolve removed 218877 rows and 244781 columns (presolve time = 385s)...
Presolve removed 218877 rows and 244781 columns (presolve time = 390s)...
Presolve removed 218877 rows and 244781 columns (presolve time = 395s)...
Presolve removed 218877 rows and 244781 columns (presolve time = 400s)...
Presolve removed 218877 rows and 244781 columns (presolve time = 411s)...
Presolve removed 218877 rows and 244781 columns (presolve time = 416s)...
Presolve removed 218877 rows and 244781 columns (presolve time = 425s)...
Presolve removed 218877 rows and 244781 columns (presolve time = 430s)...
Presolve removed 218877 rows and 244781 columns (presolve time = 435s)...
Presolve removed 218877 rows and 244781 columns (presolve time = 441s)...
Presolve removed 218877 rows and 244781 columns (presolve time = 446s)...
Presolve removed 218877 rows and 244781 columns (presolve time = 451s)...
Presolve removed 218877 rows and 244781 columns (presolve time = 456s)...
Presolve removed 218877 rows and 244781 columns (presolve time = 462s)...
Presolve removed 218877 rows and 244781 columns (presolve time = 467s)...
Presolve removed 218877 rows and 244781 columns (presolve time = 472s)...
Presolve removed 218877 rows and 244781 columns (presolve time = 478s)...
Presolve removed 218877 rows and 244781 columns (presolve time = 483s)...
Presolve removed 218877 rows and 248059 columns (presolve time = 532s)...
Presolve removed 218955 rows and 248059 columns (presolve time = 535s)...
Presolve removed 218955 rows and 248059 columns
Presolve time: 536.03s
Presolved: 182055 rows, 429317 columns, 1694395 nonzeros
Variable types: 0 continuous, 429317 integer (429317 binary)
Starting NoRel heuristic
Found heuristic solution: objective 10565.000000
Elapsed time for NoRel heuristic: 10s (best bound 0)
Found heuristic solution: objective 10350.000000
Elapsed time for NoRel heuristic: 17s (best bound 0)
Found heuristic solution: objective 10238.000000
Found heuristic solution: objective 10197.000000
Found heuristic solution: objective 9837.0000000
Elapsed time for NoRel heuristic: 103s (best bound 0)
Elapsed time for NoRel heuristic: 140s (best bound 0)
Elapsed time for NoRel heuristic: 146s (best bound 0)
Elapsed time for NoRel heuristic: 153s (best bound 0)
Elapsed time for NoRel heuristic: 159s (best bound 0)
Elapsed time for NoRel heuristic: 164s (best bound 0)
Elapsed time for NoRel heuristic: 171s (best bound 0)
Elapsed time for NoRel heuristic: 177s (best bound 0)
Elapsed time for NoRel heuristic: 184s (best bound 0)
Elapsed time for NoRel heuristic: 191s (best bound 0)
Elapsed time for NoRel heuristic: 200s (best bound 0)
Found heuristic solution: objective 9777.0000000
Elapsed time for NoRel heuristic: 216s (best bound 0)
Elapsed time for NoRel heuristic: 242s (best bound 0)
Found heuristic solution: objective 9757.0000000
Found heuristic solution: objective 9734.0000000
Elapsed time for NoRel heuristic: 252s (best bound 0)
Elapsed time for NoRel heuristic: 293s (best bound 0)
Found heuristic solution: objective 9639.0000000
Elapsed time for NoRel heuristic: 301s (best bound 0)
Found heuristic solution: objective 9522.0000000
Elapsed time for NoRel heuristic: 343s (best bound 0)
Found heuristic solution: objective 9440.0000000
Elapsed time for NoRel heuristic: 387s (best bound 0)
Found heuristic solution: objective 9381.0000000
Elapsed time for NoRel heuristic: 433s (best bound 0)
Elapsed time for NoRel heuristic: 480s (best bound 0)
Elapsed time for NoRel heuristic: 532s (best bound 0)
Elapsed time for NoRel heuristic: 578s (best bound 0)
Elapsed time for NoRel heuristic: 688s (best bound 0)
Elapsed time for NoRel heuristic: 903s (best bound 0)
NoRel heuristic complete
Root relaxation presolve removed 0 rows and 0 columns (presolve time = 5s)...
Root relaxation presolved: 182055 rows, 429317 columns, 1694395 nonzeros

Deterministic concurrent LP optimizer: primal simplex, dual simplex, and barrier
Showing barrier log only...

Root barrier log...

Ordering time: 9.42s
Elapsed ordering time = 10s
Elapsed ordering time = 10s
Elapsed ordering time = 15s
Elapsed ordering time = 17s
Elapsed ordering time = 20s
Elapsed ordering time = 23s
Elapsed ordering time = 25s
Elapsed ordering time = 26s
Ordering time: 29.08s

Barrier statistics:
 Dense cols : 7410
 AA' NZ     : 2.224e+06
 Factor NZ  : 1.640e+08 (roughly 1.6 GB of memory)
 Factor Ops : 1.428e+12 (roughly 9 seconds per iteration)
 Threads    : 4

                  Objective                Residual
Iter       Primal          Dual         Primal    Dual     Compl     Time
   0   1.55785547e+09 -2.25549445e+08  1.15e+05 0.00e+00  1.08e+04  1479s
   1   6.99405174e+08 -2.33752391e+08  5.07e+04 1.82e-12  4.25e+03  1479s
   2   2.09621251e+08 -2.17468067e+08  1.34e+04 1.59e-12  1.22e+03  1479s
   3   6.25850990e+07 -1.12794382e+08  2.16e+03 1.36e-12  2.72e+02  1479s
   4   2.42951813e+07 -1.88423628e+07  4.42e+02 9.09e-13  5.77e+01  1479s
   5   4.24814081e+06 -5.15691211e+06  6.61e+01 7.39e-13  1.15e+01  1480s
   6   1.07728939e+06 -1.27582361e+06  1.50e+01 6.82e-13  2.86e+00  1480s
   7   2.11460559e+05 -2.48800817e+05  2.38e+00 6.82e-13  5.36e-01  1480s
   8   3.54781282e+04 -1.10926735e+05  2.83e-01 6.82e-13  1.51e-01  1480s
   9   2.68098382e+04 -6.47771970e+04  2.00e-01 6.82e-13  9.34e-02  1480s
  10   2.09489212e+04 -2.47591907e+04  1.41e-01 9.09e-13  4.87e-02  1481s
  11   1.31080676e+04 -1.27111703e+04  6.48e-02 6.82e-13  2.66e-02  1482s
  12   8.24575095e+03 -6.53170090e+03  2.10e-02 4.55e-13  1.50e-02  1482s
  13   5.90104909e+03 -1.92261968e+03  3.99e-03 5.12e-13  7.87e-03  1482s
  14   5.30233210e+03  9.93737403e-01  1.75e-03 9.09e-13  5.30e-03  1483s
  15   4.93830505e+03  1.75903005e+03  8.65e-04 4.55e-13  3.18e-03  1484s
  16   4.73776979e+03  2.62635562e+03  5.47e-04 4.55e-13  2.11e-03  1484s
  17   4.57993477e+03  3.10870196e+03  3.42e-04 7.39e-13  1.47e-03  1485s
  18   4.35411791e+03  3.40323658e+03  1.09e-04 5.23e-06  9.42e-04  1493s
  19   4.26208121e+03  3.76300687e+03  5.51e-05 2.64e-06  4.94e-04  1502s
  20   4.18669313e+03  3.93473793e+03  1.89e-05 1.40e-06  2.49e-04  1512s
  21   4.15465175e+03  4.08421638e+03  5.31e-06 3.41e-07  6.97e-05  1522s
  22   4.13987810e+03  4.12765534e+03  8.98e-07 4.67e-08  1.21e-05  1533s
  23   4.13570864e+03  4.13502333e+03  2.65e-08 1.48e-09  6.77e-07  1543s
  24   4.13544077e+03  4.13541841e+03  2.97e-09 4.74e-10  2.22e-08  1555s
  25   4.13543229e+03  4.13543227e+03  1.46e-09 2.13e-10  2.27e-11  1564s

Barrier solved model in 25 iterations and 1563.87 seconds (1026.15 work units)
Optimal objective 4.13543229e+03


Root crossover log...

   20440 DPushes remaining with DInf 0.0000000e+00              1564s
     632 DPushes remaining with DInf 0.0000000e+00              1566s
       0 DPushes remaining with DInf 0.0000000e+00              1570s

    7714 PPushes remaining with PInf 0.0000000e+00              1570s
       0 PPushes remaining with PInf 0.0000000e+00              1574s

  Push phase complete: Pinf 0.0000000e+00, Dinf 1.6931617e+02   1574s


Root simplex log...

Iteration    Objective       Primal Inf.    Dual Inf.      Time
   28084    4.1354323e+03   0.000000e+00   1.693162e+02   1574s
   28204    4.1354323e+03   0.000000e+00   4.771705e+02   1576s
   28564    4.1354323e+03   0.000000e+00   3.333688e+01   1582s
   28604    4.1354323e+03   0.000000e+00   0.000000e+00   1583s
Crossover time: 18.85 seconds (17.35 work units)
Concurrent spin time: 1.03s

Solved with barrier
   28604    4.1354323e+03   0.000000e+00   0.000000e+00   1584s

Root relaxation: objective 4.135432e+03, 28604 iterations, 143.30 seconds (107.93 work units)

    Nodes    |    Current Node    |     Objective Bounds      |     Work
 Expl Unexpl |  Obj  Depth IntInf | Incumbent    BestBd   Gap | It/Node Time

     0     0 4135.43228    0  825 9381.00000 4135.43228  55.9%     - 1630s
     0     0          -    0      9381.00000 4135.43228  55.9%     - 3600s

Cutting planes:
  Lift-and-project: 19
  Implied bound: 6
  Flow cover: 52
  Zero half: 32
  RLT: 22
  BQP: 4

Explored 1 nodes (182952 simplex iterations) in 3600.10 seconds (2187.69 work units)
Thread count was 6 (of 24 available processors)

Solution count 10: 9381 9440 9522 ... 10238

Time limit reached
Best objective 9.381000000000e+03, best bound 4.136000000000e+03, gap 55.9109%
