
Gurobi 13.0.1 (linux64) logging started Sun Apr 26 22:47:33 2026

Set parameter LogFile to value "outputs/llm_runs/trajectories/I2_P4_patchedit_auto_gpt41/step_01/attempt_01/candidate_01_solver.log"
Gurobi Optimizer version 13.0.1 build v13.0.1rc0 (linux64 - "Red Hat Enterprise Linux 9.6 (Plow)")

CPU model: Intel(R) Xeon(R) Gold 6226 CPU @ 2.70GHz, instruction set [SSE2|AVX|AVX2|AVX512]
Thread count: 24 physical cores, 24 logical processors, using up to 6 threads

Non-default parameters:
TimeLimit  3600
MIPGap  0.01
MIPFocus  2
NoRelHeurTime  900
RINS  2500
LogToConsole  0
Threads  6

Optimize a model with 401010 rows, 677376 columns and 3563112 nonzeros (Min)
Model fingerprint: 0x09cc052a
Model has 351562 linear objective coefficients
Variable types: 0 continuous, 677376 integer (677376 binary)
Coefficient statistics:
  Matrix range     [1e+00, 2e+00]
  Objective range  [5e+00, 2e+03]
  Bounds range     [1e+00, 1e+00]
  RHS range        [1e+00, 1e+00]

Warning: Completing partial solution with 677309 unfixed non-continuous variables out of 677376
User MIP start produced solution with objective 14879 (1.04s)
Loaded user MIP start with objective 14879
Processed MIP start in 1.03 seconds (0.67 work units)

Presolve removed 238488 rows and 236760 columns (presolve time = 5s)...
Presolve removed 238488 rows and 236760 columns (presolve time = 10s)...
Presolve removed 238488 rows and 236760 columns (presolve time = 15s)...
Presolve removed 238488 rows and 236760 columns (presolve time = 20s)...
Presolve removed 238488 rows and 236760 columns (presolve time = 25s)...
Presolve removed 238488 rows and 236760 columns (presolve time = 30s)...
Presolve removed 238488 rows and 236760 columns (presolve time = 35s)...
Presolve removed 238488 rows and 236760 columns (presolve time = 40s)...
Presolve removed 238488 rows and 236760 columns (presolve time = 45s)...
Presolve removed 238488 rows and 236760 columns (presolve time = 50s)...
Presolve removed 238488 rows and 236760 columns (presolve time = 55s)...
Presolve removed 238488 rows and 236760 columns (presolve time = 60s)...
Presolve removed 238488 rows and 236760 columns (presolve time = 65s)...
Presolve removed 238488 rows and 236760 columns (presolve time = 70s)...
Presolve removed 238488 rows and 236760 columns (presolve time = 75s)...
Presolve removed 238488 rows and 236760 columns (presolve time = 80s)...
Presolve removed 238488 rows and 236760 columns (presolve time = 85s)...
Presolve removed 238488 rows and 236760 columns (presolve time = 90s)...
Presolve removed 238488 rows and 236760 columns (presolve time = 95s)...
Presolve removed 238488 rows and 236760 columns (presolve time = 100s)...
Presolve removed 238488 rows and 236760 columns (presolve time = 105s)...
Presolve removed 238488 rows and 236760 columns (presolve time = 110s)...
Presolve removed 238488 rows and 236760 columns (presolve time = 115s)...
Presolve removed 238488 rows and 236760 columns (presolve time = 120s)...
Presolve removed 238488 rows and 236760 columns (presolve time = 125s)...
Presolve removed 238488 rows and 236760 columns (presolve time = 130s)...
Presolve removed 238488 rows and 236760 columns (presolve time = 135s)...
Presolve removed 238488 rows and 236760 columns (presolve time = 140s)...
Presolve removed 238488 rows and 236760 columns (presolve time = 145s)...
Presolve removed 238488 rows and 236760 columns (presolve time = 150s)...
Presolve removed 238488 rows and 236760 columns (presolve time = 155s)...
Presolve removed 238488 rows and 236760 columns (presolve time = 160s)...
Presolve removed 238488 rows and 236760 columns (presolve time = 165s)...
Presolve removed 238488 rows and 236760 columns (presolve time = 170s)...
Presolve removed 238488 rows and 236760 columns (presolve time = 175s)...
Presolve removed 238488 rows and 236760 columns (presolve time = 180s)...
Presolve removed 238488 rows and 236760 columns (presolve time = 185s)...
Presolve removed 238488 rows and 236760 columns (presolve time = 190s)...
Presolve removed 238488 rows and 236760 columns (presolve time = 195s)...
Presolve removed 238488 rows and 236760 columns (presolve time = 200s)...
Presolve removed 238488 rows and 236760 columns (presolve time = 205s)...
Presolve removed 238488 rows and 236760 columns (presolve time = 210s)...
Presolve removed 238488 rows and 236760 columns (presolve time = 215s)...
Presolve removed 238488 rows and 236760 columns (presolve time = 220s)...
Presolve removed 238488 rows and 236760 columns (presolve time = 225s)...
Presolve removed 238488 rows and 236760 columns (presolve time = 230s)...
Presolve removed 238488 rows and 236760 columns (presolve time = 235s)...
Presolve removed 238488 rows and 236760 columns (presolve time = 240s)...
Presolve removed 238488 rows and 236760 columns (presolve time = 245s)...
Presolve removed 238488 rows and 236760 columns (presolve time = 250s)...
Presolve removed 238488 rows and 236760 columns (presolve time = 257s)...
Presolve removed 238488 rows and 236760 columns (presolve time = 262s)...
Presolve removed 238488 rows and 236760 columns (presolve time = 270s)...
Presolve removed 238488 rows and 236760 columns (presolve time = 275s)...
Presolve removed 238488 rows and 236760 columns (presolve time = 280s)...
Presolve removed 238488 rows and 236760 columns (presolve time = 286s)...
Presolve removed 238488 rows and 236760 columns (presolve time = 291s)...
Presolve removed 238488 rows and 236760 columns (presolve time = 296s)...
Presolve removed 239194 rows and 265903 columns (presolve time = 300s)...
Presolve removed 239194 rows and 265903 columns (presolve time = 305s)...
Presolve removed 239194 rows and 265903 columns (presolve time = 310s)...
Presolve removed 239194 rows and 265903 columns (presolve time = 315s)...
Presolve removed 239194 rows and 265903 columns (presolve time = 320s)...
Presolve removed 239194 rows and 265903 columns (presolve time = 325s)...
Presolve removed 239194 rows and 265903 columns (presolve time = 330s)...
Presolve removed 239194 rows and 265903 columns (presolve time = 335s)...
Presolve removed 239194 rows and 265903 columns (presolve time = 340s)...
Presolve removed 239194 rows and 265903 columns (presolve time = 345s)...
Presolve removed 239194 rows and 265903 columns (presolve time = 350s)...
Presolve removed 239194 rows and 265903 columns (presolve time = 355s)...
Presolve removed 239194 rows and 265903 columns (presolve time = 360s)...
Presolve removed 239194 rows and 265903 columns (presolve time = 365s)...
Presolve removed 239194 rows and 265903 columns (presolve time = 370s)...
Presolve removed 239194 rows and 265903 columns (presolve time = 375s)...
Presolve removed 239194 rows and 265903 columns (presolve time = 380s)...
Presolve removed 239194 rows and 265903 columns (presolve time = 385s)...
Presolve removed 239194 rows and 265903 columns (presolve time = 390s)...
Presolve removed 239194 rows and 265903 columns (presolve time = 395s)...
Presolve removed 239194 rows and 265903 columns (presolve time = 400s)...
Presolve removed 239194 rows and 265903 columns (presolve time = 405s)...
Presolve removed 239194 rows and 265903 columns (presolve time = 413s)...
Presolve removed 239194 rows and 265903 columns (presolve time = 419s)...
Presolve removed 239194 rows and 265903 columns (presolve time = 424s)...
Presolve removed 239194 rows and 265903 columns (presolve time = 429s)...
Presolve removed 239194 rows and 265903 columns (presolve time = 434s)...
Presolve removed 239194 rows and 265903 columns (presolve time = 440s)...
Presolve removed 239194 rows and 265903 columns (presolve time = 445s)...
Presolve removed 239194 rows and 265903 columns (presolve time = 450s)...
Presolve removed 239194 rows and 265903 columns (presolve time = 455s)...
Presolve removed 239194 rows and 265903 columns (presolve time = 461s)...
Presolve removed 239194 rows and 265903 columns (presolve time = 466s)...
Presolve removed 239194 rows and 265903 columns (presolve time = 471s)...
Presolve removed 239194 rows and 265903 columns (presolve time = 477s)...
Presolve removed 239194 rows and 265903 columns (presolve time = 482s)...
Presolve removed 239194 rows and 265903 columns (presolve time = 487s)...
Presolve removed 239194 rows and 265903 columns (presolve time = 492s)...
Presolve removed 239194 rows and 265903 columns (presolve time = 498s)...
Presolve removed 239194 rows and 265903 columns (presolve time = 503s)...
Presolve removed 239194 rows and 265903 columns (presolve time = 512s)...
Presolve removed 239194 rows and 265903 columns (presolve time = 518s)...
Presolve removed 239194 rows and 265903 columns (presolve time = 523s)...
Presolve removed 239194 rows and 265903 columns (presolve time = 528s)...
Presolve removed 239194 rows and 265903 columns (presolve time = 533s)...
Presolve removed 239194 rows and 265903 columns (presolve time = 539s)...
Presolve removed 239194 rows and 265903 columns (presolve time = 544s)...
Presolve removed 239194 rows and 265903 columns (presolve time = 549s)...
Presolve removed 239194 rows and 265903 columns (presolve time = 554s)...
Presolve removed 239194 rows and 265903 columns (presolve time = 560s)...
Presolve removed 239194 rows and 265903 columns (presolve time = 565s)...
Presolve removed 239194 rows and 265903 columns (presolve time = 570s)...
Presolve removed 239194 rows and 265903 columns (presolve time = 576s)...
Presolve removed 239194 rows and 265903 columns (presolve time = 581s)...
Presolve removed 239194 rows and 265903 columns (presolve time = 586s)...
Presolve removed 240360 rows and 289968 columns (presolve time = 590s)...
Presolve removed 240360 rows and 289968 columns (presolve time = 595s)...
Presolve removed 240360 rows and 289968 columns (presolve time = 600s)...
Presolve removed 240360 rows and 289968 columns (presolve time = 608s)...
Presolve removed 240360 rows and 289968 columns
Presolve time: 608.70s
Presolved: 160650 rows, 387408 columns, 1539090 nonzeros
Variable types: 0 continuous, 387408 integer (387408 binary)
Starting NoRel heuristic
Found heuristic solution: objective 12614.000000
Elapsed time for NoRel heuristic: 6s (best bound 0)
Found heuristic solution: objective 11716.000000
Found heuristic solution: objective 10232.000000
Found heuristic solution: objective 9671.0000000
Found heuristic solution: objective 9347.0000000
Elapsed time for NoRel heuristic: 14s (best bound 0)
Elapsed time for NoRel heuristic: 22s (best bound 0)
Found heuristic solution: objective 8518.0000000
Elapsed time for NoRel heuristic: 63s (best bound 0)
Elapsed time for NoRel heuristic: 70s (best bound 0)
Elapsed time for NoRel heuristic: 75s (best bound 0)
Elapsed time for NoRel heuristic: 83s (best bound 0)
Found heuristic solution: objective 8373.0000000
Found heuristic solution: objective 8246.0000000
Found heuristic solution: objective 7622.0000000
Elapsed time for NoRel heuristic: 124s (best bound 0)
Elapsed time for NoRel heuristic: 169s (best bound 0)
Found heuristic solution: objective 7607.0000000
Elapsed time for NoRel heuristic: 177s (best bound 0)
Found heuristic solution: objective 7603.0000000
Elapsed time for NoRel heuristic: 214s (best bound 0)
Elapsed time for NoRel heuristic: 224s (best bound 0)
Found heuristic solution: objective 7599.9999070
Found heuristic solution: objective 7570.0000000
Elapsed time for NoRel heuristic: 268s (best bound 0)
Found heuristic solution: objective 7559.0000000
Found heuristic solution: objective 7217.0000000
Elapsed time for NoRel heuristic: 300s (best bound 0)
Found heuristic solution: objective 7180.0000000
Found heuristic solution: objective 7120.0000000
Elapsed time for NoRel heuristic: 343s (best bound 0)
Found heuristic solution: objective 7110.0000000
Elapsed time for NoRel heuristic: 385s (best bound 0)
Found heuristic solution: objective 6996.0000000
Elapsed time for NoRel heuristic: 420s (best bound 0)
Elapsed time for NoRel heuristic: 459s (best bound 0)
Elapsed time for NoRel heuristic: 518s (best bound 0)
Elapsed time for NoRel heuristic: 560s (best bound 0)
Found heuristic solution: objective 6956.0000000
Elapsed time for NoRel heuristic: 624s (best bound 0)
Found heuristic solution: objective 6946.0000000
Elapsed time for NoRel heuristic: 711s (best bound 0)
Found heuristic solution: objective 6903.0000000
Elapsed time for NoRel heuristic: 777s (best bound 0)
Elapsed time for NoRel heuristic: 821s (best bound 0)
Found heuristic solution: objective 6902.0000000
Elapsed time for NoRel heuristic: 876s (best bound 0)
Found heuristic solution: objective 6868.0000000
Found heuristic solution: objective 6834.0000000
Elapsed time for NoRel heuristic: 941s (best bound 0)
NoRel heuristic complete
Root relaxation presolve removed 17 rows and 0 columns
Root relaxation presolved: 160633 rows, 387408 columns, 1513969 nonzeros

Deterministic concurrent LP optimizer: primal simplex, dual simplex, and barrier
Showing barrier log only...

Root barrier log...

Ordering time: 7.90s
Elapsed ordering time = 8s
Elapsed ordering time = 10s
Elapsed ordering time = 13s
Elapsed ordering time = 15s
Elapsed ordering time = 16s
Elapsed ordering time = 18s
Elapsed ordering time = 20s
Elapsed ordering time = 21s
Ordering time: 23.04s

Barrier statistics:
 Dense cols : 6716
 AA' NZ     : 1.974e+06
 Factor NZ  : 1.370e+08 (roughly 1.3 GB of memory)
 Factor Ops : 1.072e+12 (roughly 7 seconds per iteration)
 Threads    : 4

                  Objective                Residual
Iter       Primal          Dual         Primal    Dual     Compl     Time
   0   2.10852508e+08 -1.29177880e+08  2.50e+04 2.27e+02  1.53e+03  1581s
   1   1.13975908e+08 -9.91147094e+07  1.29e+04 6.64e+01  6.59e+02  1581s
   2   5.45511717e+07 -5.64722686e+07  5.55e+03 3.92e+00  2.55e+02  1581s
   3   1.93302092e+07 -1.66275882e+07  1.40e+03 3.41e-13  6.42e+01  1581s
   4   4.65513509e+06 -2.97749389e+06  1.98e+02 2.27e-13  1.16e+01  1581s
   5   7.75417644e+05 -8.23962204e+05  2.84e+01 1.71e-13  2.24e+00  1581s
   6   1.60051383e+05 -2.09946148e+05  4.89e+00 1.71e-13  4.89e-01  1582s
   7   2.94739876e+04 -5.17600038e+04  5.87e-01 2.27e-13  9.85e-02  1582s
   8   1.68290763e+04 -2.26537859e+04  2.38e-01 1.14e-13  4.59e-02  1582s
   9   9.00127561e+03 -1.14941479e+04  2.53e-02 2.27e-13  2.25e-02  1582s
  10   7.14908998e+03 -3.34113511e+03  4.17e-03 1.71e-13  1.15e-02  1582s
  11   6.52157954e+03 -1.42598203e+02  1.46e-03 1.14e-13  7.31e-03  1582s
  12   6.06322561e+03  1.42008120e+03  5.69e-04 1.71e-13  5.09e-03  1583s
  13   5.62777464e+03  3.40511485e+03  1.36e-04 2.27e-13  2.44e-03  1587s
  14   5.48660279e+03  4.20147288e+03  8.42e-05 1.14e-13  1.41e-03  1594s
  15   5.33585314e+03  4.65861645e+03  4.17e-05 2.27e-13  7.43e-04  1601s
  16   5.25869685e+03  4.92230599e+03  2.10e-05 1.71e-13  3.69e-04  1608s
  17   5.16687148e+03  5.09358380e+03  8.24e-07 2.27e-13  8.04e-05  1615s
  18   5.15169800e+03  5.14319395e+03  2.13e-08 1.71e-13  9.32e-06  1622s
  19   5.15053202e+03  5.15028162e+03  1.92e-10 7.64e-09  2.74e-07  1629s
  20   5.15045252e+03  5.15045181e+03  9.04e-09 2.20e-10  7.64e-10  1636s
  21   5.15045243e+03  5.15045184e+03  7.30e-09 1.27e-06  6.23e-10  1643s
  22   5.15045202e+03  5.15045199e+03  3.82e-10 2.61e-07  3.44e-11  1649s

Barrier solved model in 22 iterations and 1649.49 seconds (988.81 work units)
Optimal objective 5.15045202e+03


Root crossover log...

   19584 DPushes remaining with DInf 0.0000000e+00              1650s
    1312 DPushes remaining with DInf 0.0000000e+00              1650s
     119 DPushes remaining with DInf 0.0000000e+00              1655s
       0 DPushes remaining with DInf 0.0000000e+00              1656s

    4974 PPushes remaining with PInf 0.0000000e+00              1656s
       0 PPushes remaining with PInf 0.0000000e+00              1658s

  Push phase complete: Pinf 0.0000000e+00, Dinf 6.4840613e-09   1658s


Root simplex log...

Iteration    Objective       Primal Inf.    Dual Inf.      Time
   24487    5.1504520e+03   0.000000e+00   0.000000e+00   1658s
Crossover time: 8.31 seconds (4.58 work units)
Concurrent spin time: 4.67s

Solved with barrier
   24487    5.1504520e+03   0.000000e+00   0.000000e+00   1663s

Root relaxation: objective 5.150452e+03, 24487 iterations, 111.71 seconds (83.66 work units)

    Nodes    |    Current Node    |     Objective Bounds      |     Work
 Expl Unexpl |  Obj  Depth IntInf | Incumbent    BestBd   Gap | It/Node Time

     0     0 5150.45202    0  410 6834.00000 5150.45202  24.6%     - 1775s
     0     0          -    0      6834.00000 5150.45202  24.6%     - 3600s

Cutting planes:
  Lift-and-project: 32
  Implied bound: 22
  StrongCG: 2
  Flow cover: 25
  Zero half: 69
  RLT: 56
  BQP: 17

Explored 1 nodes (245182 simplex iterations) in 3600.06 seconds (2339.08 work units)
Thread count was 6 (of 24 available processors)

Solution count 10: 6834 6868 6902 ... 7180

Time limit reached
Best objective 6.834000000000e+03, best bound 5.151000000000e+03, gap 24.6269%
