
Gurobi 13.0.1 (linux64) logging started Sun Apr 26 23:53:55 2026

Set parameter LogFile to value "outputs/llm_runs/trajectories/I3_P6_patchedit_auto_gpt41/step_01/attempt_01/candidate_01_solver.log"
Gurobi Optimizer version 13.0.1 build v13.0.1rc0 (linux64 - "Red Hat Enterprise Linux 9.6 (Plow)")

CPU model: Intel(R) Xeon(R) Gold 6226 CPU @ 2.70GHz, instruction set [SSE2|AVX|AVX2|AVX512]
Thread count: 24 physical cores, 24 logical processors, using up to 6 threads

Non-default parameters:
TimeLimit  3600
MIPGap  0.01
SimplexPricing  3
MIPFocus  2
NoRelHeurTime  900
RINS  2500
LogToConsole  0
Threads  6

Optimize a model with 468867 rows, 796875 columns and 4148100 nonzeros (Min)
Model fingerprint: 0x724e4734
Model has 333584 linear objective coefficients
Variable types: 0 continuous, 796875 integer (796875 binary)
Coefficient statistics:
  Matrix range     [1e+00, 2e+00]
  Objective range  [5e+00, 1e+03]
  Bounds range     [1e+00, 1e+00]
  RHS range        [1e+00, 1e+00]

Warning: Completing partial solution with 796805 unfixed non-continuous variables out of 796875
User MIP start produced solution with objective 14080 (1.22s)
Loaded user MIP start with objective 14080
Processed MIP start in 1.21 seconds (0.78 work units)

Presolve removed 314630 rows and 347094 columns (presolve time = 5s)...
Presolve removed 315927 rows and 355811 columns (presolve time = 10s)...
Presolve removed 315929 rows and 355811 columns (presolve time = 15s)...
Presolve removed 315929 rows and 355811 columns (presolve time = 20s)...
Presolve removed 315929 rows and 355811 columns (presolve time = 25s)...
Presolve removed 315929 rows and 355811 columns (presolve time = 30s)...
Presolve removed 315929 rows and 355811 columns (presolve time = 35s)...
Presolve removed 315929 rows and 355811 columns (presolve time = 40s)...
Presolve removed 315929 rows and 355811 columns (presolve time = 45s)...
Presolve removed 315929 rows and 355811 columns (presolve time = 50s)...
Presolve removed 315929 rows and 355811 columns (presolve time = 55s)...
Presolve removed 315929 rows and 355811 columns (presolve time = 60s)...
Presolve removed 315929 rows and 355811 columns (presolve time = 68s)...
Presolve removed 315929 rows and 355811 columns (presolve time = 73s)...
Presolve removed 315929 rows and 355811 columns (presolve time = 78s)...
Presolve removed 315929 rows and 355811 columns (presolve time = 84s)...
Presolve removed 315929 rows and 355811 columns (presolve time = 89s)...
Presolve removed 315929 rows and 355811 columns (presolve time = 94s)...
Presolve removed 315929 rows and 355811 columns (presolve time = 99s)...
Presolve removed 315929 rows and 355811 columns (presolve time = 105s)...
Presolve removed 315929 rows and 355811 columns (presolve time = 110s)...
Presolve removed 315929 rows and 355811 columns (presolve time = 115s)...
Presolve removed 315929 rows and 355811 columns (presolve time = 121s)...
Presolve removed 315929 rows and 355811 columns (presolve time = 126s)...
Presolve removed 315929 rows and 355811 columns (presolve time = 131s)...
Presolve removed 315929 rows and 355811 columns (presolve time = 136s)...
Presolve removed 315929 rows and 355811 columns (presolve time = 142s)...
Presolve removed 315929 rows and 355811 columns (presolve time = 147s)...
Presolve removed 315929 rows and 355811 columns (presolve time = 152s)...
Presolve removed 315929 rows and 355811 columns (presolve time = 158s)...
Presolve removed 315929 rows and 355811 columns (presolve time = 163s)...
Presolve removed 315929 rows and 355811 columns (presolve time = 168s)...
Presolve removed 315929 rows and 355811 columns (presolve time = 173s)...
Presolve removed 315929 rows and 355811 columns (presolve time = 179s)...
Presolve removed 315929 rows and 355811 columns (presolve time = 184s)...
Presolve removed 315929 rows and 355811 columns (presolve time = 189s)...
Presolve removed 315929 rows and 355811 columns (presolve time = 195s)...
Presolve removed 315929 rows and 355811 columns (presolve time = 200s)...
Presolve removed 315929 rows and 355811 columns (presolve time = 205s)...
Presolve removed 315929 rows and 355811 columns (presolve time = 211s)...
Presolve removed 315929 rows and 355811 columns (presolve time = 216s)...
Presolve removed 315929 rows and 355811 columns (presolve time = 221s)...
Presolve removed 315929 rows and 355811 columns (presolve time = 226s)...
Presolve removed 315929 rows and 355811 columns (presolve time = 232s)...
Presolve removed 315929 rows and 355811 columns (presolve time = 237s)...
Presolve removed 315929 rows and 355811 columns (presolve time = 242s)...
Presolve removed 315929 rows and 355811 columns (presolve time = 248s)...
Presolve removed 315929 rows and 355811 columns (presolve time = 253s)...
Presolve removed 315929 rows and 355811 columns (presolve time = 258s)...
Presolve removed 315929 rows and 355811 columns (presolve time = 263s)...
Presolve removed 315929 rows and 355811 columns (presolve time = 269s)...
Presolve removed 315929 rows and 355811 columns (presolve time = 274s)...
Presolve removed 315929 rows and 355811 columns (presolve time = 279s)...
Presolve removed 315929 rows and 355811 columns (presolve time = 284s)...
Presolve removed 315929 rows and 355811 columns (presolve time = 290s)...
Presolve removed 315929 rows and 355811 columns (presolve time = 295s)...
Presolve removed 315929 rows and 355811 columns (presolve time = 300s)...
Presolve removed 315929 rows and 355811 columns (presolve time = 306s)...
Presolve removed 315929 rows and 355811 columns (presolve time = 311s)...
Presolve removed 315929 rows and 355811 columns (presolve time = 316s)...
Presolve removed 315929 rows and 355811 columns (presolve time = 321s)...
Presolve removed 315929 rows and 355811 columns (presolve time = 327s)...
Presolve removed 315929 rows and 355811 columns (presolve time = 332s)...
Presolve removed 315929 rows and 355811 columns (presolve time = 337s)...
Presolve removed 315929 rows and 355811 columns (presolve time = 343s)...
Presolve removed 315929 rows and 355811 columns (presolve time = 348s)...
Presolve removed 315929 rows and 355811 columns (presolve time = 353s)...
Presolve removed 315929 rows and 355811 columns (presolve time = 358s)...
Presolve removed 315929 rows and 355811 columns (presolve time = 364s)...
Presolve removed 315929 rows and 355811 columns (presolve time = 369s)...
Presolve removed 315929 rows and 355811 columns (presolve time = 374s)...
Presolve removed 315929 rows and 355811 columns (presolve time = 380s)...
Presolve removed 315929 rows and 355811 columns (presolve time = 385s)...
Presolve removed 315929 rows and 355811 columns (presolve time = 390s)...
Presolve removed 315929 rows and 355811 columns (presolve time = 396s)...
Presolve removed 315929 rows and 355811 columns (presolve time = 401s)...
Presolve removed 315929 rows and 355811 columns (presolve time = 406s)...
Presolve removed 315929 rows and 355811 columns (presolve time = 411s)...
Presolve removed 315929 rows and 355811 columns (presolve time = 417s)...
Presolve removed 315929 rows and 355811 columns (presolve time = 422s)...
Presolve removed 315929 rows and 355811 columns (presolve time = 427s)...
Presolve removed 315929 rows and 355811 columns (presolve time = 433s)...
Presolve removed 315929 rows and 355811 columns (presolve time = 438s)...
Presolve removed 315929 rows and 355811 columns (presolve time = 443s)...
Presolve removed 315929 rows and 355811 columns (presolve time = 448s)...
Presolve removed 315929 rows and 355811 columns (presolve time = 454s)...
Presolve removed 315929 rows and 355811 columns (presolve time = 459s)...
Presolve removed 315929 rows and 355811 columns (presolve time = 464s)...
Presolve removed 315929 rows and 355811 columns (presolve time = 470s)...
Presolve removed 315929 rows and 355811 columns (presolve time = 475s)...
Presolve removed 315929 rows and 355811 columns (presolve time = 480s)...
Presolve removed 315929 rows and 355811 columns (presolve time = 485s)...
Presolve removed 315929 rows and 355811 columns (presolve time = 491s)...
Presolve removed 315929 rows and 355811 columns (presolve time = 496s)...
Presolve removed 315929 rows and 355811 columns (presolve time = 501s)...
Presolve removed 315929 rows and 355811 columns (presolve time = 506s)...
Presolve removed 315929 rows and 355811 columns (presolve time = 512s)...
Presolve removed 315929 rows and 355811 columns (presolve time = 517s)...
Presolve removed 315929 rows and 355811 columns (presolve time = 522s)...
Presolve removed 315929 rows and 355811 columns (presolve time = 528s)...
Presolve removed 315929 rows and 355811 columns (presolve time = 533s)...
Presolve removed 315929 rows and 355811 columns (presolve time = 538s)...
Presolve removed 315929 rows and 355811 columns (presolve time = 543s)...
Presolve removed 315929 rows and 355811 columns (presolve time = 549s)...
Presolve removed 315929 rows and 355811 columns (presolve time = 554s)...
Presolve removed 315929 rows and 355811 columns (presolve time = 559s)...
Presolve removed 315929 rows and 355811 columns (presolve time = 564s)...
Presolve removed 315929 rows and 355811 columns (presolve time = 570s)...
Presolve removed 315929 rows and 355811 columns (presolve time = 570s)...
Presolve removed 315929 rows and 401993 columns (presolve time = 625s)...
Presolve removed 315929 rows and 401993 columns (presolve time = 625s)...
Presolve removed 317509 rows and 416838 columns (presolve time = 630s)...
Presolve removed 323334 rows and 425397 columns (presolve time = 635s)...
Presolve removed 323334 rows and 425397 columns (presolve time = 640s)...
Presolve removed 323334 rows and 425397 columns
Presolve time: 644.35s
Presolved: 145533 rows, 371478 columns, 1609886 nonzeros
Variable types: 0 continuous, 371478 integer (371478 binary)
Starting NoRel heuristic
Found heuristic solution: objective 13182.000000
Found heuristic solution: objective 10626.000000
Elapsed time for NoRel heuristic: 9s (best bound 0)
Elapsed time for NoRel heuristic: 19s (best bound 0)
Found heuristic solution: objective 8676.0000000
Found heuristic solution: objective 7680.0000000
Found heuristic solution: objective 7679.0000000
Found heuristic solution: objective 7120.0000000
Found heuristic solution: objective 6724.0000000
Elapsed time for NoRel heuristic: 54s (best bound 0)
Elapsed time for NoRel heuristic: 62s (best bound 0)
Elapsed time for NoRel heuristic: 72s (best bound 0)
Elapsed time for NoRel heuristic: 112s (best bound 0)
Elapsed time for NoRel heuristic: 117s (best bound 0)
Found heuristic solution: objective 6668.0000000
Found heuristic solution: objective 6568.0000000
Found heuristic solution: objective 6564.0000000
Elapsed time for NoRel heuristic: 125s (best bound 0)
Found heuristic solution: objective 6517.0000000
Elapsed time for NoRel heuristic: 160s (best bound 0)
Found heuristic solution: objective 6290.0000000
Found heuristic solution: objective 6002.0000000
Elapsed time for NoRel heuristic: 193s (best bound 0)
Elapsed time for NoRel heuristic: 231s (best bound 0)
Elapsed time for NoRel heuristic: 246s (best bound 0)
Found heuristic solution: objective 5888.0000000
Found heuristic solution: objective 5746.0000000
Elapsed time for NoRel heuristic: 369s (best bound 0)
Found heuristic solution: objective 5698.0000000
Elapsed time for NoRel heuristic: 394s (best bound 0)
Found heuristic solution: objective 5669.0000000
Elapsed time for NoRel heuristic: 451s (best bound 0)
Found heuristic solution: objective 5615.0000000
Elapsed time for NoRel heuristic: 495s (best bound 0)
Elapsed time for NoRel heuristic: 523s (best bound 0)
Found heuristic solution: objective 5589.0000000
Elapsed time for NoRel heuristic: 570s (best bound 0)
Elapsed time for NoRel heuristic: 630s (best bound 0)
Elapsed time for NoRel heuristic: 685s (best bound 0)
Found heuristic solution: objective 5489.0000000
Found heuristic solution: objective 5485.0000000
Elapsed time for NoRel heuristic: 734s (best bound 0)
Found heuristic solution: objective 5460.0000000
Elapsed time for NoRel heuristic: 809s (best bound 0)
Found heuristic solution: objective 5424.0000000
Elapsed time for NoRel heuristic: 871s (best bound 0)
Found heuristic solution: objective 5408.9999528
Elapsed time for NoRel heuristic: 936s (best bound 0)
NoRel heuristic complete
Root relaxation presolve removed 72 rows and 3 columns
Root relaxation presolved: 145461 rows, 371475 columns, 1421528 nonzeros

Deterministic concurrent LP optimizer: primal simplex, dual simplex, and barrier
Showing barrier log only...

Root barrier log...

Ordering time: 5.16s
Elapsed ordering time = 5s
Elapsed ordering time = 10s
Elapsed ordering time = 11s
Elapsed ordering time = 13s
Ordering time: 14.21s

Barrier statistics:
 Dense cols : 5233
 AA' NZ     : 1.271e+06
 Factor NZ  : 7.664e+07 (roughly 800 MB of memory)
 Factor Ops : 4.861e+11 (roughly 3 seconds per iteration)
 Threads    : 4

                  Objective                Residual
Iter       Primal          Dual         Primal    Dual     Compl     Time
   0   4.01894602e+08 -1.32015062e+08  1.36e+04 0.00e+00  4.65e+03  1605s
   1   1.79604100e+08 -1.26028873e+08  5.79e+03 2.41e+02  1.95e+03  1605s
   2   7.27605710e+07 -1.01382967e+08  2.18e+03 1.25e-12  7.18e+02  1605s
   3   2.09093483e+07 -4.53543466e+07  3.93e+02 1.14e-12  1.65e+02  1605s
   4   1.03829308e+07 -8.67403153e+06  1.19e+02 9.09e-13  4.46e+01  1605s
   5   4.90686718e+06 -2.41576380e+06  4.88e+01 9.09e-13  1.78e+01  1606s
   6   1.80664135e+06 -6.74876877e+05  1.70e+01 9.38e-13  6.26e+00  1606s
   7   5.16789788e+05 -1.98273691e+05  4.44e+00 1.20e-12  1.76e+00  1606s
   8   2.59699963e+05 -9.27688255e+04  2.17e+00 1.49e-12  8.52e-01  1606s
   9   1.17956556e+05 -4.64990108e+04  9.32e-01 1.11e-12  3.72e-01  1606s
  10   7.98847346e+04 -4.17572113e+04  6.08e-01 1.47e-12  2.63e-01  1606s
  11   5.31560620e+04 -2.10450678e+04  3.83e-01 4.55e-13  1.50e-01  1606s
  12   4.11515851e+04 -1.62310833e+04  2.86e-01 8.99e-13  1.12e-01  1606s
  13   2.98432665e+04 -9.83827650e+03  1.93e-01 8.65e-13  7.32e-02  1606s
  14   2.53577237e+04 -7.01341109e+03  1.57e-01 1.36e-12  5.88e-02  1606s
  15   1.76975927e+04 -3.81004573e+03  9.69e-02 1.36e-12  3.82e-02  1607s
  16   1.52773023e+04 -5.30147733e+02  7.72e-02 2.75e-12  2.80e-02  1607s
  17   1.00466458e+04  1.19325035e+03  3.67e-02 2.49e-12  1.55e-02  1607s
  18   8.23288996e+03  1.87214982e+03  2.31e-02 2.83e-12  1.10e-02  1607s
  19   7.03518494e+03  2.48147478e+03  1.47e-02 1.00e-12  7.84e-03  1607s
  20   5.20620626e+03  3.10795140e+03  3.21e-03 1.17e-04  3.51e-03  1609s
  21   4.51074567e+03  3.89568246e+03  4.54e-04 3.58e-05  1.01e-03  1613s
  22   4.30382275e+03  4.13563413e+03  4.01e-05 1.12e-05  2.75e-04  1616s
  23   4.28264461e+03  4.21606313e+03  2.23e-05 3.24e-06  1.09e-04  1619s
  24   4.25532955e+03  4.23605842e+03  3.09e-06 1.19e-06  3.15e-05  1623s
  25   4.24936391e+03  4.24771756e+03  1.52e-07 4.99e-08  2.69e-06  1626s
  26   4.24859537e+03  4.24855771e+03  3.81e-09 1.23e-09  6.18e-08  1630s
  27   4.24857145e+03  4.24857141e+03  6.25e-10 2.54e-10  6.18e-11  1633s

Barrier solved model in 27 iterations and 1632.87 seconds (940.31 work units)
Optimal objective 4.24857145e+03


Root crossover log...

   14572 DPushes remaining with DInf 0.0000000e+00              1633s
     113 DPushes remaining with DInf 0.0000000e+00              1635s
       0 DPushes remaining with DInf 0.0000000e+00              1636s

    3341 PPushes remaining with PInf 0.0000000e+00              1636s
       0 PPushes remaining with PInf 0.0000000e+00              1637s

  Push phase complete: Pinf 0.0000000e+00, Dinf 5.8072160e-09   1637s


Root simplex log...

Iteration    Objective       Primal Inf.    Dual Inf.      Time
   17850    4.2485714e+03   0.000000e+00   0.000000e+00   1637s
Crossover time: 3.79 seconds (2.03 work units)
Concurrent spin time: 0.04s

Solved with barrier
   17850    4.2485714e+03   0.000000e+00   0.000000e+00   1637s

Use crossover to convert LP symmetric solution to basic solution...

Root crossover log...

   10440 DPushes remaining with DInf 0.0000000e+00              1637s
     117 DPushes remaining with DInf 0.0000000e+00              1641s
       0 DPushes remaining with DInf 0.0000000e+00              1642s

     198 PPushes remaining with PInf 0.0000000e+00              1642s
       0 PPushes remaining with PInf 0.0000000e+00              1642s

  Push phase complete: Pinf 0.0000000e+00, Dinf 2.4258640e-08   1642s


Root simplex log...

Iteration    Objective       Primal Inf.    Dual Inf.      Time
   28391    4.2485714e+03   0.000000e+00   0.000000e+00   1642s
Crossover time: 5.15 seconds (3.27 work units)

Root relaxation: objective 4.248571e+03, 28391 iterations, 60.10 seconds (42.01 work units)

    Nodes    |    Current Node    |     Objective Bounds      |     Work
 Expl Unexpl |  Obj  Depth IntInf | Incumbent    BestBd   Gap | It/Node Time

     0     0 4248.57143    0  290 5408.99995 4248.57143  21.5%     - 1826s
     0     0          -    0      5408.99995 4248.57143  21.5%     - 3600s

Cutting planes:
  Gomory: 1
  Lift-and-project: 15
  Implied bound: 20
  Clique: 5
  Flow cover: 9
  Zero half: 83
  RLT: 31
  BQP: 12

Explored 1 nodes (291547 simplex iterations) in 3600.11 seconds (2381.10 work units)
Thread count was 6 (of 24 available processors)

Solution count 10: 5409 5424 5460 ... 5746

Time limit reached
Best objective 5.408999953041e+03, best bound 4.249000000000e+03, gap 21.4457%
