
Gurobi 13.0.1 (linux64) logging started Sun Apr 26 21:43:34 2026

Set parameter LogFile to value "outputs/llm_runs/trajectories/I2_P6_patchedit_auto_gpt41mini/step_01/attempt_01/candidate_01_solver.log"
Read solution from file outputs/solves/base/blockseq_n601_blocks18_slots24_seed42.sol
Gurobi Optimizer version 13.0.1 build v13.0.1rc0 (linux64 - "Red Hat Enterprise Linux 9.6 (Plow)")

CPU model: Intel(R) Xeon(R) Gold 6226 CPU @ 2.70GHz, instruction set [SSE2|AVX|AVX2|AVX512]
Thread count: 24 physical cores, 24 logical processors, using up to 6 threads

Non-default parameters:
TimeLimit  3600
MIPGap  0.01
MIPFocus  2
NoRelHeurTime  900
RINS  2500
LogToConsole  0
Threads  6

Optimize a model with 401011 rows, 677376 columns and 3563688 nonzeros (Min)
Model fingerprint: 0x2fa3d310
Model has 351562 linear objective coefficients
Variable types: 0 continuous, 677376 integer (677376 binary)
Coefficient statistics:
  Matrix range     [1e+00, 2e+00]
  Objective range  [5e+00, 2e+03]
  Bounds range     [1e+00, 1e+00]
  RHS range        [1e+00, 1e+00]

User MIP start 0 did not produce a new incumbent solution
User MIP start 0 violates constraint reserved_virtual_slot[21] by 1.000000000
Warning: Completing partial solution with 677309 unfixed non-continuous variables out of 677376
User MIP start 1 produced solution with objective 14879 (1.14s)
Loaded user MIP start 1 with objective 14879
Processed 2 MIP starts in 1.14 seconds (0.67 work units)

Presolve removed 238488 rows and 267010 columns (presolve time = 5s)...
Presolve removed 239686 rows and 274710 columns (presolve time = 10s)...
Presolve removed 239687 rows and 274710 columns (presolve time = 15s)...
Presolve removed 239687 rows and 274710 columns (presolve time = 20s)...
Presolve removed 239687 rows and 274710 columns (presolve time = 25s)...
Presolve removed 239687 rows and 274710 columns (presolve time = 30s)...
Presolve removed 239687 rows and 274710 columns (presolve time = 35s)...
Presolve removed 239687 rows and 274710 columns (presolve time = 40s)...
Presolve removed 239687 rows and 274710 columns (presolve time = 45s)...
Presolve removed 239687 rows and 274710 columns (presolve time = 50s)...
Presolve removed 239687 rows and 274710 columns (presolve time = 59s)...
Presolve removed 239687 rows and 274710 columns (presolve time = 64s)...
Presolve removed 239687 rows and 274710 columns (presolve time = 66s)...
Presolve removed 239687 rows and 275326 columns (presolve time = 108s)...
Presolve removed 239733 rows and 276228 columns (presolve time = 110s)...
Presolve removed 239733 rows and 276228 columns
Presolve time: 112.77s
Presolved: 161278 rows, 401148 columns, 1716878 nonzeros
Variable types: 0 continuous, 401148 integer (401148 binary)
Starting NoRel heuristic
Found heuristic solution: objective 14515.000000
Found heuristic solution: objective 13523.000000
Found heuristic solution: objective 11239.000000
Found heuristic solution: objective 10232.000000
Elapsed time for NoRel heuristic: 12s (best bound 0)
Elapsed time for NoRel heuristic: 20s (best bound 0)
Found heuristic solution: objective 9825.0000000
Found heuristic solution: objective 9702.0000000
Found heuristic solution: objective 9672.0000000
Elapsed time for NoRel heuristic: 39s (best bound 0)
Found heuristic solution: objective 9618.0000000
Found heuristic solution: objective 9492.0000000
Elapsed time for NoRel heuristic: 48s (best bound 0)
Elapsed time for NoRel heuristic: 55s (best bound 0)
Found heuristic solution: objective 9301.0000000
Found heuristic solution: objective 9207.0000000
Found heuristic solution: objective 9202.0000000
Elapsed time for NoRel heuristic: 81s (best bound 0)
Found heuristic solution: objective 9033.0000000
Elapsed time for NoRel heuristic: 94s (best bound 0)
Elapsed time for NoRel heuristic: 106s (best bound 0)
Elapsed time for NoRel heuristic: 118s (best bound 0)
Elapsed time for NoRel heuristic: 125s (best bound 0)
Elapsed time for NoRel heuristic: 132s (best bound 0)
Elapsed time for NoRel heuristic: 139s (best bound 0)
Elapsed time for NoRel heuristic: 156s (best bound 0)
Found heuristic solution: objective 8955.0000000
Elapsed time for NoRel heuristic: 166s (best bound 0)
Found heuristic solution: objective 8953.0000000
Elapsed time for NoRel heuristic: 177s (best bound 0)
Found heuristic solution: objective 8921.0000000
Elapsed time for NoRel heuristic: 195s (best bound 0)
Found heuristic solution: objective 8582.0000000
Elapsed time for NoRel heuristic: 206s (best bound 0)
Elapsed time for NoRel heuristic: 219s (best bound 0)
Found heuristic solution: objective 8508.0000000
Elapsed time for NoRel heuristic: 239s (best bound 0)
Elapsed time for NoRel heuristic: 256s (best bound 0)
Found heuristic solution: objective 8493.0000000
Elapsed time for NoRel heuristic: 263s (best bound 0)
Elapsed time for NoRel heuristic: 279s (best bound 0)
Elapsed time for NoRel heuristic: 292s (best bound 0)
Elapsed time for NoRel heuristic: 309s (best bound 0)
Elapsed time for NoRel heuristic: 390s (best bound 0)
Found heuristic solution: objective 8464.0000000
Elapsed time for NoRel heuristic: 463s (best bound 0)
Found heuristic solution: objective 8452.0000000
Elapsed time for NoRel heuristic: 494s (best bound 0)
Found heuristic solution: objective 8362.0000000
Elapsed time for NoRel heuristic: 528s (best bound 0)
Elapsed time for NoRel heuristic: 554s (best bound 0)
Elapsed time for NoRel heuristic: 581s (best bound 0)
Elapsed time for NoRel heuristic: 620s (best bound 0)
Found heuristic solution: objective 8338.0000000
Found heuristic solution: objective 8314.0000000
Elapsed time for NoRel heuristic: 732s (best bound 0)
Elapsed time for NoRel heuristic: 767s (best bound 0)
Found heuristic solution: objective 8306.0000000
Elapsed time for NoRel heuristic: 844s (best bound 0)
Elapsed time for NoRel heuristic: 895s (best bound 0)
Found heuristic solution: objective 8204.0000000
Elapsed time for NoRel heuristic: 941s (best bound 0)
NoRel heuristic complete
Root relaxation presolve removed 7 rows and 0 columns
Root relaxation presolved: 161271 rows, 401148 columns, 1714595 nonzeros

Deterministic concurrent LP optimizer: primal simplex, dual simplex, and barrier
Showing barrier log only...

Root barrier log...

Ordering time: 5.29s
Elapsed ordering time = 5s
Elapsed ordering time = 10s
Elapsed ordering time = 11s
Elapsed ordering time = 12s
Ordering time: 12.85s

Barrier statistics:
 Dense cols : 5498
 AA' NZ     : 1.017e+06
 Factor NZ  : 6.636e+07 (roughly 700 MB of memory)
 Factor Ops : 3.795e+11 (roughly 2 seconds per iteration)
 Threads    : 4

                  Objective                Residual
Iter       Primal          Dual         Primal    Dual     Compl     Time
   0   6.87115961e+08 -2.60571910e+08  4.13e+04 8.70e+02  1.21e+04  1076s
   1   3.35488126e+08 -2.59039427e+08  2.03e+04 2.73e-12  5.11e+03  1076s
   2   1.24922434e+08 -2.21832415e+08  7.20e+03 3.18e-12  1.88e+03  1076s
   3   3.58771091e+07 -1.24729121e+08  1.59e+03 2.96e-12  4.92e+02  1076s
   4   2.02249211e+07 -3.47073702e+07  6.39e+02 2.50e-12  1.56e+02  1076s
   5   1.06126311e+07 -6.67638503e+06  1.85e+02 2.73e-12  4.69e+01  1076s
   6   5.31041649e+06 -2.33457445e+06  8.38e+01 2.96e-12  2.15e+01  1076s
   7   1.66622097e+06 -7.16220753e+05  2.42e+01 3.64e-12  6.73e+00  1076s
   8   3.32801150e+05 -2.39029535e+05  4.29e+00 4.09e-12  1.46e+00  1077s
   9   1.37037189e+05 -1.42177304e+05  1.68e+00 2.73e-12  6.54e-01  1077s
  10   5.21413115e+04 -1.07531437e+05  5.80e-01 2.78e-12  3.29e-01  1077s
  11   2.51033790e+04 -8.49977382e+04  2.32e-01 2.73e-12  2.09e-01  1077s
  12   2.14236412e+04 -6.73967065e+04  1.80e-01 3.49e-12  1.68e-01  1077s
  13   1.98434226e+04 -6.16739615e+04  1.58e-01 2.73e-12  1.53e-01  1077s
  14   1.82925298e+04 -5.01781081e+04  1.35e-01 2.73e-12  1.29e-01  1077s
  15   1.46691225e+04 -2.13055182e+04  8.15e-02 2.21e-12  6.77e-02  1077s
  16   1.02599894e+04 -6.68046917e+03  2.49e-02 2.73e-12  3.13e-02  1077s
  17   8.71200960e+03 -2.16707719e+03  8.74e-03 2.05e-12  1.96e-02  1078s
  18   7.77164613e+03 -2.81899463e+01  3.02e-03 1.82e-12  1.38e-02  1078s
  19   7.02012804e+03  2.22543087e+03  7.16e-04 1.82e-12  8.39e-03  1078s
  20   6.50581237e+03  4.15791650e+03  2.06e-04 4.57e-06  4.09e-03  1080s
  21   6.22625473e+03  4.54052384e+03  6.74e-05 3.69e-06  2.92e-03  1082s
  22   6.07980613e+03  5.56708300e+03  1.23e-05 1.09e-06  8.89e-04  1085s
  23   6.02997246e+03  5.93409186e+03  1.61e-06 1.86e-07  1.66e-04  1088s
  24   6.02095324e+03  6.00807496e+03  1.86e-07 1.38e-07  2.24e-05  1091s
  25   6.01917280e+03  6.01881810e+03  8.45e-08 2.84e-08  6.29e-07  1094s
  26   6.01906888e+03  6.01899036e+03  1.42e-09 8.64e-09  1.36e-07  1097s
  27   6.01906771e+03  6.01906303e+03  6.20e-10 1.22e-09  8.35e-09  1100s
  28   6.01906685e+03  6.01906685e+03  5.59e-11 2.64e-09  9.07e-12  1103s

Barrier solved model in 28 iterations and 1102.92 seconds (699.39 work units)
Optimal objective 6.01906685e+03


Root crossover log...

   14499 DPushes remaining with DInf 0.0000000e+00              1103s
     424 DPushes remaining with DInf 0.0000000e+00              1105s
       0 DPushes remaining with DInf 0.0000000e+00              1107s

     194 PPushes remaining with PInf 0.0000000e+00              1107s
       0 PPushes remaining with PInf 0.0000000e+00              1107s

  Push phase complete: Pinf 0.0000000e+00, Dinf 6.5874417e-09   1108s


Root simplex log...

Iteration    Objective       Primal Inf.    Dual Inf.      Time
   14638    6.0190669e+03   0.000000e+00   0.000000e+00   1108s
Crossover time: 4.63 seconds (2.22 work units)
Concurrent spin time: 0.01s

Solved with barrier
   14638    6.0190669e+03   0.000000e+00   0.000000e+00   1108s

Use crossover to convert LP symmetric solution to basic solution...

Root crossover log...

  159565 variables added to crossover basis                     1110s
  160465 variables added to crossover basis                     1115s
  161150 variables added to crossover basis                     1120s

      72 DPushes remaining with DInf 0.0000000e+00              1123s
       0 DPushes remaining with DInf 0.0000000e+00              1124s

     619 PPushes remaining with PInf 0.0000000e+00              1124s
       0 PPushes remaining with PInf 0.0000000e+00              1124s

  Push phase complete: Pinf 0.0000000e+00, Dinf 2.4603771e-08   1124s


Root simplex log...

Iteration    Objective       Primal Inf.    Dual Inf.      Time
   15261    6.0190669e+03   0.000000e+00   0.000000e+00   1124s
Crossover time: 16.60 seconds (29.50 work units)

Root relaxation: objective 6.019067e+03, 15261 iterations, 69.09 seconds (68.96 work units)

    Nodes    |    Current Node    |     Objective Bounds      |     Work
 Expl Unexpl |  Obj  Depth IntInf | Incumbent    BestBd   Gap | It/Node Time

     0     0 6019.06685    0  438 8204.00000 6019.06685  26.6%     - 1171s
     0     0 6019.06685    0  438 8204.00000 6019.06685  26.6%     - 1174s
     0     0 6038.05271    0  827 8204.00000 6038.05271  26.4%     - 3600s

Explored 1 nodes (48397 simplex iterations) in 3600.21 seconds (2353.81 work units)
Thread count was 6 (of 24 available processors)

Solution count 10: 8204 8306 8314 ... 8582

Time limit reached
Best objective 8.204000000000e+03, best bound 6.039000000000e+03, gap 26.3896%
