
Gurobi 13.0.1 (linux64) logging started Mon Apr 27 02:02:40 2026

Set parameter LogFile to value "outputs/llm_runs/trajectories/I4_P6_patchedit_scratch_gpt41mini/step_01/replay_attempt_01/candidate_01_solver.log"
Set parameter Threads to value 6
Gurobi Optimizer version 13.0.1 build v13.0.1rc0 (linux64 - "Red Hat Enterprise Linux 9.6 (Plow)")

CPU model: Intel(R) Xeon(R) Gold 6226 CPU @ 2.70GHz, instruction set [SSE2|AVX|AVX2|AVX512]
Thread count: 24 physical cores, 24 logical processors, using up to 6 threads

Non-default parameters:
TimeLimit  3600
LogToConsole  0
Threads  6

Optimize a model with 401011 rows, 677376 columns and 3563688 nonzeros (Min)
Model fingerprint: 0xefbe15e4
Model has 395750 linear objective coefficients
Variable types: 0 continuous, 677376 integer (677376 binary)
Coefficient statistics:
  Matrix range     [1e+00, 2e+00]
  Objective range  [5e+00, 1e+03]
  Bounds range     [1e+00, 1e+00]
  RHS range        [1e+00, 1e+00]

Presolve removed 218211 rows and 246755 columns (presolve time = 5s)...
Presolve removed 219410 rows and 254433 columns (presolve time = 10s)...
Presolve removed 219410 rows and 254433 columns (presolve time = 15s)...
Presolve removed 219410 rows and 254433 columns (presolve time = 20s)...
Presolve removed 219410 rows and 254433 columns (presolve time = 25s)...
Presolve removed 219410 rows and 254433 columns (presolve time = 30s)...
Presolve removed 219410 rows and 254433 columns (presolve time = 35s)...
Presolve removed 219410 rows and 254433 columns (presolve time = 40s)...
Presolve removed 219410 rows and 254433 columns (presolve time = 45s)...
Presolve removed 219410 rows and 254433 columns (presolve time = 50s)...
Presolve removed 219410 rows and 254433 columns (presolve time = 55s)...
Presolve removed 219410 rows and 255951 columns (presolve time = 70s)...
Presolve removed 219456 rows and 255951 columns
Presolve time: 72.08s
Presolved: 181555 rows, 421425 columns, 1758745 nonzeros
Variable types: 0 continuous, 421425 integer (421425 binary)
Deterministic concurrent LP optimizer: primal simplex, dual simplex, and barrier
Showing barrier log only...

Root barrier log...

Ordering time: 7.00s
Elapsed ordering time = 7s
Elapsed ordering time = 10s
Elapsed ordering time = 15s
Elapsed ordering time = 16s
Elapsed ordering time = 18s
Ordering time: 19.34s

Barrier statistics:
 Dense cols : 6426
 AA' NZ     : 1.226e+06
 Factor NZ  : 9.082e+07 (roughly 900 MB of memory)
 Factor Ops : 6.224e+11 (roughly 5 seconds per iteration)
 Threads    : 3

                  Objective                Residual
Iter       Primal          Dual         Primal    Dual     Compl     Time
   0   1.54806518e+09 -1.79074024e+08  6.10e+04 6.17e+02  1.60e+04    97s
   1   7.01069717e+08 -1.89168908e+08  3.02e+04 5.02e+01  6.26e+03    98s
   2   2.14655095e+08 -1.89280378e+08  9.06e+03 1.36e-12  2.00e+03    98s
   3   5.78635383e+07 -1.36598240e+08  2.09e+03 1.36e-12  5.49e+02    98s
   4   2.94600447e+07 -4.34683616e+07  8.37e+02 2.50e-12  1.71e+02    98s
   5   1.20672962e+07 -8.79439552e+06  2.04e+02 2.27e-12  4.33e+01    98s
   6   4.60641200e+06 -2.44704974e+06  5.96e+01 2.73e-12  1.44e+01    98s
   7   8.69111722e+05 -6.70215666e+05  9.06e+00 2.96e-12  2.97e+00    98s
   8   1.69277457e+05 -1.62705697e+05  1.49e+00 2.50e-12  6.01e-01    98s
   9   5.81222723e+04 -1.11078107e+05  4.54e-01 2.16e-12  2.76e-01    98s
  10   2.43282109e+04 -7.63360357e+04  1.41e-01 2.05e-12  1.53e-01    99s
  11   2.11301405e+04 -6.38368721e+04  1.14e-01 7.05e-12  1.20e-01    99s
  12   1.76613206e+04 -4.30436696e+04  8.24e-02 2.05e-11  7.98e-02    99s
  13   1.53075367e+04 -1.87076728e+04  6.24e-02 1.66e-11  5.24e-02    99s
  14   1.41394574e+04 -1.29193434e+04  5.27e-02 1.18e-11  4.38e-02   100s
  15   1.19587953e+04 -1.04494457e+04  3.47e-02 1.08e-11  3.59e-02   100s
  16   9.61814891e+03 -6.33238890e+03  1.75e-02 9.78e-12  2.53e-02   100s
  17   7.89913081e+03 -2.97984640e+03  7.63e-03 1.16e-11  1.69e-02   101s
  18   7.07994230e+03  2.64556118e+01  4.49e-03 1.21e-11  1.10e-02   101s
  19   6.28848188e+03  2.42049719e+03  2.30e-03 4.27e-06  6.01e-03   106s
  20   5.55107333e+03  3.36900396e+03  4.84e-04 2.79e-06  3.23e-03   111s
  21   5.33752861e+03  4.08644547e+03  1.06e-04 1.72e-06  1.81e-03   116s
  22   5.25619720e+03  4.96059427e+03  1.36e-05 3.83e-07  4.27e-04   121s
  23   5.23151006e+03  5.13951434e+03  9.06e-07 1.15e-07  1.32e-04   127s
  24   5.22741979e+03  5.20616198e+03  1.90e-07 2.45e-08  3.06e-05   132s
  25   5.22587212e+03  5.21959054e+03  3.00e-08 1.13e-08  9.02e-06   138s
  26   5.22558453e+03  5.22397059e+03  7.19e-09 2.89e-09  2.32e-06   145s
  27   5.22555093e+03  5.22525663e+03  2.74e-09 4.69e-10  4.24e-07   151s
  28   5.22553469e+03  5.22540339e+03  7.15e-09 2.13e-10  1.89e-07   157s
  29   5.22553010e+03  5.22551156e+03  9.67e-09 8.53e-10  2.70e-08   164s
  30   5.22552823e+03  5.22552779e+03  7.09e-10 5.44e-10  6.56e-10   170s
  31   5.22552810e+03  5.22552806e+03  9.55e-10 4.66e-06  5.40e-11   176s

Barrier solved model in 31 iterations and 176.03 seconds (130.69 work units)
Optimal objective 5.22552810e+03


Root crossover log...

   16466 DPushes remaining with DInf 0.0000000e+00               176s
     359 DPushes remaining with DInf 0.0000000e+00               180s
       0 DPushes remaining with DInf 0.0000000e+00               182s

     142 PPushes remaining with PInf 1.1494838e-06               182s
       0 PPushes remaining with PInf 0.0000000e+00               182s

  Push phase complete: Pinf 0.0000000e+00, Dinf 5.0224571e-09    182s


Root simplex log...

Iteration    Objective       Primal Inf.    Dual Inf.      Time
   16546    5.2255281e+03   0.000000e+00   0.000000e+00    182s
Crossover time: 6.15 seconds (2.85 work units)
Concurrent spin time: 0.03s

Solved with barrier
   16546    5.2255281e+03   0.000000e+00   0.000000e+00    182s

Use crossover to convert LP symmetric solution to basic solution...

Root crossover log...

  180017 variables added to crossover basis                      185s
  181096 variables added to crossover basis                      190s

      75 DPushes remaining with DInf 0.0000000e+00               193s
       0 DPushes remaining with DInf 0.0000000e+00               194s

     443 PPushes remaining with PInf 0.0000000e+00               194s
       0 PPushes remaining with PInf 0.0000000e+00               195s

  Push phase complete: Pinf 0.0000000e+00, Dinf 2.5140288e-08    195s


Root simplex log...

Iteration    Objective       Primal Inf.    Dual Inf.      Time
   16996    5.2255281e+03   0.000000e+00   0.000000e+00    195s
Crossover time: 12.34 seconds (15.74 work units)

Root relaxation: objective 5.225528e+03, 16996 iterations, 120.68 seconds (107.24 work units)

    Nodes    |    Current Node    |     Objective Bounds      |     Work
 Expl Unexpl |  Obj  Depth IntInf | Incumbent    BestBd   Gap | It/Node Time

     0     0 5225.52810    0  423          - 5225.52810      -     -  223s
H    0     0                    8937.0000000 5225.52810  41.5%     -  227s
     0     0 5245.59889    0  533 8937.00000 5245.59889  41.3%     - 1463s
     0     0 5265.48695    0  521 8937.00000 5265.48695  41.1%     - 2577s
     0     0 5265.60460    0  527 8937.00000 5265.60460  41.1%     - 2798s
     0     0 5265.60460    0  425 8937.00000 5265.60460  41.1%     - 3211s
H    0     0                    8585.0000000 5265.60460  38.7%     - 3214s
H    0     0                    8500.0000000 5265.60460  38.1%     - 3214s
     0     0          -    0      8500.00000 5265.60460  38.1%     - 3600s

Cutting planes:
  Gomory: 2
  Clique: 10
  MIR: 42
  Zero half: 40
  RLT: 25
  BQP: 9

Explored 1 nodes (348143 simplex iterations) in 3600.06 seconds (2571.98 work units)
Thread count was 6 (of 24 available processors)

Solution count 3: 8500 8585 8937 

Time limit reached
Best objective 8.500000000000e+03, best bound 5.266000000000e+03, gap 38.0471%
