
Gurobi 13.0.1 (linux64) logging started Mon Apr 27 00:57:38 2026

Set parameter LogFile to value "outputs/llm_runs/trajectories/I4_P3_patchedit_auto_gpt41mini/step_01/attempt_01/candidate_01_solver.log"
Gurobi Optimizer version 13.0.1 build v13.0.1rc0 (linux64 - "Red Hat Enterprise Linux 9.6 (Plow)")

CPU model: Intel(R) Xeon(R) Gold 6226 CPU @ 2.70GHz, instruction set [SSE2|AVX|AVX2|AVX512]
Thread count: 24 physical cores, 24 logical processors, using up to 6 threads

Non-default parameters:
TimeLimit  3600
MIPGap  0.01
DegenMoves  0
MIPFocus  2
NoRelHeurTime  900
LogToConsole  0
Threads  6

Optimize a model with 401010 rows, 677376 columns and 3532008 nonzeros (Min)
Model fingerprint: 0x3aa69a06
Model has 395750 linear objective coefficients
Variable types: 0 continuous, 677376 integer (677376 binary)
Coefficient statistics:
  Matrix range     [1e+00, 2e+00]
  Objective range  [5e+00, 8e+02]
  Bounds range     [1e+00, 1e+00]
  RHS range        [1e+00, 1e+00]

Warning: Completing partial solution with 677309 unfixed non-continuous variables out of 677376
User MIP start produced solution with objective 10855 (1.06s)
Loaded user MIP start with objective 10855
Processed MIP start in 1.05 seconds (0.67 work units)

Presolve removed 218211 rows and 216483 columns (presolve time = 5s)...
Presolve removed 218211 rows and 216483 columns (presolve time = 10s)...
Presolve removed 218211 rows and 216483 columns (presolve time = 15s)...
Presolve removed 218211 rows and 216483 columns (presolve time = 20s)...
Presolve removed 218211 rows and 216483 columns (presolve time = 25s)...
Presolve removed 218211 rows and 216483 columns (presolve time = 30s)...
Presolve removed 218211 rows and 216483 columns (presolve time = 35s)...
Presolve removed 218211 rows and 216483 columns (presolve time = 40s)...
Presolve removed 218211 rows and 216483 columns (presolve time = 45s)...
Presolve removed 218211 rows and 216483 columns (presolve time = 50s)...
Presolve removed 218211 rows and 216483 columns (presolve time = 55s)...
Presolve removed 218211 rows and 216483 columns (presolve time = 60s)...
Presolve removed 218211 rows and 216483 columns (presolve time = 65s)...
Presolve removed 218211 rows and 216483 columns (presolve time = 70s)...
Presolve removed 218211 rows and 216483 columns (presolve time = 75s)...
Presolve removed 218211 rows and 216483 columns (presolve time = 80s)...
Presolve removed 218211 rows and 216483 columns (presolve time = 85s)...
Presolve removed 218211 rows and 216483 columns (presolve time = 90s)...
Presolve removed 218211 rows and 216483 columns (presolve time = 95s)...
Presolve removed 218211 rows and 216483 columns (presolve time = 100s)...
Presolve removed 218211 rows and 216483 columns (presolve time = 105s)...
Presolve removed 218211 rows and 216483 columns (presolve time = 110s)...
Presolve removed 218211 rows and 216483 columns (presolve time = 115s)...
Presolve removed 218211 rows and 216483 columns (presolve time = 120s)...
Presolve removed 218211 rows and 216483 columns (presolve time = 125s)...
Presolve removed 218211 rows and 216483 columns (presolve time = 130s)...
Presolve removed 218211 rows and 216483 columns (presolve time = 135s)...
Presolve removed 218211 rows and 216483 columns (presolve time = 140s)...
Presolve removed 218211 rows and 216483 columns (presolve time = 145s)...
Presolve removed 218211 rows and 216483 columns (presolve time = 150s)...
Presolve removed 218211 rows and 216483 columns (presolve time = 155s)...
Presolve removed 218211 rows and 216483 columns (presolve time = 160s)...
Presolve removed 218211 rows and 216483 columns (presolve time = 165s)...
Presolve removed 218211 rows and 216483 columns (presolve time = 170s)...
Presolve removed 218211 rows and 216483 columns (presolve time = 175s)...
Presolve removed 218211 rows and 216483 columns (presolve time = 180s)...
Presolve removed 218211 rows and 216483 columns (presolve time = 185s)...
Presolve removed 218211 rows and 216483 columns (presolve time = 190s)...
Presolve removed 218211 rows and 216483 columns (presolve time = 195s)...
Presolve removed 218211 rows and 216483 columns (presolve time = 200s)...
Presolve removed 218211 rows and 216483 columns (presolve time = 205s)...
Presolve removed 218211 rows and 216483 columns (presolve time = 210s)...
Presolve removed 218211 rows and 216483 columns (presolve time = 215s)...
Presolve removed 218211 rows and 216483 columns (presolve time = 220s)...
Presolve removed 218211 rows and 216483 columns (presolve time = 225s)...
Presolve removed 218211 rows and 216483 columns (presolve time = 230s)...
Presolve removed 218211 rows and 216483 columns (presolve time = 235s)...
Presolve removed 218211 rows and 216483 columns (presolve time = 240s)...
Presolve removed 218211 rows and 216483 columns (presolve time = 246s)...
Presolve removed 218211 rows and 216483 columns (presolve time = 251s)...
Presolve removed 218211 rows and 216483 columns (presolve time = 257s)...
Presolve removed 218211 rows and 216483 columns (presolve time = 262s)...
Presolve removed 218211 rows and 216483 columns (presolve time = 267s)...
Presolve removed 218211 rows and 216483 columns (presolve time = 273s)...
Presolve removed 218211 rows and 216483 columns (presolve time = 278s)...
Presolve removed 218211 rows and 216483 columns (presolve time = 283s)...
Presolve removed 218211 rows and 216483 columns (presolve time = 288s)...
Presolve removed 218211 rows and 216483 columns (presolve time = 294s)...
Presolve removed 218211 rows and 216483 columns (presolve time = 298s)...
Presolve removed 218877 rows and 245088 columns (presolve time = 300s)...
Presolve removed 218877 rows and 245088 columns (presolve time = 305s)...
Presolve removed 218877 rows and 245088 columns (presolve time = 310s)...
Presolve removed 218877 rows and 245088 columns (presolve time = 315s)...
Presolve removed 218877 rows and 245088 columns (presolve time = 320s)...
Presolve removed 218877 rows and 245088 columns (presolve time = 325s)...
Presolve removed 218877 rows and 245088 columns (presolve time = 330s)...
Presolve removed 218877 rows and 245088 columns (presolve time = 335s)...
Presolve removed 218877 rows and 245088 columns (presolve time = 340s)...
Presolve removed 218877 rows and 245088 columns (presolve time = 345s)...
Presolve removed 218877 rows and 245088 columns (presolve time = 350s)...
Presolve removed 218877 rows and 245088 columns (presolve time = 355s)...
Presolve removed 218877 rows and 245088 columns (presolve time = 360s)...
Presolve removed 218877 rows and 245088 columns (presolve time = 365s)...
Presolve removed 218877 rows and 245088 columns (presolve time = 370s)...
Presolve removed 218877 rows and 245088 columns (presolve time = 375s)...
Presolve removed 218877 rows and 245088 columns (presolve time = 380s)...
Presolve removed 218877 rows and 245088 columns (presolve time = 385s)...
Presolve removed 218877 rows and 245088 columns (presolve time = 390s)...
Presolve removed 218877 rows and 245088 columns (presolve time = 395s)...
Presolve removed 218877 rows and 245088 columns (presolve time = 400s)...
Presolve removed 218877 rows and 245088 columns (presolve time = 405s)...
Presolve removed 218877 rows and 245088 columns (presolve time = 410s)...
Presolve removed 218877 rows and 245088 columns (presolve time = 415s)...
Presolve removed 218877 rows and 245088 columns (presolve time = 420s)...
Presolve removed 218877 rows and 245088 columns (presolve time = 425s)...
Presolve removed 218877 rows and 245088 columns (presolve time = 430s)...
Presolve removed 218877 rows and 245088 columns (presolve time = 435s)...
Presolve removed 218877 rows and 245088 columns (presolve time = 440s)...
Presolve removed 218877 rows and 245088 columns (presolve time = 445s)...
Presolve removed 218877 rows and 245088 columns (presolve time = 450s)...
Presolve removed 218877 rows and 245088 columns (presolve time = 455s)...
Presolve removed 218877 rows and 245088 columns (presolve time = 460s)...
Presolve removed 218877 rows and 245088 columns (presolve time = 465s)...
Presolve removed 218877 rows and 245088 columns (presolve time = 470s)...
Presolve removed 218877 rows and 245088 columns (presolve time = 475s)...
Presolve removed 218877 rows and 245088 columns (presolve time = 480s)...
Presolve removed 218877 rows and 245088 columns (presolve time = 485s)...
Presolve removed 218877 rows and 245088 columns (presolve time = 490s)...
Presolve removed 218877 rows and 245088 columns (presolve time = 495s)...
Presolve removed 218877 rows and 245088 columns (presolve time = 500s)...
Presolve removed 218877 rows and 245088 columns (presolve time = 505s)...
Presolve removed 218877 rows and 245088 columns (presolve time = 510s)...
Presolve removed 218877 rows and 245088 columns (presolve time = 515s)...
Presolve removed 218877 rows and 245088 columns (presolve time = 520s)...
Presolve removed 218877 rows and 245088 columns (presolve time = 525s)...
Presolve removed 218877 rows and 245088 columns (presolve time = 530s)...
Presolve removed 218877 rows and 245088 columns (presolve time = 535s)...
Presolve removed 218877 rows and 245088 columns (presolve time = 540s)...
Presolve removed 218877 rows and 245088 columns (presolve time = 545s)...
Presolve removed 218877 rows and 245088 columns (presolve time = 550s)...
Presolve removed 218877 rows and 245088 columns (presolve time = 555s)...
Presolve removed 218877 rows and 245088 columns (presolve time = 560s)...
Presolve removed 218877 rows and 245088 columns (presolve time = 565s)...
Presolve removed 218877 rows and 245088 columns (presolve time = 570s)...
Presolve removed 218877 rows and 245088 columns (presolve time = 575s)...
Presolve removed 218877 rows and 245088 columns (presolve time = 580s)...
Presolve removed 218877 rows and 245088 columns (presolve time = 585s)...
Presolve removed 219525 rows and 266829 columns (presolve time = 590s)...
Presolve removed 219525 rows and 266829 columns (presolve time = 595s)...
Presolve removed 219525 rows and 266829 columns (presolve time = 604s)...
Presolve removed 219525 rows and 266829 columns (presolve time = 610s)...
Presolve removed 219525 rows and 266829 columns (presolve time = 615s)...
Presolve removed 219525 rows and 266829 columns (presolve time = 620s)...
Presolve removed 219525 rows and 266829 columns (presolve time = 625s)...
Presolve removed 219525 rows and 266829 columns (presolve time = 631s)...
Presolve removed 219525 rows and 266829 columns (presolve time = 636s)...
Presolve removed 219525 rows and 266829 columns (presolve time = 641s)...
Presolve removed 219525 rows and 266829 columns (presolve time = 647s)...
Presolve removed 219525 rows and 266829 columns (presolve time = 652s)...
Presolve removed 219525 rows and 266829 columns (presolve time = 657s)...
Presolve removed 219525 rows and 266829 columns (presolve time = 662s)...
Presolve removed 219525 rows and 266829 columns (presolve time = 668s)...
Presolve removed 219525 rows and 266829 columns (presolve time = 673s)...
Presolve removed 219525 rows and 266829 columns (presolve time = 678s)...
Presolve removed 219525 rows and 266829 columns (presolve time = 683s)...
Presolve removed 219525 rows and 266829 columns (presolve time = 689s)...
Presolve removed 219525 rows and 266829 columns (presolve time = 694s)...
Presolve removed 219525 rows and 266829 columns (presolve time = 699s)...
Presolve removed 219525 rows and 266829 columns (presolve time = 705s)...
Presolve removed 219525 rows and 266829 columns (presolve time = 710s)...
Presolve removed 219525 rows and 266829 columns (presolve time = 715s)...
Presolve removed 219525 rows and 266829 columns (presolve time = 720s)...
Presolve removed 219525 rows and 266829 columns (presolve time = 726s)...
Presolve removed 219525 rows and 266829 columns (presolve time = 731s)...
Presolve removed 219525 rows and 266829 columns (presolve time = 736s)...
Presolve removed 219525 rows and 266829 columns (presolve time = 741s)...
Presolve removed 219525 rows and 269921 columns (presolve time = 759s)...
Presolve removed 219637 rows and 269921 columns (presolve time = 760s)...
Presolve removed 219637 rows and 269921 columns
Presolve time: 763.27s
Presolved: 181373 rows, 407455 columns, 1684573 nonzeros
Variable types: 0 continuous, 407455 integer (407455 binary)
Starting NoRel heuristic
Found heuristic solution: objective 10558.000000
Found heuristic solution: objective 10316.000000
Found heuristic solution: objective 9834.0000000
Elapsed time for NoRel heuristic: 11s (best bound 0)
Elapsed time for NoRel heuristic: 17s (best bound 0)
Found heuristic solution: objective 9767.0000000
Found heuristic solution: objective 9588.0000000
Found heuristic solution: objective 9481.0000000
Elapsed time for NoRel heuristic: 31s (best bound 0)
Elapsed time for NoRel heuristic: 73s (best bound 0)
Elapsed time for NoRel heuristic: 79s (best bound 0)
Elapsed time for NoRel heuristic: 85s (best bound 0)
Found heuristic solution: objective 8957.0000000
Elapsed time for NoRel heuristic: 166s (best bound 0)
Elapsed time for NoRel heuristic: 210s (best bound 0)
Elapsed time for NoRel heuristic: 218s (best bound 0)
Elapsed time for NoRel heuristic: 223s (best bound 0)
Elapsed time for NoRel heuristic: 230s (best bound 0)
Elapsed time for NoRel heuristic: 236s (best bound 0)
Found heuristic solution: objective 8940.0000000
Found heuristic solution: objective 8858.0000000
Elapsed time for NoRel heuristic: 282s (best bound 0)
Elapsed time for NoRel heuristic: 331s (best bound 0)
Elapsed time for NoRel heuristic: 338s (best bound 0)
Found heuristic solution: objective 8644.0000000
Elapsed time for NoRel heuristic: 392s (best bound 0)
Elapsed time for NoRel heuristic: 440s (best bound 0)
Found heuristic solution: objective 8619.0000000
Elapsed time for NoRel heuristic: 496s (best bound 0)
Found heuristic solution: objective 8555.0000000
Elapsed time for NoRel heuristic: 522s (best bound 0)
Found heuristic solution: objective 8518.0000000
Elapsed time for NoRel heuristic: 578s (best bound 0)
Found heuristic solution: objective 8463.0000000
Found heuristic solution: objective 8452.0000000
Elapsed time for NoRel heuristic: 632s (best bound 0)
Elapsed time for NoRel heuristic: 711s (best bound 0)
Elapsed time for NoRel heuristic: 777s (best bound 0)
Elapsed time for NoRel heuristic: 843s (best bound 0)
Found heuristic solution: objective 8306.0000000
Elapsed time for NoRel heuristic: 960s (best bound 0)
NoRel heuristic complete
Root relaxation presolve removed 1 rows and 0 columns
Root relaxation presolved: 181372 rows, 407455 columns, 1684546 nonzeros

Deterministic concurrent LP optimizer: primal simplex, dual simplex, and barrier
Showing barrier log only...

Root barrier log...

Elapsed ordering time = 5s
Ordering time: 8.58s
Elapsed ordering time = 9s
Elapsed ordering time = 10s
Elapsed ordering time = 15s
Elapsed ordering time = 16s
Elapsed ordering time = 19s
Elapsed ordering time = 20s
Elapsed ordering time = 21s
Ordering time: 23.94s

Barrier statistics:
 Dense cols : 7236
 AA' NZ     : 2.264e+06
 Factor NZ  : 1.583e+08 (roughly 1.5 GB of memory)
 Factor Ops : 1.325e+12 (roughly 8 seconds per iteration)
 Threads    : 4

                  Objective                Residual
Iter       Primal          Dual         Primal    Dual     Compl     Time
   0   8.11519957e+08 -7.86150233e+07  1.21e+05 1.37e+02  3.79e+03  1755s
   1   3.43009900e+08 -8.17298961e+07  5.27e+04 2.69e+01  1.49e+03  1756s
   2   1.18959370e+08 -7.87208890e+07  1.72e+04 6.25e-13  5.19e+02  1756s
   3   2.78762458e+07 -4.82653307e+07  2.84e+03 4.26e-13  1.18e+02  1756s
   4   1.17087275e+07 -8.29816220e+06  7.38e+02 2.27e-13  2.68e+01  1756s
   5   2.43812875e+06 -2.08328965e+06  1.22e+02 1.71e-13  5.67e+00  1756s
   6   5.09537239e+05 -5.40261227e+05  2.27e+01 2.27e-13  1.28e+00  1756s
   7   1.31288732e+05 -1.02221307e+05  5.15e+00 1.71e-13  2.83e-01  1756s
   8   2.18474614e+04 -3.51557291e+04  6.39e-01 1.71e-13  6.31e-02  1756s
   9   1.94128069e+04 -3.01108928e+04  5.44e-01 1.71e-13  5.61e-02  1757s
  10   1.64864799e+04 -2.14816414e+04  4.25e-01 1.71e-13  4.54e-02  1757s
  11   1.46775118e+04 -1.85605781e+04  3.46e-01 1.14e-13  3.82e-02  1757s
  12   1.30826412e+04 -8.92564643e+03  2.69e-01 1.14e-13  2.96e-02  1757s
  13   1.03839386e+04 -5.27272500e+03  1.42e-01 1.71e-13  1.98e-02  1757s
  14   8.76462700e+03 -1.30685355e+03  8.28e-02 1.14e-13  1.29e-02  1758s
  15   7.10899528e+03  8.11419320e+02  2.91e-02 1.14e-13  7.67e-03  1758s
  16   6.22841762e+03  2.47550863e+03  6.66e-03 1.14e-13  4.25e-03  1758s
  17   6.00321573e+03  3.53187531e+03  2.77e-03 1.14e-13  2.71e-03  1759s
  18   5.86217002e+03  4.04379848e+03  1.26e-03 1.14e-13  1.96e-03  1759s
  19   5.74025245e+03  4.88233910e+03  1.77e-04 4.12e-04  8.96e-04  1765s
  20   5.70716439e+03  5.37534786e+03  3.33e-05 1.57e-04  3.44e-04  1773s
  21   5.69284724e+03  5.59559007e+03  3.52e-06 4.46e-05  1.01e-04  1781s
  22   5.68944973e+03  5.68184373e+03  1.35e-07 2.72e-06  7.87e-06  1789s
  23   5.68882911e+03  5.68860671e+03  3.41e-08 2.36e-07  2.40e-07  1798s
  24   5.68880438e+03  5.68879788e+03  3.73e-09 3.65e-08  7.56e-09  1806s
  25   5.68880017e+03  5.68879924e+03  1.05e-08 9.61e-05  1.03e-09  1814s
  26   5.68880008e+03  5.68880006e+03  1.84e-08 6.72e-06  3.05e-11  1823s

Barrier solved model in 26 iterations and 1822.88 seconds (1194.51 work units)
Optimal objective 5.68880008e+03


Root crossover log...

   22084 DPushes remaining with DInf 0.0000000e+00              1823s
     632 DPushes remaining with DInf 0.0000000e+00              1826s
       0 DPushes remaining with DInf 0.0000000e+00              1830s

     564 PPushes remaining with PInf 0.0000000e+00              1830s
       0 PPushes remaining with PInf 0.0000000e+00              1830s

  Push phase complete: Pinf 0.0000000e+00, Dinf 1.1685171e-07   1830s


Root simplex log...

Iteration    Objective       Primal Inf.    Dual Inf.      Time
   22579    5.6888001e+03   0.000000e+00   0.000000e+00   1831s
Crossover time: 7.64 seconds (3.73 work units)
Concurrent spin time: 0.49s

Solved with barrier
   22579    5.6888001e+03   0.000000e+00   0.000000e+00   1831s

Root relaxation: objective 5.688800e+03, 22579 iterations, 106.62 seconds (89.07 work units)

    Nodes    |    Current Node    |     Objective Bounds      |     Work
 Expl Unexpl |  Obj  Depth IntInf | Incumbent    BestBd   Gap | It/Node Time

     0     0 5688.80009    0  555 8306.00000 5688.80009  31.5%     - 1845s
     0     0 5774.64909    0  474 8306.00000 5774.64909  30.5%     - 2226s
     0     0 5774.64909    0  539 8306.00000 5774.64909  30.5%     - 2685s
     0     0 5784.47186    0  594 8306.00000 5784.47186  30.4%     - 2807s
     0     0 5784.82591    0  615 8306.00000 5784.82591  30.4%     - 2827s
     0     0 5807.94532    0  604 8306.00000 5807.94532  30.1%     - 2944s
     0     0 5809.57214    0  602 8306.00000 5809.57214  30.1%     - 2962s
     0     0 5809.87718    0  651 8306.00000 5809.87718  30.1%     - 2973s
     0     0 5809.97695    0  652 8306.00000 5809.97695  30.1%     - 2978s
     0     0 5816.61781    0  667 8306.00000 5816.61781  30.0%     - 3064s
     0     0 5816.61781    0  664 8306.00000 5816.61781  30.0%     - 3074s
     0     0 5827.08247    0  771 8306.00000 5827.08247  29.8%     - 3168s
     0     0 5827.73848    0  810 8306.00000 5827.73848  29.8%     - 3182s
     0     0 5827.90614    0  784 8306.00000 5827.90614  29.8%     - 3185s
     0     0 5827.90773    0  791 8306.00000 5827.90773  29.8%     - 3186s
     0     0 5833.34207    0  752 8306.00000 5833.34207  29.8%     - 3264s
     0     0 5834.83985    0  758 8306.00000 5834.83985  29.8%     - 3286s
     0     0 5835.01867    0  789 8306.00000 5835.01867  29.7%     - 3290s
     0     0 5835.02938    0  861 8306.00000 5835.02938  29.7%     - 3293s
     0     0 5839.10386    0  808 8306.00000 5839.10386  29.7%     - 3394s
     0     0 5839.98474    0  787 8306.00000 5839.98474  29.7%     - 3408s
     0     0 5840.15534    0  836 8306.00000 5840.15534  29.7%     - 3413s
     0     0 5840.16822    0  864 8306.00000 5840.16822  29.7%     - 3415s
     0     0 5844.80662    0  887 8306.00000 5844.80662  29.6%     - 3509s
     0     0 5845.02982    0  772 8306.00000 5845.02982  29.6%     - 3523s
     0     0 5845.06607    0  827 8306.00000 5845.06607  29.6%     - 3526s
     0     0 5845.06867    0  854 8306.00000 5845.06867  29.6%     - 3527s
     0     0 5847.45158    0  841 8306.00000 5847.45158  29.6%     - 3584s
     0     0 5847.97227    0  818 8306.00000 5847.97227  29.6%     - 3597s
     0     0 5848.00085    0  828 8306.00000 5848.00085  29.6%     - 3600s

Cutting planes:
  Implied bound: 18
  Flow cover: 571
  GUB cover: 1
  Zero half: 114
  RLT: 23

Explored 1 nodes (158175 simplex iterations) in 3600.05 seconds (3016.93 work units)
Thread count was 6 (of 24 available processors)

Solution count 10: 8306 8452 8463 ... 8957

Time limit reached
Best objective 8.306000000000e+03, best bound 5.848000851234e+03, gap 29.5931%
