
Gurobi 13.0.1 (linux64) logging started Sun Apr 26 22:47:23 2026

Set parameter LogFile to value "outputs/llm_runs/trajectories/I2_P4_patchedit_scratch_gpt41mini/step_01/replay_attempt_01/candidate_01_solver.log"
Set parameter Threads to value 6
Gurobi Optimizer version 13.0.1 build v13.0.1rc0 (linux64 - "Red Hat Enterprise Linux 9.6 (Plow)")

CPU model: Intel(R) Xeon(R) Gold 6226 CPU @ 2.70GHz, instruction set [SSE2|AVX|AVX2|AVX512]
Thread count: 24 physical cores, 24 logical processors, using up to 6 threads

Non-default parameters:
TimeLimit  3600
LogToConsole  0
Threads  6

Optimize a model with 401010 rows, 677376 columns and 3563112 nonzeros (Min)
Model fingerprint: 0xbac7d40a
Model has 351562 linear objective coefficients
Variable types: 0 continuous, 677376 integer (677376 binary)
Coefficient statistics:
  Matrix range     [1e+00, 2e+00]
  Objective range  [2e+01, 2e+03]
  Bounds range     [1e+00, 1e+00]
  RHS range        [1e+00, 1e+00]

Presolve removed 238488 rows and 236760 columns (presolve time = 5s)...
Presolve removed 238488 rows and 236760 columns (presolve time = 10s)...
Presolve removed 238488 rows and 236760 columns (presolve time = 15s)...
Presolve removed 238488 rows and 236760 columns (presolve time = 20s)...
Presolve removed 238488 rows and 236760 columns (presolve time = 25s)...
Presolve removed 238488 rows and 236760 columns (presolve time = 30s)...
Presolve removed 238488 rows and 236760 columns (presolve time = 35s)...
Presolve removed 238488 rows and 236760 columns (presolve time = 40s)...
Presolve removed 238488 rows and 236760 columns (presolve time = 45s)...
Presolve removed 238488 rows and 236760 columns (presolve time = 50s)...
Presolve removed 238488 rows and 236760 columns (presolve time = 55s)...
Presolve removed 238488 rows and 240947 columns
Presolve time: 58.11s
Presolved: 162522 rows, 436429 columns, 1914990 nonzeros
Variable types: 0 continuous, 436429 integer (436429 binary)
Deterministic concurrent LP optimizer: primal simplex, dual simplex, and barrier
Showing barrier log only...

Root barrier log...

Ordering time: 4.88s
Elapsed ordering time = 5s
Ordering time: 9.88s

Barrier statistics:
 Dense cols : 4896
 AA' NZ     : 9.313e+05
 Factor NZ  : 5.736e+07 (roughly 600 MB of memory)
 Factor Ops : 3.289e+11 (roughly 3 seconds per iteration)
 Threads    : 3

                  Objective                Residual
Iter       Primal          Dual         Primal    Dual     Compl     Time
   0   6.18154250e+08 -5.65987762e+08  1.30e+04 1.22e+03  1.83e+04    73s
   1   2.95906839e+08 -5.19494295e+08  6.42e+03 1.35e+02  7.01e+03    73s
   2   1.29363813e+08 -3.61535365e+08  2.29e+03 5.46e-12  2.48e+03    73s
   3   4.58729921e+07 -1.33642511e+08  2.83e+02 3.64e-12  4.85e+02    73s
   4   2.30854947e+07 -2.13975179e+07  4.43e+01 1.82e-12  1.11e+02    73s
   5   9.94322356e+06 -5.82268796e+06  1.56e+01 1.82e-12  4.17e+01    73s
   6   2.25829557e+06 -1.34804402e+06  3.22e+00 1.82e-12  9.40e+00    73s
   7   4.88170404e+05 -8.34349746e+05  7.57e-01 1.82e-12  3.01e+00    74s
   8   1.77353461e+05 -5.94301694e+05  2.53e-01 1.82e-12  1.61e+00    74s
   9   4.41881214e+04 -2.74304702e+05  5.34e-02 1.82e-12  6.21e-01    74s
  10   3.44919011e+04 -1.85554325e+05  3.92e-02 1.82e-12  4.27e-01    74s
  11   2.38877057e+04 -7.48573403e+04  2.27e-02 1.82e-12  1.93e-01    74s
  12   1.26726642e+04 -5.07482154e+04  6.02e-03 1.82e-12  1.21e-01    74s
  13   9.21608487e+03 -3.12245875e+04  2.29e-03 1.82e-12  7.68e-02    74s
  14   7.57399091e+03 -6.11323155e+03  8.32e-04 1.82e-12  2.62e-02    75s
  15   6.41937049e+03 -1.72082527e+03  2.68e-04 1.82e-12  1.54e-02    75s
  16   5.88141739e+03 -7.61654145e+02  1.10e-04 1.82e-12  1.25e-02    75s
  17   5.23127735e+03  1.46866577e+03  1.10e-05 1.18e-03  7.05e-03    77s
  18   4.90374588e+03  3.39035973e+03  4.18e-06 4.55e-04  2.84e-03    81s
  19   4.65877695e+03  4.22196773e+03  1.91e-07 1.37e-04  8.18e-04    84s
  20   4.62208687e+03  4.47855361e+03  1.08e-07 4.48e-05  2.69e-04    87s
  21   4.60849496e+03  4.59461785e+03  5.74e-08 3.50e-06  2.61e-05    90s
  22   4.60675925e+03  4.60614937e+03  1.72e-08 3.86e-08  1.19e-06    94s
  23   4.60648122e+03  4.60647895e+03  2.28e-10 1.00e-09  4.43e-09    97s
  24   4.60648039e+03  4.60648039e+03  2.37e-11 1.75e-10  4.43e-12   100s

Barrier solved model in 24 iterations and 99.76 seconds (66.34 work units)
Optimal objective 4.60648039e+03


Root crossover log...

   13217 DPushes remaining with DInf 0.0000000e+00               100s
    1504 DPushes remaining with DInf 0.0000000e+00               100s
       0 DPushes remaining with DInf 0.0000000e+00               102s

     866 PPushes remaining with PInf 0.0000000e+00               102s
       0 PPushes remaining with PInf 0.0000000e+00               103s

  Push phase complete: Pinf 0.0000000e+00, Dinf 4.7414161e-09    103s


Root simplex log...

Iteration    Objective       Primal Inf.    Dual Inf.      Time
   14023    4.6064804e+03   0.000000e+00   0.000000e+00    103s
Crossover time: 2.88 seconds (1.51 work units)
Concurrent spin time: 0.02s

Solved with barrier
   14023    4.6064804e+03   0.000000e+00   0.000000e+00    103s

Use crossover to convert LP symmetric solution to basic solution...

Root crossover log...

   11650 DPushes remaining with DInf 0.0000000e+00               103s
     274 DPushes remaining with DInf 0.0000000e+00               106s
       0 DPushes remaining with DInf 0.0000000e+00               108s

     705 PPushes remaining with PInf 0.0000000e+00               108s
       0 PPushes remaining with PInf 0.0000000e+00               109s

  Push phase complete: Pinf 0.0000000e+00, Dinf 5.9030185e-09    109s


Root simplex log...

Iteration    Objective       Primal Inf.    Dual Inf.      Time
   26308    4.6064804e+03   0.000000e+00   0.000000e+00    109s
Crossover time: 5.83 seconds (4.07 work units)

Root relaxation: objective 4.606480e+03, 26308 iterations, 48.68 seconds (36.59 work units)

    Nodes    |    Current Node    |     Objective Bounds      |     Work
 Expl Unexpl |  Obj  Depth IntInf | Incumbent    BestBd   Gap | It/Node Time

     0     0 4606.48039    0  341          - 4606.48039      -     -  344s
H    0     0                    18051.000000 4606.48039  74.5%     -  354s
H    0     0                    18011.000000 4606.48039  74.4%     -  454s
H    0     0                    17937.000000 4606.48039  74.3%     -  484s
H    0     0                    17342.000000 4606.48039  73.4%     -  500s
H    0     0                    17080.000000 4606.48039  73.0%     -  500s
     0     0 4613.87473    0  600 17080.0000 4613.87473  73.0%     - 3171s
     0     0          -    0      17080.0000 4613.87473  73.0%     - 3600s

Cutting planes:
  MIR: 20
  Zero half: 3
  RLT: 8

Explored 1 nodes (284773 simplex iterations) in 3600.07 seconds (2145.82 work units)
Thread count was 6 (of 24 available processors)

Solution count 5: 17080 17342 17937 ... 18051

Time limit reached
Best objective 1.708000000000e+04, best bound 4.614000000000e+03, gap 72.9859%
