
Gurobi 13.0.1 (linux64) logging started Mon Apr 27 03:08:15 2026

Set parameter LogFile to value "outputs/llm_runs/trajectories/I4_P3_patchedit_scratch_gpt5/step_01/replay_attempt_01/candidate_01_solver.log"
Set parameter Threads to value 6
Gurobi Optimizer version 13.0.1 build v13.0.1rc0 (linux64 - "Red Hat Enterprise Linux 9.6 (Plow)")

CPU model: Intel(R) Xeon(R) Gold 6226 CPU @ 2.70GHz, instruction set [SSE2|AVX|AVX2|AVX512]
Thread count: 24 physical cores, 24 logical processors, using up to 6 threads

Non-default parameters:
TimeLimit  3600
LogToConsole  0
Threads  6

Optimize a model with 401010 rows, 677376 columns and 3532008 nonzeros (Min)
Model fingerprint: 0xb7b2fc44
Model has 395750 linear objective coefficients
Variable types: 0 continuous, 677376 integer (677376 binary)
Coefficient statistics:
  Matrix range     [1e+00, 2e+00]
  Objective range  [5e+00, 8e+02]
  Bounds range     [1e+00, 1e+00]
  RHS range        [1e+00, 1e+00]

Presolve removed 218211 rows and 216483 columns (presolve time = 5s)...
Presolve removed 218211 rows and 216483 columns (presolve time = 10s)...
Presolve removed 218211 rows and 216483 columns (presolve time = 15s)...
Presolve removed 218211 rows and 216483 columns (presolve time = 20s)...
Presolve removed 218211 rows and 216483 columns (presolve time = 25s)...
Presolve removed 218211 rows and 216483 columns (presolve time = 30s)...
Presolve removed 218211 rows and 216483 columns (presolve time = 35s)...
Presolve removed 218211 rows and 216483 columns (presolve time = 40s)...
Presolve removed 218211 rows and 216483 columns (presolve time = 45s)...
Presolve removed 218211 rows and 220185 columns
Presolve time: 49.41s
Presolved: 182799 rows, 457191 columns, 1928187 nonzeros
Variable types: 0 continuous, 457191 integer (457191 binary)
Deterministic concurrent LP optimizer: primal simplex, dual simplex, and barrier
Showing barrier log only...

Root barrier log...

Ordering time: 5.94s
Elapsed ordering time = 6s
Elapsed ordering time = 10s
Ordering time: 10.34s

Barrier statistics:
 Dense cols : 6013
 AA' NZ     : 1.110e+06
 Factor NZ  : 7.612e+07 (roughly 800 MB of memory)
 Factor Ops : 5.009e+11 (roughly 4 seconds per iteration)
 Threads    : 3

                  Objective                Residual
Iter       Primal          Dual         Primal    Dual     Compl     Time
   0   4.15412457e+08 -1.97509687e+08  1.94e+04 0.00e+00  5.85e+03    65s
   1   2.02524491e+08 -1.83707611e+08  9.58e+03 1.82e-12  2.35e+03    65s
   2   6.39056661e+07 -1.37898556e+08  2.71e+03 1.36e-12  7.16e+02    65s
   3   1.71621251e+07 -5.06525177e+07  3.55e+02 1.36e-12  1.43e+02    65s
   4   8.32961211e+06 -8.27905057e+06  5.54e+01 1.36e-12  3.21e+01    65s
   5   3.24837484e+06 -2.16322945e+06  1.78e+01 1.82e-12  1.09e+01    66s
   6   7.08481412e+05 -5.45567574e+05  3.29e+00 1.82e-12  2.47e+00    66s
   7   1.51716065e+05 -3.58531688e+05  6.89e-01 2.27e-12  8.89e-01    66s
   8   7.40281506e+04 -2.04901226e+05  3.04e-01 1.82e-12  4.70e-01    66s
   9   6.14238235e+04 -1.88465953e+05  2.51e-01 2.05e-12  4.14e-01    66s
  10   4.71800715e+04 -1.36546985e+05  1.91e-01 3.18e-12  3.06e-01    66s
  11   3.39221114e+04 -8.29784864e+04  1.22e-01 3.64e-12  1.95e-01    66s
  12   1.43294894e+04 -4.42717584e+04  2.80e-02 3.64e-12  9.68e-02    66s
  13   1.11890563e+04 -2.82096616e+04  1.54e-02 5.00e-12  6.50e-02    66s
  14   9.05647464e+03 -8.94465425e+03  6.87e-03 5.91e-12  3.01e-02    67s
  15   7.66564210e+03 -4.50249987e+03  2.31e-03 6.82e-12  1.97e-02    67s
  16   6.97414656e+03 -1.25668288e+03  1.03e-03 5.46e-12  1.32e-02    67s
  17   6.31306499e+03  1.01419243e+03  2.43e-04 6.37e-12  8.29e-03    67s
  18   5.86865779e+03  3.11860005e+03  1.69e-05 3.56e-02  4.24e-03    71s
  19   5.74452068e+03  4.82073927e+03  2.04e-06 1.16e-02  1.42e-03    75s
  20   5.70415400e+03  5.51456556e+03  2.89e-07 2.13e-03  2.93e-04    79s
  21   5.69146528e+03  5.62661872e+03  6.45e-08 7.35e-04  1.00e-04    83s
  22   5.68919059e+03  5.68514541e+03  2.00e-08 3.45e-05  6.39e-06    87s
  23   5.68881930e+03  5.68874961e+03  1.33e-09 1.25e-06  1.15e-07    91s
  24   5.68880027e+03  5.68879872e+03  5.52e-11 9.19e-08  2.47e-09    96s
  25   5.68880009e+03  5.68880008e+03  1.57e-09 2.16e-07  1.68e-11   100s

Barrier solved model in 25 iterations and 99.97 seconds (77.48 work units)
Optimal objective 5.68880009e+03


Root crossover log...

   15474 DPushes remaining with DInf 0.0000000e+00               100s
       0 DPushes remaining with DInf 0.0000000e+00               105s

      40 PPushes remaining with PInf 0.0000000e+00               105s
       0 PPushes remaining with PInf 0.0000000e+00               105s

  Push phase complete: Pinf 0.0000000e+00, Dinf 7.8631757e-08    105s


Root simplex log...

Iteration    Objective       Primal Inf.    Dual Inf.      Time
   15452    5.6888001e+03   0.000000e+00   0.000000e+00    105s
Crossover time: 4.70 seconds (2.49 work units)
Concurrent spin time: 8.04s (can be avoided by choosing Method=3)

Solved with barrier
   15452    5.6888001e+03   0.000000e+00   0.000000e+00    113s

Use crossover to convert LP symmetric solution to basic solution...

Root crossover log...

  181779 variables added to crossover basis                      115s

      77 DPushes remaining with DInf 0.0000000e+00               120s
       0 DPushes remaining with DInf 0.0000000e+00               121s

     579 PPushes remaining with PInf 0.0000000e+00               121s
       0 PPushes remaining with PInf 0.0000000e+00               121s

  Push phase complete: Pinf 0.0000000e+00, Dinf 8.4486999e-08    121s


Root simplex log...

Iteration    Objective       Primal Inf.    Dual Inf.      Time
   16038    5.6888001e+03   0.000000e+00   0.000000e+00    121s
Crossover time: 8.54 seconds (10.58 work units)

Root relaxation: objective 5.688800e+03, 16038 iterations, 70.17 seconds (54.90 work units)

    Nodes    |    Current Node    |     Objective Bounds      |     Work
 Expl Unexpl |  Obj  Depth IntInf | Incumbent    BestBd   Gap | It/Node Time

     0     0 5688.80009    0  474          - 5688.80009      -     -  137s
H    0     0                    9800.0000000 5688.80009  42.0%     -  139s
H    0     0                    9303.0000000 5688.80009  38.8%     -  140s
H    0     0                    8958.0000000 5688.80009  36.5%     -  140s
     0     0 5767.38278    0  408 8958.00000 5767.38278  35.6%     -  769s
     0     0 5767.38278    0  482 8958.00000 5767.38278  35.6%     -  987s
H    0     0                    8930.0000000 5767.38278  35.4%     -  989s
     0     0 5781.90340    0  393 8930.00000 5781.90340  35.3%     - 1264s
     0     0 5781.90340    0  424 8930.00000 5781.90340  35.3%     - 1573s
H    0     0                    8647.0000000 5781.90340  33.1%     - 1574s
H    0     0                    8587.0000000 5781.90340  32.7%     - 1574s
     0     0 5815.10060    0  523 8587.00000 5815.10060  32.3%     - 1770s
     0     0 5817.23299    0  482 8587.00000 5817.23299  32.3%     - 1813s
     0     0 5817.23299    0  521 8587.00000 5817.23299  32.3%     - 1815s
     0     0 5832.34696    0  497 8587.00000 5832.34696  32.1%     - 1899s
H    0     0                    8562.0000000 5832.34696  31.9%     - 1902s
H    0     0                    8412.0000000 5832.34696  30.7%     - 1902s
     0     0 5832.50425    0  491 8412.00000 5832.50425  30.7%     - 1912s
     0     0 5832.50425    0  495 8412.00000 5832.50425  30.7%     - 1913s
     0     0 5854.65857    0  616 8412.00000 5854.65857  30.4%     - 2102s
     0     0 5854.92671    0  586 8412.00000 5854.92671  30.4%     - 2121s
     0     0 5854.93389    0  600 8412.00000 5854.93389  30.4%     - 2124s
     0     0 5864.81713    0  519 8412.00000 5864.81713  30.3%     - 2246s
     0     0 5864.92195    0  570 8412.00000 5864.92195  30.3%     - 2274s
     0     0 5864.93099    0  585 8412.00000 5864.93099  30.3%     - 2285s
     0     0 5876.29032    0  565 8412.00000 5876.29032  30.1%     - 2408s
     0     0 5876.34337    0  611 8412.00000 5876.34337  30.1%     - 2434s
     0     0 5876.34337    0  614 8412.00000 5876.34337  30.1%     - 2435s
     0     0 5886.74897    0  582 8412.00000 5886.74897  30.0%     - 2545s
     0     0 5886.93550    0  557 8412.00000 5886.93550  30.0%     - 2563s
     0     0 5887.12569    0  560 8412.00000 5887.12569  30.0%     - 2596s
     0     0 5887.12569    0  565 8412.00000 5887.12569  30.0%     - 2596s
     0     0 5895.43540    0  695 8412.00000 5895.43540  29.9%     - 2697s
     0     0 5895.92259    0  620 8412.00000 5895.92259  29.9%     - 2740s
     0     0 5896.04501    0  638 8412.00000 5896.04501  29.9%     - 2754s
     0     0 5896.04501    0  639 8412.00000 5896.04501  29.9%     - 2755s
     0     0 5903.14459    0  667 8412.00000 5903.14459  29.8%     - 2854s
     0     0 5903.47393    0  656 8412.00000 5903.47393  29.8%     - 2896s
     0     0 5903.47934    0  782 8412.00000 5903.47934  29.8%     - 2907s
     0     0 5915.84701    0  809 8412.00000 5915.84701  29.7%     - 3049s
     0     0 5918.88858    0  852 8412.00000 5918.88858  29.6%     - 3112s
     0     0 5918.93193    0  923 8412.00000 5918.93193  29.6%     - 3129s
     0     0 5918.98351    0  928 8412.00000 5918.98351  29.6%     - 3141s
     0     0 5918.98952    0  894 8412.00000 5918.98952  29.6%     - 3146s
     0     0 5924.74477    0  589 8412.00000 5924.74477  29.6%     - 3237s
H    0     0                    8237.0000000 5924.74477  28.1%     - 3265s
H    0     0                    8236.0000000 5924.74477  28.1%     - 3266s
H    0     0                    8219.0000000 5924.74477  27.9%     - 3518s
     0     0 5925.17075    0  664 8219.00000 5925.17075  27.9%     - 3568s
     0     0 5925.29297    0  701 8219.00000 5925.29297  27.9%     - 3591s
     0     0 5925.30406    0  702 8219.00000 5925.30406  27.9%     - 3595s
     0     0          -    0      8219.00000 5925.30406  27.9%     - 3600s

Cutting planes:
  Gomory: 1
  Cover: 27
  MIR: 613
  Zero half: 72
  RLT: 58

Explored 1 nodes (403103 simplex iterations) in 3600.07 seconds (2359.93 work units)
Thread count was 6 (of 24 available processors)

Solution count 10: 8219 8236 8237 ... 9303

Time limit reached
Best objective 8.219000000000e+03, best bound 5.926000000000e+03, gap 27.8988%
