
Gurobi 13.0.1 (linux64) logging started Sun Apr 26 23:51:33 2026

Set parameter LogFile to value "outputs/llm_runs/trajectories/I2_P6_patchedit_scratch_gpt41/step_01/replay_attempt_01/candidate_01_solver.log"
Set parameter Threads to value 6
Gurobi Optimizer version 13.0.1 build v13.0.1rc0 (linux64 - "Red Hat Enterprise Linux 9.6 (Plow)")

CPU model: Intel(R) Xeon(R) Gold 6226 CPU @ 2.70GHz, instruction set [SSE2|AVX|AVX2|AVX512]
Thread count: 24 physical cores, 24 logical processors, using up to 6 threads

Non-default parameters:
TimeLimit  3600
LogToConsole  0
Threads  6

Optimize a model with 401011 rows, 677376 columns and 3563688 nonzeros (Min)
Model fingerprint: 0xe54b7b42
Model has 351562 linear objective coefficients
Variable types: 0 continuous, 677376 integer (677376 binary)
Coefficient statistics:
  Matrix range     [1e+00, 2e+00]
  Objective range  [5e+00, 2e+03]
  Bounds range     [1e+00, 1e+00]
  RHS range        [1e+00, 1e+00]

Presolve removed 238488 rows and 267010 columns (presolve time = 5s)...
Presolve removed 239687 rows and 274710 columns (presolve time = 10s)...
Presolve removed 239687 rows and 274710 columns (presolve time = 15s)...
Presolve removed 239687 rows and 274710 columns (presolve time = 20s)...
Presolve removed 239687 rows and 274710 columns (presolve time = 25s)...
Presolve removed 239687 rows and 274710 columns (presolve time = 30s)...
Presolve removed 239687 rows and 274710 columns (presolve time = 35s)...
Presolve removed 239687 rows and 274710 columns (presolve time = 40s)...
Presolve removed 239687 rows and 274710 columns (presolve time = 45s)...
Presolve removed 239687 rows and 274710 columns (presolve time = 50s)...
Presolve removed 239687 rows and 276228 columns (presolve time = 64s)...
Presolve removed 239733 rows and 276228 columns (presolve time = 65s)...
Presolve removed 239733 rows and 276228 columns
Presolve time: 65.75s
Presolved: 161278 rows, 401148 columns, 1716878 nonzeros
Variable types: 0 continuous, 401148 integer (401148 binary)
Deterministic concurrent LP optimizer: primal simplex, dual simplex, and barrier
Showing barrier log only...

Root barrier log...

Ordering time: 5.42s
Elapsed ordering time = 6s
Elapsed ordering time = 10s
Elapsed ordering time = 10s
Elapsed ordering time = 12s
Elapsed ordering time = 13s
Elapsed ordering time = 14s
Ordering time: 14.98s

Barrier statistics:
 Dense cols : 5500
 AA' NZ     : 1.018e+06
 Factor NZ  : 6.970e+07 (roughly 700 MB of memory)
 Factor Ops : 4.051e+11 (roughly 3 seconds per iteration)
 Threads    : 3

                  Objective                Residual
Iter       Primal          Dual         Primal    Dual     Compl     Time
   0   6.97272690e+08 -2.59026841e+08  4.20e+04 8.60e+02  1.22e+04    86s
   1   3.40767726e+08 -2.58004701e+08  2.06e+04 2.73e-12  5.16e+03    86s
   2   1.27023264e+08 -2.21825617e+08  7.32e+03 2.73e-12  1.90e+03    86s
   3   3.62408490e+07 -1.25882975e+08  1.61e+03 2.27e-12  4.98e+02    86s
   4   2.05189251e+07 -3.33025563e+07  6.57e+02 2.96e-12  1.55e+02    86s
   5   9.83287132e+06 -6.46005830e+06  1.73e+02 4.55e-12  4.43e+01    86s
   6   5.09431886e+06 -2.21878225e+06  8.24e+01 3.18e-12  2.09e+01    87s
   7   1.06772060e+06 -7.28131439e+05  1.59e+01 5.00e-12  4.75e+00    87s
   8   2.64167046e+05 -3.43473483e+05  3.66e+00 4.32e-12  1.41e+00    87s
   9   1.53218016e+05 -2.34933427e+05  2.06e+00 3.41e-12  8.65e-01    87s
  10   8.68640909e+04 -2.01381895e+05  1.09e+00 3.18e-12  5.97e-01    87s
  11   5.24670101e+04 -1.17917414e+05  6.12e-01 2.50e-12  3.40e-01    87s
  12   3.85867205e+04 -9.13216900e+04  4.17e-01 2.27e-12  2.52e-01    87s
  13   2.33089557e+04 -5.84784332e+04  2.06e-01 2.27e-12  1.53e-01    87s
  14   1.84540948e+04 -2.70076408e+04  1.35e-01 2.10e-12  8.44e-02    87s
  15   1.24561564e+04 -7.64209377e+03  5.36e-02 2.05e-12  3.69e-02    88s
  16   9.62351682e+03 -3.77931374e+03  2.08e-02 1.82e-12  2.43e-02    88s
  17   8.78421810e+03 -2.24087364e+03  1.30e-02 2.64e-12  1.98e-02    88s
  18   8.10117707e+03  2.17521883e+02  8.42e-03 1.82e-12  1.41e-02    88s
  19   7.27938501e+03  2.30804292e+03  3.70e-03 1.59e-12  8.84e-03    88s
  20   6.91828277e+03  3.40777756e+03  2.38e-03 1.59e-12  6.23e-03    88s
  21   6.50699178e+03  4.44322484e+03  1.17e-03 1.12e-05  3.65e-03    91s
  22   6.29706978e+03  5.31955425e+03  6.24e-04 4.72e-06  1.74e-03    94s
  23   6.17878418e+03  5.70562849e+03  3.45e-04 2.09e-06  8.46e-04    98s
  24   6.03939372e+03  5.97844093e+03  2.88e-05 2.23e-07  1.08e-04   101s
  25   6.02371322e+03  6.01456101e+03  5.94e-06 3.40e-08  1.64e-05   105s
  26   6.01925784e+03  6.01890437e+03  1.64e-07 1.74e-08  6.38e-07   109s
  27   6.01906826e+03  6.01905824e+03  1.90e-09 3.75e-10  1.77e-08   113s
  28   6.01906685e+03  6.01906683e+03  1.74e-11 1.16e-09  3.40e-11   117s

Barrier solved model in 28 iterations and 117.27 seconds (83.27 work units)
Optimal objective 6.01906685e+03


Root crossover log...

   14541 DPushes remaining with DInf 0.0000000e+00               117s
     422 DPushes remaining with DInf 0.0000000e+00               120s
       0 DPushes remaining with DInf 0.0000000e+00               122s

     195 PPushes remaining with PInf 0.0000000e+00               122s
       0 PPushes remaining with PInf 0.0000000e+00               122s

  Push phase complete: Pinf 0.0000000e+00, Dinf 1.3288471e-08    122s


Root simplex log...

Iteration    Objective       Primal Inf.    Dual Inf.      Time
   14676    6.0190669e+03   0.000000e+00   0.000000e+00    122s
Crossover time: 5.17 seconds (2.40 work units)
Concurrent spin time: 0.02s

Solved with barrier
   14676    6.0190669e+03   0.000000e+00   0.000000e+00    123s

Use crossover to convert LP symmetric solution to basic solution...

Root crossover log...

  159761 variables added to crossover basis                      125s
  160716 variables added to crossover basis                      130s

      72 DPushes remaining with DInf 0.0000000e+00               134s
       0 DPushes remaining with DInf 0.0000000e+00               135s

     696 PPushes remaining with PInf 0.0000000e+00               135s
       0 PPushes remaining with PInf 0.0000000e+00               136s

  Push phase complete: Pinf 0.0000000e+00, Dinf 4.8459199e-08    136s


Root simplex log...

Iteration    Objective       Primal Inf.    Dual Inf.      Time
   15376    6.0190669e+03   0.000000e+00   0.000000e+00    136s
Crossover time: 13.01 seconds (16.64 work units)

Root relaxation: objective 6.019067e+03, 15376 iterations, 68.01 seconds (59.79 work units)

    Nodes    |    Current Node    |     Objective Bounds      |     Work
 Expl Unexpl |  Obj  Depth IntInf | Incumbent    BestBd   Gap | It/Node Time

     0     0 6019.06685    0  424          - 6019.06685      -     -  173s
H    0     0                    11178.000000 6019.06685  46.2%     -  175s
     0     0 6049.92984    0  639 11178.0000 6049.92984  45.9%     - 1762s
H    0     0                    10062.000000 6049.92984  39.9%     - 1764s
H    0     0                    9907.0000000 6049.92984  38.9%     - 1764s
     0     0 6049.92984    0  636 9907.00000 6049.92984  38.9%     - 1796s
     0     0 6052.33637    0  657 9907.00000 6052.33637  38.9%     - 2208s
     0     0 6052.33637    0  451 9907.00000 6052.33637  38.9%     - 2543s
     0     0          -    0      9907.00000 6052.33637  38.9%     - 3600s

Cutting planes:
  Gomory: 2
  Cover: 3
  Clique: 7
  MIR: 32
  StrongCG: 1
  Zero half: 62
  RLT: 80
  BQP: 27

Explored 1 nodes (349180 simplex iterations) in 3600.06 seconds (2559.24 work units)
Thread count was 6 (of 24 available processors)

Solution count 3: 9907 10062 11178 

Time limit reached
Best objective 9.907000000000e+03, best bound 6.053000000000e+03, gap 38.9018%
