
Gurobi 13.0.1 (linux64) logging started Sun Apr 26 23:53:21 2026

Set parameter LogFile to value "outputs/llm_runs/trajectories/I3_P2_patchedit_auto_gpt41/step_01/attempt_01/candidate_01_solver.log"
Read solution from file outputs/solves/base/blockseq_n553_blocks17_slots25_seed42.sol
Gurobi Optimizer version 13.0.1 build v13.0.1rc0 (linux64 - "Red Hat Enterprise Linux 9.6 (Plow)")

CPU model: Intel(R) Xeon(R) Gold 6226R CPU @ 2.90GHz, instruction set [SSE2|AVX|AVX2|AVX512]
Thread count: 32 physical cores, 32 logical processors, using up to 6 threads

Non-default parameters:
TimeLimit  3600
MIPGap  0.01
SimplexPricing  3
MIPFocus  2
NoRelHeurTime  900
RINS  2500
LogToConsole  0
Threads  6

Optimize a model with 468866 rows, 796875 columns and 4147475 nonzeros (Min)
Model fingerprint: 0x97f01ec6
Model has 333584 linear objective coefficients
Variable types: 0 continuous, 796875 integer (796875 binary)
Coefficient statistics:
  Matrix range     [1e+00, 2e+00]
  Objective range  [5e+00, 9e+02]
  Bounds range     [1e+00, 1e+00]
  RHS range        [1e+00, 1e+00]

Loaded user MIP start 0 with objective 4218
Warning: Completing partial solution with 796805 unfixed non-continuous variables out of 796875
User MIP start 1 did not produce a new incumbent solution
Processed 2 MIP starts in 1.12 seconds (0.78 work units)

Presolve removed 314630 rows and 312755 columns (presolve time = 5s)...
Presolve removed 314630 rows and 312755 columns (presolve time = 10s)...
Presolve removed 314630 rows and 312755 columns (presolve time = 15s)...
Presolve removed 314630 rows and 312755 columns (presolve time = 20s)...
Presolve removed 314630 rows and 312755 columns (presolve time = 25s)...
Presolve removed 314630 rows and 312755 columns (presolve time = 30s)...
Presolve removed 314630 rows and 312755 columns (presolve time = 35s)...
Presolve removed 314630 rows and 312755 columns (presolve time = 40s)...
Presolve removed 314630 rows and 312755 columns (presolve time = 45s)...
Presolve removed 314630 rows and 312755 columns (presolve time = 50s)...
Presolve removed 314630 rows and 312755 columns (presolve time = 55s)...
Presolve removed 314630 rows and 312755 columns (presolve time = 60s)...
Presolve removed 314630 rows and 312755 columns (presolve time = 65s)...
Presolve removed 314630 rows and 312755 columns (presolve time = 70s)...
Presolve removed 314630 rows and 312755 columns (presolve time = 75s)...
Presolve removed 314630 rows and 312755 columns (presolve time = 80s)...
Presolve removed 314630 rows and 312755 columns (presolve time = 85s)...
Presolve removed 314630 rows and 312755 columns (presolve time = 90s)...
Presolve removed 314630 rows and 312755 columns (presolve time = 95s)...
Presolve removed 314630 rows and 312755 columns (presolve time = 100s)...
Presolve removed 314630 rows and 312755 columns (presolve time = 105s)...
Presolve removed 314630 rows and 312755 columns (presolve time = 110s)...
Presolve removed 314630 rows and 312755 columns (presolve time = 115s)...
Presolve removed 314630 rows and 312755 columns (presolve time = 120s)...
Presolve removed 314630 rows and 312755 columns (presolve time = 125s)...
Presolve removed 314630 rows and 312755 columns (presolve time = 130s)...
Presolve removed 314630 rows and 312755 columns (presolve time = 135s)...
Presolve removed 314630 rows and 312755 columns (presolve time = 140s)...
Presolve removed 314630 rows and 312755 columns (presolve time = 145s)...
Presolve removed 314630 rows and 312755 columns (presolve time = 150s)...
Presolve removed 314630 rows and 312755 columns (presolve time = 155s)...
Presolve removed 314630 rows and 312755 columns (presolve time = 160s)...
Presolve removed 314630 rows and 312755 columns (presolve time = 165s)...
Presolve removed 314630 rows and 312755 columns (presolve time = 170s)...
Presolve removed 314630 rows and 312755 columns (presolve time = 175s)...
Presolve removed 314630 rows and 312755 columns (presolve time = 180s)...
Presolve removed 314630 rows and 312755 columns (presolve time = 185s)...
Presolve removed 314630 rows and 312755 columns (presolve time = 190s)...
Presolve removed 314630 rows and 312755 columns (presolve time = 195s)...
Presolve removed 314630 rows and 312755 columns (presolve time = 200s)...
Presolve removed 314630 rows and 312755 columns (presolve time = 205s)...
Presolve removed 314630 rows and 312755 columns (presolve time = 210s)...
Presolve removed 314630 rows and 312755 columns (presolve time = 215s)...
Presolve removed 314630 rows and 312755 columns (presolve time = 220s)...
Presolve removed 314630 rows and 312755 columns (presolve time = 225s)...
Presolve removed 314630 rows and 312755 columns (presolve time = 230s)...
Presolve removed 314630 rows and 312755 columns (presolve time = 235s)...
Presolve removed 314630 rows and 312755 columns (presolve time = 240s)...
Presolve removed 314630 rows and 312755 columns (presolve time = 245s)...
Presolve removed 314630 rows and 312755 columns (presolve time = 250s)...
Presolve removed 314630 rows and 312755 columns (presolve time = 255s)...
Presolve removed 314630 rows and 312755 columns (presolve time = 260s)...
Presolve removed 314630 rows and 312755 columns (presolve time = 265s)...
Presolve removed 314630 rows and 312755 columns (presolve time = 270s)...
Presolve removed 314630 rows and 312755 columns (presolve time = 275s)...
Presolve removed 314630 rows and 312755 columns (presolve time = 280s)...
Presolve removed 314630 rows and 312755 columns (presolve time = 285s)...
Presolve removed 314630 rows and 312755 columns (presolve time = 290s)...
Presolve removed 314630 rows and 312755 columns (presolve time = 295s)...
Presolve removed 315158 rows and 338349 columns (presolve time = 300s)...
Presolve removed 315158 rows and 338349 columns (presolve time = 305s)...
Presolve removed 315158 rows and 338349 columns (presolve time = 310s)...
Presolve removed 315158 rows and 338349 columns (presolve time = 315s)...
Presolve removed 315158 rows and 338349 columns (presolve time = 320s)...
Presolve removed 315158 rows and 338349 columns (presolve time = 325s)...
Presolve removed 315158 rows and 338349 columns (presolve time = 330s)...
Presolve removed 315158 rows and 338349 columns (presolve time = 335s)...
Presolve removed 315158 rows and 338349 columns (presolve time = 340s)...
Presolve removed 315158 rows and 338349 columns (presolve time = 345s)...
Presolve removed 315158 rows and 338349 columns (presolve time = 350s)...
Presolve removed 315158 rows and 338349 columns (presolve time = 355s)...
Presolve removed 315158 rows and 338349 columns (presolve time = 360s)...
Presolve removed 315158 rows and 338349 columns (presolve time = 365s)...
Presolve removed 315158 rows and 338349 columns (presolve time = 370s)...
Presolve removed 315158 rows and 338349 columns (presolve time = 375s)...
Presolve removed 315158 rows and 338349 columns (presolve time = 380s)...
Presolve removed 315158 rows and 338349 columns (presolve time = 385s)...
Presolve removed 315158 rows and 338349 columns (presolve time = 390s)...
Presolve removed 315158 rows and 338349 columns (presolve time = 395s)...
Presolve removed 315158 rows and 338349 columns (presolve time = 400s)...
Presolve removed 315158 rows and 338349 columns (presolve time = 405s)...
Presolve removed 315158 rows and 338349 columns (presolve time = 410s)...
Presolve removed 315158 rows and 338349 columns (presolve time = 415s)...
Presolve removed 315158 rows and 338349 columns (presolve time = 420s)...
Presolve removed 315158 rows and 338349 columns (presolve time = 425s)...
Presolve removed 315158 rows and 338349 columns (presolve time = 430s)...
Presolve removed 315158 rows and 338349 columns (presolve time = 435s)...
Presolve removed 315158 rows and 338349 columns (presolve time = 440s)...
Presolve removed 315158 rows and 338349 columns (presolve time = 445s)...
Presolve removed 315158 rows and 338349 columns (presolve time = 450s)...
Presolve removed 315158 rows and 338349 columns (presolve time = 455s)...
Presolve removed 315158 rows and 338349 columns (presolve time = 460s)...
Presolve removed 315158 rows and 338349 columns (presolve time = 465s)...
Presolve removed 315158 rows and 338349 columns (presolve time = 470s)...
Presolve removed 315158 rows and 338349 columns (presolve time = 475s)...
Presolve removed 315158 rows and 338349 columns (presolve time = 480s)...
Presolve removed 315158 rows and 338349 columns (presolve time = 485s)...
Presolve removed 315158 rows and 338349 columns (presolve time = 490s)...
Presolve removed 315158 rows and 338349 columns (presolve time = 495s)...
Presolve removed 315158 rows and 338349 columns (presolve time = 500s)...
Presolve removed 315158 rows and 338349 columns (presolve time = 505s)...
Presolve removed 315158 rows and 338349 columns (presolve time = 510s)...
Presolve removed 315158 rows and 338349 columns (presolve time = 515s)...
Presolve removed 315158 rows and 338349 columns (presolve time = 520s)...
Presolve removed 315158 rows and 338349 columns (presolve time = 525s)...
Presolve removed 315158 rows and 338349 columns (presolve time = 530s)...
Presolve removed 315158 rows and 338349 columns (presolve time = 535s)...
Presolve removed 315158 rows and 338349 columns (presolve time = 540s)...
Presolve removed 315158 rows and 338349 columns (presolve time = 545s)...
Presolve removed 315158 rows and 338349 columns (presolve time = 550s)...
Presolve removed 315158 rows and 338349 columns (presolve time = 555s)...
Presolve removed 315158 rows and 338349 columns (presolve time = 562s)...
Presolve removed 315158 rows and 338349 columns (presolve time = 565s)...
Presolve removed 315398 rows and 348980 columns (presolve time = 570s)...
Presolve removed 315398 rows and 348980 columns (presolve time = 575s)...
Presolve removed 315398 rows and 348980 columns (presolve time = 585s)...
Presolve removed 315398 rows and 348980 columns
Presolve time: 585.70s
Presolved: 153468 rows, 447895 columns, 2004314 nonzeros
Variable types: 0 continuous, 447895 integer (447895 binary)
Starting NoRel heuristic
Elapsed time for NoRel heuristic: 10s (best bound 0)
Elapsed time for NoRel heuristic: 18s (best bound 0)
Elapsed time for NoRel heuristic: 25s (best bound 0)
Elapsed time for NoRel heuristic: 34s (best bound 0)
Found heuristic solution: objective 4197.0000000
Elapsed time for NoRel heuristic: 60s (best bound 0)
Elapsed time for NoRel heuristic: 65s (best bound 0)
Elapsed time for NoRel heuristic: 75s (best bound 0)
Elapsed time for NoRel heuristic: 81s (best bound 0)
Elapsed time for NoRel heuristic: 87s (best bound 0)
Found heuristic solution: objective 4156.0000000
Elapsed time for NoRel heuristic: 142s (best bound 0)
Elapsed time for NoRel heuristic: 150s (best bound 0)
Found heuristic solution: objective 4131.0000000
Elapsed time for NoRel heuristic: 162s (best bound 0)
Found heuristic solution: objective 4003.0000000
Elapsed time for NoRel heuristic: 169s (best bound 0)
Elapsed time for NoRel heuristic: 201s (best bound 0)
Elapsed time for NoRel heuristic: 245s (best bound 0)
Elapsed time for NoRel heuristic: 314s (best bound 0)
Elapsed time for NoRel heuristic: 382s (best bound 0)
Elapsed time for NoRel heuristic: 512s (best bound 0)
Elapsed time for NoRel heuristic: 649s (best bound 0)
Elapsed time for NoRel heuristic: 874s (best bound 0)
Elapsed time for NoRel heuristic: 1077s (best bound 0)
NoRel heuristic complete
Root relaxation presolve removed 4 rows and 0 columns
Root relaxation presolved: 153464 rows, 447895 columns, 1975151 nonzeros

Deterministic concurrent LP optimizer: primal simplex, dual simplex, and barrier
Showing barrier log only...

Root barrier log...

Ordering time: 7.89s
Elapsed ordering time = 8s
Elapsed ordering time = 10s
Elapsed ordering time = 13s
Elapsed ordering time = 15s
Elapsed ordering time = 16s
Elapsed ordering time = 20s
Elapsed ordering time = 20s
Elapsed ordering time = 22s
Ordering time: 25.39s

Barrier statistics:
 Dense cols : 6216
 AA' NZ     : 2.412e+06
 Factor NZ  : 1.756e+08 (roughly 1.7 GB of memory)
 Factor Ops : 1.654e+12 (roughly 10 seconds per iteration)
 Threads    : 4

                  Objective                Residual
Iter       Primal          Dual         Primal    Dual     Compl     Time
   0   2.57200428e+08 -6.86822379e+07  4.05e+04 1.27e+02  1.14e+03  1698s
   1   1.06468399e+08 -5.72185954e+07  1.64e+04 4.55e+01  4.31e+02  1698s
   2   5.46135673e+07 -3.48516272e+07  7.74e+03 1.99e+00  1.84e+02  1698s
   3   1.32838368e+07 -1.12152213e+07  1.16e+03 2.27e-13  3.51e+01  1698s
   4   3.53586284e+06 -2.22799395e+06  2.15e+02 1.71e-13  7.67e+00  1699s
   5   5.73085587e+05 -5.90513374e+05  3.06e+01 2.27e-13  1.45e+00  1699s
   6   1.07440196e+05 -1.48455506e+05  5.03e+00 1.71e-13  3.01e-01  1699s
   7   1.72462312e+04 -3.05409453e+04  6.07e-01 2.27e-13  5.15e-02  1699s
   8   8.99345438e+03 -1.72834612e+04  2.17e-01 1.71e-13  2.71e-02  1699s
   9   7.48926273e+03 -1.08668945e+04  1.51e-01 1.14e-13  1.99e-02  1699s
  10   6.13670696e+03 -5.61291226e+03  8.84e-02 1.14e-13  1.24e-02  1699s
  11   4.98568114e+03 -3.02803778e+03  3.74e-02 1.14e-13  8.33e-03  1700s
  12   4.20191350e+03 -8.90984043e+02  1.21e-02 1.14e-13  5.17e-03  1700s
  13   3.77020445e+03  1.14540516e+03  3.73e-03 1.14e-13  2.65e-03  1700s
  14   3.61898872e+03  2.09051687e+03  2.06e-03 1.14e-13  1.54e-03  1700s
  15   3.50513811e+03  2.58945922e+03  1.11e-03 1.14e-13  9.22e-04  1701s
  16   3.40821256e+03  2.82415660e+03  5.19e-04 1.14e-13  5.85e-04  1701s
  17   3.33969466e+03  3.05660522e+03  2.15e-04 1.14e-13  2.83e-04  1702s
  18   3.28011252e+03  3.19517363e+03  1.92e-05 1.84e-05  8.37e-05  1710s
  19   3.26750875e+03  3.23506220e+03  1.37e-06 7.74e-06  3.18e-05  1719s
  20   3.26523254e+03  3.25931062e+03  1.44e-07 1.35e-06  5.80e-06  1729s
  21   3.26463845e+03  3.26453661e+03  2.65e-07 1.31e-08  1.00e-07  1739s
  22   3.26460004e+03  3.26459994e+03  7.13e-10 5.18e-10  1.00e-10  1748s
  23   3.26460000e+03  3.26460000e+03  1.80e-12 3.75e-09  2.08e-13  1758s

Barrier solved model in 23 iterations and 1758.15 seconds (1418.08 work units)
Optimal objective 3.26460000e+03


Root crossover log...

   20939 DPushes remaining with DInf 0.0000000e+00              1758s
     426 DPushes remaining with DInf 0.0000000e+00              1760s
       0 DPushes remaining with DInf 0.0000000e+00              1764s

   11182 PPushes remaining with PInf 0.0000000e+00              1764s
    1405 PPushes remaining with PInf 0.0000000e+00              1765s
       0 PPushes remaining with PInf 0.0000000e+00              1765s

  Push phase complete: Pinf 0.0000000e+00, Dinf 3.9898396e-09   1765s


Root simplex log...

Iteration    Objective       Primal Inf.    Dual Inf.      Time
   32052    3.2646000e+03   0.000000e+00   0.000000e+00   1765s
Crossover time: 7.15 seconds (4.31 work units)
Concurrent spin time: 14.44s (can be avoided by choosing Method=3)

Solved with barrier
   32052    3.2646000e+03   0.000000e+00   0.000000e+00   1780s

Root relaxation: objective 3.264600e+03, 32052 iterations, 115.27 seconds (84.47 work units)

    Nodes    |    Current Node    |     Objective Bounds      |     Work
 Expl Unexpl |  Obj  Depth IntInf | Incumbent    BestBd   Gap | It/Node Time

     0     0 3264.60000    0  166 4003.00000 3264.60000  18.4%     - 2100s
     0     0          -    0      4003.00000 3264.60000  18.4%     - 3600s

Cutting planes:
  Gomory: 3
  Lift-and-project: 22
  Implied bound: 14
  Clique: 1
  MIR: 1
  Flow cover: 4
  Zero half: 45
  RLT: 13
  BQP: 1

Explored 1 nodes (297504 simplex iterations) in 3600.06 seconds (2741.57 work units)
Thread count was 6 (of 32 available processors)

Solution count 5: 4003 4131 4156 ... 4218

Time limit reached
Best objective 4.003000000000e+03, best bound 3.265000000000e+03, gap 18.4362%
