
Gurobi 13.0.1 (linux64) logging started Sun Apr 26 22:46:47 2026

Set parameter LogFile to value "outputs/llm_runs/trajectories/I1_P1_patchedit_scratch_gpt5/step_01/replay_attempt_01/candidate_01_solver.log"
Set parameter Threads to value 6
Gurobi Optimizer version 13.0.1 build v13.0.1rc0 (linux64 - "Red Hat Enterprise Linux 9.6 (Plow)")

CPU model: Intel(R) Xeon(R) Gold 6226 CPU @ 2.70GHz, instruction set [SSE2|AVX|AVX2|AVX512]
Thread count: 24 physical cores, 24 logical processors, using up to 6 threads

Non-default parameters:
TimeLimit  3600
LogToConsole  0
Threads  6

Optimize a model with 401012 rows, 677376 columns and 3575784 nonzeros (Min)
Model fingerprint: 0x66bba0fc
Model has 439537 linear objective coefficients
Variable types: 0 continuous, 677376 integer (677376 binary)
Coefficient statistics:
  Matrix range     [1e+00, 2e+00]
  Objective range  [5e+00, 8e+02]
  Bounds range     [1e+00, 1e+00]
  RHS range        [1e+00, 1e+00]

Presolve removed 197212 rows and 225778 columns (presolve time = 5s)...
Presolve removed 198411 rows and 233434 columns (presolve time = 10s)...
Presolve removed 198411 rows and 233434 columns (presolve time = 15s)...
Presolve removed 198411 rows and 233434 columns (presolve time = 20s)...
Presolve removed 198411 rows and 233434 columns (presolve time = 25s)...
Presolve removed 198411 rows and 233434 columns (presolve time = 30s)...
Presolve removed 198411 rows and 233434 columns (presolve time = 35s)...
Presolve removed 198411 rows and 233434 columns (presolve time = 40s)...
Presolve removed 198411 rows and 233434 columns (presolve time = 45s)...
Presolve removed 198411 rows and 233434 columns (presolve time = 50s)...
Presolve removed 198411 rows and 234952 columns (presolve time = 64s)...
Presolve removed 198457 rows and 234952 columns (presolve time = 65s)...
Presolve removed 198457 rows and 234952 columns
Presolve time: 65.44s
Presolved: 202555 rows, 442424 columns, 1814784 nonzeros
Variable types: 0 continuous, 442424 integer (442424 binary)
Deterministic concurrent LP optimizer: primal simplex, dual simplex, and barrier
Showing barrier log only...

Root barrier log...

Elapsed ordering time = 5s
Ordering time: 10.10s
Elapsed ordering time = 10s
Elapsed ordering time = 15s
Elapsed ordering time = 20s
Elapsed ordering time = 22s
Elapsed ordering time = 25s
Elapsed ordering time = 28s
Elapsed ordering time = 30s
Elapsed ordering time = 31s
Ordering time: 33.92s

Barrier statistics:
 Dense cols : 8270
 AA' NZ     : 2.282e+06
 Factor NZ  : 1.660e+08 (roughly 1.6 GB of memory)
 Factor Ops : 1.523e+12 (roughly 12 seconds per iteration)
 Threads    : 3

                  Objective                Residual
Iter       Primal          Dual         Primal    Dual     Compl     Time
   0   1.25315746e+09 -9.96206434e+07  1.93e+05 1.05e+02  6.30e+03   106s
   1   5.24230144e+08 -1.05407712e+08  9.34e+04 1.87e+01  2.45e+03   106s
   2   1.73579323e+08 -1.07791794e+08  3.11e+04 5.68e-13  8.36e+02   106s
   3   4.79585404e+07 -7.87954058e+07  7.16e+03 5.12e-13  2.29e+02   106s
   4   1.55524579e+07 -2.45691336e+07  1.13e+03 4.55e-13  4.99e+01   106s
   5   6.16455961e+06 -4.21848802e+06  2.81e+02 3.98e-13  1.23e+01   107s
   6   1.33976351e+06 -1.22096792e+06  5.52e+01 4.55e-13  2.93e+00   107s
   7   3.74940702e+05 -3.16845883e+05  1.43e+01 4.83e-13  7.89e-01   107s
   8   9.56124762e+04 -6.38554246e+04  3.19e+00 5.12e-13  1.77e-01   107s
   9   1.68065648e+04 -2.00015308e+04  4.06e-01 4.55e-13  3.65e-02   107s
  10   1.57190732e+04 -2.22142396e+04  3.67e-01 2.39e-12  3.50e-02   108s
  11   1.43386042e+04 -2.22506954e+04  3.17e-01 2.56e-12  3.29e-02   108s
  12   1.35579170e+04 -1.95590019e+04  2.89e-01 3.65e-12  3.21e-02   109s
  13   1.34146361e+04 -1.67613534e+04  2.84e-01 3.69e-12  3.10e-02   109s
  14   1.29980628e+04 -1.56191728e+04  2.68e-01 4.04e-12  3.00e-02   110s
  15   1.27288265e+04 -1.57067914e+04  2.58e-01 4.43e-12  2.90e-02   110s
  16   1.15240148e+04 -1.10927161e+04  2.12e-01 4.43e-12  2.50e-02   111s
  17   9.43698126e+03 -6.00380382e+03  1.33e-01 3.41e-12  1.64e-02   111s
  18   7.31301112e+03 -2.85231011e+03  5.44e-02 2.96e-12  1.04e-02   112s
  19   6.04344297e+03 -6.71623054e+02  2.14e-02 2.50e-12  6.71e-03   112s
  20   5.32366384e+03  1.08442081e+03  8.10e-03 3.01e-12  4.18e-03   113s
  21   4.90199041e+03  2.49184401e+03  3.16e-03 2.33e-12  2.36e-03   113s
  22   4.69039554e+03  3.07032700e+03  1.56e-03 2.53e-12  1.57e-03   114s
  23   4.58372578e+03  3.54033423e+03  9.22e-04 2.61e-12  1.01e-03   115s
  24   4.48020951e+03  3.81503375e+03  4.40e-04 1.37e-03  6.40e-04   123s
  25   4.42461869e+03  4.01530733e+03  2.18e-04 8.60e-04  3.92e-04   135s
  26   4.37825345e+03  4.17124309e+03  7.18e-05 4.41e-04  1.97e-04   147s
  27   4.35684013e+03  4.28537176e+03  2.22e-05 1.42e-04  6.82e-05   159s
  28   4.34887288e+03  4.32875585e+03  8.23e-06 3.30e-05  1.93e-05   172s
  29   4.34363469e+03  4.33736487e+03  3.96e-07 1.24e-05  5.91e-06   184s
  30   4.34298622e+03  4.34237492e+03  6.65e-08 8.29e-07  5.80e-07   197s
  31   4.34284318e+03  4.34277731e+03  2.89e-08 5.03e-08  6.31e-08   210s
  32   4.34282008e+03  4.34281984e+03  5.83e-10 4.49e-09  2.31e-10   222s
  33   4.34281991e+03  4.34281991e+03  7.69e-11 8.93e-08  2.22e-12   234s

Barrier solved model in 33 iterations and 233.99 seconds (183.67 work units)
Optimal objective 4.34281991e+03


Root crossover log...

   22282 DPushes remaining with DInf 0.0000000e+00               234s
    1079 DPushes remaining with DInf 0.0000000e+00               236s
     549 DPushes remaining with DInf 0.0000000e+00               240s
       0 DPushes remaining with DInf 0.0000000e+00               245s

     489 PPushes remaining with PInf 0.0000000e+00               245s
       0 PPushes remaining with PInf 0.0000000e+00               245s

  Push phase complete: Pinf 0.0000000e+00, Dinf 6.3904366e-09    245s


Root simplex log...

Iteration    Objective       Primal Inf.    Dual Inf.      Time
   22703    4.3428199e+03   0.000000e+00   0.000000e+00    246s
Crossover time: 11.61 seconds (5.24 work units)
Concurrent spin time: 2.74s

Solved with barrier

Root relaxation: objective 4.342820e+03, 22703 iterations, 181.10 seconds (148.81 work units)

    Nodes    |    Current Node    |     Objective Bounds      |     Work
 Expl Unexpl |  Obj  Depth IntInf | Incumbent    BestBd   Gap | It/Node Time

     0     0 4342.81991    0  452          - 4342.81991      -     -  263s
     0     0 4351.88514    0  529          - 4351.88514      -     - 1508s
     0     0 4373.11754    0  575          - 4373.11754      -     - 3379s
     0     0 4373.16504    0  592          - 4373.16504      -     - 3463s

Cutting planes:
  Gomory: 2
  Lift-and-project: 2
  Clique: 20
  MIR: 64
  Zero half: 23
  RLT: 8

Explored 1 nodes (284022 simplex iterations) in 3616.27 seconds (2497.98 work units)
Thread count was 6 (of 24 available processors)

Solution count 0

Time limit reached
Best objective -, best bound 4.374000000000e+03, gap -
