
Gurobi 13.0.1 (linux64) logging started Mon Apr 27 00:57:05 2026

Set parameter LogFile to value "outputs/llm_runs/trajectories/I3_P1_patchedit_scratch_gpt41mini/step_01/replay_attempt_01/candidate_01_solver.log"
Set parameter Threads to value 6
Gurobi Optimizer version 13.0.1 build v13.0.1rc0 (linux64 - "Red Hat Enterprise Linux 9.6 (Plow)")

CPU model: Intel(R) Xeon(R) Gold 6226 CPU @ 2.70GHz, instruction set [SSE2|AVX|AVX2|AVX512]
Thread count: 24 physical cores, 24 logical processors, using up to 6 threads

Non-default parameters:
TimeLimit  3600
LogToConsole  0
Threads  6

Optimize a model with 468867 rows, 796875 columns and 4148100 nonzeros (Min)
Model fingerprint: 0x660b87d5
Model has 333584 linear objective coefficients
Variable types: 0 continuous, 796875 integer (796875 binary)
Coefficient statistics:
  Matrix range     [1e+00, 2e+00]
  Objective range  [5e+00, 9e+02]
  Bounds range     [1e+00, 1e+00]
  RHS range        [1e+00, 1e+00]

Presolve removed 314630 rows and 347094 columns (presolve time = 5s)...
Presolve removed 315929 rows and 355811 columns (presolve time = 10s)...
Presolve removed 315929 rows and 355811 columns (presolve time = 15s)...
Presolve removed 315929 rows and 355811 columns (presolve time = 20s)...
Presolve removed 315929 rows and 355811 columns (presolve time = 25s)...
Presolve removed 315929 rows and 355811 columns (presolve time = 30s)...
Presolve removed 315929 rows and 355811 columns (presolve time = 35s)...
Presolve removed 315929 rows and 355811 columns (presolve time = 40s)...
Presolve removed 315929 rows and 355811 columns (presolve time = 45s)...
Presolve removed 315929 rows and 355811 columns (presolve time = 50s)...
Presolve removed 315929 rows and 355811 columns (presolve time = 55s)...
Presolve removed 315929 rows and 355811 columns (presolve time = 60s)...
Presolve removed 315929 rows and 357467 columns (presolve time = 76s)...
Presolve removed 315977 rows and 357467 columns
Presolve time: 77.67s
Presolved: 152890 rows, 439408 columns, 1946348 nonzeros
Variable types: 0 continuous, 439408 integer (439408 binary)
Deterministic concurrent LP optimizer: primal simplex, dual simplex, and barrier
Showing barrier log only...

Root barrier log...

Ordering time: 4.37s
Elapsed ordering time = 5s
Elapsed ordering time = 10s
Elapsed ordering time = 10s
Elapsed ordering time = 11s
Ordering time: 12.44s

Barrier statistics:
 Dense cols : 4533
 AA' NZ     : 9.170e+05
 Factor NZ  : 5.581e+07 (roughly 600 MB of memory)
 Factor Ops : 2.877e+11 (roughly 2 seconds per iteration)
 Threads    : 3

                  Objective                Residual
Iter       Primal          Dual         Primal    Dual     Compl     Time
   0   6.66258616e+08 -1.95980490e+08  2.11e+04 8.93e+02  1.28e+04    95s
   1   3.52423359e+08 -1.98825080e+08  1.10e+04 2.73e-12  5.94e+03    95s
   2   1.16456416e+08 -1.77740887e+08  3.48e+03 3.18e-12  1.99e+03    96s
   3   3.29877246e+07 -1.04928148e+08  7.66e+02 5.46e-12  5.22e+02    96s
   4   1.82951732e+07 -2.84974561e+07  3.08e+02 2.50e-12  1.63e+02    96s
   5   9.71154349e+06 -5.70419381e+06  1.02e+02 2.73e-12  5.25e+01    96s
   6   3.13645836e+06 -2.09981991e+06  2.74e+01 3.64e-12  1.72e+01    96s
   7   9.81296456e+05 -8.51038595e+05  1.11e+01 3.18e-12  5.89e+00    96s
   8   3.54855500e+05 -3.68042433e+05  4.15e+00 2.27e-12  2.23e+00    96s
   9   1.13082898e+05 -2.78344480e+05  1.22e+00 2.73e-12  1.03e+00    96s
  10   3.64051815e+04 -2.31779821e+05  3.47e-01 2.73e-12  6.05e-01    96s
  11   2.82459303e+04 -1.28310330e+05  2.43e-01 2.50e-12  3.51e-01    96s
  12   1.78580703e+04 -9.16917498e+04  1.29e-01 2.50e-12  2.38e-01    96s
  13   1.26743095e+04 -6.71250054e+04  7.49e-02 2.27e-12  1.70e-01    96s
  14   9.12772891e+03 -4.44140292e+04  3.76e-02 2.73e-12  1.13e-01    97s
  15   8.40890729e+03 -3.24120186e+04  3.11e-02 2.27e-12  8.62e-02    97s
  16   7.44452782e+03 -2.49417628e+04  2.35e-02 2.73e-12  6.83e-02    97s
  17   6.23095200e+03 -1.09109124e+04  1.35e-02 2.27e-12  3.63e-02    97s
  18   5.44863684e+03 -4.70382910e+03  9.25e-03 2.27e-12  2.16e-02    97s
  19   4.90357393e+03 -2.73127816e+03  6.43e-03 3.94e-12  1.62e-02    97s
  20   4.59505488e+03 -1.36175935e+03  4.91e-03 2.73e-12  1.26e-02    97s
  21   4.37073771e+03 -8.15741204e+02  3.93e-03 2.89e-12  1.10e-02    98s
  22   4.01148377e+03  5.09747880e+02  2.35e-03 5.71e-05  7.39e-03    99s
  23   3.65743314e+03  1.65496315e+03  1.02e-03 3.40e-05  4.20e-03   102s
  24   3.34253461e+03  2.95613762e+03  1.14e-04 5.81e-06  8.05e-04   104s
  25   3.29163656e+03  3.19595727e+03  3.25e-05 1.26e-06  2.00e-04   107s
  26   3.27461265e+03  3.23089595e+03  1.06e-05 6.21e-07  9.10e-05   110s
  27   3.26537656e+03  3.26122421e+03  3.79e-07 5.66e-08  8.58e-06   112s
  28   3.26461224e+03  3.26458731e+03  9.84e-09 1.97e-08  5.27e-08   115s
  29   3.26460001e+03  3.26459999e+03  1.49e-10 1.80e-10  5.27e-11   117s

Barrier solved model in 29 iterations and 117.46 seconds (80.50 work units)
Optimal objective 3.26460001e+03


Root crossover log...

   12885 DPushes remaining with DInf 0.0000000e+00               118s
       0 DPushes remaining with DInf 0.0000000e+00               120s

    1068 PPushes remaining with PInf 0.0000000e+00               120s
       0 PPushes remaining with PInf 0.0000000e+00               120s

  Push phase complete: Pinf 0.0000000e+00, Dinf 1.2295011e-08    120s


Root simplex log...

Iteration    Objective       Primal Inf.    Dual Inf.      Time
   13894    3.2646000e+03   0.000000e+00   0.000000e+00    120s
Crossover time: 2.42 seconds (1.23 work units)
Concurrent spin time: 2.84s

Solved with barrier
   13894    3.2646000e+03   0.000000e+00   0.000000e+00    123s

Use crossover to convert LP symmetric solution to basic solution...

Root crossover log...

   11961 DPushes remaining with DInf 0.0000000e+00               123s
     304 DPushes remaining with DInf 0.0000000e+00               125s
       0 DPushes remaining with DInf 0.0000000e+00               128s

     566 PPushes remaining with PInf 0.0000000e+00               128s
       0 PPushes remaining with PInf 0.0000000e+00               128s

  Push phase complete: Pinf 0.0000000e+00, Dinf 5.3362612e-09    128s


Root simplex log...

Iteration    Objective       Primal Inf.    Dual Inf.      Time
   26344    3.2646000e+03   0.000000e+00   0.000000e+00    128s
Crossover time: 5.61 seconds (3.75 work units)

Root relaxation: objective 3.264600e+03, 26344 iterations, 48.72 seconds (35.72 work units)

    Nodes    |    Current Node    |     Objective Bounds      |     Work
 Expl Unexpl |  Obj  Depth IntInf | Incumbent    BestBd   Gap | It/Node Time

     0     0 3264.60000    0  352          - 3264.60000      -     -  403s
H    0     0                    6157.0000000 3264.60000  47.0%     -  408s
     0     0          -    0      6157.00000 3264.60000  47.0%     - 3600s

Cutting planes:
  Clique: 2
  MIR: 10
  Zero half: 19
  RLT: 22
  BQP: 7

Explored 1 nodes (325133 simplex iterations) in 3600.07 seconds (4577.16 work units)
Thread count was 6 (of 24 available processors)

Solution count 1: 6157 

Time limit reached
Best objective 6.157000000000e+03, best bound 3.265000000000e+03, gap 46.9709%
