
Gurobi 13.0.1 (linux64) logging started Sun Apr 26 23:53:20 2026

Set parameter LogFile to value "outputs/llm_runs/trajectories/I3_P1_patchedit_auto_gpt41/step_01/attempt_01/candidate_01_solver.log"
Read solution from file outputs/solves/base/blockseq_n553_blocks17_slots25_seed42.sol
Gurobi Optimizer version 13.0.1 build v13.0.1rc0 (linux64 - "Red Hat Enterprise Linux 9.6 (Plow)")

CPU model: Intel(R) Xeon(R) Gold 6226 CPU @ 2.70GHz, instruction set [SSE2|AVX|AVX2|AVX512]
Thread count: 24 physical cores, 24 logical processors, using up to 6 threads

Non-default parameters:
TimeLimit  3600
MIPGap  0.01
SimplexPricing  3
MIPFocus  2
NoRelHeurTime  900
RINS  2500
LogToConsole  0
Threads  6

Optimize a model with 468867 rows, 796875 columns and 4148100 nonzeros (Min)
Model fingerprint: 0x1e77c3d4
Model has 333584 linear objective coefficients
Variable types: 0 continuous, 796875 integer (796875 binary)
Coefficient statistics:
  Matrix range     [1e+00, 2e+00]
  Objective range  [5e+00, 9e+02]
  Bounds range     [1e+00, 1e+00]
  RHS range        [1e+00, 1e+00]

User MIP start 0 did not produce a new incumbent solution
User MIP start 0 violates constraint reserved_virtual_slot[23] by 1.000000000
Warning: Completing partial solution with 796805 unfixed non-continuous variables out of 796875
User MIP start 1 produced solution with objective 11910 (1.24s)
Loaded user MIP start 1 with objective 11910
Processed 2 MIP starts in 1.23 seconds (0.78 work units)

Presolve removed 314630 rows and 347094 columns (presolve time = 5s)...
Presolve removed 315929 rows and 355811 columns (presolve time = 10s)...
Presolve removed 315929 rows and 355811 columns (presolve time = 15s)...
Presolve removed 315929 rows and 355811 columns (presolve time = 20s)...
Presolve removed 315929 rows and 355811 columns (presolve time = 25s)...
Presolve removed 315929 rows and 355811 columns (presolve time = 30s)...
Presolve removed 315929 rows and 355811 columns (presolve time = 35s)...
Presolve removed 315929 rows and 355811 columns (presolve time = 40s)...
Presolve removed 315929 rows and 355811 columns (presolve time = 45s)...
Presolve removed 315929 rows and 355811 columns (presolve time = 50s)...
Presolve removed 315929 rows and 355811 columns (presolve time = 55s)...
Presolve removed 315929 rows and 355811 columns (presolve time = 60s)...
Presolve removed 315929 rows and 355811 columns (presolve time = 65s)...
Presolve removed 315929 rows and 355811 columns (presolve time = 70s)...
Presolve removed 315929 rows and 355811 columns (presolve time = 75s)...
Presolve removed 315929 rows and 355811 columns (presolve time = 80s)...
Presolve removed 315929 rows and 355811 columns (presolve time = 85s)...
Presolve removed 315929 rows and 355811 columns (presolve time = 90s)...
Presolve removed 315929 rows and 355811 columns (presolve time = 95s)...
Presolve removed 315929 rows and 355811 columns (presolve time = 100s)...
Presolve removed 315929 rows and 355811 columns (presolve time = 105s)...
Presolve removed 315929 rows and 355811 columns (presolve time = 110s)...
Presolve removed 315929 rows and 355811 columns (presolve time = 115s)...
Presolve removed 315929 rows and 355811 columns (presolve time = 120s)...
Presolve removed 315929 rows and 355811 columns (presolve time = 125s)...
Presolve removed 315929 rows and 355811 columns (presolve time = 130s)...
Presolve removed 315929 rows and 355811 columns (presolve time = 135s)...
Presolve removed 315929 rows and 355811 columns (presolve time = 140s)...
Presolve removed 315929 rows and 355811 columns (presolve time = 145s)...
Presolve removed 315929 rows and 355811 columns (presolve time = 150s)...
Presolve removed 315929 rows and 355811 columns (presolve time = 155s)...
Presolve removed 315929 rows and 355811 columns (presolve time = 160s)...
Presolve removed 315929 rows and 355811 columns (presolve time = 165s)...
Presolve removed 315929 rows and 355811 columns (presolve time = 170s)...
Presolve removed 315929 rows and 355811 columns (presolve time = 175s)...
Presolve removed 315929 rows and 355811 columns (presolve time = 180s)...
Presolve removed 315929 rows and 355811 columns (presolve time = 185s)...
Presolve removed 315929 rows and 355811 columns (presolve time = 190s)...
Presolve removed 315929 rows and 355811 columns (presolve time = 195s)...
Presolve removed 315929 rows and 355811 columns (presolve time = 200s)...
Presolve removed 315929 rows and 355811 columns (presolve time = 205s)...
Presolve removed 315929 rows and 355811 columns (presolve time = 210s)...
Presolve removed 315929 rows and 355811 columns (presolve time = 215s)...
Presolve removed 315929 rows and 355811 columns (presolve time = 220s)...
Presolve removed 315929 rows and 355811 columns (presolve time = 225s)...
Presolve removed 315929 rows and 355811 columns (presolve time = 230s)...
Presolve removed 315929 rows and 355811 columns (presolve time = 235s)...
Presolve removed 315929 rows and 355811 columns (presolve time = 240s)...
Presolve removed 315929 rows and 355811 columns (presolve time = 245s)...
Presolve removed 315929 rows and 355811 columns (presolve time = 250s)...
Presolve removed 315929 rows and 355811 columns (presolve time = 255s)...
Presolve removed 315929 rows and 355811 columns (presolve time = 260s)...
Presolve removed 315929 rows and 355811 columns (presolve time = 265s)...
Presolve removed 315929 rows and 355811 columns (presolve time = 270s)...
Presolve removed 315929 rows and 355811 columns (presolve time = 275s)...
Presolve removed 315929 rows and 355811 columns (presolve time = 280s)...
Presolve removed 315929 rows and 355811 columns (presolve time = 285s)...
Presolve removed 315929 rows and 355811 columns (presolve time = 290s)...
Presolve removed 315929 rows and 355811 columns (presolve time = 295s)...
Presolve removed 315929 rows and 355811 columns (presolve time = 300s)...
Presolve removed 315929 rows and 355811 columns (presolve time = 305s)...
Presolve removed 315929 rows and 355811 columns (presolve time = 314s)...
Presolve removed 315929 rows and 355811 columns (presolve time = 319s)...
Presolve removed 315929 rows and 355811 columns (presolve time = 324s)...
Presolve removed 315929 rows and 355811 columns (presolve time = 330s)...
Presolve removed 315929 rows and 355811 columns (presolve time = 335s)...
Presolve removed 315929 rows and 355811 columns (presolve time = 340s)...
Presolve removed 315929 rows and 355811 columns (presolve time = 346s)...
Presolve removed 315929 rows and 355811 columns (presolve time = 351s)...
Presolve removed 315929 rows and 355811 columns (presolve time = 356s)...
Presolve removed 315929 rows and 355811 columns (presolve time = 361s)...
Presolve removed 315929 rows and 355811 columns (presolve time = 367s)...
Presolve removed 315929 rows and 355811 columns (presolve time = 372s)...
Presolve removed 315929 rows and 355811 columns (presolve time = 377s)...
Presolve removed 315929 rows and 355811 columns (presolve time = 382s)...
Presolve removed 315929 rows and 355811 columns (presolve time = 388s)...
Presolve removed 315929 rows and 355811 columns (presolve time = 393s)...
Presolve removed 315929 rows and 355811 columns (presolve time = 398s)...
Presolve removed 315929 rows and 355811 columns (presolve time = 403s)...
Presolve removed 315929 rows and 355811 columns (presolve time = 409s)...
Presolve removed 315929 rows and 355811 columns (presolve time = 414s)...
Presolve removed 315929 rows and 355811 columns (presolve time = 419s)...
Presolve removed 315929 rows and 355811 columns (presolve time = 425s)...
Presolve removed 315929 rows and 355811 columns (presolve time = 430s)...
Presolve removed 315929 rows and 355811 columns (presolve time = 435s)...
Presolve removed 315929 rows and 355811 columns (presolve time = 440s)...
Presolve removed 315929 rows and 355811 columns (presolve time = 446s)...
Presolve removed 315929 rows and 355811 columns (presolve time = 451s)...
Presolve removed 315929 rows and 355811 columns (presolve time = 456s)...
Presolve removed 315929 rows and 355811 columns (presolve time = 461s)...
Presolve removed 315929 rows and 355811 columns (presolve time = 467s)...
Presolve removed 315929 rows and 355811 columns (presolve time = 472s)...
Presolve removed 315929 rows and 355811 columns (presolve time = 477s)...
Presolve removed 315929 rows and 355811 columns (presolve time = 482s)...
Presolve removed 315929 rows and 355811 columns (presolve time = 488s)...
Presolve removed 315929 rows and 355811 columns (presolve time = 493s)...
Presolve removed 315929 rows and 355811 columns (presolve time = 498s)...
Presolve removed 315929 rows and 355811 columns (presolve time = 503s)...
Presolve removed 315929 rows and 355811 columns (presolve time = 509s)...
Presolve removed 315929 rows and 355811 columns (presolve time = 514s)...
Presolve removed 315929 rows and 355811 columns (presolve time = 519s)...
Presolve removed 315929 rows and 355811 columns (presolve time = 525s)...
Presolve removed 315929 rows and 355811 columns (presolve time = 530s)...
Presolve removed 315929 rows and 355811 columns (presolve time = 535s)...
Presolve removed 315929 rows and 355811 columns (presolve time = 540s)...
Presolve removed 315929 rows and 355811 columns (presolve time = 546s)...
Presolve removed 315929 rows and 355811 columns (presolve time = 551s)...
Presolve removed 315929 rows and 355811 columns (presolve time = 556s)...
Presolve removed 315929 rows and 355811 columns (presolve time = 561s)...
Presolve removed 321437 rows and 426385 columns (presolve time = 565s)...
Presolve removed 327162 rows and 426385 columns (presolve time = 570s)...
Presolve removed 327162 rows and 426385 columns (presolve time = 575s)...
Presolve removed 327162 rows and 426385 columns (presolve time = 585s)...
Presolve removed 327162 rows and 426385 columns (presolve time = 585s)...
Presolve removed 327162 rows and 426385 columns
Presolve time: 585.21s
Presolved: 141705 rows, 370490 columns, 1455818 nonzeros
Variable types: 0 continuous, 370490 integer (370490 binary)
Starting NoRel heuristic
Found heuristic solution: objective 10700.000000
Found heuristic solution: objective 10137.000000
Found heuristic solution: objective 9807.0000000
Found heuristic solution: objective 7398.0000000
Elapsed time for NoRel heuristic: 10s (best bound 0)
Elapsed time for NoRel heuristic: 17s (best bound 0)
Found heuristic solution: objective 5924.0000000
Found heuristic solution: objective 5805.0000000
Found heuristic solution: objective 5031.0000000
Found heuristic solution: objective 5023.0000000
Found heuristic solution: objective 4870.0000000
Elapsed time for NoRel heuristic: 50s (best bound 0)
Elapsed time for NoRel heuristic: 61s (best bound 0)
Elapsed time for NoRel heuristic: 67s (best bound 0)
Elapsed time for NoRel heuristic: 87s (best bound 0)
Elapsed time for NoRel heuristic: 97s (best bound 0)
Elapsed time for NoRel heuristic: 108s (best bound 0)
Found heuristic solution: objective 4622.0000000
Elapsed time for NoRel heuristic: 116s (best bound 0)
Found heuristic solution: objective 4500.0000000
Elapsed time for NoRel heuristic: 141s (best bound 0)
Found heuristic solution: objective 4413.0000000
Elapsed time for NoRel heuristic: 157s (best bound 0)
Elapsed time for NoRel heuristic: 182s (best bound 0)
Found heuristic solution: objective 4250.0000000
Elapsed time for NoRel heuristic: 210s (best bound 0)
Found heuristic solution: objective 4232.0000000
Elapsed time for NoRel heuristic: 218s (best bound 0)
Found heuristic solution: objective 4212.0000000
Elapsed time for NoRel heuristic: 247s (best bound 0)
Elapsed time for NoRel heuristic: 279s (best bound 0)
Found heuristic solution: objective 4202.0000000
Elapsed time for NoRel heuristic: 308s (best bound 0)
Elapsed time for NoRel heuristic: 339s (best bound 0)
Found heuristic solution: objective 4182.0000000
Elapsed time for NoRel heuristic: 360s (best bound 0)
Elapsed time for NoRel heuristic: 400s (best bound 0)
Elapsed time for NoRel heuristic: 437s (best bound 0)
Elapsed time for NoRel heuristic: 471s (best bound 0)
Found heuristic solution: objective 4179.0000000
Found heuristic solution: objective 4162.0000000
Found heuristic solution: objective 4159.0000000
Elapsed time for NoRel heuristic: 572s (best bound 0)
Found heuristic solution: objective 4129.0000000
Elapsed time for NoRel heuristic: 619s (best bound 0)
Found heuristic solution: objective 4119.0000000
Elapsed time for NoRel heuristic: 697s (best bound 0)
Elapsed time for NoRel heuristic: 755s (best bound 0)
Elapsed time for NoRel heuristic: 803s (best bound 0)
Found heuristic solution: objective 4063.0000000
Elapsed time for NoRel heuristic: 854s (best bound 0)
Elapsed time for NoRel heuristic: 945s (best bound 0)
NoRel heuristic complete
Root relaxation presolve removed 0 rows and 0 columns (presolve time = 5s)...
Root relaxation presolved: 141705 rows, 370490 columns, 1455818 nonzeros

Deterministic concurrent LP optimizer: primal simplex, dual simplex, and barrier
Showing barrier log only...

Root barrier log...

Ordering time: 3.39s
Elapsed ordering time = 5s
Elapsed ordering time = 6s
Elapsed ordering time = 7s
Ordering time: 7.35s

Barrier statistics:
 Dense cols : 4020
 AA' NZ     : 7.212e+05
 Factor NZ  : 3.935e+07 (roughly 400 MB of memory)
 Factor Ops : 1.753e+11 (roughly 1 second per iteration)
 Threads    : 4

                  Objective                Residual
Iter       Primal          Dual         Primal    Dual     Compl     Time
   0   6.83553341e+08 -1.32672080e+08  7.60e+03 6.84e+02  1.34e+04  1547s
   1   4.19483106e+08 -1.40307800e+08  5.05e+03 2.27e-12  7.21e+03  1547s
   2   1.22960591e+08 -1.33855355e+08  1.49e+03 2.05e-12  2.21e+03  1547s
   3   3.60008256e+07 -8.97447495e+07  3.29e+02 2.27e-12  6.14e+02  1547s
   4   1.60888680e+07 -3.16040887e+07  7.89e+01 1.82e-12  1.78e+02  1547s
   5   1.13127148e+07 -1.81133623e+07  4.52e+01 1.82e-12  1.03e+02  1547s
   6   8.03968155e+06 -2.85540277e+06  2.78e+01 1.36e-12  4.38e+01  1547s
   7   1.68240288e+06 -1.04930259e+06  5.47e+00 6.25e-12  1.03e+01  1547s
   8   3.93534537e+05 -5.89090746e+05  1.14e+00 3.47e-12  3.16e+00  1547s
   9   1.39947073e+05 -1.44803439e+05  3.46e-01 4.43e-12  9.02e-01  1547s
  10   1.05041394e+05 -9.92578598e+04  2.52e-01 2.84e-12  6.31e-01  1547s
  11   6.08828348e+04 -8.31640933e+04  1.34e-01 5.57e-12  4.20e-01  1547s
  12   2.63294465e+04 -4.35807852e+04  4.40e-02 1.66e-12  1.89e-01  1547s
  13   1.03868250e+04 -2.49552094e+04  7.31e-03 2.75e-12  9.02e-02  1548s
  14   8.84780160e+03 -1.64617425e+04  4.76e-03 1.19e-12  6.41e-02  1548s
  15   8.34966291e+03 -1.05475871e+04  4.08e-03 9.09e-13  4.76e-02  1548s
  16   7.21785282e+03 -6.00857130e+03  2.73e-03 9.09e-13  3.32e-02  1548s
  17   6.52260123e+03 -3.22958487e+03  2.05e-03 1.23e-12  2.44e-02  1548s
  18   5.49051686e+03  8.43771649e+01  1.17e-03 3.18e-12  1.35e-02  1549s
  19   4.96927763e+03  1.21536485e+03  8.33e-04 2.73e-12  9.37e-03  1550s
  20   4.60310057e+03  1.59212885e+03  6.26e-04 3.87e-12  7.52e-03  1552s
  21   4.25175306e+03  2.41782529e+03  4.49e-04 4.65e-12  4.57e-03  1553s
  22   3.82179511e+03  2.62349438e+03  2.26e-04 2.73e-12  2.99e-03  1555s
  23   3.45357389e+03  3.07647783e+03  6.67e-05 2.73e-12  9.42e-04  1557s
  24   3.34888267e+03  3.18217370e+03  2.81e-05 2.27e-12  4.17e-04  1558s
  25   3.29128952e+03  3.23447631e+03  7.49e-06 2.73e-12  1.42e-04  1560s
  26   3.26908081e+03  3.25674036e+03  9.83e-07 2.27e-12  3.10e-05  1562s
  27   3.26471383e+03  3.26422168e+03  9.29e-09 1.94e-09  1.24e-06  1563s
  28   3.26460018e+03  3.26459961e+03  1.45e-10 8.69e-10  1.42e-09  1564s
  29   3.26460000e+03  3.26460000e+03  5.35e-12 8.98e-10  1.42e-12  1566s

Barrier solved model in 29 iterations and 1565.74 seconds (968.80 work units)
Optimal objective 3.26460000e+03


Root crossover log...

   10513 DPushes remaining with DInf 0.0000000e+00              1566s
       0 DPushes remaining with DInf 0.0000000e+00              1567s

    1043 PPushes remaining with PInf 0.0000000e+00              1567s
       0 PPushes remaining with PInf 0.0000000e+00              1567s

  Push phase complete: Pinf 0.0000000e+00, Dinf 2.7993163e-09   1567s


Root simplex log...

Iteration    Objective       Primal Inf.    Dual Inf.      Time
   11501    3.2646000e+03   0.000000e+00   0.000000e+00   1567s
Crossover time: 1.31 seconds (0.89 work units)
Concurrent spin time: 4.04s (can be avoided by choosing Method=3)

Solved with barrier
   11501    3.2646000e+03   0.000000e+00   0.000000e+00   1567s

Use crossover to convert LP symmetric solution to basic solution...

Root crossover log...

   10485 DPushes remaining with DInf 0.0000000e+00              1568s
     170 DPushes remaining with DInf 0.0000000e+00              1570s
       0 DPushes remaining with DInf 0.0000000e+00              1571s

     278 PPushes remaining with PInf 0.0000000e+00              1572s
       0 PPushes remaining with PInf 0.0000000e+00              1572s

  Push phase complete: Pinf 0.0000000e+00, Dinf 2.0046471e-09   1572s


Root simplex log...

Iteration    Objective       Primal Inf.    Dual Inf.      Time
   22189    3.2646000e+03   0.000000e+00   0.000000e+00   1572s
Crossover time: 4.54 seconds (3.31 work units)
   22189    3.2646000e+03   0.000000e+00   0.000000e+00   1572s

Root relaxation: objective 3.264600e+03, 22189 iterations, 40.00 seconds (26.53 work units)

    Nodes    |    Current Node    |     Objective Bounds      |     Work
 Expl Unexpl |  Obj  Depth IntInf | Incumbent    BestBd   Gap | It/Node Time

     0     0 3264.60000    0  251 4063.00000 3264.60000  19.7%     - 1750s
Another try with MIP start
     0     0          -    0      4063.00000 3264.60000  19.7%     - 3600s

Cutting planes:
  Lift-and-project: 12
  Implied bound: 17
  MIR: 3
  Flow cover: 8
  Zero half: 39
  RLT: 20
  BQP: 2

Explored 1 nodes (336981 simplex iterations) in 3600.06 seconds (2622.80 work units)
Thread count was 6 (of 24 available processors)

Solution count 10: 4063 4119 4129 ... 4232

Time limit reached
Best objective 4.063000000000e+03, best bound 3.265000000000e+03, gap 19.6407%
