
Gurobi 13.0.1 (linux64) logging started Mon Apr 27 00:52:35 2026

Set parameter LogFile to value "outputs/llm_runs/trajectories/I3_P6_patchedit_auto_gpt5/step_01/attempt_01/candidate_01_solver.log"
Gurobi Optimizer version 13.0.1 build v13.0.1rc0 (linux64 - "Red Hat Enterprise Linux 9.6 (Plow)")

CPU model: Intel(R) Xeon(R) Gold 6226 CPU @ 2.70GHz, instruction set [SSE2|AVX|AVX2|AVX512]
Thread count: 24 physical cores, 24 logical processors, using up to 6 threads

Non-default parameters:
TimeLimit  3600
MIPGap  0.01
SimplexPricing  3
MIPFocus  2
NoRelHeurTime  900
RINS  2500
LogToConsole  0
Threads  6

Optimize a model with 468867 rows, 796875 columns and 4148100 nonzeros (Min)
Model fingerprint: 0x724e4734
Model has 333584 linear objective coefficients
Variable types: 0 continuous, 796875 integer (796875 binary)
Coefficient statistics:
  Matrix range     [1e+00, 2e+00]
  Objective range  [5e+00, 1e+03]
  Bounds range     [1e+00, 1e+00]
  RHS range        [1e+00, 1e+00]

Warning: Completing partial solution with 796805 unfixed non-continuous variables out of 796875
User MIP start produced solution with objective 14080 (1.28s)
Loaded user MIP start with objective 14080
Processed MIP start in 1.28 seconds (0.78 work units)

Presolve removed 314630 rows and 347094 columns (presolve time = 5s)...
Presolve removed 315927 rows and 355811 columns (presolve time = 10s)...
Presolve removed 315929 rows and 355811 columns (presolve time = 15s)...
Presolve removed 315929 rows and 355811 columns (presolve time = 20s)...
Presolve removed 315929 rows and 355811 columns (presolve time = 25s)...
Presolve removed 315929 rows and 355811 columns (presolve time = 30s)...
Presolve removed 315929 rows and 355811 columns (presolve time = 35s)...
Presolve removed 315929 rows and 355811 columns (presolve time = 40s)...
Presolve removed 315929 rows and 355811 columns (presolve time = 45s)...
Presolve removed 315929 rows and 355811 columns (presolve time = 50s)...
Presolve removed 315929 rows and 355811 columns (presolve time = 55s)...
Presolve removed 315929 rows and 355811 columns (presolve time = 60s)...
Presolve removed 315929 rows and 355811 columns (presolve time = 69s)...
Presolve removed 315929 rows and 355811 columns (presolve time = 74s)...
Presolve removed 315929 rows and 355811 columns (presolve time = 79s)...
Presolve removed 315929 rows and 355811 columns (presolve time = 85s)...
Presolve removed 315929 rows and 355811 columns (presolve time = 90s)...
Presolve removed 315929 rows and 355811 columns (presolve time = 95s)...
Presolve removed 315929 rows and 355811 columns (presolve time = 100s)...
Presolve removed 315929 rows and 355811 columns (presolve time = 106s)...
Presolve removed 315929 rows and 355811 columns (presolve time = 111s)...
Presolve removed 315929 rows and 355811 columns (presolve time = 116s)...
Presolve removed 315929 rows and 355811 columns (presolve time = 121s)...
Presolve removed 315929 rows and 355811 columns (presolve time = 127s)...
Presolve removed 315929 rows and 355811 columns (presolve time = 132s)...
Presolve removed 315929 rows and 355811 columns (presolve time = 137s)...
Presolve removed 315929 rows and 355811 columns (presolve time = 143s)...
Presolve removed 315929 rows and 355811 columns (presolve time = 148s)...
Presolve removed 315929 rows and 355811 columns (presolve time = 153s)...
Presolve removed 315929 rows and 355811 columns (presolve time = 158s)...
Presolve removed 315929 rows and 355811 columns (presolve time = 164s)...
Presolve removed 315929 rows and 355811 columns (presolve time = 169s)...
Presolve removed 315929 rows and 355811 columns (presolve time = 174s)...
Presolve removed 315929 rows and 355811 columns (presolve time = 180s)...
Presolve removed 315929 rows and 355811 columns (presolve time = 185s)...
Presolve removed 315929 rows and 355811 columns (presolve time = 190s)...
Presolve removed 315929 rows and 355811 columns (presolve time = 195s)...
Presolve removed 315929 rows and 355811 columns (presolve time = 201s)...
Presolve removed 315929 rows and 355811 columns (presolve time = 206s)...
Presolve removed 315929 rows and 355811 columns (presolve time = 211s)...
Presolve removed 315929 rows and 355811 columns (presolve time = 216s)...
Presolve removed 315929 rows and 355811 columns (presolve time = 222s)...
Presolve removed 315929 rows and 355811 columns (presolve time = 227s)...
Presolve removed 315929 rows and 355811 columns (presolve time = 232s)...
Presolve removed 315929 rows and 355811 columns (presolve time = 238s)...
Presolve removed 315929 rows and 355811 columns (presolve time = 243s)...
Presolve removed 315929 rows and 355811 columns (presolve time = 248s)...
Presolve removed 315929 rows and 355811 columns (presolve time = 253s)...
Presolve removed 315929 rows and 355811 columns (presolve time = 259s)...
Presolve removed 315929 rows and 355811 columns (presolve time = 264s)...
Presolve removed 315929 rows and 355811 columns (presolve time = 269s)...
Presolve removed 315929 rows and 355811 columns (presolve time = 275s)...
Presolve removed 315929 rows and 355811 columns (presolve time = 280s)...
Presolve removed 315929 rows and 355811 columns (presolve time = 285s)...
Presolve removed 315929 rows and 355811 columns (presolve time = 290s)...
Presolve removed 315929 rows and 355811 columns (presolve time = 296s)...
Presolve removed 315929 rows and 355811 columns (presolve time = 301s)...
Presolve removed 315929 rows and 355811 columns (presolve time = 306s)...
Presolve removed 315929 rows and 355811 columns (presolve time = 312s)...
Presolve removed 315929 rows and 355811 columns (presolve time = 317s)...
Presolve removed 315929 rows and 355811 columns (presolve time = 322s)...
Presolve removed 315929 rows and 355811 columns (presolve time = 327s)...
Presolve removed 315929 rows and 355811 columns (presolve time = 333s)...
Presolve removed 315929 rows and 355811 columns (presolve time = 338s)...
Presolve removed 315929 rows and 355811 columns (presolve time = 343s)...
Presolve removed 315929 rows and 355811 columns (presolve time = 349s)...
Presolve removed 315929 rows and 355811 columns (presolve time = 354s)...
Presolve removed 315929 rows and 355811 columns (presolve time = 359s)...
Presolve removed 315929 rows and 355811 columns (presolve time = 364s)...
Presolve removed 315929 rows and 355811 columns (presolve time = 370s)...
Presolve removed 315929 rows and 355811 columns (presolve time = 375s)...
Presolve removed 315929 rows and 355811 columns (presolve time = 380s)...
Presolve removed 315929 rows and 355811 columns (presolve time = 385s)...
Presolve removed 315929 rows and 355811 columns (presolve time = 391s)...
Presolve removed 315929 rows and 355811 columns (presolve time = 396s)...
Presolve removed 315929 rows and 355811 columns (presolve time = 401s)...
Presolve removed 315929 rows and 355811 columns (presolve time = 407s)...
Presolve removed 315929 rows and 355811 columns (presolve time = 412s)...
Presolve removed 315929 rows and 355811 columns (presolve time = 417s)...
Presolve removed 315929 rows and 355811 columns (presolve time = 422s)...
Presolve removed 315929 rows and 355811 columns (presolve time = 428s)...
Presolve removed 315929 rows and 355811 columns (presolve time = 433s)...
Presolve removed 315929 rows and 355811 columns (presolve time = 438s)...
Presolve removed 315929 rows and 355811 columns (presolve time = 444s)...
Presolve removed 315929 rows and 355811 columns (presolve time = 449s)...
Presolve removed 315929 rows and 355811 columns (presolve time = 454s)...
Presolve removed 315929 rows and 355811 columns (presolve time = 459s)...
Presolve removed 315929 rows and 355811 columns (presolve time = 465s)...
Presolve removed 315929 rows and 355811 columns (presolve time = 470s)...
Presolve removed 315929 rows and 355811 columns (presolve time = 475s)...
Presolve removed 315929 rows and 355811 columns (presolve time = 481s)...
Presolve removed 315929 rows and 355811 columns (presolve time = 486s)...
Presolve removed 315929 rows and 355811 columns (presolve time = 491s)...
Presolve removed 315929 rows and 355811 columns (presolve time = 496s)...
Presolve removed 315929 rows and 355811 columns (presolve time = 502s)...
Presolve removed 315929 rows and 355811 columns (presolve time = 507s)...
Presolve removed 315929 rows and 355811 columns (presolve time = 512s)...
Presolve removed 315929 rows and 355811 columns (presolve time = 518s)...
Presolve removed 315929 rows and 355811 columns (presolve time = 523s)...
Presolve removed 315929 rows and 355811 columns (presolve time = 528s)...
Presolve removed 315929 rows and 355811 columns (presolve time = 533s)...
Presolve removed 315929 rows and 355811 columns (presolve time = 539s)...
Presolve removed 315929 rows and 355811 columns (presolve time = 540s)...
Presolve removed 315929 rows and 401993 columns (presolve time = 597s)...
Presolve removed 317509 rows and 416838 columns (presolve time = 600s)...
Presolve removed 323334 rows and 425397 columns (presolve time = 605s)...
Presolve removed 323334 rows and 425397 columns (presolve time = 610s)...
Presolve removed 323334 rows and 425397 columns (presolve time = 615s)...
Presolve removed 323334 rows and 425397 columns
Presolve time: 616.28s
Presolved: 145533 rows, 371478 columns, 1609886 nonzeros
Variable types: 0 continuous, 371478 integer (371478 binary)
Starting NoRel heuristic
Found heuristic solution: objective 13182.000000
Found heuristic solution: objective 10626.000000
Elapsed time for NoRel heuristic: 9s (best bound 0)
Elapsed time for NoRel heuristic: 20s (best bound 0)
Found heuristic solution: objective 8676.0000000
Found heuristic solution: objective 7680.0000000
Found heuristic solution: objective 7679.0000000
Found heuristic solution: objective 7120.0000000
Found heuristic solution: objective 6724.0000000
Elapsed time for NoRel heuristic: 55s (best bound 0)
Elapsed time for NoRel heuristic: 63s (best bound 0)
Elapsed time for NoRel heuristic: 74s (best bound 0)
Elapsed time for NoRel heuristic: 113s (best bound 0)
Elapsed time for NoRel heuristic: 118s (best bound 0)
Found heuristic solution: objective 6668.0000000
Found heuristic solution: objective 6568.0000000
Found heuristic solution: objective 6564.0000000
Elapsed time for NoRel heuristic: 126s (best bound 0)
Found heuristic solution: objective 6517.0000000
Elapsed time for NoRel heuristic: 160s (best bound 0)
Found heuristic solution: objective 6290.0000000
Found heuristic solution: objective 6002.0000000
Elapsed time for NoRel heuristic: 192s (best bound 0)
Elapsed time for NoRel heuristic: 228s (best bound 0)
Elapsed time for NoRel heuristic: 242s (best bound 0)
Found heuristic solution: objective 5888.0000000
Found heuristic solution: objective 5746.0000000
Elapsed time for NoRel heuristic: 356s (best bound 0)
Found heuristic solution: objective 5698.0000000
Elapsed time for NoRel heuristic: 377s (best bound 0)
Found heuristic solution: objective 5669.0000000
Elapsed time for NoRel heuristic: 425s (best bound 0)
Found heuristic solution: objective 5615.0000000
Elapsed time for NoRel heuristic: 466s (best bound 0)
Elapsed time for NoRel heuristic: 491s (best bound 0)
Found heuristic solution: objective 5589.0000000
Elapsed time for NoRel heuristic: 535s (best bound 0)
Elapsed time for NoRel heuristic: 590s (best bound 0)
Elapsed time for NoRel heuristic: 640s (best bound 0)
Found heuristic solution: objective 5489.0000000
Found heuristic solution: objective 5485.0000000
Elapsed time for NoRel heuristic: 688s (best bound 0)
Found heuristic solution: objective 5460.0000000
Elapsed time for NoRel heuristic: 753s (best bound 0)
Found heuristic solution: objective 5424.0000000
Elapsed time for NoRel heuristic: 808s (best bound 0)
Found heuristic solution: objective 5408.9999528
Elapsed time for NoRel heuristic: 868s (best bound 0)
Elapsed time for NoRel heuristic: 926s (best bound 0)
NoRel heuristic complete
Root relaxation presolve removed 72 rows and 3 columns
Root relaxation presolved: 145461 rows, 371475 columns, 1421528 nonzeros

Deterministic concurrent LP optimizer: primal simplex, dual simplex, and barrier
Showing barrier log only...

Root barrier log...

Ordering time: 5.12s
Elapsed ordering time = 5s
Elapsed ordering time = 10s
Elapsed ordering time = 11s
Elapsed ordering time = 13s
Ordering time: 14.11s

Barrier statistics:
 Dense cols : 5233
 AA' NZ     : 1.271e+06
 Factor NZ  : 7.664e+07 (roughly 800 MB of memory)
 Factor Ops : 4.861e+11 (roughly 3 seconds per iteration)
 Threads    : 4

                  Objective                Residual
Iter       Primal          Dual         Primal    Dual     Compl     Time
   0   4.01894602e+08 -1.32015062e+08  1.36e+04 0.00e+00  4.65e+03  1568s
   1   1.79604100e+08 -1.26028873e+08  5.79e+03 2.41e+02  1.95e+03  1568s
   2   7.27605710e+07 -1.01382967e+08  2.18e+03 1.25e-12  7.18e+02  1568s
   3   2.09093483e+07 -4.53543466e+07  3.93e+02 1.14e-12  1.65e+02  1568s
   4   1.03829308e+07 -8.67403153e+06  1.19e+02 9.09e-13  4.46e+01  1568s
   5   4.90686718e+06 -2.41576380e+06  4.88e+01 9.09e-13  1.78e+01  1568s
   6   1.80664135e+06 -6.74876877e+05  1.70e+01 9.38e-13  6.26e+00  1568s
   7   5.16789788e+05 -1.98273691e+05  4.44e+00 1.20e-12  1.76e+00  1568s
   8   2.59699963e+05 -9.27688255e+04  2.17e+00 1.49e-12  8.52e-01  1568s
   9   1.17956556e+05 -4.64990108e+04  9.32e-01 1.11e-12  3.72e-01  1568s
  10   7.98847346e+04 -4.17572113e+04  6.08e-01 1.47e-12  2.63e-01  1568s
  11   5.31560620e+04 -2.10450678e+04  3.83e-01 4.55e-13  1.50e-01  1568s
  12   4.11515851e+04 -1.62310833e+04  2.86e-01 8.99e-13  1.12e-01  1569s
  13   2.98432665e+04 -9.83827650e+03  1.93e-01 8.65e-13  7.32e-02  1569s
  14   2.53577237e+04 -7.01341109e+03  1.57e-01 1.36e-12  5.88e-02  1569s
  15   1.76975927e+04 -3.81004573e+03  9.69e-02 1.36e-12  3.82e-02  1569s
  16   1.52773023e+04 -5.30147733e+02  7.72e-02 2.75e-12  2.80e-02  1569s
  17   1.00466458e+04  1.19325035e+03  3.67e-02 2.49e-12  1.55e-02  1569s
  18   8.23288996e+03  1.87214982e+03  2.31e-02 2.83e-12  1.10e-02  1570s
  19   7.03518494e+03  2.48147478e+03  1.47e-02 1.00e-12  7.84e-03  1570s
  20   5.20620626e+03  3.10795140e+03  3.21e-03 1.17e-04  3.51e-03  1572s
  21   4.51074567e+03  3.89568246e+03  4.54e-04 3.58e-05  1.01e-03  1575s
  22   4.30382275e+03  4.13563413e+03  4.01e-05 1.12e-05  2.75e-04  1578s
  23   4.28264461e+03  4.21606313e+03  2.23e-05 3.24e-06  1.09e-04  1582s
  24   4.25532955e+03  4.23605842e+03  3.09e-06 1.19e-06  3.15e-05  1585s
  25   4.24936391e+03  4.24771756e+03  1.52e-07 4.99e-08  2.69e-06  1588s
  26   4.24859537e+03  4.24855771e+03  3.81e-09 1.23e-09  6.18e-08  1592s
  27   4.24857145e+03  4.24857141e+03  6.25e-10 2.54e-10  6.18e-11  1595s

Barrier solved model in 27 iterations and 1594.69 seconds (964.24 work units)
Optimal objective 4.24857145e+03


Root crossover log...

   14572 DPushes remaining with DInf 0.0000000e+00              1595s
     622 DPushes remaining with DInf 0.0000000e+00              1595s
       0 DPushes remaining with DInf 0.0000000e+00              1598s

    3341 PPushes remaining with PInf 0.0000000e+00              1598s
       0 PPushes remaining with PInf 0.0000000e+00              1598s

  Push phase complete: Pinf 0.0000000e+00, Dinf 5.8072160e-09   1598s


Root simplex log...

Iteration    Objective       Primal Inf.    Dual Inf.      Time
   17850    4.2485714e+03   0.000000e+00   0.000000e+00   1598s
Crossover time: 3.66 seconds (2.03 work units)
Concurrent spin time: 0.05s

Solved with barrier
   17850    4.2485714e+03   0.000000e+00   0.000000e+00   1599s

Use crossover to convert LP symmetric solution to basic solution...

Root crossover log...

   10440 DPushes remaining with DInf 0.0000000e+00              1599s
     427 DPushes remaining with DInf 0.0000000e+00              1600s
       0 DPushes remaining with DInf 0.0000000e+00              1603s

     198 PPushes remaining with PInf 0.0000000e+00              1603s
       0 PPushes remaining with PInf 0.0000000e+00              1603s

  Push phase complete: Pinf 0.0000000e+00, Dinf 2.4258640e-08   1603s


Root simplex log...

Iteration    Objective       Primal Inf.    Dual Inf.      Time
   28391    4.2485714e+03   0.000000e+00   0.000000e+00   1603s
Crossover time: 4.89 seconds (3.27 work units)

Root relaxation: objective 4.248571e+03, 28391 iterations, 58.88 seconds (42.01 work units)

    Nodes    |    Current Node    |     Objective Bounds      |     Work
 Expl Unexpl |  Obj  Depth IntInf | Incumbent    BestBd   Gap | It/Node Time

     0     0 4248.57143    0  290 5408.99995 4248.57143  21.5%     - 1784s
     0     0          -    0      5408.99995 4248.57143  21.5%     - 3600s

Cutting planes:
  Gomory: 1
  Lift-and-project: 15
  Implied bound: 20
  Clique: 5
  Flow cover: 9
  Zero half: 83
  RLT: 31
  BQP: 12

Explored 1 nodes (284326 simplex iterations) in 3600.11 seconds (2352.99 work units)
Thread count was 6 (of 24 available processors)

Solution count 10: 5409 5424 5460 ... 5746

Time limit reached
Best objective 5.408999953041e+03, best bound 4.249000000000e+03, gap 21.4457%
