
Gurobi 13.0.1 (linux64) logging started Sun Apr 26 21:41:44 2026

Set parameter LogFile to value "outputs/llm_runs/trajectories/I1_P5_patchedit_auto_gpt41/step_01/attempt_01/candidate_01_solver.log"
Read solution from file outputs/solves/base/blockseq_n544_blocks20_slots24_seed42.sol
Gurobi Optimizer version 13.0.1 build v13.0.1rc0 (linux64 - "Red Hat Enterprise Linux 9.6 (Plow)")

CPU model: Intel(R) Xeon(R) Gold 6226 CPU @ 2.70GHz, instruction set [SSE2|AVX|AVX2|AVX512]
Thread count: 24 physical cores, 24 logical processors, using up to 6 threads

Non-default parameters:
TimeLimit  3600
MIPGap  0.01
BranchDir  -1
LogToConsole  0
Threads  6

Optimize a model with 401012 rows, 677376 columns and 3609768 nonzeros (Min)
Model fingerprint: 0xd5dc995f
Model has 439537 linear objective coefficients
Variable types: 0 continuous, 677376 integer (677376 binary)
Coefficient statistics:
  Matrix range     [1e+00, 3e+03]
  Objective range  [5e+00, 8e+02]
  Bounds range     [1e+00, 1e+00]
  RHS range        [1e+00, 4e+03]

User MIP start 0 did not produce a new incumbent solution
User MIP start 0 violates constraint slot_load_cap[day_2] by 780.000000000
Warning: Completing partial solution with 677309 unfixed non-continuous variables out of 677376
User MIP start 1 produced solution with objective 8871 (1.16s)
Loaded user MIP start 1 with objective 8871
Processed 2 MIP starts in 1.16 seconds (0.69 work units)

Presolve removed 197212 rows and 196364 columns (presolve time = 5s)...
Presolve removed 197252 rows and 197184 columns
Presolve time: 9.13s
Presolved: 203760 rows, 480192 columns, 2052618 nonzeros
Variable types: 0 continuous, 480192 integer (480192 binary)
Deterministic concurrent LP optimizer: primal simplex, dual simplex, and barrier
Showing barrier log only...

Root barrier log...

Ordering time: 7.38s
Elapsed ordering time = 8s
Elapsed ordering time = 10s
Elapsed ordering time = 11s
Ordering time: 11.16s

Barrier statistics:
 Dense cols : 7208
 AA' NZ     : 1.248e+06
 Factor NZ  : 9.798e+07 (roughly 1.0 GB of memory)
 Factor Ops : 7.340e+11 (roughly 5 seconds per iteration)
 Threads    : 4

                  Objective                Residual
Iter       Primal          Dual         Primal    Dual     Compl     Time
   0   7.14525263e+08 -1.33758470e+08  1.66e+05 3.71e+02  6.43e+03    26s
   1   3.86726889e+08 -1.37334039e+08  9.54e+04 1.25e-12  3.01e+03    26s
   2   1.30218510e+08 -1.27888225e+08  3.05e+04 1.14e-12  1.03e+03    27s
   3   2.56049298e+07 -8.29352111e+07  4.11e+03 7.96e-13  2.12e+02    27s
   4   1.04065171e+07 -1.62355958e+07  6.42e+02 3.41e-13  4.06e+01    27s
   5   4.52174588e+06 -2.95836360e+06  1.86e+02 2.27e-13  1.14e+01    27s
   6   9.81829421e+05 -8.67489238e+05  3.70e+01 2.27e-13  2.76e+00    27s
   7   1.66591132e+05 -3.43599339e+05  5.40e+00 2.27e-13  7.04e-01    27s
   8   3.59940980e+04 -2.74987567e+05  1.14e+00 2.27e-13  4.04e-01    27s
   9   2.43198308e+04 -1.62621093e+05  6.60e-01 1.14e-13  2.41e-01    27s
  10   2.13626514e+04 -1.35228365e+05  5.51e-01 2.27e-13  2.00e-01    28s
  11   1.85606160e+04 -8.49956261e+04  4.41e-01 2.27e-13  1.34e-01    28s
  12   1.52575721e+04 -3.71246846e+04  3.31e-01 2.27e-13  7.08e-02    28s
  13   9.54866032e+03 -1.97474653e+04  1.19e-01 2.27e-13  3.94e-02    28s
  14   7.82530089e+03 -1.27109726e+04  6.75e-02 2.27e-13  2.75e-02    29s
  15   6.76841886e+03 -9.22799029e+03  4.16e-02 2.27e-13  2.12e-02    29s
  16   6.03386901e+03 -6.27048693e+03  2.62e-02 2.27e-13  1.62e-02    29s
  17   5.34190556e+03 -2.28909842e+03  1.41e-02 1.14e-13  9.99e-03    30s
  18   4.94943427e+03 -5.52601332e+02  8.44e-03 1.14e-13  7.19e-03    30s
  19   4.73485659e+03  3.65745773e+02  6.05e-03 2.27e-13  5.69e-03    31s
  20   4.45347494e+03  1.23546713e+03  3.31e-03 8.24e-06  4.17e-03    34s
  21   4.21155258e+03  2.26919827e+03  1.40e-03 5.13e-06  2.50e-03    39s
  22   4.08344252e+03  2.92536942e+03  6.11e-04 3.26e-06  1.49e-03    45s
  23   3.98723988e+03  3.70633947e+03  1.29e-04 7.12e-07  3.61e-04    50s
  24   3.94973488e+03  3.87855435e+03  8.28e-06 1.85e-07  9.06e-05    55s
  25   3.94684826e+03  3.92988604e+03  1.76e-06 4.20e-08  2.17e-05    61s
  26   3.94510608e+03  3.94242182e+03  1.48e-07 3.91e-08  3.42e-06    66s
  27   3.94502566e+03  3.94357760e+03  8.33e-08 2.96e-08  1.85e-06    72s
  28   3.94491087e+03  3.94487000e+03  8.40e-09 1.58e-08  5.53e-08    78s
  29   3.94488898e+03  3.94488755e+03  9.72e-09 7.35e-11  2.03e-09    85s
  30   3.94488802e+03  3.94488802e+03  9.62e-12 8.69e-09  2.03e-12    90s

Barrier solved model in 30 iterations and 90.29 seconds (78.75 work units)
Optimal objective 3.94488802e+03


Root crossover log...

   17432 DPushes remaining with DInf 0.0000000e+00                90s
     123 DPushes remaining with DInf 0.0000000e+00                95s
       0 DPushes remaining with DInf 0.0000000e+00                96s

     210 PPushes remaining with PInf 0.0000000e+00                96s
       0 PPushes remaining with PInf 0.0000000e+00                96s

  Push phase complete: Pinf 0.0000000e+00, Dinf 9.0609760e-09     96s


Root simplex log...

Iteration    Objective       Primal Inf.    Dual Inf.      Time
   17578    3.9448880e+03   0.000000e+00   0.000000e+00     96s
Crossover time: 6.05 seconds (2.78 work units)
Concurrent spin time: 0.03s

Solved with barrier
   17578    3.9448880e+03   0.000000e+00   0.000000e+00     97s

Use crossover to convert LP symmetric solution to basic solution...

Root crossover log...

  201993 variables added to crossover basis                      100s
  202904 variables added to crossover basis                      105s

     447 DPushes remaining with DInf 0.0000000e+00               109s
     189 DPushes remaining with DInf 0.0000000e+00               111s
       0 DPushes remaining with DInf 0.0000000e+00               112s

     568 PPushes remaining with PInf 0.0000000e+00               112s
       0 PPushes remaining with PInf 0.0000000e+00               113s

  Push phase complete: Pinf 0.0000000e+00, Dinf 5.9333551e-09    113s


Root simplex log...

Iteration    Objective       Primal Inf.    Dual Inf.      Time
   18523    3.9448880e+03   0.000000e+00   0.000000e+00    113s
Crossover time: 16.22 seconds (19.51 work units)

Root relaxation: objective 3.944888e+03, 18523 iterations, 102.06 seconds (86.25 work units)
Another try with MIP start

    Nodes    |    Current Node    |     Objective Bounds      |     Work
 Expl Unexpl |  Obj  Depth IntInf | Incumbent    BestBd   Gap | It/Node Time

     0     0 3944.88802    0  491 8871.00000 3944.88802  55.5%     -  261s
     0     0 3946.27303    0  513 8871.00000 3946.27303  55.5%     -  993s
     0     0 3946.56662    0  501 8871.00000 3946.56662  55.5%     - 1615s
     0     0 3946.97535    0  512 8871.00000 3946.97535  55.5%     - 2689s
     0     0 3947.01935    0  500 8871.00000 3947.01935  55.5%     - 2887s
     0     0          -    0      8871.00000 3947.01935  55.5%     - 3600s

Cutting planes:
  Gomory: 1
  MIR: 34
  Zero half: 8
  RLT: 36
  BQP: 15

Explored 1 nodes (338028 simplex iterations) in 3600.07 seconds (3440.36 work units)
Thread count was 6 (of 24 available processors)

Solution count 1: 8871 

Time limit reached
Best objective 8.871000000000e+03, best bound 3.948000000000e+03, gap 55.4954%
