
Gurobi 13.0.1 (linux64) logging started Mon Apr 27 03:08:15 2026

Set parameter LogFile to value "outputs/llm_runs/trajectories/I4_P2_patchedit_scratch_gpt5/step_01/replay_attempt_01/candidate_01_solver.log"
Set parameter Threads to value 6
Gurobi Optimizer version 13.0.1 build v13.0.1rc0 (linux64 - "Red Hat Enterprise Linux 9.6 (Plow)")

CPU model: Intel(R) Xeon(R) Gold 6226 CPU @ 2.70GHz, instruction set [SSE2|AVX|AVX2|AVX512]
Thread count: 24 physical cores, 24 logical processors, using up to 6 threads

Non-default parameters:
TimeLimit  3600
LogToConsole  0
Threads  6

Optimize a model with 401010 rows, 677376 columns and 3563112 nonzeros (Min)
Model fingerprint: 0xc5217720
Model has 395750 linear objective coefficients
Variable types: 0 continuous, 677376 integer (677376 binary)
Coefficient statistics:
  Matrix range     [1e+00, 2e+00]
  Objective range  [5e+00, 8e+02]
  Bounds range     [1e+00, 1e+00]
  RHS range        [1e+00, 1e+00]

Presolve removed 218211 rows and 216483 columns (presolve time = 5s)...
Presolve removed 218211 rows and 216483 columns (presolve time = 10s)...
Presolve removed 218211 rows and 216483 columns (presolve time = 15s)...
Presolve removed 218211 rows and 216483 columns (presolve time = 20s)...
Presolve removed 218211 rows and 216483 columns (presolve time = 25s)...
Presolve removed 218211 rows and 216483 columns (presolve time = 30s)...
Presolve removed 218211 rows and 216483 columns (presolve time = 35s)...
Presolve removed 218211 rows and 216483 columns (presolve time = 40s)...
Presolve removed 218211 rows and 216483 columns (presolve time = 45s)...
Presolve removed 218211 rows and 216483 columns (presolve time = 50s)...
Presolve removed 218211 rows and 216483 columns (presolve time = 55s)...
Presolve removed 218211 rows and 216483 columns (presolve time = 60s)...
Presolve removed 218211 rows and 220163 columns
Presolve time: 62.86s
Presolved: 182799 rows, 457213 columns, 1955643 nonzeros
Variable types: 0 continuous, 457213 integer (457213 binary)
Deterministic concurrent LP optimizer: primal simplex, dual simplex, and barrier
Showing barrier log only...

Root barrier log...

Ordering time: 6.24s
Elapsed ordering time = 6s
Elapsed ordering time = 10s
Elapsed ordering time = 12s
Elapsed ordering time = 15s
Elapsed ordering time = 17s
Ordering time: 19.59s

Barrier statistics:
 Dense cols : 3868
 AA' NZ     : 2.466e+06
 Factor NZ  : 2.203e+08 (roughly 2.0 GB of memory)
 Factor Ops : 1.800e+12 (roughly 14 seconds per iteration)
 Threads    : 3

                  Objective                Residual
Iter       Primal          Dual         Primal    Dual     Compl     Time
   0   4.40030959e+08 -1.97551803e+08  2.06e+04 0.00e+00  6.17e+03    90s
   1   2.19461857e+08 -1.85743937e+08  1.04e+04 1.59e-12  2.55e+03    90s
   2   7.49949672e+07 -1.43432349e+08  3.25e+03 1.59e-12  8.37e+02    90s
   3   1.84369659e+07 -6.00165158e+07  4.11e+02 1.14e-12  1.67e+02    90s
   4   8.95331418e+06 -1.12508248e+07  6.10e+01 1.36e-12  3.84e+01    90s
   5   4.33500520e+06 -2.53598386e+06  2.35e+01 1.82e-12  1.39e+01    90s
   6   8.87086904e+05 -6.75770769e+05  4.14e+00 2.27e-12  3.10e+00    91s
   7   1.91220280e+05 -3.83648537e+05  8.30e-01 1.82e-12  1.01e+00    91s
   8   9.50248455e+04 -2.98266072e+05  4.00e-01 2.73e-12  6.61e-01    91s
   9   3.61552398e+04 -2.27812081e+05  1.41e-01 1.82e-12  4.22e-01    91s
  10   3.05655711e+04 -2.04855380e+05  1.15e-01 2.73e-12  3.74e-01    91s
  11   2.38781933e+04 -1.43937426e+05  8.09e-02 2.27e-12  2.65e-01    91s
  12   1.59621977e+04 -9.21709233e+04  3.95e-02 2.73e-12  1.69e-01    91s
  13   9.91791262e+03 -5.00905027e+04  1.36e-02 2.27e-12  9.33e-02    91s
  14   7.87617799e+03 -1.53068780e+04  6.61e-03 2.27e-12  3.61e-02    92s
  15   6.74568913e+03 -5.91446686e+03  3.57e-03 2.96e-12  1.98e-02    92s
  16   5.88553980e+03 -4.21246695e+03  1.87e-03 2.05e-12  1.57e-02    92s
  17   5.24451704e+03 -1.52692561e+03  9.08e-04 2.50e-12  1.05e-02    92s
  18   4.79381924e+03  1.03002926e+02  4.12e-04 2.27e-12  7.25e-03    93s
  19   4.55398720e+03  1.44114266e+03  2.27e-04 3.18e-12  4.81e-03    93s
  20   4.38078718e+03  2.87821181e+03  1.13e-04 5.00e-12  2.33e-03    94s
  21   4.24480703e+03  3.34822294e+03  4.25e-05 5.46e-12  1.39e-03    95s
  22   4.14820072e+03  3.85761573e+03  7.90e-06 1.62e-04  4.47e-04   367s
  23   4.13942850e+03  4.09183039e+03  1.44e-06 2.39e-05  7.34e-05   381s
  24   4.13608155e+03  4.13110441e+03  9.59e-08 1.95e-06  7.68e-06   395s
  25   4.13572942e+03  4.13469807e+03  4.28e-08 3.16e-07  1.60e-06   408s
  26   4.13555599e+03  4.13533369e+03  1.75e-08 4.15e-08  3.49e-07   422s
  27   4.13544830e+03  4.13542971e+03  5.29e-09 9.77e-10  2.95e-08   436s
  28   4.13543228e+03  4.13543228e+03  1.86e-10 2.03e-10  4.38e-12   449s

Barrier solved model in 28 iterations and 449.15 seconds (136.71 work units)
Optimal objective 4.13543228e+03


Root crossover log...

   14833 DPushes remaining with DInf 0.0000000e+00               449s
     603 DPushes remaining with DInf 0.0000000e+00               450s
       0 DPushes remaining with DInf 0.0000000e+00               453s

    1252 PPushes remaining with PInf 0.0000000e+00               453s
       0 PPushes remaining with PInf 0.0000000e+00               454s

  Push phase complete: Pinf 0.0000000e+00, Dinf 3.9947921e-09    454s


Root simplex log...

Iteration    Objective       Primal Inf.    Dual Inf.      Time
   16023    4.1354323e+03   0.000000e+00   0.000000e+00    454s
Crossover time: 4.46 seconds (2.21 work units)
Concurrent spin time: 121.14s (can be avoided by choosing Method=3)

Solved with barrier
   16023    4.1354323e+03   0.000000e+00   0.000000e+00    454s

Use crossover to convert LP symmetric solution to basic solution...

Root crossover log...

  180375 variables added to crossover basis                      455s
  181995 variables added to crossover basis                      460s
  182697 variables added to crossover basis                      465s

      74 DPushes remaining with DInf 0.0000000e+00               466s
       0 DPushes remaining with DInf 0.0000000e+00               467s

    1023 PPushes remaining with PInf 0.0000000e+00               467s
       0 PPushes remaining with PInf 0.0000000e+00               468s

  Push phase complete: Pinf 0.0000000e+00, Dinf 3.0740608e-08    468s


Root simplex log...

Iteration    Objective       Primal Inf.    Dual Inf.      Time
   17050    4.1354323e+03   0.000000e+00   0.000000e+00    468s
Crossover time: 14.16 seconds (18.85 work units)

Root relaxation: objective 4.135432e+03, 17050 iterations, 402.95 seconds (130.57 work units)

    Nodes    |    Current Node    |     Objective Bounds      |     Work
 Expl Unexpl |  Obj  Depth IntInf | Incumbent    BestBd   Gap | It/Node Time

     0     0 4135.43228    0  435          - 4135.43228      -     -  621s
     0     0 4137.01515    0  517          - 4137.01515      -     - 1661s

Cutting planes:
  Lift-and-project: 1
  MIR: 62
  StrongCG: 2
  Zero half: 47
  RLT: 14
  BQP: 5

Explored 1 nodes (135394 simplex iterations) in 3600.10 seconds (2219.39 work units)
Thread count was 6 (of 24 available processors)

Solution count 0

Time limit reached
Best objective -, best bound 4.138000000000e+03, gap -
