
Gurobi 13.0.1 (linux64) logging started Mon Apr 27 00:57:06 2026

Set parameter LogFile to value "outputs/llm_runs/trajectories/I3_P1_patchedit_scratch_gpt41/step_01/replay_attempt_01/candidate_01_solver.log"
Set parameter Threads to value 6
Gurobi Optimizer version 13.0.1 build v13.0.1rc0 (linux64 - "Red Hat Enterprise Linux 9.6 (Plow)")

CPU model: Intel(R) Xeon(R) Gold 6226 CPU @ 2.70GHz, instruction set [SSE2|AVX|AVX2|AVX512]
Thread count: 24 physical cores, 24 logical processors, using up to 6 threads

Non-default parameters:
TimeLimit  3600
LogToConsole  0
Threads  6

Optimize a model with 468867 rows, 796875 columns and 4148100 nonzeros (Min)
Model fingerprint: 0x31e58660
Model has 333584 linear objective coefficients
Variable types: 0 continuous, 796875 integer (796875 binary)
Coefficient statistics:
  Matrix range     [1e+00, 2e+00]
  Objective range  [5e+00, 9e+02]
  Bounds range     [1e+00, 1e+00]
  RHS range        [1e+00, 1e+00]

Presolve removed 314630 rows and 347094 columns (presolve time = 5s)...
Presolve removed 315929 rows and 355811 columns (presolve time = 10s)...
Presolve removed 315929 rows and 355811 columns (presolve time = 15s)...
Presolve removed 315929 rows and 355811 columns (presolve time = 20s)...
Presolve removed 315929 rows and 355811 columns (presolve time = 25s)...
Presolve removed 315929 rows and 355811 columns (presolve time = 30s)...
Presolve removed 315929 rows and 355811 columns (presolve time = 35s)...
Presolve removed 315929 rows and 355811 columns (presolve time = 40s)...
Presolve removed 315929 rows and 355811 columns (presolve time = 45s)...
Presolve removed 315929 rows and 355811 columns (presolve time = 50s)...
Presolve removed 315929 rows and 355811 columns (presolve time = 55s)...
Presolve removed 315929 rows and 355811 columns (presolve time = 60s)...
Presolve removed 315929 rows and 355811 columns (presolve time = 65s)...
Presolve removed 315929 rows and 355811 columns (presolve time = 70s)...
Presolve removed 315929 rows and 355811 columns (presolve time = 75s)...
Presolve removed 315929 rows and 355811 columns (presolve time = 80s)...
Presolve removed 315929 rows and 355811 columns (presolve time = 85s)...
Presolve removed 315929 rows and 355811 columns (presolve time = 90s)...
Presolve removed 315929 rows and 355811 columns (presolve time = 95s)...
Presolve removed 315929 rows and 355811 columns (presolve time = 100s)...
Presolve removed 315929 rows and 366299 columns (presolve time = 125s)...
Presolve removed 316361 rows and 366299 columns
Presolve time: 127.96s
Presolved: 152506 rows, 430576 columns, 1760964 nonzeros
Variable types: 0 continuous, 430576 integer (430576 binary)
Deterministic concurrent LP optimizer: primal simplex, dual simplex, and barrier
Showing barrier log only...

Root barrier log...

Ordering time: 4.21s
Elapsed ordering time = 5s
Elapsed ordering time = 6s
Elapsed ordering time = 7s
Elapsed ordering time = 8s
Elapsed ordering time = 8s
Ordering time: 9.38s

Barrier statistics:
 Dense cols : 4605
 AA' NZ     : 7.778e+05
 Factor NZ  : 4.980e+07 (roughly 500 MB of memory)
 Factor Ops : 2.515e+11 (roughly 2 seconds per iteration)
 Threads    : 3

                  Objective                Residual
Iter       Primal          Dual         Primal    Dual     Compl     Time
   0   5.89635834e+08 -1.65294180e+08  1.81e+04 5.04e+02  1.04e+04   142s
   1   3.05847103e+08 -1.67642557e+08  1.00e+04 2.73e-12  4.70e+03   142s
   2   1.15956804e+08 -1.47067572e+08  3.66e+03 2.27e-12  1.77e+03   142s
   3   3.44816896e+07 -8.85473439e+07  8.63e+02 3.18e-12  4.83e+02   143s
   4   1.56127853e+07 -2.30121755e+07  2.44e+02 2.50e-12  1.26e+02   143s
   5   1.00217209e+07 -4.61804789e+06  1.21e+02 2.50e-12  5.19e+01   143s
   6   3.75865211e+06 -1.75943833e+06  4.08e+01 1.93e-12  1.93e+01   143s
   7   1.36408980e+06 -6.92870646e+05  1.41e+01 1.99e-12  7.04e+00   143s
   8   3.38548895e+05 -2.58572089e+05  3.16e+00 1.48e-12  1.86e+00   143s
   9   1.75738547e+05 -2.27612875e+05  1.60e+00 1.36e-12  1.15e+00   143s
  10   9.59378967e+04 -1.67479622e+05  8.17e-01 1.14e-12  6.97e-01   143s
  11   3.77501756e+04 -7.59477022e+04  2.69e-01 2.06e-12  2.77e-01   147s
  12   1.65527852e+04 -4.52792190e+04  7.93e-02 1.56e-11  1.39e-01   149s
  13   1.24675228e+04 -1.79856282e+04  4.79e-02 1.06e-11  6.70e-02   151s
  14   9.15422216e+03 -1.27624171e+04  2.59e-02 7.45e-12  4.74e-02   154s
  15   5.76575065e+03 -3.01176159e+03  6.34e-03 9.70e-12  1.87e-02   156s
  16   4.78834230e+03  1.19101872e+02  2.94e-03 9.09e-12  9.91e-03   158s
  17   4.26381406e+03  1.43312570e+03  1.48e-03 6.14e-12  5.99e-03   161s
  18   3.85610625e+03  2.13351788e+03  7.22e-04 9.55e-12  3.64e-03   163s
  19   3.57169298e+03  2.67793280e+03  3.22e-04 1.49e-11  1.89e-03   166s
  20   3.48996521e+03  3.05169896e+03  2.32e-04 1.44e-11  9.33e-04   168s
  21   3.36855505e+03  3.18541381e+03  1.01e-04 1.72e-11  3.91e-04   171s
  22   3.28484608e+03  3.24568191e+03  1.81e-05 2.32e-11  8.35e-05   174s
  23   3.26565170e+03  3.26396776e+03  5.20e-07 5.32e-10  3.59e-06   177s
  24   3.26460168e+03  3.26459922e+03  1.16e-09 6.14e-09  5.36e-09   179s
  25   3.26460000e+03  3.26460000e+03  2.79e-11 6.44e-09  5.36e-12   181s

Barrier solved model in 25 iterations and 181.32 seconds (111.78 work units)
Optimal objective 3.26460000e+03


Root crossover log...

   12626 DPushes remaining with DInf 0.0000000e+00               181s
       0 DPushes remaining with DInf 0.0000000e+00               183s

    1043 PPushes remaining with PInf 0.0000000e+00               183s
       0 PPushes remaining with PInf 0.0000000e+00               183s

  Push phase complete: Pinf 0.0000000e+00, Dinf 5.2622084e-09    183s


Root simplex log...

Iteration    Objective       Primal Inf.    Dual Inf.      Time
   13610    3.2646000e+03   0.000000e+00   0.000000e+00    183s
Crossover time: 1.64 seconds (0.81 work units)
Concurrent spin time: 0.02s

Solved with barrier
   13610    3.2646000e+03   0.000000e+00   0.000000e+00    183s

Use crossover to convert LP symmetric solution to basic solution...

Root crossover log...

   11851 DPushes remaining with DInf 0.0000000e+00               184s
     262 DPushes remaining with DInf 0.0000000e+00               185s
       0 DPushes remaining with DInf 0.0000000e+00               188s

     419 PPushes remaining with PInf 0.0000000e+00               188s
       0 PPushes remaining with PInf 0.0000000e+00               188s

  Push phase complete: Pinf 0.0000000e+00, Dinf 6.7555561e-09    188s


Root simplex log...

Iteration    Objective       Primal Inf.    Dual Inf.      Time
   25785    3.2646000e+03   0.000000e+00   0.000000e+00    188s
Crossover time: 4.87 seconds (3.13 work units)

Root relaxation: objective 3.264600e+03, 25785 iterations, 57.98 seconds (45.76 work units)

    Nodes    |    Current Node    |     Objective Bounds      |     Work
 Expl Unexpl |  Obj  Depth IntInf | Incumbent    BestBd   Gap | It/Node Time

     0     0 3264.60000    0  287          - 3264.60000      -     -  581s
     0     0          -    0               - 3264.60000      -     - 3600s

Cutting planes:
  MIR: 9
  Zero half: 13
  RLT: 21
  BQP: 6

Explored 1 nodes (159365 simplex iterations) in 3600.16 seconds (3711.79 work units)
Thread count was 6 (of 24 available processors)

Solution count 0

Time limit reached
Best objective -, best bound 3.265000000000e+03, gap -
