
Gurobi 13.0.1 (linux64) logging started Mon Apr 27 01:57:29 2026

Set parameter LogFile to value "outputs/llm_runs/trajectories/I3_P4_patchedit_scratch_gpt5/step_01/replay_attempt_01/candidate_01_solver.log"
Set parameter Threads to value 6
Gurobi Optimizer version 13.0.1 build v13.0.1rc0 (linux64 - "Red Hat Enterprise Linux 9.6 (Plow)")

CPU model: Intel(R) Xeon(R) Gold 6226 CPU @ 2.70GHz, instruction set [SSE2|AVX|AVX2|AVX512]
Thread count: 24 physical cores, 24 logical processors, using up to 6 threads

Non-default parameters:
TimeLimit  3600
LogToConsole  0
Threads  6

Optimize a model with 468866 rows, 796875 columns and 4147475 nonzeros (Min)
Model fingerprint: 0x4051458f
Model has 333584 linear objective coefficients
Variable types: 0 continuous, 796875 integer (796875 binary)
Coefficient statistics:
  Matrix range     [1e+00, 2e+00]
  Objective range  [5e+00, 1e+03]
  Bounds range     [1e+00, 1e+00]
  RHS range        [1e+00, 1e+00]

Presolve removed 314630 rows and 312755 columns (presolve time = 5s)...
Presolve removed 314630 rows and 312755 columns (presolve time = 10s)...
Presolve removed 314630 rows and 312755 columns (presolve time = 15s)...
Presolve removed 314630 rows and 312755 columns (presolve time = 20s)...
Presolve removed 314630 rows and 312755 columns (presolve time = 25s)...
Presolve removed 314630 rows and 312755 columns (presolve time = 30s)...
Presolve removed 314630 rows and 312755 columns (presolve time = 35s)...
Presolve removed 314630 rows and 312755 columns (presolve time = 40s)...
Presolve removed 314630 rows and 312755 columns (presolve time = 45s)...
Presolve removed 314630 rows and 312755 columns (presolve time = 50s)...
Presolve removed 314630 rows and 312755 columns (presolve time = 55s)...
Presolve removed 314630 rows and 316506 columns (presolve time = 60s)...
Presolve removed 314630 rows and 316506 columns
Presolve time: 61.21s
Presolved: 154236 rows, 480369 columns, 2172966 nonzeros
Variable types: 0 continuous, 480369 integer (480369 binary)
Deterministic concurrent LP optimizer: primal simplex, dual simplex, and barrier
Showing barrier log only...

Root barrier log...

Ordering time: 3.81s
Elapsed ordering time = 5s
Elapsed ordering time = 5s
Elapsed ordering time = 6s
Elapsed ordering time = 7s
Elapsed ordering time = 7s
Ordering time: 7.59s

Barrier statistics:
 Dense cols : 4351
 AA' NZ     : 7.468e+05
 Factor NZ  : 4.817e+07 (roughly 500 MB of memory)
 Factor Ops : 2.426e+11 (roughly 2 seconds per iteration)
 Threads    : 3

                  Objective                Residual
Iter       Primal          Dual         Primal    Dual     Compl     Time
   0   3.77309076e+08 -1.64772064e+08  5.38e+03 0.00e+00  6.35e+03    74s
   1   1.77898245e+08 -1.48198781e+08  2.51e+03 2.27e-12  2.48e+03    74s
   2   4.79769027e+07 -1.01842695e+08  5.89e+02 1.82e-12  6.61e+02    74s
   3   1.35392150e+07 -2.74997340e+07  7.48e+01 1.82e-12  1.24e+02    74s
   4   7.04497111e+06 -4.42093768e+06  2.37e+01 1.82e-12  3.50e+01    74s
   5   2.62273855e+06 -2.18613855e+06  8.59e+00 1.82e-12  1.42e+01    74s
   6   9.40898524e+05 -5.26490685e+05  2.96e+00 2.73e-12  4.54e+00    74s
   7   1.88221701e+05 -1.34504441e+05  5.27e-01 3.64e-12  9.44e-01    74s
   8   8.12369655e+04 -1.09879790e+05  2.05e-01 3.64e-12  5.11e-01    74s
   9   4.65811277e+04 -7.84884736e+04  1.01e-01 2.73e-12  3.15e-01    74s
  10   4.10915623e+04 -5.75771404e+04  8.71e-02 2.73e-12  2.46e-01    74s
  11   3.77945261e+04 -5.30992491e+04  7.85e-02 3.18e-12  2.25e-01    74s
  12   1.63344271e+04 -3.62632471e+04  2.66e-02 2.73e-12  1.23e-01    75s
  13   1.27138633e+04 -3.11663220e+04  1.63e-02 2.73e-12  1.01e-01    75s
  14   1.14612947e+04 -2.57573845e+04  1.30e-02 3.18e-12  8.56e-02    75s
  15   1.08438406e+04 -2.10679966e+04  1.16e-02 3.18e-12  7.33e-02    75s
  16   9.03739326e+03 -1.62523218e+04  7.80e-03 3.18e-12  5.78e-02    75s
  17   7.53395900e+03 -5.51956422e+03  5.01e-03 3.64e-12  2.98e-02    75s
  18   6.20380216e+03 -1.49223402e+03  3.28e-03 3.64e-12  1.76e-02    75s
  19   5.47792537e+03  6.37280158e+01  2.43e-03 3.64e-12  1.24e-02    75s
  20   5.02365170e+03  9.23930213e+02  1.81e-03 3.18e-12  9.36e-03    75s
  21   4.73742583e+03  1.58455110e+03  1.43e-03 3.64e-12  7.20e-03    75s
  22   4.20369829e+03  2.18011871e+03  6.53e-04 3.40e-05  4.60e-03    77s
  23   3.87692426e+03  2.90234381e+03  3.17e-04 1.49e-05  2.22e-03    79s
  24   3.74120222e+03  3.29536549e+03  1.97e-04 4.83e-06  1.02e-03    82s
  25   3.63907775e+03  3.42831985e+03  1.15e-04 1.38e-06  4.86e-04    84s
  26   3.56938858e+03  3.45674842e+03  6.34e-05 7.00e-07  2.60e-04    86s
  27   3.51576125e+03  3.47644961e+03  2.28e-05 2.20e-07  9.09e-05    89s
  28   3.49173627e+03  3.48357480e+03  4.03e-06 5.07e-08  1.88e-05    91s
  29   3.48690434e+03  3.48638930e+03  2.45e-07 5.34e-09  1.20e-06    94s
  30   3.48652577e+03  3.48652238e+03  2.23e-09 1.13e-08  8.39e-09    96s
  31   3.48652381e+03  3.48652381e+03  1.94e-10 6.32e-10  8.38e-12    98s

Barrier solved model in 31 iterations and 97.85 seconds (70.72 work units)
Optimal objective 3.48652381e+03


Root crossover log...

   11714 DPushes remaining with DInf 0.0000000e+00                98s
       0 DPushes remaining with DInf 0.0000000e+00                99s

    1534 PPushes remaining with PInf 0.0000000e+00                99s
       0 PPushes remaining with PInf 0.0000000e+00               100s

  Push phase complete: Pinf 0.0000000e+00, Dinf 8.7131156e-09    100s


Root simplex log...

Iteration    Objective       Primal Inf.    Dual Inf.      Time
   13189    3.4865238e+03   0.000000e+00   0.000000e+00    100s
Crossover time: 1.79 seconds (0.95 work units)
Concurrent spin time: 0.00s

Solved with barrier
   13189    3.4865238e+03   0.000000e+00   0.000000e+00    100s

Use crossover to convert LP symmetric solution to basic solution...

Root crossover log...

  141255 variables added to crossover basis                      100s

   12981 DPushes remaining with DInf 0.0000000e+00               100s
       0 DPushes remaining with DInf 0.0000000e+00               105s

    1022 PPushes remaining with PInf 0.0000000e+00               105s
       0 PPushes remaining with PInf 0.0000000e+00               105s

  Push phase complete: Pinf 0.0000000e+00, Dinf 9.2162225e-09    105s


Root simplex log...

Iteration    Objective       Primal Inf.    Dual Inf.      Time
   27098    3.4865238e+03   0.000000e+00   0.000000e+00    105s
Crossover time: 5.25 seconds (3.75 work units)

Root relaxation: objective 3.486524e+03, 27098 iterations, 41.77 seconds (34.39 work units)

    Nodes    |    Current Node    |     Objective Bounds      |     Work
 Expl Unexpl |  Obj  Depth IntInf | Incumbent    BestBd   Gap | It/Node Time

     0     0 3486.52381    0  350          - 3486.52381      -     -  336s
H    0     0                    6677.0000000 3486.52381  47.8%     -  342s
     0     0          -    0      6677.00000 3486.52381  47.8%     - 3600s

Cutting planes:
  Clique: 1
  MIR: 8
  StrongCG: 1
  Zero half: 25
  RLT: 19
  BQP: 7

Explored 1 nodes (390063 simplex iterations) in 3600.07 seconds (2750.44 work units)
Thread count was 6 (of 24 available processors)

Solution count 1: 6677 

Time limit reached
Best objective 6.677000000000e+03, best bound 3.487000000000e+03, gap 47.7759%
