
Gurobi 13.0.1 (linux64, gurobi_cl) logging started Thu Apr  9 01:57:54 2026

Set parameter TimeLimit to value 86400
Set parameter MIPGap to value 0.01
Set parameter LogFile to value "outputs/solves/base/blockseq_n544_blocks20_slots24_seed42.log"
Set parameter Threads to value 8

Gurobi Optimizer version 13.0.1 build v13.0.1rc0 (linux64gpu - "Red Hat Enterprise Linux 9.6 (Plow)")
Copyright (c) 2026, Gurobi Optimization, LLC

Read LP format model from file benchmark/raw_instances/blockseq_n544_blocks20_slots24_seed42/model.lp
Reading time = 2.34 seconds
: 401011 rows, 677376 columns, 3575208 nonzeros


CPU model: Intel(R) Xeon(R) Gold 6226 CPU @ 2.70GHz, instruction set [SSE2|AVX|AVX2|AVX512]
Thread count: 24 physical cores, 24 logical processors, using up to 8 threads

Non-default parameters:
TimeLimit  86400
MIPGap  0.01
Threads  8

Optimize a model with 401011 rows, 677376 columns and 3575208 nonzeros (Min)
Model fingerprint: 0xaab0500c
Model has 439537 linear objective coefficients
Variable types: 0 continuous, 677376 integer (677376 binary)
Coefficient statistics:
  Matrix range     [1e+00, 2e+00]
  Objective range  [5e+00, 8e+02]
  Bounds range     [1e+00, 1e+00]
  RHS range        [1e+00, 1e+00]

Presolve removed 197212 rows and 195484 columns (presolve time = 5s)...
Presolve removed 197212 rows and 195484 columns (presolve time = 10s)...
Presolve removed 197212 rows and 195484 columns (presolve time = 15s)...
Presolve removed 197212 rows and 195484 columns (presolve time = 20s)...
Presolve removed 197212 rows and 195484 columns (presolve time = 25s)...
Presolve removed 197212 rows and 195484 columns (presolve time = 30s)...
Presolve removed 197212 rows and 195484 columns (presolve time = 35s)...
Presolve removed 197212 rows and 195484 columns (presolve time = 40s)...
Presolve removed 197212 rows and 195484 columns (presolve time = 45s)...
Presolve removed 197212 rows and 199159 columns
Presolve time: 49.69s
Presolved: 203799 rows, 478217 columns, 2009688 nonzeros
Variable types: 0 continuous, 478217 integer (478217 binary)
Deterministic concurrent LP optimizer: primal simplex, dual simplex, and barrier
Showing barrier log only...

Root barrier log...

Ordering time: 7.88s
Elapsed ordering time = 8s
Elapsed ordering time = 10s
Elapsed ordering time = 10s
Elapsed ordering time = 11s
Elapsed ordering time = 12s
Ordering time: 12.58s

Barrier statistics:
 Dense cols : 7172
 AA' NZ     : 1.261e+06
 Factor NZ  : 9.877e+07 (roughly 1.0 GB of memory)
 Factor Ops : 7.460e+11 (roughly 4 seconds per iteration)
 Threads    : 5

                  Objective                Residual
Iter       Primal          Dual         Primal    Dual     Compl     Time
   0   4.37645185e+08 -1.35821297e+08  1.53e+04 3.82e+02  3.80e+03    68s
   1   1.97102192e+08 -1.29159622e+08  7.42e+03 2.43e+01  1.44e+03    68s
   2   9.06304185e+07 -1.01052262e+08  3.27e+03 1.02e-12  6.03e+02    68s
   3   2.27097031e+07 -5.10298390e+07  5.37e+02 5.68e-13  1.37e+02    69s
   4   9.43163304e+06 -8.83713769e+06  8.76e+01 2.84e-13  2.88e+01    69s
   5   3.99929108e+06 -2.13064281e+06  2.57e+01 2.27e-13  9.71e+00    69s
   6   7.94244476e+05 -5.54181807e+05  4.50e+00 2.27e-13  2.09e+00    69s
   7   1.52511762e+05 -1.75894365e+05  7.50e-01 3.41e-13  4.76e-01    69s
   8   3.50146753e+04 -9.18305680e+04  1.61e-01 2.27e-13  1.70e-01    69s
   9   3.02828088e+04 -8.66249052e+04  1.34e-01 2.27e-13  1.53e-01    69s
  10   2.49539594e+04 -6.12221046e+04  1.06e-01 2.27e-13  1.12e-01    69s
  11   1.88131510e+04 -4.28946772e+04  7.33e-02 1.14e-13  8.09e-02    69s
  12   1.53114730e+04 -1.99638380e+04  5.32e-02 2.27e-13  4.75e-02    70s
  13   1.15104148e+04 -1.06332527e+04  3.16e-02 2.27e-13  3.03e-02    70s
  14   7.71595996e+03 -6.00714140e+03  1.07e-02 2.27e-13  1.83e-02    70s
  15   6.32610891e+03 -3.51001603e+03  4.92e-03 1.14e-13  1.29e-02    70s
  16   5.72183565e+03 -7.24646834e+02  3.12e-03 2.27e-13  8.48e-03    70s
  17   5.02140932e+03  1.09314729e+03  1.57e-03 2.27e-13  5.15e-03    71s
  18   4.68931586e+03  2.03947760e+03  1.02e-03 2.27e-13  3.48e-03    71s
  19   4.40319721e+03  2.59254700e+03  5.90e-04 1.14e-13  2.37e-03    71s
  20   4.16104447e+03  3.42247934e+03  2.95e-04 4.45e-02  9.89e-04    74s
  21   3.97580497e+03  3.74142912e+03  5.73e-05 1.59e-02  3.08e-04    77s
  22   3.93812024e+03  3.86487265e+03  1.61e-05 4.80e-03  9.61e-05    81s
  23   3.92582510e+03  3.91240435e+03  4.05e-06 6.84e-04  1.78e-05    85s
  24   3.92190981e+03  3.91979030e+03  6.68e-07 8.95e-05  2.83e-06    89s
  25   3.92109193e+03  3.92089661e+03  3.72e-08 8.49e-06  2.58e-07    93s
  26   3.92102934e+03  3.92101935e+03  3.49e-08 2.33e-07  1.32e-08    97s
  27   3.92102576e+03  3.92102552e+03  1.53e-09 7.84e-09  3.10e-10   101s
  28   3.92102565e+03  3.92102565e+03  1.47e-09 6.15e-09  2.37e-13   105s

Barrier solved model in 28 iterations and 105.07 seconds (82.44 work units)
Optimal objective 3.92102565e+03


Root crossover log...

   16918 DPushes remaining with DInf 0.0000000e+00               105s
      67 DPushes remaining with DInf 0.0000000e+00               110s

     795 PPushes remaining with PInf 0.0000000e+00               110s
       0 PPushes remaining with PInf 0.0000000e+00               111s

  Push phase complete: Pinf 0.0000000e+00, Dinf 9.2699324e-09    111s


Root simplex log...

Iteration    Objective       Primal Inf.    Dual Inf.      Time
   17649    3.9210257e+03   0.000000e+00   0.000000e+00    111s
Crossover time: 5.59 seconds (2.91 work units)
Concurrent spin time: 1.95s

Solved with barrier
   17649    3.9210257e+03   0.000000e+00   0.000000e+00    113s

Use crossover to convert LP symmetric solution to basic solution...

Root crossover log...

  201950 variables added to crossover basis                      115s
  203209 variables added to crossover basis                      120s
  203711 variables added to crossover basis                      125s

      75 DPushes remaining with DInf 0.0000000e+00               126s
       0 DPushes remaining with DInf 0.0000000e+00               127s

     657 PPushes remaining with PInf 0.0000000e+00               127s
       0 PPushes remaining with PInf 0.0000000e+00               127s

  Push phase complete: Pinf 0.0000000e+00, Dinf 1.0627112e-08    127s


Root simplex log...

Iteration    Objective       Primal Inf.    Dual Inf.      Time
   18311    3.9210257e+03   0.000000e+00   0.000000e+00    127s
Crossover time: 14.45 seconds (20.16 work units)

Root relaxation: objective 3.921026e+03, 18311 iterations, 75.74 seconds (69.21 work units)

    Nodes    |    Current Node    |     Objective Bounds      |     Work
 Expl Unexpl |  Obj  Depth IntInf | Incumbent    BestBd   Gap | It/Node Time

     0     0 3921.02565    0  557          - 3921.02565      -     -  204s
H    0     0                    6690.0000000 3921.02565  41.4%     -  210s
     0     0 3930.91580    0  563 6690.00000 3930.91580  41.2%     - 2597s
     0     0 3934.48273    0  567 6690.00000 3934.48273  41.2%     - 3949s
H    0     0                    6559.0000000 3934.48273  40.0%     - 3950s
H    0     0                    6484.0000000 3934.48273  39.3%     - 3957s
H    0     0                    6399.0000000 3934.48273  38.5%     - 3957s
     0     0 3934.76586    0  595 6399.00000 3934.76586  38.5%     - 4585s
     0     0 3940.21576    0  635 6399.00000 3940.21576  38.4%     - 6975s
     0     0 3941.08485    0  651 6399.00000 3941.08485  38.4%     - 7694s
     0     0 3952.25724    0  608 6399.00000 3952.25724  38.2%     - 9979s
     0     0 3952.60139    0  620 6399.00000 3952.60139  38.2%     - 10510s
     0     0 3952.73757    0  621 6399.00000 3952.73757  38.2%     - 10908s
     0     0 3952.74561    0  661 6399.00000 3952.74561  38.2%     - 11078s
     0     0 3952.74561    0  639 6399.00000 3952.74561  38.2%     - 11103s
     0     0 3964.99348    0  707 6399.00000 3964.99348  38.0%     - 13778s
     0     0 3965.59695    0  715 6399.00000 3965.59695  38.0%     - 14452s
     0     0 3965.68748    0  710 6399.00000 3965.68748  38.0%     - 14956s
     0     0 3965.68748    0  714 6399.00000 3965.68748  38.0%     - 14957s
     0     0 3970.83732    0  667 6399.00000 3970.83732  37.9%     - 16369s
H    0     0                    6389.0000000 3970.83732  37.8%     - 16370s
     0     0 3970.93374    0  711 6389.00000 3970.93374  37.8%     - 16822s
     0     0 3970.93374    0  705 6389.00000 3970.93374  37.8%     - 16849s
     0     0 3973.35449    0  821 6389.00000 3973.35449  37.8%     - 17805s
     0     0 3973.79314    0  793 6389.00000 3973.79314  37.8%     - 18571s
     0     0 3973.80745    0  863 6389.00000 3973.80745  37.8%     - 18838s
     0     0 3973.80745    0  882 6389.00000 3973.80745  37.8%     - 18894s
     0     0 3975.57498    0  971 6389.00000 3975.57498  37.8%     - 20116s
     0     0 3976.02116    0  930 6389.00000 3976.02116  37.8%     - 20624s
     0     0 3976.13072    0  967 6389.00000 3976.13072  37.8%     - 20924s
     0     0 3976.17589    0  922 6389.00000 3976.17589  37.8%     - 21154s
     0     0 3976.17589    0  920 6389.00000 3976.17589  37.8%     - 21159s
     0     0 3977.22690    0  914 6389.00000 3977.22690  37.7%     - 22219s
     0     0 3977.77803    0  910 6389.00000 3977.77803  37.7%     - 22767s
     0     0 3977.79281    0  907 6389.00000 3977.79281  37.7%     - 22969s
     0     0 3977.79492    0  853 6389.00000 3977.79492  37.7%     - 23074s
     0     0 3979.20377    0  921 6389.00000 3979.20377  37.7%     - 24067s
H    0     0                    6273.0000000 3979.20377  36.6%     - 25994s
H    0     0                    5733.0000000 3979.20377  30.6%     - 27792s
H    0     0                    5672.0000000 3979.20377  29.8%     - 27939s
H    0     0                    5522.0000000 3979.20377  27.9%     - 28532s
H    0     0                    5515.0000000 3979.20377  27.8%     - 28532s
H    0     0                    5338.0000000 3979.20377  25.5%     - 28895s
     0     0 3979.41537    0 1010 5338.00000 3979.41537  25.5%     - 36290s
     0     0 3979.45142    0  994 5338.00000 3979.45142  25.5%     - 36447s
     0     0 3979.45270    0  979 5338.00000 3979.45270  25.5%     - 36515s
     0     0 3982.10406    0  983 5338.00000 3982.10406  25.4%     - 37796s
     0     0 3982.36033    0 1038 5338.00000 3982.36033  25.4%     - 38179s
     0     0 3982.54364    0 1028 5338.00000 3982.54364  25.4%     - 38564s
     0     0 3982.56103    0 1046 5338.00000 3982.56103  25.4%     - 38718s
     0     0 3982.65423    0 1102 5338.00000 3982.65423  25.4%     - 39042s
     0     0 3982.66497    0 1106 5338.00000 3982.66497  25.4%     - 39160s
     0     0 3982.67336    0 1088 5338.00000 3982.67336  25.4%     - 39255s
     0     0 3982.67336    0 1088 5338.00000 3982.67336  25.4%     - 39258s
     0     0 3984.37280    0 1000 5338.00000 3984.37280  25.4%     - 40182s
     0     0 3984.79985    0 1140 5338.00000 3984.79985  25.4%     - 40745s
     0     0 3984.82424    0 1265 5338.00000 3984.82424  25.3%     - 40924s
     0     0 3984.82424    0 1265 5338.00000 3984.82424  25.3%     - 40930s
     0     0 3986.21555    0 1242 5338.00000 3986.21555  25.3%     - 42060s
     0     0 3986.52805    0 1296 5338.00000 3986.52805  25.3%     - 42580s
     0     0 3986.58227    0 1273 5338.00000 3986.58227  25.3%     - 42837s
     0     0 3986.61803    0 1239 5338.00000 3986.61803  25.3%     - 43092s
     0     0 3986.63746    0 1210 5338.00000 3986.63746  25.3%     - 43227s
     0     0 3986.64140    0 1247 5338.00000 3986.64140  25.3%     - 43298s
     0     0 3989.12805    0 1165 5338.00000 3989.12805  25.3%     - 44522s
     0     0 3989.74685    0 1208 5338.00000 3989.74685  25.3%     - 45047s
     0     0 3989.93493    0 1258 5338.00000 3989.93493  25.3%     - 45385s
     0     0 3989.93942    0 1251 5338.00000 3989.93942  25.3%     - 45493s
     0     0 3992.11448    0 1471 5338.00000 3992.11448  25.2%     - 46679s
     0     0 3992.96696    0 1568 5338.00000 3992.96696  25.2%     - 47510s
     0     0 3992.99027    0 1542 5338.00000 3992.99027  25.2%     - 47680s
     0     0 3993.01808    0 1604 5338.00000 3993.01808  25.2%     - 47896s
     0     0 3993.03189    0 1590 5338.00000 3993.03189  25.2%     - 48004s
     0     0 3993.03645    0 1557 5338.00000 3993.03645  25.2%     - 48100s
     0     0 3993.87421    0 1361 5338.00000 3993.87421  25.2%     - 48894s
     0     0 3994.58121    0 1354 5338.00000 3994.58121  25.2%     - 49655s
     0     0 3994.61428    0 1350 5338.00000 3994.61428  25.2%     - 49943s
     0     0 3994.64734    0 1391 5338.00000 3994.64734  25.2%     - 50265s
     0     0 3994.64734    0 1385 5338.00000 3994.64734  25.2%     - 50290s
     0     0 3996.61465    0 1364 5338.00000 3996.61465  25.1%     - 51590s
     0     0 3997.17745    0 1403 5338.00000 3997.17745  25.1%     - 52211s
     0     0 3997.31209    0 1509 5338.00000 3997.31209  25.1%     - 52493s
     0     0 3997.35474    0 1492 5338.00000 3997.35474  25.1%     - 52726s
     0     0 3997.35474    0 1492 5338.00000 3997.35474  25.1%     - 52752s
     0     0 3998.14859    0 1553 5338.00000 3998.14859  25.1%     - 53526s
     0     0 3998.58599    0 1620 5338.00000 3998.58599  25.1%     - 53981s
     0     0 3998.78788    0 1524 5338.00000 3998.78788  25.1%     - 54503s
     0     0 3998.86159    0 1648 5338.00000 3998.86159  25.1%     - 54810s
     0     0 3998.88384    0 1604 5338.00000 3998.88384  25.1%     - 54950s
     0     0 3998.88401    0 1636 5338.00000 3998.88401  25.1%     - 54990s
     0     0 3999.82638    0 1669 5338.00000 3999.82638  25.1%     - 56012s
     0     0 4000.03365    0 1723 5338.00000 4000.03365  25.1%     - 56738s
     0     0 4000.11958    0 1789 5338.00000 4000.11958  25.1%     - 57132s
     0     0 4000.13886    0 1874 5338.00000 4000.13886  25.1%     - 57459s
     0     0 4000.14455    0 1865 5338.00000 4000.14455  25.1%     - 57591s
     0     0 4000.96121    0 1798 5338.00000 4000.96121  25.0%     - 58731s
     0     0 4001.34074    0 1884 5338.00000 4001.34074  25.0%     - 59299s
     0     0 4001.56948    0 1874 5338.00000 4001.56948  25.0%     - 59664s
     0     0 4001.63703    0 1833 5338.00000 4001.63703  25.0%     - 59895s
     0     0 4001.64440    0 1920 5338.00000 4001.64440  25.0%     - 60046s
     0     0 4002.18877    0 1944 5338.00000 4002.18877  25.0%     - 60779s
     0     0 4002.50826    0 1896 5338.00000 4002.50826  25.0%     - 61639s
     0     0 4002.58319    0 1855 5338.00000 4002.58319  25.0%     - 61892s
     0     0 4002.60941    0 2046 5338.00000 4002.60941  25.0%     - 62125s
     0     0 4002.62633    0 1881 5338.00000 4002.62633  25.0%     - 62306s
     0     0 4002.62633    0 1917 5338.00000 4002.62633  25.0%     - 62324s
     0     0 4003.20255    0 1923 5338.00000 4003.20255  25.0%     - 63100s
     0     0 4003.51579    0 1928 5338.00000 4003.51579  25.0%     - 63599s
     0     0 4003.71310    0 2124 5338.00000 4003.71310  25.0%     - 64080s
     0     0 4003.80105    0 2197 5338.00000 4003.80105  25.0%     - 64427s
     0     0 4003.80927    0 2254 5338.00000 4003.80927  25.0%     - 64533s
     0     0 4005.26069    0 2000 5338.00000 4005.26069  25.0%     - 65486s
     0     0 4005.68602    0 2148 5338.00000 4005.68602  25.0%     - 66587s
     0     0 4005.80924    0 1996 5338.00000 4005.80924  25.0%     - 66909s
     0     0 4005.87836    0 2061 5338.00000 4005.87836  25.0%     - 67298s
     0     0 4005.93616    0 2020 5338.00000 4005.93616  25.0%     - 67527s
     0     0 4005.93749    0 2103 5338.00000 4005.93749  25.0%     - 67578s
     0     0 4006.90129    0 1957 5338.00000 4006.90129  24.9%     - 68481s
     0     0 4007.18314    0 2147 5338.00000 4007.18314  24.9%     - 69015s
     0     0 4007.28930    0 2114 5338.00000 4007.28930  24.9%     - 69388s
     0     0 4007.34481    0 2136 5338.00000 4007.34481  24.9%     - 69668s
     0     0 4007.42371    0 2094 5338.00000 4007.42371  24.9%     - 69975s
     0     0 4007.43962    0 2123 5338.00000 4007.43962  24.9%     - 70144s
     0     0 4007.45286    0 2133 5338.00000 4007.45286  24.9%     - 70322s
     0     0 4007.47642    0 2007 5338.00000 4007.47642  24.9%     - 70476s
     0     0 4007.47789    0 1980 5338.00000 4007.47789  24.9%     - 70537s
     0     0 4008.97675    0 2034 5338.00000 4008.97675  24.9%     - 71590s
     0     0 4009.52105    0 2147 5338.00000 4009.52105  24.9%     - 72668s
     0     0 4009.88175    0 2012 5338.00000 4009.88175  24.9%     - 73332s
     0     0 4010.03411    0 1941 5338.00000 4010.03411  24.9%     - 73851s
     0     0 4010.08339    0 2174 5338.00000 4010.08339  24.9%     - 74106s
     0     0 4010.08695    0 2256 5338.00000 4010.08695  24.9%     - 74179s
     0     0 4010.81291    0 2319 5338.00000 4010.81291  24.9%     - 75162s
     0     0 4011.04150    0 2345 5338.00000 4011.04150  24.9%     - 75700s
     0     0 4011.15896    0 2403 5338.00000 4011.15896  24.9%     - 76169s
     0     0 4011.21770    0 2340 5338.00000 4011.21770  24.9%     - 76418s
     0     0 4011.26523    0 2308 5338.00000 4011.26523  24.9%     - 76690s
     0     0 4011.28238    0 2370 5338.00000 4011.28238  24.9%     - 76813s
     0     0 4011.31353    0 2325 5338.00000 4011.31353  24.9%     - 77043s
     0     0 4011.34493    0 2345 5338.00000 4011.34493  24.9%     - 77278s
     0     0 4011.35739    0 2263 5338.00000 4011.35739  24.9%     - 77456s
     0     0 4012.05687    0 2399 5338.00000 4012.05687  24.8%     - 78504s
     0     0 4012.28373    0 2554 5338.00000 4012.28373  24.8%     - 79587s
     0     0 4012.35937    0 2672 5338.00000 4012.35937  24.8%     - 79826s
     0     0 4012.40399    0 2693 5338.00000 4012.40399  24.8%     - 80027s
     0     0 4012.41640    0 2722 5338.00000 4012.41640  24.8%     - 80126s
     0     0 4012.85668    0 2717 5338.00000 4012.85668  24.8%     - 80670s
     0     0 4013.04828    0 2764 5338.00000 4013.04828  24.8%     - 81052s
     0     0 4013.15169    0 2761 5338.00000 4013.15169  24.8%     - 81341s
     0     0 4013.20075    0 2787 5338.00000 4013.20075  24.8%     - 81538s
     0     0 4013.21931    0 2765 5338.00000 4013.21931  24.8%     - 81660s
     0     0 4013.24525    0 2726 5338.00000 4013.24525  24.8%     - 81866s
     0     0 4013.25540    0 2764 5338.00000 4013.25540  24.8%     - 81955s
     0     0 4013.60488    0 2706 5338.00000 4013.60488  24.8%     - 82486s
     0     0 4013.66863    0 2749 5338.00000 4013.66863  24.8%     - 83212s
     0     0 4013.70715    0 2591 5338.00000 4013.70715  24.8%     - 83492s
     0     0 4013.72549    0 2735 5338.00000 4013.72549  24.8%     - 83611s
     0     0 4013.73320    0 2768 5338.00000 4013.73320  24.8%     - 83695s
     0     0 4014.12786    0 2520 5338.00000 4014.12786  24.8%     - 84327s
     0     0 4014.34988    0 2627 5338.00000 4014.34988  24.8%     - 84744s
     0     0 4014.40838    0 2652 5338.00000 4014.40838  24.8%     - 84991s
     0     0 4014.44991    0 2572 5338.00000 4014.44991  24.8%     - 85207s
     0     0 4014.46628    0 2711 5338.00000 4014.46628  24.8%     - 85370s
     0     0 4014.53552    0 2755 5338.00000 4014.53552  24.8%     - 85649s
     0     0 4014.59195    0 2840 5338.00000 4014.59195  24.8%     - 85976s
     0     0 4014.59746    0 2869 5338.00000 4014.59746  24.8%     - 86132s
     0     0          -    0      5338.00000 4014.59746  24.8%     - 86400s

Cutting planes:
  Gomory: 2
  Lift-and-project: 2
  Cover: 1
  MIR: 2247
  StrongCG: 1
  Zero half: 72
  RLT: 8

Explored 1 nodes (6031141 simplex iterations) in 86400.09 seconds (79007.62 work units)
Thread count was 8 (of 24 available processors)

Solution count 10: 5338 5515 5522 ... 6559

Time limit reached
Best objective 5.338000000000e+03, best bound 4.015000000000e+03, gap 24.7846%

Wrote result file 'outputs/solves/base/blockseq_n544_blocks20_slots24_seed42.sol'

