
Gurobi 13.0.1 (linux64, gurobi_cl) logging started Thu Apr  9 04:02:28 2026

Set parameter TimeLimit to value 86400
Set parameter MIPGap to value 0.01
Set parameter LogFile to value "outputs/solves/base/blockseq_n601_blocks18_slots24_seed42.log"
Set parameter Threads to value 8

Gurobi Optimizer version 13.0.1 build v13.0.1rc0 (linux64gpu - "Red Hat Enterprise Linux 9.6 (Plow)")
Copyright (c) 2026, Gurobi Optimization, LLC

Read LP format model from file benchmark/raw_instances/blockseq_n601_blocks18_slots24_seed42/model.lp
Reading time = 2.53 seconds
: 401010 rows, 677376 columns, 3563112 nonzeros


CPU model: Intel(R) Xeon(R) Gold 6226 CPU @ 2.70GHz, instruction set [SSE2|AVX|AVX2|AVX512]
Thread count: 24 physical cores, 24 logical processors, using up to 8 threads

Non-default parameters:
TimeLimit  86400
MIPGap  0.01
Threads  8

Optimize a model with 401010 rows, 677376 columns and 3563112 nonzeros (Min)
Model fingerprint: 0xcf128fb0
Model has 351562 linear objective coefficients
Variable types: 0 continuous, 677376 integer (677376 binary)
Coefficient statistics:
  Matrix range     [1e+00, 2e+00]
  Objective range  [5e+00, 1e+03]
  Bounds range     [1e+00, 1e+00]
  RHS range        [1e+00, 1e+00]

Presolve removed 238488 rows and 236760 columns (presolve time = 5s)...
Presolve removed 238488 rows and 236760 columns (presolve time = 10s)...
Presolve removed 238488 rows and 236760 columns (presolve time = 15s)...
Presolve removed 238488 rows and 236760 columns (presolve time = 20s)...
Presolve removed 238488 rows and 236760 columns (presolve time = 25s)...
Presolve removed 238488 rows and 236760 columns (presolve time = 30s)...
Presolve removed 238488 rows and 236760 columns (presolve time = 35s)...
Presolve removed 238488 rows and 236760 columns (presolve time = 40s)...
Presolve removed 238488 rows and 236760 columns (presolve time = 45s)...
Presolve removed 238488 rows and 236760 columns (presolve time = 50s)...
Presolve removed 238488 rows and 236760 columns (presolve time = 55s)...
Presolve removed 238488 rows and 236760 columns (presolve time = 60s)...
Presolve removed 238488 rows and 236760 columns (presolve time = 65s)...
Presolve removed 238488 rows and 240947 columns
Presolve time: 67.24s
Presolved: 162522 rows, 436429 columns, 1914990 nonzeros
Variable types: 0 continuous, 436429 integer (436429 binary)
Deterministic concurrent LP optimizer: primal simplex, dual simplex, and barrier
Showing barrier log only...

Root barrier log...

Ordering time: 5.04s
Elapsed ordering time = 5s
Elapsed ordering time = 10s
Ordering time: 10.12s

Barrier statistics:
 Dense cols : 4896
 AA' NZ     : 9.313e+05
 Factor NZ  : 5.736e+07 (roughly 600 MB of memory)
 Factor Ops : 3.289e+11 (roughly 2 seconds per iteration)
 Threads    : 5

                  Objective                Residual
Iter       Primal          Dual         Primal    Dual     Compl     Time
   0   3.62475829e+08 -2.16587209e+08  1.30e+04 7.06e+02  6.86e+03    83s
   1   1.69468991e+08 -1.99504697e+08  6.44e+03 3.29e+01  2.66e+03    83s
   2   6.93630446e+07 -1.40862049e+08  2.41e+03 1.82e-12  9.79e+02    83s
   3   1.82510558e+07 -5.68707156e+07  3.42e+02 1.02e-12  2.02e+02    83s
   4   8.67200306e+06 -1.07656064e+07  5.06e+01 5.68e-13  4.66e+01    83s
   5   3.92652669e+06 -2.39377679e+06  1.73e+01 4.55e-13  1.61e+01    83s
   6   8.65979033e+05 -5.93057165e+05  3.54e+00 4.55e-13  3.68e+00    83s
   7   1.91793675e+05 -3.09357783e+05  7.87e-01 4.55e-13  1.13e+00    83s
   8   6.71595680e+04 -2.03827565e+05  2.49e-01 4.55e-13  5.60e-01    83s
   9   2.24339018e+04 -1.23083325e+05  5.88e-02 4.55e-13  2.82e-01    83s
  10   2.03009676e+04 -1.00526107e+05  5.08e-02 4.55e-13  2.34e-01    84s
  11   1.65684070e+04 -9.17713027e+04  3.68e-02 4.55e-13  2.08e-01    84s
  12   1.52687906e+04 -6.04605538e+04  3.15e-02 4.55e-13  1.46e-01    84s
  13   1.05442216e+04 -4.02860018e+04  1.43e-02 4.55e-13  9.69e-02    84s
  14   8.11441635e+03 -1.67157380e+04  6.01e-03 4.55e-13  4.72e-02    84s
  15   6.86459301e+03 -5.08958400e+03  2.52e-03 4.55e-13  2.27e-02    84s
  16   6.29807692e+03 -2.98859956e+03  1.60e-03 4.55e-13  1.76e-02    84s
  17   5.90416596e+03 -7.78900233e+02  9.77e-04 4.55e-13  1.26e-02    85s
  18   5.50322674e+03  5.43415460e+02  5.38e-04 4.55e-13  9.36e-03    85s
  19   4.96856578e+03  2.38417473e+03  1.01e-04 7.09e-05  4.85e-03    86s
  20   4.72888135e+03  3.57414652e+03  2.51e-05 3.27e-05  2.17e-03    88s
  21   4.62876775e+03  4.36170087e+03  1.15e-06 7.47e-06  5.00e-04    90s
  22   4.61129085e+03  4.53205665e+03  1.62e-07 2.17e-06  1.48e-04    92s
  23   4.60694491e+03  4.60180121e+03  3.93e-08 1.23e-07  9.68e-06    94s
  24   4.60649666e+03  4.60643435e+03  3.71e-09 3.63e-09  1.20e-07    96s
  25   4.60648041e+03  4.60648035e+03  1.11e-09 5.60e-10  1.22e-10    98s
  26   4.60648039e+03  4.60648039e+03  4.56e-12 6.14e-11  1.22e-13   100s

Barrier solved model in 26 iterations and 100.29 seconds (59.00 work units)
Optimal objective 4.60648039e+03


Root crossover log...

   13217 DPushes remaining with DInf 0.0000000e+00               100s
       0 DPushes remaining with DInf 0.0000000e+00               103s

     866 PPushes remaining with PInf 0.0000000e+00               103s
       0 PPushes remaining with PInf 0.0000000e+00               103s

  Push phase complete: Pinf 0.0000000e+00, Dinf 3.7812811e-09    103s


Root simplex log...

Iteration    Objective       Primal Inf.    Dual Inf.      Time
   14023    4.6064804e+03   0.000000e+00   0.000000e+00    103s
Crossover time: 3.20 seconds (1.59 work units)
Concurrent spin time: 0.31s

Solved with barrier
   14023    4.6064804e+03   0.000000e+00   0.000000e+00    104s

Use crossover to convert LP symmetric solution to basic solution...

Root crossover log...

   11147 DPushes remaining with DInf 0.0000000e+00               104s
     518 DPushes remaining with DInf 0.0000000e+00               106s
       0 DPushes remaining with DInf 0.0000000e+00               110s

     778 PPushes remaining with PInf 0.0000000e+00               110s
       0 PPushes remaining with PInf 0.0000000e+00               110s

  Push phase complete: Pinf 0.0000000e+00, Dinf 1.0103307e-08    110s


Root simplex log...

Iteration    Objective       Primal Inf.    Dual Inf.      Time
   25877    4.6064804e+03   0.000000e+00   0.000000e+00    111s
Crossover time: 6.59 seconds (4.06 work units)

Root relaxation: objective 4.606480e+03, 25877 iterations, 41.35 seconds (28.78 work units)

    Nodes    |    Current Node    |     Objective Bounds      |     Work
 Expl Unexpl |  Obj  Depth IntInf | Incumbent    BestBd   Gap | It/Node Time

     0     0 4606.48039    0  491          - 4606.48039      -     -  345s
H    0     0                    8632.0000000 4606.48039  46.6%     -  365s
     0     0 4621.35254    0  609 8632.00000 4621.35254  46.5%     - 77135s
     0     0 4627.82227    0  665 8632.00000 4627.82227  46.4%     - 79135s
H    0     0                    8207.0000000 4627.82227  43.6%     - 79137s
H    0     0                    7942.0000000 4627.82227  41.7%     - 79137s
     0     0 4628.44158    0  640 7942.00000 4628.44158  41.7%     - 80051s
     0     0 4628.44158    0  650 7942.00000 4628.44158  41.7%     - 80256s
     0     0 4628.44164    0  619 7942.00000 4628.44164  41.7%     - 81602s
H    0     0                    7425.0000000 4628.44164  37.7%     - 81604s
H    0     0                    7330.0000000 4628.44164  36.9%     - 81604s
     0     0 4628.44211    0  658 7330.00000 4628.44211  36.9%     - 81855s
     0     0 4628.67459    0  586 7330.00000 4628.67459  36.9%     - 83793s
     0     0 4630.57173    0  615 7330.00000 4630.57173  36.8%     - 85498s
     0     0 4630.66900    0  643 7330.00000 4630.66900  36.8%     - 86330s
     0     0          -    0      7330.00000 4630.66900  36.8%     - 86400s

Cutting planes:
  MIR: 165
  Zero half: 16
  RLT: 16

Explored 1 nodes (5944379 simplex iterations) in 86400.06 seconds (127430.03 work units)
Thread count was 8 (of 24 available processors)

Solution count 5: 7330 7425 7942 ... 8632

Time limit reached
Best objective 7.330000000000e+03, best bound 4.631000000000e+03, gap 36.8213%

Wrote result file 'outputs/solves/base/blockseq_n601_blocks18_slots24_seed42.sol'

