
Gurobi 13.0.1 (linux64, gurobi_cl) logging started Thu Apr  9 04:01:57 2026

Set parameter TimeLimit to value 86400
Set parameter MIPGap to value 0.01
Set parameter LogFile to value "outputs/solves/base/blockseq_n588_blocks19_slots24_seed42.log"
Set parameter Threads to value 8

Gurobi Optimizer version 13.0.1 build v13.0.1rc0 (linux64gpu - "Red Hat Enterprise Linux 9.6 (Plow)")
Copyright (c) 2026, Gurobi Optimization, LLC

Read LP format model from file benchmark/raw_instances/blockseq_n588_blocks19_slots24_seed42/model.lp
Reading time = 2.32 seconds
: 401010 rows, 677376 columns, 3563112 nonzeros


CPU model: Intel(R) Xeon(R) Gold 6226 CPU @ 2.70GHz, instruction set [SSE2|AVX|AVX2|AVX512]
Thread count: 24 physical cores, 24 logical processors, using up to 8 threads

Non-default parameters:
TimeLimit  86400
MIPGap  0.01
Threads  8

Optimize a model with 401010 rows, 677376 columns and 3563112 nonzeros (Min)
Model fingerprint: 0x9dfa17fd
Model has 395750 linear objective coefficients
Variable types: 0 continuous, 677376 integer (677376 binary)
Coefficient statistics:
  Matrix range     [1e+00, 2e+00]
  Objective range  [5e+00, 8e+02]
  Bounds range     [1e+00, 1e+00]
  RHS range        [1e+00, 1e+00]

Presolve removed 218211 rows and 216483 columns (presolve time = 5s)...
Presolve removed 218211 rows and 216483 columns (presolve time = 10s)...
Presolve removed 218211 rows and 216483 columns (presolve time = 15s)...
Presolve removed 218211 rows and 216483 columns (presolve time = 20s)...
Presolve removed 218211 rows and 216483 columns (presolve time = 25s)...
Presolve removed 218211 rows and 216483 columns (presolve time = 30s)...
Presolve removed 218211 rows and 216483 columns (presolve time = 35s)...
Presolve removed 218211 rows and 216483 columns (presolve time = 40s)...
Presolve removed 218211 rows and 216483 columns (presolve time = 45s)...
Presolve removed 218211 rows and 220163 columns
Presolve time: 49.81s
Presolved: 182799 rows, 457213 columns, 1955643 nonzeros
Variable types: 0 continuous, 457213 integer (457213 binary)
Deterministic concurrent LP optimizer: primal simplex, dual simplex, and barrier
Showing barrier log only...

Root barrier log...

Ordering time: 6.05s
Elapsed ordering time = 6s
Elapsed ordering time = 10s
Elapsed ordering time = 12s
Elapsed ordering time = 15s
Elapsed ordering time = 15s
Elapsed ordering time = 17s
Ordering time: 19.05s

Barrier statistics:
 Dense cols : 3868
 AA' NZ     : 2.466e+06
 Factor NZ  : 2.203e+08 (roughly 2.0 GB of memory)
 Factor Ops : 1.800e+12 (roughly 10 seconds per iteration)
 Threads    : 5

                  Objective                Residual
Iter       Primal          Dual         Primal    Dual     Compl     Time
   0   4.39424901e+08 -1.97539618e+08  2.06e+04 0.00e+00  6.17e+03    76s
   1   2.19009735e+08 -1.85730450e+08  1.04e+04 1.82e-12  2.55e+03    76s
   2   7.45796632e+07 -1.43389419e+08  3.23e+03 1.59e-12  8.33e+02    76s
   3   1.83795792e+07 -5.97937402e+07  4.09e+02 9.09e-13  1.67e+02    76s
   4   8.93231295e+06 -1.11951787e+07  6.07e+01 1.36e-12  3.83e+01    77s
   5   4.31262087e+06 -2.52991202e+06  2.34e+01 2.05e-12  1.39e+01    77s
   6   8.86456175e+05 -6.72430486e+05  4.13e+00 2.73e-12  3.10e+00    77s
   7   1.90747053e+05 -3.83066740e+05  8.27e-01 1.82e-12  1.01e+00    77s
   8   9.39461628e+04 -2.97230770e+05  3.94e-01 1.82e-12  6.57e-01    77s
   9   3.53856852e+04 -2.29096456e+05  1.37e-01 1.82e-12  4.23e-01    77s
  10   2.99837502e+04 -2.05682630e+05  1.12e-01 1.82e-12  3.74e-01    77s
  11   2.34835359e+04 -1.47948618e+05  7.79e-02 2.27e-12  2.71e-01    77s
  12   1.54958496e+04 -9.14595267e+04  3.72e-02 2.73e-12  1.67e-01    77s
  13   1.00160785e+04 -5.42942988e+04  1.37e-02 2.27e-12  9.99e-02    78s
  14   7.95385950e+03 -1.55630177e+04  6.26e-03 2.73e-12  3.67e-02    78s
  15   6.77335550e+03 -5.84805161e+03  3.39e-03 2.73e-12  1.97e-02    78s
  16   5.86928424e+03 -3.94343649e+03  1.76e-03 2.73e-12  1.52e-02    78s
  17   5.15651635e+03 -1.35013229e+03  7.46e-04 2.27e-12  1.01e-02    79s
  18   4.72100885e+03  2.19099709e+02  3.14e-04 3.87e-12  6.95e-03    79s
  19   4.49234810e+03  1.53976399e+03  1.59e-04 3.64e-12  4.55e-03    79s
  20   4.34239526e+03  2.94008376e+03  7.23e-05 5.46e-12  2.17e-03    80s
  21   4.22996541e+03  3.38803037e+03  2.73e-05 5.68e-12  1.30e-03    81s
  22   4.14606835e+03  3.86971962e+03  4.46e-06 7.64e-05  4.25e-04    87s
  23   4.13857207e+03  4.08610764e+03  6.44e-07 1.31e-05  8.08e-05    96s
  24   4.13586133e+03  4.12895615e+03  4.00e-08 1.58e-06  1.06e-05   105s
  25   4.13567112e+03  4.13406963e+03  2.16e-08 3.23e-07  2.48e-06   114s
  26   4.13556912e+03  4.13480002e+03  1.18e-08 1.50e-07  1.19e-06   123s
  27   4.13543489e+03  4.13540310e+03  4.97e-10 6.64e-09  4.91e-08   132s
  28   4.13543228e+03  4.13543225e+03  3.82e-10 9.30e-11  4.91e-11   141s

Barrier solved model in 28 iterations and 141.23 seconds (110.72 work units)
Optimal objective 4.13543228e+03


Root crossover log...

   14910 DPushes remaining with DInf 0.0000000e+00               141s
     246 DPushes remaining with DInf 0.0000000e+00               145s
       0 DPushes remaining with DInf 0.0000000e+00               147s

    1252 PPushes remaining with PInf 0.0000000e+00               147s
       0 PPushes remaining with PInf 0.0000000e+00               147s

  Push phase complete: Pinf 0.0000000e+00, Dinf 6.1213967e-09    147s


Root simplex log...

Iteration    Objective       Primal Inf.    Dual Inf.      Time
   16100    4.1354323e+03   0.000000e+00   0.000000e+00    147s
Crossover time: 5.93 seconds (2.56 work units)
Concurrent spin time: 0.00s

Solved with barrier
   16100    4.1354323e+03   0.000000e+00   0.000000e+00    147s

Use crossover to convert LP symmetric solution to basic solution...

Root crossover log...

    9494 DPushes remaining with DInf 0.0000000e+00               148s
     443 DPushes remaining with DInf 0.0000000e+00               151s
       0 DPushes remaining with DInf 0.0000000e+00               155s

     478 PPushes remaining with PInf 0.0000000e+00               155s
       0 PPushes remaining with PInf 0.0000000e+00               155s

  Push phase complete: Pinf 0.0000000e+00, Dinf 5.8973484e-09    155s


Root simplex log...

Iteration    Objective       Primal Inf.    Dual Inf.      Time
   26002    4.1354323e+03   0.000000e+00   0.000000e+00    156s
Crossover time: 8.26 seconds (5.40 work units)

Root relaxation: objective 4.135432e+03, 26002 iterations, 103.91 seconds (87.24 work units)

    Nodes    |    Current Node    |     Objective Bounds      |     Work
 Expl Unexpl |  Obj  Depth IntInf | Incumbent    BestBd   Gap | It/Node Time

     0     0 4135.43228    0  437          - 4135.43228      -     -  459s
H    0     0                    7155.0000000 4135.43228  42.2%     -  461s
     0     0 4137.01515    0  474 7155.00000 4137.01515  42.2%     - 3242s
H    0     0                    7148.0000000 4137.01515  42.1%     - 3244s
     0     0 4142.80116    0  566 7148.00000 4142.80116  42.0%     - 8587s
     0     0 4147.38460    0  550 7148.00000 4147.38460  42.0%     - 11020s
H    0     0                    7112.0000000 4147.38460  41.7%     - 11021s
     0     0 4147.41827    0  559 7112.00000 4147.41827  41.7%     - 12147s
     0     0 4147.47275    0  578 7112.00000 4147.47275  41.7%     - 12810s
     0     0 4147.50309    0  551 7112.00000 4147.50309  41.7%     - 13358s
     0     0 4147.50309    0  582 7112.00000 4147.50309  41.7%     - 13525s
     0     0 4151.84902    0  471 7112.00000 4151.84902  41.6%     - 17472s
     0     0 4151.86844    0  502 7112.00000 4151.86844  41.6%     - 18773s
     0     0 4151.86866    0  540 7112.00000 4151.86866  41.6%     - 18952s
     0     0 4154.06840    0  525 7112.00000 4154.06840  41.6%     - 20878s
     0     0 4154.24178    0  504 7112.00000 4154.24178  41.6%     - 21564s
     0     0 4154.27840    0  516 7112.00000 4154.27840  41.6%     - 22205s
     0     0 4154.28343    0  515 7112.00000 4154.28343  41.6%     - 22667s
     0     0 4154.28343    0  548 7112.00000 4154.28343  41.6%     - 22723s
     0     0 4158.04693    0  547 7112.00000 4158.04693  41.5%     - 24753s
H    0     0                    6687.0000000 4158.04693  37.8%     - 25376s
     0     0 4158.28744    0  582 6687.00000 4158.28744  37.8%     - 27062s
     0     0 4158.28744    0  607 6687.00000 4158.28744  37.8%     - 27155s
     0     0 4164.45916    0  576 6687.00000 4164.45916  37.7%     - 30524s
     0     0 4164.46526    0  596 6687.00000 4164.46526  37.7%     - 30833s
     0     0 4164.47453    0  595 6687.00000 4164.47453  37.7%     - 31144s
     0     0 4165.79880    0  661 6687.00000 4165.79880  37.7%     - 33044s
H    0     0                    6513.0000000 4165.79880  36.0%     - 33045s
H    0     0                    6355.0000000 4165.79880  34.4%     - 33616s
H    0     0                    6188.0000000 4165.79880  32.7%     - 33646s
     0     0 4165.92176    0  647 6188.00000 4165.92176  32.7%     - 34851s
     0     0 4165.94078    0  578 6188.00000 4165.94078  32.7%     - 35563s
     0     0 4165.95391    0  604 6188.00000 4165.95391  32.7%     - 36639s
     0     0 4168.88212    0  650 6188.00000 4168.88212  32.6%     - 38725s
     0     0 4169.30037    0  610 6188.00000 4169.30037  32.6%     - 39624s
     0     0 4169.32277    0  701 6188.00000 4169.32277  32.6%     - 40407s
     0     0 4169.37449    0  672 6188.00000 4169.37449  32.6%     - 41060s
     0     0 4169.46229    0  668 6188.00000 4169.46229  32.6%     - 42113s
     0     0 4169.53426    0  652 6188.00000 4169.53426  32.6%     - 42565s
     0     0 4172.58638    0  561 6188.00000 4172.58638  32.6%     - 44718s
     0     0 4173.43755    0  571 6188.00000 4173.43755  32.6%     - 46068s
     0     0 4173.52338    0  631 6188.00000 4173.52338  32.6%     - 47179s
     0     0 4173.57070    0  659 6188.00000 4173.57070  32.6%     - 48070s
     0     0 4173.57070    0  654 6188.00000 4173.57070  32.6%     - 48106s
     0     0 4177.29776    0  953 6188.00000 4177.29776  32.5%     - 50455s
     0     0 4177.50397    0  966 6188.00000 4177.50397  32.5%     - 51382s
     0     0 4177.68235    0  962 6188.00000 4177.68235  32.5%     - 52134s
     0     0 4177.68425    0  980 6188.00000 4177.68425  32.5%     - 52766s
     0     0 4180.12791    0 1006 6188.00000 4180.12791  32.4%     - 54761s
     0     0 4180.29231    0  835 6188.00000 4180.29231  32.4%     - 55528s
     0     0 4182.64287    0  972 6188.00000 4182.64287  32.4%     - 57422s
     0     0 4183.08155    0 1058 6188.00000 4183.08155  32.4%     - 58519s
     0     0 4183.36580    0 1090 6188.00000 4183.36580  32.4%     - 59613s
     0     0 4183.38986    0 1106 6188.00000 4183.38986  32.4%     - 60005s
     0     0 4183.38986    0 1108 6188.00000 4183.38986  32.4%     - 60007s
     0     0 4184.76538    0 1051 6188.00000 4184.76538  32.4%     - 61342s
     0     0 4185.28775    0 1293 6188.00000 4185.28775  32.4%     - 62627s
     0     0 4185.29160    0 1264 6188.00000 4185.29160  32.4%     - 62989s
     0     0 4186.04277    0 1271 6188.00000 4186.04277  32.4%     - 64342s
H    0     0                    6172.0000000 4186.04277  32.2%     - 64343s
     0     0 4186.48740    0 1115 6172.00000 4186.48740  32.2%     - 65044s
     0     0 4186.52727    0 1122 6172.00000 4186.52727  32.2%     - 65431s
     0     0 4186.55214    0 1154 6172.00000 4186.55214  32.2%     - 66047s
     0     0 4186.55615    0 1216 6172.00000 4186.55615  32.2%     - 66255s
     0     0 4187.39720    0 1174 6172.00000 4187.39720  32.2%     - 67914s
H    0     0                    6104.0000000 4187.39720  31.4%     - 67915s
H    0     0                    6009.0000000 4187.39720  30.3%     - 67915s
     0     0 4187.63007    0 1202 6009.00000 4187.63007  30.3%     - 68996s
     0     0 4187.71726    0 1185 6009.00000 4187.71726  30.3%     - 69542s
     0     0 4187.75177    0 1190 6009.00000 4187.75177  30.3%     - 69955s
     0     0 4187.75177    0 1182 6009.00000 4187.75177  30.3%     - 70008s
     0     0 4188.52254    0 1192 6009.00000 4188.52254  30.3%     - 71286s
     0     0 4188.76398    0 1226 6009.00000 4188.76398  30.3%     - 72350s
     0     0 4188.86052    0 1187 6009.00000 4188.86052  30.3%     - 73222s
     0     0 4188.91449    0 1090 6009.00000 4188.91449  30.3%     - 73920s
     0     0 4188.93433    0 1201 6009.00000 4188.93433  30.3%     - 74527s
     0     0 4188.94091    0 1232 6009.00000 4188.94091  30.3%     - 74814s
     0     0 4191.27718    0 1258 6009.00000 4191.27718  30.3%     - 76520s
     0     0 4191.97322    0 1294 6009.00000 4191.97322  30.2%     - 77901s
     0     0 4192.20389    0 1550 6009.00000 4192.20389  30.2%     - 78704s
     0     0 4192.21639    0 1549 6009.00000 4192.21639  30.2%     - 79094s
     0     0 4192.23710    0 1547 6009.00000 4192.23710  30.2%     - 79567s
     0     0 4192.23710    0 1556 6009.00000 4192.23710  30.2%     - 79608s
     0     0 4193.41704    0 1544 6009.00000 4193.41704  30.2%     - 80893s
     0     0 4193.82046    0 1707 6009.00000 4193.82046  30.2%     - 82218s
     0     0 4193.83474    0 1636 6009.00000 4193.83474  30.2%     - 82629s
     0     0 4193.83474    0 1633 6009.00000 4193.83474  30.2%     - 82650s
     0     0 4195.06768    0 1426 6009.00000 4195.06768  30.2%     - 83952s
     0     0 4195.15598    0 1436 6009.00000 4195.15598  30.2%     - 84551s
     0     0 4195.23268    0 1441 6009.00000 4195.23268  30.2%     - 85075s
     0     0 4195.26784    0 1512 6009.00000 4195.26784  30.2%     - 85640s
     0     0 4195.29255    0 1573 6009.00000 4195.29255  30.2%     - 85969s
     0     0 4195.30040    0 1582 6009.00000 4195.30040  30.2%     - 86325s
     0     0          -    0      6009.00000 4195.30040  30.2%     - 86400s

Cutting planes:
  Lift-and-project: 1
  MIR: 1265
  Zero half: 106
  RLT: 2

Explored 1 nodes (6518384 simplex iterations) in 86400.07 seconds (67557.23 work units)
Thread count was 8 (of 24 available processors)

Solution count 10: 6009 6104 6172 ... 7155

Time limit reached
Best objective 6.009000000000e+03, best bound 4.196000000000e+03, gap 30.1714%

Wrote result file 'outputs/solves/base/blockseq_n588_blocks19_slots24_seed42.sol'

