
Gurobi 13.0.1 (linux64) logging started Sun Apr 26 21:43:22 2026

Set parameter LogFile to value "outputs/llm_runs/trajectories/I2_P2_patchedit_auto_gpt41mini/step_01/attempt_01/candidate_01_solver.log"
Read solution from file outputs/solves/base/blockseq_n601_blocks18_slots24_seed42.sol
Gurobi Optimizer version 13.0.1 build v13.0.1rc0 (linux64 - "Red Hat Enterprise Linux 9.6 (Plow)")

CPU model: Intel(R) Xeon(R) Gold 6226R CPU @ 2.90GHz, instruction set [SSE2|AVX|AVX2|AVX512]
Thread count: 32 physical cores, 32 logical processors, using up to 6 threads

Non-default parameters:
TimeLimit  3600
MIPGap  0.01
MIPFocus  2
NoRelHeurTime  900
RINS  2500
LogToConsole  0
Threads  6

Optimize a model with 401010 rows, 677376 columns and 3563112 nonzeros (Min)
Model fingerprint: 0x216a48ba
Model has 351562 linear objective coefficients
Variable types: 0 continuous, 677376 integer (677376 binary)
Coefficient statistics:
  Matrix range     [1e+00, 2e+00]
  Objective range  [5e+00, 1e+03]
  Bounds range     [1e+00, 1e+00]
  RHS range        [1e+00, 1e+00]

Loaded user MIP start 0 with objective 7330
Warning: Completing partial solution with 677309 unfixed non-continuous variables out of 677376
User MIP start 1 did not produce a new incumbent solution

Presolve removed 238488 rows and 236760 columns (presolve time = 5s)...
Presolve removed 238488 rows and 236760 columns (presolve time = 10s)...
Presolve removed 238488 rows and 236760 columns (presolve time = 15s)...
Presolve removed 238488 rows and 236760 columns (presolve time = 20s)...
Presolve removed 238488 rows and 236760 columns (presolve time = 25s)...
Presolve removed 238488 rows and 236760 columns (presolve time = 30s)...
Presolve removed 238488 rows and 236760 columns (presolve time = 35s)...
Presolve removed 238488 rows and 236760 columns (presolve time = 40s)...
Presolve removed 238488 rows and 236760 columns (presolve time = 45s)...
Presolve removed 238488 rows and 236760 columns (presolve time = 50s)...
Presolve removed 238488 rows and 236760 columns (presolve time = 55s)...
Presolve removed 238488 rows and 236760 columns (presolve time = 60s)...
Presolve removed 238488 rows and 236760 columns (presolve time = 65s)...
Presolve removed 238488 rows and 236760 columns (presolve time = 70s)...
Presolve removed 238488 rows and 236760 columns (presolve time = 75s)...
Presolve removed 238488 rows and 236760 columns (presolve time = 80s)...
Presolve removed 238488 rows and 236760 columns (presolve time = 85s)...
Presolve removed 238488 rows and 236760 columns (presolve time = 90s)...
Presolve removed 238488 rows and 236760 columns (presolve time = 95s)...
Presolve removed 238488 rows and 236760 columns (presolve time = 100s)...
Presolve removed 238488 rows and 236760 columns (presolve time = 105s)...
Presolve removed 238488 rows and 236760 columns (presolve time = 110s)...
Presolve removed 238488 rows and 236760 columns (presolve time = 115s)...
Presolve removed 238488 rows and 236760 columns (presolve time = 120s)...
Presolve removed 238488 rows and 236760 columns (presolve time = 125s)...
Presolve removed 238488 rows and 236760 columns (presolve time = 130s)...
Presolve removed 238488 rows and 236760 columns (presolve time = 135s)...
Presolve removed 238488 rows and 236760 columns (presolve time = 140s)...
Presolve removed 238488 rows and 236760 columns (presolve time = 145s)...
Presolve removed 238488 rows and 236760 columns (presolve time = 150s)...
Presolve removed 238488 rows and 236760 columns (presolve time = 155s)...
Presolve removed 238488 rows and 236760 columns (presolve time = 160s)...
Presolve removed 238488 rows and 236760 columns (presolve time = 165s)...
Presolve removed 238488 rows and 236760 columns (presolve time = 170s)...
Presolve removed 238488 rows and 236760 columns (presolve time = 175s)...
Presolve removed 238488 rows and 236760 columns (presolve time = 180s)...
Presolve removed 238488 rows and 236760 columns (presolve time = 185s)...
Presolve removed 238488 rows and 236760 columns (presolve time = 190s)...
Presolve removed 238488 rows and 236760 columns (presolve time = 195s)...
Presolve removed 238488 rows and 236760 columns (presolve time = 200s)...
Presolve removed 238488 rows and 236760 columns (presolve time = 205s)...
Presolve removed 238488 rows and 236760 columns (presolve time = 210s)...
Presolve removed 238488 rows and 236760 columns (presolve time = 215s)...
Presolve removed 238488 rows and 236760 columns (presolve time = 220s)...
Presolve removed 238488 rows and 236760 columns (presolve time = 225s)...
Presolve removed 238488 rows and 236760 columns (presolve time = 230s)...
Presolve removed 238488 rows and 236760 columns (presolve time = 235s)...
Presolve removed 238488 rows and 236760 columns (presolve time = 240s)...
Presolve removed 238488 rows and 236760 columns (presolve time = 245s)...
Presolve removed 238488 rows and 236760 columns (presolve time = 250s)...
Presolve removed 238488 rows and 236760 columns (presolve time = 260s)...
Presolve removed 238488 rows and 236760 columns (presolve time = 266s)...
Presolve removed 238488 rows and 236760 columns (presolve time = 276s)...
Presolve removed 238488 rows and 236760 columns (presolve time = 281s)...
Presolve removed 238488 rows and 236760 columns (presolve time = 287s)...
Presolve removed 238488 rows and 236760 columns (presolve time = 292s)...
Presolve removed 238488 rows and 236760 columns (presolve time = 297s)...
Presolve removed 239194 rows and 265903 columns (presolve time = 300s)...
Presolve removed 239194 rows and 265903 columns (presolve time = 305s)...
Presolve removed 239194 rows and 265903 columns (presolve time = 310s)...
Presolve removed 239194 rows and 265903 columns (presolve time = 315s)...
Presolve removed 239194 rows and 265903 columns (presolve time = 320s)...
Presolve removed 239194 rows and 265903 columns (presolve time = 325s)...
Presolve removed 239194 rows and 265903 columns (presolve time = 330s)...
Presolve removed 239194 rows and 265903 columns (presolve time = 335s)...
Presolve removed 239194 rows and 265903 columns (presolve time = 340s)...
Presolve removed 239194 rows and 265903 columns (presolve time = 345s)...
Presolve removed 239194 rows and 265903 columns (presolve time = 350s)...
Presolve removed 239194 rows and 265903 columns (presolve time = 355s)...
Presolve removed 239194 rows and 265903 columns (presolve time = 360s)...
Presolve removed 239194 rows and 265903 columns (presolve time = 365s)...
Presolve removed 239194 rows and 265903 columns (presolve time = 370s)...
Presolve removed 239194 rows and 265903 columns (presolve time = 375s)...
Presolve removed 239194 rows and 265903 columns (presolve time = 380s)...
Presolve removed 239194 rows and 265903 columns (presolve time = 385s)...
Presolve removed 239194 rows and 265903 columns (presolve time = 390s)...
Presolve removed 239194 rows and 265903 columns (presolve time = 395s)...
Presolve removed 239194 rows and 265903 columns (presolve time = 400s)...
Presolve removed 239194 rows and 265903 columns (presolve time = 410s)...
Presolve removed 239194 rows and 265903 columns (presolve time = 415s)...
Presolve removed 239194 rows and 265903 columns (presolve time = 421s)...
Presolve removed 239194 rows and 265903 columns (presolve time = 426s)...
Presolve removed 239194 rows and 265903 columns (presolve time = 431s)...
Presolve removed 239194 rows and 265903 columns (presolve time = 436s)...
Presolve removed 239194 rows and 265903 columns (presolve time = 442s)...
Presolve removed 239194 rows and 265903 columns (presolve time = 447s)...
Presolve removed 239194 rows and 265903 columns (presolve time = 452s)...
Presolve removed 239194 rows and 265903 columns (presolve time = 457s)...
Presolve removed 239194 rows and 265903 columns (presolve time = 463s)...
Presolve removed 239194 rows and 265903 columns (presolve time = 468s)...
Presolve removed 239194 rows and 265903 columns (presolve time = 473s)...
Presolve removed 239194 rows and 265903 columns (presolve time = 479s)...
Presolve removed 239194 rows and 265903 columns (presolve time = 484s)...
Presolve removed 239194 rows and 265903 columns (presolve time = 489s)...
Presolve removed 239194 rows and 265903 columns (presolve time = 494s)...
Presolve removed 239194 rows and 265903 columns (presolve time = 500s)...
Presolve removed 239194 rows and 265903 columns (presolve time = 506s)...
Presolve removed 239194 rows and 265903 columns (presolve time = 511s)...
Presolve removed 239194 rows and 265903 columns (presolve time = 516s)...
Presolve removed 239194 rows and 265903 columns (presolve time = 521s)...
Presolve removed 239194 rows and 265903 columns (presolve time = 527s)...
Presolve removed 239194 rows and 265903 columns (presolve time = 532s)...
Presolve removed 239194 rows and 265903 columns (presolve time = 537s)...
Presolve removed 239194 rows and 265903 columns (presolve time = 542s)...
Presolve removed 239194 rows and 265903 columns (presolve time = 548s)...
Presolve removed 239194 rows and 265903 columns (presolve time = 553s)...
Presolve removed 239194 rows and 265903 columns (presolve time = 558s)...
Presolve removed 239194 rows and 265903 columns (presolve time = 564s)...
Presolve removed 239194 rows and 265903 columns (presolve time = 569s)...
Presolve removed 239194 rows and 265903 columns (presolve time = 574s)...
Presolve removed 239194 rows and 265903 columns (presolve time = 579s)...
Presolve removed 239194 rows and 265903 columns (presolve time = 585s)...
Presolve removed 239194 rows and 265903 columns (presolve time = 588s)...
Presolve removed 240360 rows and 289968 columns (presolve time = 590s)...
Presolve removed 240360 rows and 289968 columns (presolve time = 595s)...
Presolve removed 240360 rows and 289968 columns (presolve time = 606s)...
Presolve removed 240360 rows and 289968 columns
Presolve time: 606.14s
Presolved: 160650 rows, 387408 columns, 1539090 nonzeros
Variable types: 0 continuous, 387408 integer (387408 binary)
Starting NoRel heuristic
Found heuristic solution: objective 7192.0000000
Elapsed time for NoRel heuristic: 9s (best bound 0)
Elapsed time for NoRel heuristic: 16s (best bound 0)
Found heuristic solution: objective 6972.0000000
Found heuristic solution: objective 6901.0000000
Found heuristic solution: objective 6788.0000000
Elapsed time for NoRel heuristic: 81s (best bound 0)
Elapsed time for NoRel heuristic: 87s (best bound 0)
Elapsed time for NoRel heuristic: 98s (best bound 0)
Elapsed time for NoRel heuristic: 107s (best bound 0)
Elapsed time for NoRel heuristic: 112s (best bound 0)
Found heuristic solution: objective 6777.0000000
Elapsed time for NoRel heuristic: 122s (best bound 0)
Found heuristic solution: objective 6708.0000000
Elapsed time for NoRel heuristic: 156s (best bound 0)
Found heuristic solution: objective 6691.0000000
Found heuristic solution: objective 6569.0000000
Elapsed time for NoRel heuristic: 191s (best bound 0)
Elapsed time for NoRel heuristic: 207s (best bound 0)
Elapsed time for NoRel heuristic: 239s (best bound 0)
Elapsed time for NoRel heuristic: 273s (best bound 0)
Found heuristic solution: objective 6470.0000000
Elapsed time for NoRel heuristic: 327s (best bound 0)
Elapsed time for NoRel heuristic: 351s (best bound 0)
Found heuristic solution: objective 6425.0000000
Found heuristic solution: objective 6404.0000000
Found heuristic solution: objective 6377.0000000
Elapsed time for NoRel heuristic: 391s (best bound 0)
Found heuristic solution: objective 6359.0000000
Elapsed time for NoRel heuristic: 434s (best bound 0)
Found heuristic solution: objective 6344.0000000
Elapsed time for NoRel heuristic: 481s (best bound 0)
Elapsed time for NoRel heuristic: 524s (best bound 0)
Elapsed time for NoRel heuristic: 532s (best bound 0)
Elapsed time for NoRel heuristic: 619s (best bound 0)
Elapsed time for NoRel heuristic: 728s (best bound 0)
Found heuristic solution: objective 6342.0000000
Found heuristic solution: objective 6331.0000000
Elapsed time for NoRel heuristic: 858s (best bound 0)
Elapsed time for NoRel heuristic: 930s (best bound 0)
NoRel heuristic complete
Root relaxation presolve removed 17 rows and 0 columns
Root relaxation presolved: 160633 rows, 387408 columns, 1513969 nonzeros

Deterministic concurrent LP optimizer: primal simplex, dual simplex, and barrier
Showing barrier log only...

Root barrier log...

Ordering time: 7.36s
Elapsed ordering time = 7s
Elapsed ordering time = 10s
Elapsed ordering time = 12s
Elapsed ordering time = 15s
Elapsed ordering time = 15s
Elapsed ordering time = 17s
Elapsed ordering time = 19s
Elapsed ordering time = 20s
Ordering time: 21.47s

Barrier statistics:
 Dense cols : 6716
 AA' NZ     : 1.974e+06
 Factor NZ  : 1.370e+08 (roughly 1.3 GB of memory)
 Factor Ops : 1.072e+12 (roughly 7 seconds per iteration)
 Threads    : 4

                  Objective                Residual
Iter       Primal          Dual         Primal    Dual     Compl     Time
   0   1.83081345e+08 -9.98537881e+07  2.50e+04 9.24e+01  1.21e+03  1566s
   1   9.99799861e+07 -7.63076613e+07  1.30e+04 5.55e+01  5.25e+02  1566s
   2   4.79173790e+07 -4.36798225e+07  5.53e+03 4.60e+00  2.04e+02  1566s
   3   1.71357048e+07 -1.24058175e+07  1.41e+03 3.41e-13  5.17e+01  1566s
   4   3.86379260e+06 -2.42411386e+06  2.08e+02 1.71e-13  9.57e+00  1566s
   5   6.41500817e+05 -6.58919032e+05  2.99e+01 2.27e-13  1.83e+00  1566s
   6   1.32046364e+05 -1.62710671e+05  5.11e+00 1.71e-13  3.91e-01  1566s
   7   2.43264613e+04 -4.54092519e+04  6.12e-01 1.71e-13  8.41e-02  1566s
   8   1.34868663e+04 -1.72914341e+04  2.39e-01 2.27e-13  3.56e-02  1566s
   9   7.57019953e+03 -7.65791994e+03  3.84e-02 1.14e-13  1.65e-02  1567s
  10   6.09615246e+03 -2.70392339e+03  5.43e-03 1.71e-13  9.64e-03  1567s
  11   5.61527003e+03  2.27258596e+02  1.90e-03 1.14e-13  5.91e-03  1567s
  12   5.31321534e+03  2.11395856e+03  8.69e-04 1.71e-13  3.51e-03  1567s
  13   5.04738608e+03  3.18243865e+03  3.40e-04 1.14e-13  2.04e-03  1568s
  14   4.83713774e+03  3.86455254e+03  1.27e-04 3.58e-05  1.07e-03  1572s
  15   4.73577833e+03  4.19587558e+03  6.18e-05 1.98e-05  5.92e-04  1578s
  16   4.67917083e+03  4.37237753e+03  2.92e-05 1.13e-05  3.36e-04  1585s
  17   4.63891555e+03  4.47033674e+03  9.80e-06 7.05e-06  1.85e-04  1591s
  18   4.61283635e+03  4.56207626e+03  1.05e-06 2.23e-06  5.57e-05  1598s
  19   4.60727736e+03  4.60394190e+03  4.42e-08 1.05e-07  3.66e-06  1605s
  20   4.60649052e+03  4.60645961e+03  8.75e-11 3.75e-09  3.39e-08  1611s
  21   4.60648040e+03  4.60648037e+03  5.41e-10 5.24e-10  3.39e-11  1617s

Barrier solved model in 21 iterations and 1617.48 seconds (1139.41 work units)
Optimal objective 4.60648040e+03


Root crossover log...

   19042 DPushes remaining with DInf 0.0000000e+00              1618s
     333 DPushes remaining with DInf 0.0000000e+00              1621s
       0 DPushes remaining with DInf 0.0000000e+00              1623s

    6504 PPushes remaining with PInf 0.0000000e+00              1623s
       0 PPushes remaining with PInf 0.0000000e+00              1625s

  Push phase complete: Pinf 0.0000000e+00, Dinf 3.5967886e-09   1625s


Root simplex log...

Iteration    Objective       Primal Inf.    Dual Inf.      Time
   25475    4.6064804e+03   0.000000e+00   0.000000e+00   1625s
Crossover time: 7.22 seconds (4.60 work units)
Concurrent spin time: 0.34s

Solved with barrier
   25475    4.6064804e+03   0.000000e+00   0.000000e+00   1625s

Root relaxation: objective 4.606480e+03, 25475 iterations, 87.61 seconds (70.78 work units)

    Nodes    |    Current Node    |     Objective Bounds      |     Work
 Expl Unexpl |  Obj  Depth IntInf | Incumbent    BestBd   Gap | It/Node Time

     0     0 4606.48039    0  360 6331.00000 4606.48039  27.2%     - 1763s
     0     0          -    0      6331.00000 4606.48039  27.2%     - 3600s

Cutting planes:
  Lift-and-project: 25
  Implied bound: 29
  Flow cover: 16
  Zero half: 56
  RLT: 53
  BQP: 17

Explored 1 nodes (275728 simplex iterations) in 3600.06 seconds (2658.21 work units)
Thread count was 6 (of 32 available processors)

Solution count 10: 6331 6342 6344 ... 6691

Time limit reached
Best objective 6.331000000000e+03, best bound 4.607000000000e+03, gap 27.2311%
