
Gurobi 13.0.1 (linux64) logging started Mon Apr 27 03:03:23 2026

Set parameter LogFile to value "outputs/llm_runs/trajectories/I5_P6_patchedit_auto_gpt41/step_01/attempt_01/candidate_01_solver.log"
Gurobi Optimizer version 13.0.1 build v13.0.1rc0 (linux64 - "Red Hat Enterprise Linux 9.6 (Plow)")

CPU model: Intel(R) Xeon(R) Gold 6226 CPU @ 2.70GHz, instruction set [SSE2|AVX|AVX2|AVX512]
Thread count: 24 physical cores, 24 logical processors, using up to 6 threads

Non-default parameters:
TimeLimit  3600
MIPGap  0.01
NoRelHeurTime  900
RINS  2500
LogToConsole  0
PrePasses  2
Threads  6

Optimize a model with 401007 rows, 677376 columns and 3515304 nonzeros (Min)
Model fingerprint: 0xb45221ac
Model has 271709 linear objective coefficients
Variable types: 0 continuous, 677376 integer (677376 binary)
Coefficient statistics:
  Matrix range     [1e+00, 2e+00]
  Objective range  [5e+00, 2e+03]
  Bounds range     [1e+00, 1e+00]
  RHS range        [1e+00, 1e+00]

Warning: Completing partial solution with 677309 unfixed non-continuous variables out of 677376
User MIP start produced solution with objective 15290 (1.03s)
Loaded user MIP start with objective 15290
Processed MIP start in 1.03 seconds (0.65 work units)

Presolve removed 277069 rows and 312094 columns (presolve time = 5s)...
Presolve removed 277069 rows and 312094 columns (presolve time = 10s)...
Presolve removed 277069 rows and 312094 columns (presolve time = 15s)...
Presolve removed 277069 rows and 312094 columns (presolve time = 20s)...
Presolve removed 277069 rows and 312094 columns (presolve time = 25s)...
Presolve removed 277069 rows and 312094 columns (presolve time = 30s)...
Presolve removed 277069 rows and 312094 columns (presolve time = 35s)...
Presolve removed 277069 rows and 312094 columns (presolve time = 40s)...
Presolve removed 277069 rows and 312094 columns (presolve time = 45s)...
Presolve removed 277069 rows and 312094 columns (presolve time = 50s)...
Presolve removed 277069 rows and 313612 columns (presolve time = 60s)...
Presolve removed 277116 rows and 313612 columns
Presolve time: 60.30s
Presolved: 123891 rows, 363764 columns, 1614108 nonzeros
Variable types: 0 continuous, 363764 integer (363764 binary)
Starting NoRel heuristic
Found heuristic solution: objective 12432.000000
Found heuristic solution: objective 11273.000000
Elapsed time for NoRel heuristic: 9s (best bound 0)
Elapsed time for NoRel heuristic: 22s (best bound 0)
Found heuristic solution: objective 8761.0000000
Found heuristic solution: objective 7815.0000000
Elapsed time for NoRel heuristic: 29s (best bound 0)
Elapsed time for NoRel heuristic: 39s (best bound 0)
Found heuristic solution: objective 6616.0000000
Found heuristic solution: objective 6256.0000000
Elapsed time for NoRel heuristic: 55s (best bound 0)
Elapsed time for NoRel heuristic: 65s (best bound 0)
Found heuristic solution: objective 6061.0000000
Found heuristic solution: objective 5800.0000000
Found heuristic solution: objective 5760.0000000
Elapsed time for NoRel heuristic: 78s (best bound 0)
Found heuristic solution: objective 5647.0000000
Found heuristic solution: objective 5605.0000000
Elapsed time for NoRel heuristic: 84s (best bound 0)
Found heuristic solution: objective 4715.0000000
Elapsed time for NoRel heuristic: 96s (best bound 0)
Elapsed time for NoRel heuristic: 103s (best bound 0)
Found heuristic solution: objective 3310.0000000
Elapsed time for NoRel heuristic: 114s (best bound 0)
Found heuristic solution: objective 3249.0000000
Elapsed time for NoRel heuristic: 125s (best bound 0)
Found heuristic solution: objective 3179.0000000
Found heuristic solution: objective 3174.0000000
Elapsed time for NoRel heuristic: 137s (best bound 0)
Found heuristic solution: objective 3173.0000000
Elapsed time for NoRel heuristic: 147s (best bound 0)
Found heuristic solution: objective 3000.0000000
Elapsed time for NoRel heuristic: 155s (best bound 0)
Found heuristic solution: objective 2905.0000000
Elapsed time for NoRel heuristic: 162s (best bound 0)
Elapsed time for NoRel heuristic: 174s (best bound 0)
Elapsed time for NoRel heuristic: 183s (best bound 0)
Found heuristic solution: objective 2856.0000000
Found heuristic solution: objective 2838.0000000
Elapsed time for NoRel heuristic: 193s (best bound 0)
Elapsed time for NoRel heuristic: 210s (best bound 0)
Found heuristic solution: objective 2826.0000000
Elapsed time for NoRel heuristic: 228s (best bound 0)
Found heuristic solution: objective 2801.0000000
Elapsed time for NoRel heuristic: 242s (best bound 0)
Elapsed time for NoRel heuristic: 256s (best bound 0)
Elapsed time for NoRel heuristic: 268s (best bound 0)
Elapsed time for NoRel heuristic: 286s (best bound 0)
Elapsed time for NoRel heuristic: 345s (best bound 0)
Elapsed time for NoRel heuristic: 428s (best bound 0)
Found heuristic solution: objective 2771.0000000
Elapsed time for NoRel heuristic: 496s (best bound 0)
Elapsed time for NoRel heuristic: 511s (best bound 0)
Elapsed time for NoRel heuristic: 548s (best bound 0)
Elapsed time for NoRel heuristic: 576s (best bound 0)
Found heuristic solution: objective 2754.0000000
Found heuristic solution: objective 2743.0000000
Elapsed time for NoRel heuristic: 646s (best bound 0)
Elapsed time for NoRel heuristic: 680s (best bound 0)
Found heuristic solution: objective 2738.0000000
Elapsed time for NoRel heuristic: 739s (best bound 0)
Elapsed time for NoRel heuristic: 783s (best bound 0)
Found heuristic solution: objective 2723.0000000
Elapsed time for NoRel heuristic: 827s (best bound 0)
Elapsed time for NoRel heuristic: 868s (best bound 0)
Found heuristic solution: objective 2715.0000000
Elapsed time for NoRel heuristic: 906s (best bound 0)
NoRel heuristic complete
Deterministic concurrent LP optimizer: primal simplex, dual simplex, and barrier
Showing barrier log only...

Root barrier log...

Ordering time: 3.41s
Elapsed ordering time = 5s
Elapsed ordering time = 6s
Elapsed ordering time = 7s
Ordering time: 7.56s

Barrier statistics:
 Dense cols : 3831
 AA' NZ     : 6.922e+05
 Factor NZ  : 4.002e+07 (roughly 400 MB of memory)
 Factor Ops : 1.761e+11 (roughly 1 second per iteration)
 Threads    : 4

                  Objective                Residual
Iter       Primal          Dual         Primal    Dual     Compl     Time
   0   5.53020146e+08 -1.90799724e+08  1.44e+04 1.15e+03  1.29e+04   977s
   1   3.46535198e+08 -1.89177012e+08  8.96e+03 3.35e+02  6.94e+03   978s
   2   4.19310504e+07 -1.45088354e+08  8.96e+02 2.09e-11  9.38e+02   979s
   3   1.51447892e+07 -3.35051236e+07  2.00e+02 1.73e-11  1.81e+02   981s
   4   1.23446806e+07 -2.39969178e+07  1.44e+02 2.80e-11  1.31e+02   982s
   5   8.00631908e+06 -1.49800300e+07  6.94e+01 2.39e-11  7.62e+01   983s
   6   2.82406563e+06 -6.99092228e+05  7.86e+00 2.82e-11  1.11e+01   985s
   7   4.29066977e+05 -2.79498789e+05  1.18e+00 2.18e-11  2.12e+00   986s
   8   3.17123698e+04 -7.50864938e+04  5.48e-02 2.07e-10  2.87e-01   988s
   9   1.49659238e+04 -2.23954136e+04  1.46e-02 1.39e-10  9.90e-02   989s
  10   9.99375862e+03 -1.03617409e+04  6.29e-03 2.52e-10  5.36e-02   991s
  11   8.25539455e+03 -5.09317275e+03  4.52e-03 1.25e-10  3.52e-02   992s
  12   6.47249932e+03 -1.97680620e+03  3.09e-03 1.56e-10  2.23e-02   994s
  13   4.71743273e+03 -6.24316448e+02  1.74e-03 2.02e-10  1.41e-02   995s
  14   3.69183128e+03  6.10572590e+02  1.01e-03 1.52e-10  8.13e-03   997s
  15   2.85327410e+03  1.16726676e+03  4.40e-04 2.17e-10  4.44e-03   998s
  16   2.44812771e+03  1.77040389e+03  1.81e-04 3.17e-10  1.79e-03   999s
  17   2.26069448e+03  1.99888639e+03  6.66e-05 1.14e-09  6.91e-04  1000s
  18   2.14751795e+03  2.13802862e+03  2.64e-06 4.90e-10  2.51e-05  1001s
  19   2.14200047e+03  2.14199975e+03  5.64e-10 4.68e-10  1.89e-09  1003s
  20   2.14200000e+03  2.14200000e+03  2.99e-12 4.33e-10  1.89e-12  1004s

Barrier solved model in 20 iterations and 1003.86 seconds (605.30 work units)
Optimal objective 2.14200000e+03


Root crossover log...

   10885 DPushes remaining with DInf 0.0000000e+00              1004s
       0 DPushes remaining with DInf 0.0000000e+00              1005s

    1121 PPushes remaining with PInf 0.0000000e+00              1005s
       0 PPushes remaining with PInf 0.0000000e+00              1005s

  Push phase complete: Pinf 0.0000000e+00, Dinf 9.7537072e-09   1005s


Root simplex log...

Iteration    Objective       Primal Inf.    Dual Inf.      Time
   11950    2.1420000e+03   0.000000e+00   0.000000e+00   1005s
Crossover time: 1.29 seconds (0.65 work units)
Concurrent spin time: 3.44s

Solved with barrier
   11950    2.1420000e+03   0.000000e+00   0.000000e+00   1009s

Use crossover to convert LP symmetric solution to basic solution...

Root crossover log...

   10599 DPushes remaining with DInf 0.0000000e+00              1009s
     191 DPushes remaining with DInf 0.0000000e+00              1011s
       0 DPushes remaining with DInf 0.0000000e+00              1012s

     389 PPushes remaining with PInf 0.0000000e+00              1012s
       0 PPushes remaining with PInf 0.0000000e+00              1012s

  Push phase complete: Pinf 0.0000000e+00, Dinf 3.2357548e-09   1012s


Root simplex log...

Iteration    Objective       Primal Inf.    Dual Inf.      Time
   22870    2.1420000e+03   0.000000e+00   0.000000e+00   1012s
Crossover time: 3.71 seconds (2.37 work units)
   22870    2.1420000e+03   0.000000e+00   0.000000e+00   1013s

Root relaxation: objective 2.142000e+03, 22870 iterations, 45.12 seconds (33.04 work units)

    Nodes    |    Current Node    |     Objective Bounds      |     Work
 Expl Unexpl |  Obj  Depth IntInf | Incumbent    BestBd   Gap | It/Node Time

     0     0 2142.00000    0  279 2715.00000 2142.00000  21.1%     - 1248s
     0     0 2142.00000    0  279 2715.00000 2142.00000  21.1%     - 1250s
     0     0 2142.00000    0  111 2715.00000 2142.00000  21.1%     - 2089s
     0     0 2142.00000    0  232 2715.00000 2142.00000  21.1%     - 2213s
     0     0 2142.00000    0  259 2715.00000 2142.00000  21.1%     - 2310s
     0     0 2142.00000    0  159 2715.00000 2142.00000  21.1%     - 3055s
     0     0 2142.00000    0  220 2715.00000 2142.00000  21.1%     - 3235s
     0     0 2142.00000    0  179 2715.00000 2142.00000  21.1%     - 3600s

Cutting planes:
  Gomory: 1
  Clique: 1
  MIR: 7
  Zero half: 75
  RLT: 7
  BQP: 3

Explored 1 nodes (841209 simplex iterations) in 3600.06 seconds (2743.74 work units)
Thread count was 6 (of 24 available processors)

Solution count 10: 2715 2723 2738 ... 2856

Time limit reached
Best objective 2.715000000000e+03, best bound 2.142000000000e+03, gap 21.1050%
