
Gurobi 13.0.1 (linux64) logging started Sun Apr 26 21:40:32 2026

Set parameter LogFile to value "outputs/llm_runs/trajectories/I1_P2_patchedit_auto_gpt41mini/step_01/attempt_01/candidate_01_solver.log"
Read solution from file outputs/solves/base/blockseq_n544_blocks20_slots24_seed42.sol
Gurobi Optimizer version 13.0.1 build v13.0.1rc0 (linux64 - "Red Hat Enterprise Linux 9.6 (Plow)")

CPU model: Intel(R) Xeon(R) Gold 6226 CPU @ 2.70GHz, instruction set [SSE2|AVX|AVX2|AVX512]
Thread count: 24 physical cores, 24 logical processors, using up to 6 threads

Non-default parameters:
TimeLimit  3600
MIPGap  0.01
BranchDir  -1
LogToConsole  0
Threads  6

Optimize a model with 401011 rows, 677376 columns and 3575208 nonzeros (Min)
Model fingerprint: 0x556ce5c9
Model has 439537 linear objective coefficients
Variable types: 0 continuous, 677376 integer (677376 binary)
Coefficient statistics:
  Matrix range     [1e+00, 2e+00]
  Objective range  [5e+00, 8e+02]
  Bounds range     [1e+00, 1e+00]
  RHS range        [1e+00, 1e+00]

Loaded user MIP start 0 with objective 5338
Warning: Completing partial solution with 677309 unfixed non-continuous variables out of 677376
User MIP start 1 did not produce a new incumbent solution
Processed 2 MIP starts in 1.04 seconds (0.68 work units)

Presolve removed 197212 rows and 195484 columns (presolve time = 5s)...
Presolve removed 197212 rows and 195484 columns (presolve time = 10s)...
Presolve removed 197212 rows and 195484 columns (presolve time = 15s)...
Presolve removed 197212 rows and 195484 columns (presolve time = 20s)...
Presolve removed 197212 rows and 195484 columns (presolve time = 25s)...
Presolve removed 197212 rows and 195484 columns (presolve time = 30s)...
Presolve removed 197212 rows and 195484 columns (presolve time = 35s)...
Presolve removed 197212 rows and 195484 columns (presolve time = 40s)...
Presolve removed 197212 rows and 195484 columns (presolve time = 45s)...
Presolve removed 197212 rows and 195484 columns (presolve time = 50s)...
Presolve removed 197212 rows and 199159 columns
Presolve time: 54.91s
Presolved: 203799 rows, 478217 columns, 2009688 nonzeros
Variable types: 0 continuous, 478217 integer (478217 binary)
Deterministic concurrent LP optimizer: primal simplex, dual simplex, and barrier
Showing barrier log only...

Root barrier log...

Ordering time: 7.95s
Elapsed ordering time = 8s
Elapsed ordering time = 10s
Elapsed ordering time = 10s
Elapsed ordering time = 11s
Elapsed ordering time = 12s
Ordering time: 12.66s

Barrier statistics:
 Dense cols : 7172
 AA' NZ     : 1.261e+06
 Factor NZ  : 9.867e+07 (roughly 1.0 GB of memory)
 Factor Ops : 7.465e+11 (roughly 5 seconds per iteration)
 Threads    : 4

                  Objective                Residual
Iter       Primal          Dual         Primal    Dual     Compl     Time
   0   4.37645188e+08 -1.35821297e+08  1.53e+04 3.82e+02  3.80e+03    73s
   1   1.97102054e+08 -1.29159622e+08  7.42e+03 2.43e+01  1.44e+03    74s
   2   9.06304501e+07 -1.01052245e+08  3.27e+03 1.02e-12  6.03e+02    74s
   3   2.27097572e+07 -5.10298403e+07  5.37e+02 6.25e-13  1.37e+02    74s
   4   9.43164315e+06 -8.83714182e+06  8.76e+01 3.41e-13  2.88e+01    74s
   5   3.99929557e+06 -2.13064352e+06  2.57e+01 2.27e-13  9.71e+00    74s
   6   7.94245744e+05 -5.54182127e+05  4.50e+00 2.27e-13  2.09e+00    74s
   7   1.52511880e+05 -1.75892975e+05  7.50e-01 2.27e-13  4.76e-01    74s
   8   3.50146835e+04 -9.18298649e+04  1.61e-01 2.27e-13  1.70e-01    74s
   9   3.02834284e+04 -8.66192137e+04  1.34e-01 2.27e-13  1.53e-01    75s
  10   2.48958303e+04 -6.12784835e+04  1.05e-01 2.27e-13  1.12e-01    75s
  11   1.87135472e+04 -4.20973078e+04  7.21e-02 2.27e-13  7.98e-02    75s
  12   1.51518022e+04 -1.94627853e+04  5.17e-02 2.27e-13  4.65e-02    76s
  13   1.14484489e+04 -9.88930830e+03  3.10e-02 2.27e-13  2.91e-02    76s
  14   7.72439194e+03 -6.22043972e+03  1.08e-02 2.27e-13  1.85e-02    76s
  15   6.40305480e+03 -2.88362350e+03  5.17e-03 1.14e-13  1.22e-02    77s
  16   5.79621488e+03 -4.02503520e+02  3.40e-03 2.27e-13  8.18e-03    77s
  17   5.03469252e+03  1.04643675e+03  1.70e-03 2.27e-13  5.24e-03    77s
  18   4.69720581e+03  2.12823754e+03  1.10e-03 1.14e-13  3.38e-03    78s
  19   4.41035401e+03  2.65899042e+03  6.48e-04 2.27e-13  2.30e-03    78s
  20   4.14282979e+03  3.17276807e+03  2.52e-04 2.27e-13  1.27e-03    79s
  21   3.97919077e+03  3.68422423e+03  5.35e-05 2.27e-13  3.82e-04    86s
  22   3.94448666e+03  3.82023582e+03  1.89e-05 2.27e-13  1.61e-04    91s
  23   3.93088518e+03  3.87879445e+03  7.50e-06 2.27e-13  6.75e-05    96s
  24   3.92383126e+03  3.91815094e+03  1.95e-06 3.41e-13  7.55e-06   102s
  25   3.92208664e+03  3.91994873e+03  7.28e-07 6.81e-10  2.85e-06   107s
  26   3.92128169e+03  3.92092243e+03  1.48e-07 2.34e-09  4.89e-07   112s
  27   3.92105335e+03  3.92101000e+03  3.04e-08 2.59e-09  5.89e-08   118s
  28   3.92102622e+03  3.92102517e+03  7.75e-09 5.29e-10  1.44e-09   124s
  29   3.92102564e+03  3.92102565e+03  3.64e-09 6.89e-08  5.13e-12   129s

Barrier solved model in 29 iterations and 128.73 seconds (93.64 work units)
Optimal objective 3.92102564e+03


Root crossover log...

   17018 DPushes remaining with DInf 0.0000000e+00               129s
     313 DPushes remaining with DInf 0.0000000e+00               130s
       0 DPushes remaining with DInf 0.0000000e+00               132s

     782 PPushes remaining with PInf 0.0000000e+00               132s
       0 PPushes remaining with PInf 0.0000000e+00               132s

  Push phase complete: Pinf 0.0000000e+00, Dinf 4.0913477e-09    132s


Root simplex log...

Iteration    Objective       Primal Inf.    Dual Inf.      Time
   17736    3.9210257e+03   0.000000e+00   0.000000e+00    133s
Crossover time: 3.80 seconds (2.03 work units)
Concurrent spin time: 7.33s

Solved with barrier
   17736    3.9210257e+03   0.000000e+00   0.000000e+00    140s

Use crossover to convert LP symmetric solution to basic solution...

Root crossover log...

  202676 variables added to crossover basis                      145s
  203334 variables added to crossover basis                      150s

      76 DPushes remaining with DInf 0.0000000e+00               155s
      69 DPushes remaining with DInf 0.0000000e+00               155s

     812 PPushes remaining with PInf 0.0000000e+00               156s
       0 PPushes remaining with PInf 0.0000000e+00               156s

  Push phase complete: Pinf 0.0000000e+00, Dinf 1.4276878e-08    156s


Root simplex log...

Iteration    Objective       Primal Inf.    Dual Inf.      Time
   18554    3.9210257e+03   0.000000e+00   0.000000e+00    156s
Crossover time: 16.05 seconds (22.58 work units)

Root relaxation: objective 3.921026e+03, 18554 iterations, 99.63 seconds (83.42 work units)

    Nodes    |    Current Node    |     Objective Bounds      |     Work
 Expl Unexpl |  Obj  Depth IntInf | Incumbent    BestBd   Gap | It/Node Time

     0     0 3921.02565    0  561 5338.00000 3921.02565  26.5%     -  392s
     0     0          -    0      5338.00000 3921.02565  26.5%     - 3600s

Cutting planes:
  Gomory: 2
  MIR: 29
  StrongCG: 1
  Zero half: 23
  RLT: 73
  BQP: 21

Explored 1 nodes (382654 simplex iterations) in 3600.09 seconds (3515.17 work units)
Thread count was 6 (of 24 available processors)

Solution count 1: 5338 

Time limit reached
Best objective 5.338000000000e+03, best bound 3.922000000000e+03, gap 26.5268%
