
Gurobi 13.0.1 (linux64) logging started Mon Apr 27 00:52:42 2026

Set parameter LogFile to value "outputs/llm_runs/trajectories/I3_P3_patchedit_auto_gpt5/step_01/attempt_01/candidate_01_solver.log"
Gurobi Optimizer version 13.0.1 build v13.0.1rc0 (linux64 - "Red Hat Enterprise Linux 9.6 (Plow)")

CPU model: Intel(R) Xeon(R) Gold 6226 CPU @ 2.70GHz, instruction set [SSE2|AVX|AVX2|AVX512]
Thread count: 24 physical cores, 24 logical processors, using up to 6 threads

Non-default parameters:
TimeLimit  3600
MIPGap  0.01
SimplexPricing  3
MIPFocus  2
NoRelHeurTime  900
RINS  2500
LogToConsole  0
Threads  6

Optimize a model with 468866 rows, 796875 columns and 4097475 nonzeros (Min)
Model fingerprint: 0x995852f6
Model has 333584 linear objective coefficients
Variable types: 0 continuous, 796875 integer (796875 binary)
Coefficient statistics:
  Matrix range     [1e+00, 2e+00]
  Objective range  [5e+00, 9e+02]
  Bounds range     [1e+00, 1e+00]
  RHS range        [1e+00, 1e+00]

Warning: Completing partial solution with 796805 unfixed non-continuous variables out of 796875
User MIP start produced solution with objective 11910 (1.20s)
Loaded user MIP start with objective 11910
Processed MIP start in 1.20 seconds (0.77 work units)

Presolve removed 314630 rows and 312755 columns (presolve time = 5s)...
Presolve removed 314630 rows and 312755 columns (presolve time = 10s)...
Presolve removed 314630 rows and 312755 columns (presolve time = 15s)...
Presolve removed 314630 rows and 312755 columns (presolve time = 20s)...
Presolve removed 314630 rows and 312755 columns (presolve time = 25s)...
Presolve removed 314630 rows and 312755 columns (presolve time = 30s)...
Presolve removed 314630 rows and 312755 columns (presolve time = 35s)...
Presolve removed 314630 rows and 312755 columns (presolve time = 40s)...
Presolve removed 314630 rows and 312755 columns (presolve time = 45s)...
Presolve removed 314630 rows and 312755 columns (presolve time = 50s)...
Presolve removed 314630 rows and 312755 columns (presolve time = 55s)...
Presolve removed 314630 rows and 312755 columns (presolve time = 60s)...
Presolve removed 314630 rows and 312755 columns (presolve time = 65s)...
Presolve removed 314630 rows and 312755 columns (presolve time = 70s)...
Presolve removed 314630 rows and 312755 columns (presolve time = 75s)...
Presolve removed 314630 rows and 312755 columns (presolve time = 80s)...
Presolve removed 314630 rows and 312755 columns (presolve time = 85s)...
Presolve removed 314630 rows and 312755 columns (presolve time = 90s)...
Presolve removed 314630 rows and 312755 columns (presolve time = 95s)...
Presolve removed 314630 rows and 312755 columns (presolve time = 100s)...
Presolve removed 314630 rows and 312755 columns (presolve time = 105s)...
Presolve removed 314630 rows and 312755 columns (presolve time = 110s)...
Presolve removed 314630 rows and 312755 columns (presolve time = 115s)...
Presolve removed 314630 rows and 312755 columns (presolve time = 120s)...
Presolve removed 314630 rows and 312755 columns (presolve time = 125s)...
Presolve removed 314630 rows and 312755 columns (presolve time = 130s)...
Presolve removed 314630 rows and 312755 columns (presolve time = 135s)...
Presolve removed 314630 rows and 312755 columns (presolve time = 140s)...
Presolve removed 314630 rows and 312755 columns (presolve time = 145s)...
Presolve removed 314630 rows and 312755 columns (presolve time = 150s)...
Presolve removed 314630 rows and 312755 columns (presolve time = 155s)...
Presolve removed 314630 rows and 312755 columns (presolve time = 160s)...
Presolve removed 314630 rows and 312755 columns (presolve time = 165s)...
Presolve removed 314630 rows and 312755 columns (presolve time = 170s)...
Presolve removed 314630 rows and 312755 columns (presolve time = 175s)...
Presolve removed 314630 rows and 312755 columns (presolve time = 180s)...
Presolve removed 314630 rows and 312755 columns (presolve time = 185s)...
Presolve removed 314630 rows and 312755 columns (presolve time = 190s)...
Presolve removed 314630 rows and 312755 columns (presolve time = 195s)...
Presolve removed 314630 rows and 312755 columns (presolve time = 200s)...
Presolve removed 314630 rows and 312755 columns (presolve time = 205s)...
Presolve removed 314630 rows and 312755 columns (presolve time = 210s)...
Presolve removed 314630 rows and 312755 columns (presolve time = 215s)...
Presolve removed 314630 rows and 312755 columns (presolve time = 220s)...
Presolve removed 314630 rows and 312755 columns (presolve time = 225s)...
Presolve removed 314630 rows and 312755 columns (presolve time = 230s)...
Presolve removed 314630 rows and 312755 columns (presolve time = 235s)...
Presolve removed 314630 rows and 312755 columns (presolve time = 240s)...
Presolve removed 314630 rows and 312755 columns (presolve time = 245s)...
Presolve removed 314630 rows and 312755 columns (presolve time = 250s)...
Presolve removed 314630 rows and 312755 columns (presolve time = 255s)...
Presolve removed 314630 rows and 312755 columns (presolve time = 260s)...
Presolve removed 314630 rows and 312755 columns (presolve time = 265s)...
Presolve removed 314630 rows and 312755 columns (presolve time = 270s)...
Presolve removed 314630 rows and 312755 columns (presolve time = 275s)...
Presolve removed 314630 rows and 312755 columns (presolve time = 280s)...
Presolve removed 314630 rows and 312755 columns (presolve time = 285s)...
Presolve removed 314630 rows and 312755 columns (presolve time = 290s)...
Presolve removed 314630 rows and 312755 columns (presolve time = 295s)...
Presolve removed 314630 rows and 312755 columns (presolve time = 300s)...
Presolve removed 314630 rows and 312755 columns (presolve time = 305s)...
Presolve removed 314630 rows and 312755 columns (presolve time = 310s)...
Presolve removed 314630 rows and 312755 columns (presolve time = 315s)...
Presolve removed 314630 rows and 312755 columns (presolve time = 320s)...
Presolve removed 314630 rows and 312755 columns (presolve time = 325s)...
Presolve removed 315158 rows and 339026 columns (presolve time = 330s)...
Presolve removed 315158 rows and 339026 columns (presolve time = 335s)...
Presolve removed 315158 rows and 339026 columns (presolve time = 340s)...
Presolve removed 315158 rows and 339026 columns (presolve time = 345s)...
Presolve removed 315158 rows and 339026 columns (presolve time = 350s)...
Presolve removed 315158 rows and 339026 columns (presolve time = 355s)...
Presolve removed 315158 rows and 339026 columns (presolve time = 360s)...
Presolve removed 315158 rows and 339026 columns (presolve time = 365s)...
Presolve removed 315158 rows and 339026 columns (presolve time = 370s)...
Presolve removed 315158 rows and 339026 columns (presolve time = 375s)...
Presolve removed 315158 rows and 339026 columns (presolve time = 380s)...
Presolve removed 315158 rows and 339026 columns (presolve time = 385s)...
Presolve removed 315158 rows and 339026 columns (presolve time = 390s)...
Presolve removed 315158 rows and 339026 columns (presolve time = 395s)...
Presolve removed 315158 rows and 339026 columns (presolve time = 400s)...
Presolve removed 315158 rows and 339026 columns (presolve time = 405s)...
Presolve removed 315158 rows and 339026 columns (presolve time = 410s)...
Presolve removed 315158 rows and 339026 columns (presolve time = 415s)...
Presolve removed 315158 rows and 339026 columns (presolve time = 420s)...
Presolve removed 315158 rows and 339026 columns (presolve time = 425s)...
Presolve removed 315158 rows and 339026 columns (presolve time = 430s)...
Presolve removed 315158 rows and 339026 columns (presolve time = 435s)...
Presolve removed 315158 rows and 339026 columns (presolve time = 440s)...
Presolve removed 315158 rows and 339026 columns (presolve time = 445s)...
Presolve removed 315158 rows and 339026 columns (presolve time = 450s)...
Presolve removed 315158 rows and 339026 columns (presolve time = 455s)...
Presolve removed 315158 rows and 339026 columns (presolve time = 460s)...
Presolve removed 315158 rows and 339026 columns (presolve time = 465s)...
Presolve removed 315158 rows and 339026 columns (presolve time = 470s)...
Presolve removed 315158 rows and 339026 columns (presolve time = 475s)...
Presolve removed 315158 rows and 339026 columns (presolve time = 480s)...
Presolve removed 315158 rows and 339026 columns (presolve time = 485s)...
Presolve removed 315158 rows and 339026 columns (presolve time = 490s)...
Presolve removed 315158 rows and 339026 columns (presolve time = 495s)...
Presolve removed 315158 rows and 339026 columns (presolve time = 500s)...
Presolve removed 315158 rows and 339026 columns (presolve time = 505s)...
Presolve removed 315158 rows and 339026 columns (presolve time = 510s)...
Presolve removed 315158 rows and 339026 columns (presolve time = 515s)...
Presolve removed 315158 rows and 339026 columns (presolve time = 520s)...
Presolve removed 315158 rows and 339026 columns (presolve time = 525s)...
Presolve removed 315158 rows and 339026 columns (presolve time = 530s)...
Presolve removed 315158 rows and 339026 columns (presolve time = 535s)...
Presolve removed 315158 rows and 339026 columns (presolve time = 540s)...
Presolve removed 315158 rows and 339026 columns (presolve time = 545s)...
Presolve removed 315158 rows and 339026 columns (presolve time = 550s)...
Presolve removed 315158 rows and 339026 columns (presolve time = 555s)...
Presolve removed 315158 rows and 339026 columns (presolve time = 560s)...
Presolve removed 315158 rows and 339026 columns (presolve time = 565s)...
Presolve removed 315158 rows and 339026 columns (presolve time = 570s)...
Presolve removed 315158 rows and 339026 columns (presolve time = 575s)...
Presolve removed 315158 rows and 339026 columns (presolve time = 580s)...
Presolve removed 315158 rows and 339026 columns (presolve time = 585s)...
Presolve removed 315158 rows and 339026 columns (presolve time = 590s)...
Presolve removed 315158 rows and 339026 columns (presolve time = 595s)...
Presolve removed 315158 rows and 339026 columns (presolve time = 600s)...
Presolve removed 315158 rows and 339026 columns (presolve time = 605s)...
Presolve removed 315158 rows and 339026 columns (presolve time = 610s)...
Presolve removed 315158 rows and 339026 columns (presolve time = 620s)...
Presolve removed 315398 rows and 349452 columns (presolve time = 620s)...
Presolve removed 315398 rows and 349452 columns (presolve time = 625s)...
Presolve removed 315398 rows and 349452 columns (presolve time = 630s)...
Presolve removed 315398 rows and 349452 columns (presolve time = 643s)...
Presolve removed 315398 rows and 349452 columns
Presolve time: 643.58s
Presolved: 153468 rows, 447423 columns, 1957322 nonzeros
Variable types: 0 continuous, 447423 integer (447423 binary)
Starting NoRel heuristic
Found heuristic solution: objective 11232.000000
Elapsed time for NoRel heuristic: 7s (best bound 0)
Elapsed time for NoRel heuristic: 14s (best bound 0)
Elapsed time for NoRel heuristic: 19s (best bound 0)
Found heuristic solution: objective 11064.000000
Found heuristic solution: objective 10982.000000
Elapsed time for NoRel heuristic: 33s (best bound 0)
Elapsed time for NoRel heuristic: 41s (best bound 0)
Elapsed time for NoRel heuristic: 46s (best bound 0)
Found heuristic solution: objective 10728.000000
Found heuristic solution: objective 10355.000000
Elapsed time for NoRel heuristic: 68s (best bound 0)
Elapsed time for NoRel heuristic: 74s (best bound 0)
Elapsed time for NoRel heuristic: 84s (best bound 0)
Elapsed time for NoRel heuristic: 95s (best bound 0)
Elapsed time for NoRel heuristic: 111s (best bound 0)
Found heuristic solution: objective 10318.000000
Found heuristic solution: objective 10047.000000
Elapsed time for NoRel heuristic: 159s (best bound 0)
Elapsed time for NoRel heuristic: 205s (best bound 0)
Elapsed time for NoRel heuristic: 210s (best bound 0)
Elapsed time for NoRel heuristic: 225s (best bound 0)
Elapsed time for NoRel heuristic: 272s (best bound 0)
Found heuristic solution: objective 10037.000000
Found heuristic solution: objective 9908.0000000
Elapsed time for NoRel heuristic: 323s (best bound 0)
Found heuristic solution: objective 9564.0000000
Elapsed time for NoRel heuristic: 379s (best bound 0)
Elapsed time for NoRel heuristic: 415s (best bound 0)
Found heuristic solution: objective 9468.0000000
Elapsed time for NoRel heuristic: 456s (best bound 0)
Elapsed time for NoRel heuristic: 515s (best bound 0)
Elapsed time for NoRel heuristic: 574s (best bound 0)
Elapsed time for NoRel heuristic: 655s (best bound 0)
Elapsed time for NoRel heuristic: 767s (best bound 0)
Elapsed time for NoRel heuristic: 1024s (best bound 0)
NoRel heuristic complete
Root relaxation presolve removed 0 rows and 0 columns (presolve time = 5s)...
Root relaxation presolve removed 5 rows and 0 columns
Root relaxation presolved: 153463 rows, 447423 columns, 1949939 nonzeros

Deterministic concurrent LP optimizer: primal simplex, dual simplex, and barrier
Showing barrier log only...

Root barrier log...

Elapsed ordering time = 5s
Elapsed ordering time = 9s
Elapsed ordering time = 10s
Elapsed ordering time = 15s
Elapsed ordering time = 17s
Elapsed ordering time = 20s
Elapsed ordering time = 24s
Elapsed ordering time = 25s
Elapsed ordering time = 28s
Elapsed ordering time = 30s
Ordering time: 34.47s

Barrier statistics:
 AA' NZ     : 6.025e+06
 Factor NZ  : 1.156e+09 (roughly 10.0 GB of memory)
 Factor Ops : 2.378e+13 (roughly 140 seconds per iteration)
 Threads    : 4

                  Objective                Residual
Iter       Primal          Dual         Primal    Dual     Compl     Time
   0   2.55318652e+08 -6.84763662e+07  4.02e+04 1.15e+02  1.13e+03  1717s
   1   1.09685795e+08 -5.70356846e+07  1.85e+04 4.69e+01  4.34e+02  1717s
   2   5.64146815e+07 -3.52539240e+07  8.74e+03 3.52e+00  1.88e+02  1717s
   3   1.30114475e+07 -1.15958553e+07  1.21e+03 2.27e-13  3.44e+01  1717s
   4   2.96060788e+06 -2.25627538e+06  1.90e+02 2.27e-13  6.67e+00  1717s
   5   4.49830476e+05 -5.80694676e+05  2.47e+01 1.71e-13  1.23e+00  1717s
   6   9.21729360e+04 -1.44674909e+05  4.09e+00 1.71e-13  2.69e-01  1718s
   7   1.60388257e+04 -2.64888252e+04  5.33e-01 1.71e-13  4.56e-02  1718s
   8   1.40328287e+04 -1.60376248e+04  4.42e-01 1.71e-13  3.80e-02  1718s
   9   1.19183614e+04 -1.44355693e+04  3.31e-01 1.71e-13  3.28e-02  1718s
  10   1.06858147e+04 -1.01363924e+04  2.23e-01 1.71e-13  2.50e-02  1718s
  11   9.74046643e+03 -4.37588475e+03  1.51e-01 1.14e-13  1.88e-02  1719s
  12   8.81413385e+03  6.54819122e+02  9.68e-02 1.71e-13  1.21e-02  1719s
  13   8.19557126e+03  2.28260823e+03  6.50e-02 1.71e-13  8.79e-03  1719s
  14   7.14297122e+03  3.91394710e+03  2.41e-02 1.71e-13  4.39e-03  1719s
  15   6.71891441e+03  4.98439378e+03  1.07e-02 1.14e-13  2.27e-03  1720s
  16   6.56068778e+03  5.57126654e+03  6.11e-03 1.14e-13  1.31e-03  1720s
  17   6.44446192e+03  5.83224414e+03  3.08e-03 1.14e-13  7.76e-04  1721s
  18   6.38479474e+03  5.97796773e+03  1.68e-03 1.14e-13  4.97e-04  1722s
  19   6.36005465e+03  6.06576788e+03  1.13e-03 1.14e-13  3.55e-04  1723s
  20   6.33588545e+03  6.15420919e+03  6.05e-04 1.14e-13  2.14e-04  1725s
  21   6.32130890e+03  6.22042333e+03  2.82e-04 1.14e-13  1.16e-04  1727s
  22   6.31405284e+03  6.24891962e+03  1.47e-04 1.14e-13  7.32e-05  1729s
  23   6.31005291e+03  6.27620228e+03  7.31e-05 1.71e-13  3.81e-05  1732s
  24   6.30773881e+03  6.29602312e+03  3.85e-05 1.71e-13  1.43e-05  1735s
  25   6.30653601e+03  6.29836576e+03  2.27e-05 1.14e-13  9.67e-06  1739s
  26   6.30577936e+03  6.30175810e+03  1.23e-05 1.14e-13  4.87e-06  1743s
  27   6.30503383e+03  6.30430326e+03  2.99e-06 1.71e-13  9.61e-07  1747s
  28   6.30485008e+03  6.30473693e+03  6.07e-07 1.71e-13  1.62e-07  1750s
  29   6.30481721e+03  6.30479843e+03  1.22e-07 1.14e-13  2.84e-08  1754s
  30   6.30481132e+03  6.30480807e+03  2.79e-08 1.14e-13  5.16e-09  1758s
  31   6.30481025e+03  6.30480967e+03  5.52e-09 1.36e-12  9.61e-10  1762s
  32   6.30481004e+03  6.30480994e+03  1.62e-09 1.82e-12  1.73e-10  1766s
  33   6.30481001e+03  6.30480999e+03  2.76e-09 1.82e-12  2.95e-11  1770s

Barrier solved model in 33 iterations and 1770.16 seconds (1127.93 work units)
Optimal objective 6.30481001e+03


Root crossover log...

   23709 DPushes remaining with DInf 0.0000000e+00              1770s
     284 DPushes remaining with DInf 0.0000000e+00              1776s
       0 DPushes remaining with DInf 0.0000000e+00              1778s

    3510 PPushes remaining with PInf 0.0000000e+00              1778s
       0 PPushes remaining with PInf 0.0000000e+00              1779s

  Push phase complete: Pinf 0.0000000e+00, Dinf 8.6880334e-09   1779s


Root simplex log...

Iteration    Objective       Primal Inf.    Dual Inf.      Time
   27151    6.3048100e+03   0.000000e+00   0.000000e+00   1779s
Crossover time: 8.85 seconds (4.16 work units)
Waiting for other threads to finish...        1843s
Waiting for other threads to finish...        1906s
Waiting for other threads to finish...        1969s
Waiting for other threads to finish...        2032s
Waiting for other threads to finish...        2096s
Waiting for other threads to finish...        2159s
Waiting for other threads to finish...        2222s
Waiting for other threads to finish...        2285s
Waiting for other threads to finish...        2349s
Concurrent spin time: 631.57s (can be avoided by choosing Method=3)

Solved with barrier
   27151    6.3048100e+03   0.000000e+00   0.000000e+00   2411s

Root relaxation: objective 6.304810e+03, 27151 iterations, 741.10 seconds (559.81 work units)

    Nodes    |    Current Node    |     Objective Bounds      |     Work
 Expl Unexpl |  Obj  Depth IntInf | Incumbent    BestBd   Gap | It/Node Time

     0     0 6304.81000    0  357 9468.00000 6304.81000  33.4%     - 2443s
     0     0 6334.31356    0  543 9468.00000 6334.31356  33.1%     - 3416s
     0     0          -    0      9468.00000 6334.31356  33.1%     - 3600s

Cutting planes:
  Gomory: 1
  Lift-and-project: 11
  Implied bound: 2
  Flow cover: 27
  Zero half: 19
  RLT: 7

Explored 1 nodes (129676 simplex iterations) in 3600.07 seconds (2391.79 work units)
Thread count was 6 (of 24 available processors)

Solution count 10: 9468 9564 9908 ... 11064

Time limit reached
Best objective 9.468000000000e+03, best bound 6.335000000000e+03, gap 33.0904%
