
Gurobi 13.0.1 (linux64) logging started Mon Apr 27 00:46:54 2026

Set parameter LogFile to value "outputs/llm_runs/trajectories/I1_P2_patchedit_scratch_gpt5/step_01/replay_attempt_01/candidate_02_solver.log"
Set parameter Threads to value 6
Gurobi Optimizer version 13.0.1 build v13.0.1rc0 (linux64 - "Red Hat Enterprise Linux 9.6 (Plow)")

CPU model: Intel(R) Xeon(R) Gold 6226 CPU @ 2.70GHz, instruction set [SSE2|AVX|AVX2|AVX512]
Thread count: 24 physical cores, 24 logical processors, using up to 6 threads

Non-default parameters:
TimeLimit  3600
LogToConsole  0
Threads  6

Optimize a model with 401011 rows, 677376 columns and 3575208 nonzeros (Min)
Model fingerprint: 0x91fe89eb
Model has 439537 linear objective coefficients
Variable types: 0 continuous, 677376 integer (677376 binary)
Coefficient statistics:
  Matrix range     [1e+00, 2e+00]
  Objective range  [5e+00, 8e+02]
  Bounds range     [1e+00, 1e+00]
  RHS range        [1e+00, 1e+00]

Presolve removed 197212 rows and 195484 columns (presolve time = 5s)...
Presolve removed 197212 rows and 195484 columns (presolve time = 10s)...
Presolve removed 197212 rows and 195484 columns (presolve time = 15s)...
Presolve removed 197212 rows and 195484 columns (presolve time = 20s)...
Presolve removed 197212 rows and 195484 columns (presolve time = 25s)...
Presolve removed 197212 rows and 195484 columns (presolve time = 30s)...
Presolve removed 197212 rows and 195484 columns (presolve time = 35s)...
Presolve removed 197212 rows and 195484 columns (presolve time = 40s)...
Presolve removed 197212 rows and 195484 columns (presolve time = 45s)...
Presolve removed 197212 rows and 199159 columns (presolve time = 50s)...
Presolve removed 197212 rows and 199159 columns
Presolve time: 50.90s
Presolved: 203799 rows, 478217 columns, 2009688 nonzeros
Variable types: 0 continuous, 478217 integer (478217 binary)
Deterministic concurrent LP optimizer: primal simplex, dual simplex, and barrier
Showing barrier log only...

Root barrier log...

Ordering time: 7.17s
Elapsed ordering time = 7s
Elapsed ordering time = 10s
Elapsed ordering time = 10s
Elapsed ordering time = 11s
Ordering time: 11.78s

Barrier statistics:
 Dense cols : 7172
 AA' NZ     : 1.261e+06
 Factor NZ  : 9.902e+07 (roughly 1.0 GB of memory)
 Factor Ops : 7.509e+11 (roughly 6 seconds per iteration)
 Threads    : 3

                  Objective                Residual
Iter       Primal          Dual         Primal    Dual     Compl     Time
   0   4.38291888e+08 -1.35697943e+08  1.53e+04 3.81e+02  3.80e+03    69s
   1   1.97431648e+08 -1.29042730e+08  7.42e+03 2.43e+01  1.44e+03    69s
   2   9.07501265e+07 -1.00968313e+08  3.27e+03 9.09e-13  6.02e+02    69s
   3   2.28019010e+07 -5.09856622e+07  5.40e+02 5.12e-13  1.37e+02    69s
   4   9.44267617e+06 -8.83251282e+06  8.79e+01 3.41e-13  2.88e+01    69s
   5   4.00073771e+06 -2.12998408e+06  2.58e+01 2.27e-13  9.71e+00    69s
   6   7.94516263e+05 -5.53788367e+05  4.51e+00 2.27e-13  2.09e+00    69s
   7   1.52494623e+05 -1.74278060e+05  7.52e-01 3.41e-13  4.74e-01    69s
   8   3.49832427e+04 -9.10458941e+04  1.61e-01 2.27e-13  1.69e-01    69s
   9   3.02827786e+04 -8.59021443e+04  1.34e-01 2.27e-13  1.52e-01    70s
  10   2.48563036e+04 -6.15184306e+04  1.05e-01 2.27e-13  1.12e-01    70s
  11   1.90152073e+04 -4.31712532e+04  7.43e-02 2.27e-13  8.17e-02    70s
  12   1.54828910e+04 -2.05220141e+04  5.41e-02 1.14e-13  4.83e-02    70s
  13   1.17141264e+04 -1.22064496e+04  3.19e-02 1.14e-13  3.20e-02    71s
  14   7.71854174e+03 -6.03868826e+03  1.02e-02 2.27e-13  1.81e-02    71s
  15   6.24079834e+03 -3.23682294e+03  4.15e-03 2.27e-13  1.24e-02    71s
  16   5.58958955e+03 -4.76627928e+02  2.42e-03 1.14e-13  7.92e-03    71s
  17   4.91176675e+03  1.24858192e+03  1.13e-03 1.71e-13  4.77e-03    71s
  18   4.60736568e+03  2.12065509e+03  7.14e-04 2.27e-13  3.24e-03    72s
  19   4.38517842e+03  2.54997853e+03  4.49e-04 1.14e-13  2.39e-03    72s
  20   4.07838634e+03  3.46571718e+03  1.20e-04 2.91e-02  7.98e-04    76s
  21   3.95892969e+03  3.73883217e+03  2.32e-05 1.16e-02  2.84e-04    82s
  22   3.93598031e+03  3.88160964e+03  8.26e-06 2.38e-03  7.07e-05    88s
  23   3.92587593e+03  3.90783575e+03  2.34e-06 7.72e-04  2.34e-05    94s
  24   3.92228893e+03  3.91994333e+03  5.09e-07 5.15e-05  3.11e-06   100s
  25   3.92117991e+03  3.92069781e+03  4.36e-08 1.42e-05  6.31e-07   106s
  26   3.92104714e+03  3.92098033e+03  6.34e-08 1.69e-06  8.76e-08   113s
  27   3.92102659e+03  3.92102445e+03  1.49e-08 6.91e-08  2.88e-09   120s
  28   3.92102565e+03  3.92102565e+03  1.64e-09 1.01e-07  1.06e-11   126s

Barrier solved model in 28 iterations and 126.18 seconds (98.78 work units)
Optimal objective 3.92102565e+03


Root crossover log...

   17027 DPushes remaining with DInf 0.0000000e+00               126s
      87 DPushes remaining with DInf 0.0000000e+00               130s
       0 DPushes remaining with DInf 0.0000000e+00               131s

     784 PPushes remaining with PInf 5.5726121e-06               131s
       0 PPushes remaining with PInf 0.0000000e+00               131s

  Push phase complete: Pinf 0.0000000e+00, Dinf 4.3301469e-09    131s


Root simplex log...

Iteration    Objective       Primal Inf.    Dual Inf.      Time
   17747    3.9210257e+03   0.000000e+00   0.000000e+00    131s
Crossover time: 4.89 seconds (2.84 work units)
Concurrent spin time: 2.67s

Solved with barrier
   17747    3.9210257e+03   0.000000e+00   0.000000e+00    134s

Use crossover to convert LP symmetric solution to basic solution...

Root crossover log...

  201509 variables added to crossover basis                      135s
  202739 variables added to crossover basis                      140s
  203249 variables added to crossover basis                      145s
  203599 variables added to crossover basis                      150s

      75 DPushes remaining with DInf 0.0000000e+00               152s
       0 DPushes remaining with DInf 0.0000000e+00               153s

     664 PPushes remaining with PInf 0.0000000e+00               153s
       0 PPushes remaining with PInf 0.0000000e+00               153s

  Push phase complete: Pinf 0.0000000e+00, Dinf 5.7319913e-09    153s


Root simplex log...

Iteration    Objective       Primal Inf.    Dual Inf.      Time
   18416    3.9210257e+03   0.000000e+00   0.000000e+00    153s
Crossover time: 19.50 seconds (27.74 work units)

Root relaxation: objective 3.921026e+03, 18416 iterations, 100.73 seconds (94.77 work units)

    Nodes    |    Current Node    |     Objective Bounds      |     Work
 Expl Unexpl |  Obj  Depth IntInf | Incumbent    BestBd   Gap | It/Node Time

     0     0 3921.02565    0  538          - 3921.02565      -     -  231s
     0     0 3930.95202    0  593          - 3930.95202      -     - 1650s
     0     0 3930.95202    0  593          - 3930.95202      -     - 1704s
     0     0 3937.15083    0  634          - 3937.15083      -     - 3375s
H    0     0                    8644.0000000 3937.15083  54.5%     - 3376s
     0     0 3937.15083    0  634 8644.00000 3937.15083  54.5%     - 3379s

Cutting planes:
  Gomory: 1
  Lift-and-project: 1
  MIR: 121
  StrongCG: 1
  Zero half: 31
  RLT: 15

Explored 1 nodes (324609 simplex iterations) in 3614.75 seconds (2632.51 work units)
Thread count was 6 (of 24 available processors)

Solution count 1: 8644 

Time limit reached
Best objective 8.644000000000e+03, best bound 3.938000000000e+03, gap 54.4424%
