
Gurobi 13.0.1 (linux64) logging started Sun Apr 26 22:47:30 2026

Set parameter LogFile to value "outputs/llm_runs/trajectories/I2_P3_patchedit_auto_gpt41/step_01/attempt_01/candidate_01_solver.log"
Gurobi Optimizer version 13.0.1 build v13.0.1rc0 (linux64 - "Red Hat Enterprise Linux 9.6 (Plow)")

CPU model: Intel(R) Xeon(R) Gold 6226 CPU @ 2.70GHz, instruction set [SSE2|AVX|AVX2|AVX512]
Thread count: 24 physical cores, 24 logical processors, using up to 6 threads

Non-default parameters:
TimeLimit  3600
MIPGap  0.01
MIPFocus  2
NoRelHeurTime  900
RINS  2500
LogToConsole  0
Threads  6

Optimize a model with 401010 rows, 677376 columns and 3532008 nonzeros (Min)
Model fingerprint: 0x81c1f4bb
Model has 351562 linear objective coefficients
Variable types: 0 continuous, 677376 integer (677376 binary)
Coefficient statistics:
  Matrix range     [1e+00, 2e+00]
  Objective range  [5e+00, 1e+03]
  Bounds range     [1e+00, 1e+00]
  RHS range        [1e+00, 1e+00]

Warning: Completing partial solution with 677309 unfixed non-continuous variables out of 677376
User MIP start produced solution with objective 12579 (1.05s)
Loaded user MIP start with objective 12579
Processed MIP start in 1.05 seconds (0.66 work units)

Presolve removed 238488 rows and 236760 columns (presolve time = 5s)...
Presolve removed 238488 rows and 236760 columns (presolve time = 10s)...
Presolve removed 238488 rows and 236760 columns (presolve time = 15s)...
Presolve removed 238488 rows and 236760 columns (presolve time = 20s)...
Presolve removed 238488 rows and 236760 columns (presolve time = 25s)...
Presolve removed 238488 rows and 236760 columns (presolve time = 30s)...
Presolve removed 238488 rows and 236760 columns (presolve time = 35s)...
Presolve removed 238488 rows and 236760 columns (presolve time = 40s)...
Presolve removed 238488 rows and 236760 columns (presolve time = 45s)...
Presolve removed 238488 rows and 236760 columns (presolve time = 50s)...
Presolve removed 238488 rows and 236760 columns (presolve time = 55s)...
Presolve removed 238488 rows and 236760 columns (presolve time = 60s)...
Presolve removed 238488 rows and 236760 columns (presolve time = 65s)...
Presolve removed 238488 rows and 236760 columns (presolve time = 70s)...
Presolve removed 238488 rows and 236760 columns (presolve time = 75s)...
Presolve removed 238488 rows and 236760 columns (presolve time = 80s)...
Presolve removed 238488 rows and 236760 columns (presolve time = 85s)...
Presolve removed 238488 rows and 236760 columns (presolve time = 90s)...
Presolve removed 238488 rows and 236760 columns (presolve time = 95s)...
Presolve removed 238488 rows and 236760 columns (presolve time = 100s)...
Presolve removed 238488 rows and 236760 columns (presolve time = 105s)...
Presolve removed 238488 rows and 236760 columns (presolve time = 110s)...
Presolve removed 238488 rows and 236760 columns (presolve time = 115s)...
Presolve removed 238488 rows and 236760 columns (presolve time = 120s)...
Presolve removed 238488 rows and 236760 columns (presolve time = 125s)...
Presolve removed 238488 rows and 236760 columns (presolve time = 130s)...
Presolve removed 238488 rows and 236760 columns (presolve time = 135s)...
Presolve removed 238488 rows and 236760 columns (presolve time = 140s)...
Presolve removed 238488 rows and 236760 columns (presolve time = 145s)...
Presolve removed 238488 rows and 236760 columns (presolve time = 150s)...
Presolve removed 238488 rows and 236760 columns (presolve time = 155s)...
Presolve removed 238488 rows and 236760 columns (presolve time = 160s)...
Presolve removed 238488 rows and 236760 columns (presolve time = 165s)...
Presolve removed 238488 rows and 236760 columns (presolve time = 170s)...
Presolve removed 238488 rows and 236760 columns (presolve time = 175s)...
Presolve removed 238488 rows and 236760 columns (presolve time = 180s)...
Presolve removed 238488 rows and 236760 columns (presolve time = 185s)...
Presolve removed 238488 rows and 236760 columns (presolve time = 190s)...
Presolve removed 238488 rows and 236760 columns (presolve time = 195s)...
Presolve removed 238488 rows and 236760 columns (presolve time = 200s)...
Presolve removed 238488 rows and 236760 columns (presolve time = 205s)...
Presolve removed 238488 rows and 236760 columns (presolve time = 210s)...
Presolve removed 238488 rows and 236760 columns (presolve time = 215s)...
Presolve removed 238488 rows and 236760 columns (presolve time = 220s)...
Presolve removed 238488 rows and 236760 columns (presolve time = 230s)...
Presolve removed 238488 rows and 236760 columns (presolve time = 236s)...
Presolve removed 238488 rows and 236760 columns (presolve time = 241s)...
Presolve removed 238488 rows and 236760 columns (presolve time = 246s)...
Presolve removed 238488 rows and 236760 columns (presolve time = 251s)...
Presolve removed 238488 rows and 236760 columns (presolve time = 257s)...
Presolve removed 238488 rows and 236760 columns (presolve time = 262s)...
Presolve removed 238488 rows and 236760 columns (presolve time = 272s)...
Presolve removed 238488 rows and 236760 columns (presolve time = 277s)...
Presolve removed 238488 rows and 236760 columns (presolve time = 283s)...
Presolve removed 238488 rows and 236760 columns (presolve time = 288s)...
Presolve removed 238488 rows and 236760 columns (presolve time = 293s)...
Presolve removed 238488 rows and 236760 columns (presolve time = 299s)...
Presolve removed 238488 rows and 236760 columns (presolve time = 304s)...
Presolve removed 238488 rows and 236760 columns (presolve time = 307s)...
Presolve removed 239225 rows and 267317 columns (presolve time = 310s)...
Presolve removed 239225 rows and 267317 columns (presolve time = 315s)...
Presolve removed 239225 rows and 267317 columns (presolve time = 320s)...
Presolve removed 239225 rows and 267317 columns (presolve time = 325s)...
Presolve removed 239225 rows and 267317 columns (presolve time = 330s)...
Presolve removed 239225 rows and 267317 columns (presolve time = 335s)...
Presolve removed 239225 rows and 267317 columns (presolve time = 340s)...
Presolve removed 239225 rows and 267317 columns (presolve time = 345s)...
Presolve removed 239225 rows and 267317 columns (presolve time = 350s)...
Presolve removed 239225 rows and 267317 columns (presolve time = 355s)...
Presolve removed 239225 rows and 267317 columns (presolve time = 360s)...
Presolve removed 239225 rows and 267317 columns (presolve time = 365s)...
Presolve removed 239225 rows and 267317 columns (presolve time = 370s)...
Presolve removed 239225 rows and 267317 columns (presolve time = 375s)...
Presolve removed 239225 rows and 267317 columns (presolve time = 380s)...
Presolve removed 239225 rows and 267317 columns (presolve time = 385s)...
Presolve removed 239225 rows and 267317 columns (presolve time = 390s)...
Presolve removed 239225 rows and 267317 columns (presolve time = 395s)...
Presolve removed 239225 rows and 267317 columns (presolve time = 400s)...
Presolve removed 239225 rows and 267317 columns (presolve time = 405s)...
Presolve removed 239225 rows and 267317 columns (presolve time = 410s)...
Presolve removed 239225 rows and 267317 columns (presolve time = 415s)...
Presolve removed 239225 rows and 267317 columns (presolve time = 420s)...
Presolve removed 239225 rows and 267317 columns (presolve time = 425s)...
Presolve removed 239225 rows and 267317 columns (presolve time = 430s)...
Presolve removed 239225 rows and 267317 columns (presolve time = 435s)...
Presolve removed 239225 rows and 267317 columns (presolve time = 440s)...
Presolve removed 239225 rows and 267317 columns (presolve time = 445s)...
Presolve removed 239225 rows and 267317 columns (presolve time = 450s)...
Presolve removed 239225 rows and 267317 columns (presolve time = 455s)...
Presolve removed 239225 rows and 267317 columns (presolve time = 460s)...
Presolve removed 239225 rows and 267317 columns (presolve time = 465s)...
Presolve removed 239225 rows and 267317 columns (presolve time = 470s)...
Presolve removed 239225 rows and 267317 columns (presolve time = 475s)...
Presolve removed 239225 rows and 267317 columns (presolve time = 480s)...
Presolve removed 239225 rows and 267317 columns (presolve time = 485s)...
Presolve removed 239225 rows and 267317 columns (presolve time = 490s)...
Presolve removed 239225 rows and 267317 columns (presolve time = 495s)...
Presolve removed 239225 rows and 267317 columns (presolve time = 500s)...
Presolve removed 239225 rows and 267317 columns (presolve time = 505s)...
Presolve removed 239225 rows and 267317 columns (presolve time = 510s)...
Presolve removed 239225 rows and 267317 columns (presolve time = 515s)...
Presolve removed 239225 rows and 267317 columns (presolve time = 520s)...
Presolve removed 239225 rows and 267317 columns (presolve time = 525s)...
Presolve removed 239225 rows and 267317 columns (presolve time = 530s)...
Presolve removed 239225 rows and 267317 columns (presolve time = 535s)...
Presolve removed 239225 rows and 267317 columns (presolve time = 540s)...
Presolve removed 239225 rows and 267317 columns (presolve time = 551s)...
Presolve removed 239225 rows and 267317 columns (presolve time = 556s)...
Presolve removed 239225 rows and 267317 columns (presolve time = 561s)...
Presolve removed 239225 rows and 267317 columns (presolve time = 566s)...
Presolve removed 239225 rows and 267317 columns (presolve time = 572s)...
Presolve removed 239225 rows and 267317 columns (presolve time = 577s)...
Presolve removed 239225 rows and 267317 columns (presolve time = 582s)...
Presolve removed 239225 rows and 267317 columns (presolve time = 587s)...
Presolve removed 239225 rows and 267317 columns (presolve time = 593s)...
Presolve removed 239225 rows and 267317 columns (presolve time = 598s)...
Presolve removed 239225 rows and 267317 columns (presolve time = 603s)...
Presolve removed 239225 rows and 267317 columns (presolve time = 608s)...
Presolve removed 239225 rows and 267317 columns (presolve time = 614s)...
Presolve removed 239225 rows and 267317 columns (presolve time = 618s)...
Presolve removed 239705 rows and 284299 columns (presolve time = 620s)...
Presolve removed 239705 rows and 284299 columns (presolve time = 625s)...
Presolve removed 239705 rows and 284299 columns (presolve time = 635s)...
Presolve removed 239705 rows and 284299 columns (presolve time = 640s)...
Presolve removed 239705 rows and 284299 columns (presolve time = 645s)...
Presolve removed 239705 rows and 284299 columns (presolve time = 651s)...
Presolve removed 239705 rows and 284299 columns (presolve time = 656s)...
Presolve removed 239705 rows and 284299 columns (presolve time = 661s)...
Presolve removed 239705 rows and 284299 columns (presolve time = 666s)...
Presolve removed 239705 rows and 284299 columns (presolve time = 672s)...
Presolve removed 239705 rows and 284299 columns (presolve time = 677s)...
Presolve removed 239705 rows and 284299 columns (presolve time = 682s)...
Presolve removed 239705 rows and 284299 columns (presolve time = 688s)...
Presolve removed 239705 rows and 284299 columns (presolve time = 693s)...
Presolve removed 239705 rows and 284299 columns (presolve time = 698s)...
Presolve removed 239705 rows and 284299 columns (presolve time = 703s)...
Presolve removed 239705 rows and 284299 columns (presolve time = 709s)...
Presolve removed 239705 rows and 284299 columns (presolve time = 714s)...
Presolve removed 239705 rows and 284299 columns (presolve time = 719s)...
Presolve removed 239705 rows and 284299 columns (presolve time = 726s)...
Presolve removed 239705 rows and 284299 columns (presolve time = 731s)...
Presolve removed 239705 rows and 284299 columns (presolve time = 736s)...
Presolve removed 239705 rows and 284299 columns (presolve time = 742s)...
Presolve removed 239705 rows and 284299 columns (presolve time = 747s)...
Presolve removed 239705 rows and 284299 columns (presolve time = 752s)...
Presolve removed 239705 rows and 284299 columns (presolve time = 757s)...
Presolve removed 239705 rows and 284299 columns (presolve time = 763s)...
Presolve removed 239705 rows and 284299 columns (presolve time = 768s)...
Presolve removed 239705 rows and 284299 columns (presolve time = 773s)...
Presolve removed 239705 rows and 284299 columns (presolve time = 778s)...
Presolve removed 239705 rows and 284299 columns (presolve time = 784s)...
Presolve removed 239705 rows and 284299 columns (presolve time = 789s)...
Presolve removed 239705 rows and 284299 columns (presolve time = 794s)...
Presolve removed 239705 rows and 284299 columns (presolve time = 799s)...
Presolve removed 239705 rows and 284299 columns (presolve time = 805s)...
Presolve removed 239705 rows and 284299 columns (presolve time = 810s)...
Presolve removed 239705 rows and 284299 columns (presolve time = 815s)...
Presolve removed 239705 rows and 284299 columns (presolve time = 821s)...
Presolve removed 239705 rows and 284299 columns (presolve time = 826s)...
Presolve removed 239705 rows and 284299 columns (presolve time = 831s)...
Presolve removed 239705 rows and 284299 columns (presolve time = 836s)...
Presolve removed 239705 rows and 284299 columns (presolve time = 842s)...
Presolve removed 239705 rows and 284299 columns (presolve time = 847s)...
Presolve removed 239705 rows and 284299 columns (presolve time = 852s)...
Presolve removed 239705 rows and 292121 columns (presolve time = 894s)...
Presolve removed 239983 rows and 292127 columns (presolve time = 895s)...
Presolve removed 239983 rows and 292127 columns (presolve time = 900s)...
Presolve removed 239983 rows and 292127 columns (presolve time = 905s)...
Presolve removed 239983 rows and 292127 columns (presolve time = 910s)...
Presolve removed 239983 rows and 292127 columns (presolve time = 915s)...
Presolve removed 239983 rows and 292127 columns (presolve time = 920s)...
Presolve removed 239983 rows and 292127 columns (presolve time = 925s)...
Presolve removed 239983 rows and 292127 columns (presolve time = 930s)...
Presolve removed 239983 rows and 292127 columns (presolve time = 935s)...
Presolve removed 239983 rows and 292127 columns (presolve time = 940s)...
Presolve removed 239983 rows and 292127 columns (presolve time = 945s)...
Presolve removed 239983 rows and 292127 columns (presolve time = 950s)...
Presolve removed 239983 rows and 292127 columns (presolve time = 955s)...
Presolve removed 239983 rows and 292127 columns (presolve time = 960s)...
Presolve removed 239983 rows and 292127 columns (presolve time = 965s)...
Presolve removed 239983 rows and 292127 columns (presolve time = 970s)...
Presolve removed 239983 rows and 292127 columns (presolve time = 975s)...
Presolve removed 239983 rows and 292127 columns (presolve time = 980s)...
Presolve removed 239983 rows and 292127 columns (presolve time = 985s)...
Presolve removed 239983 rows and 292127 columns (presolve time = 990s)...
Presolve removed 239983 rows and 292127 columns (presolve time = 995s)...
Presolve removed 239983 rows and 292127 columns (presolve time = 1000s)...
Presolve removed 239983 rows and 292127 columns (presolve time = 1005s)...
Presolve removed 239983 rows and 292127 columns (presolve time = 1010s)...
Presolve removed 239983 rows and 292127 columns (presolve time = 1015s)...
Presolve removed 239983 rows and 292127 columns (presolve time = 1020s)...
Presolve removed 239983 rows and 292127 columns (presolve time = 1025s)...
Presolve removed 239983 rows and 292127 columns (presolve time = 1030s)...
Presolve removed 239983 rows and 292127 columns (presolve time = 1035s)...
Presolve removed 239983 rows and 292127 columns (presolve time = 1040s)...
Presolve removed 239983 rows and 292127 columns (presolve time = 1045s)...
Presolve removed 239983 rows and 292127 columns (presolve time = 1050s)...
Presolve removed 239983 rows and 292127 columns (presolve time = 1055s)...
Presolve removed 239983 rows and 292127 columns (presolve time = 1060s)...
Presolve removed 239983 rows and 292127 columns (presolve time = 1065s)...
Presolve removed 239983 rows and 292127 columns (presolve time = 1070s)...
Presolve removed 239983 rows and 292127 columns (presolve time = 1075s)...
Presolve removed 239983 rows and 292127 columns (presolve time = 1080s)...
Presolve removed 240028 rows and 294495 columns (presolve time = 1085s)...
Presolve removed 240028 rows and 294495 columns (presolve time = 1090s)...
Presolve removed 240028 rows and 294495 columns
Presolve time: 1090.07s
Presolved: 160982 rows, 382881 columns, 1626864 nonzeros
Variable types: 0 continuous, 382881 integer (382881 binary)
Starting NoRel heuristic
Found heuristic solution: objective 12432.000000
Found heuristic solution: objective 12289.000000
Elapsed time for NoRel heuristic: 10s (best bound 0)
Elapsed time for NoRel heuristic: 16s (best bound 0)
Found heuristic solution: objective 12080.000000
Found heuristic solution: objective 11952.000000
Found heuristic solution: objective 11578.000000
Found heuristic solution: objective 11439.000000
Elapsed time for NoRel heuristic: 74s (best bound 0)
Found heuristic solution: objective 10753.000000
Elapsed time for NoRel heuristic: 79s (best bound 0)
Elapsed time for NoRel heuristic: 87s (best bound 0)
Elapsed time for NoRel heuristic: 93s (best bound 0)
Elapsed time for NoRel heuristic: 99s (best bound 0)
Elapsed time for NoRel heuristic: 104s (best bound 0)
Elapsed time for NoRel heuristic: 110s (best bound 0)
Elapsed time for NoRel heuristic: 115s (best bound 0)
Elapsed time for NoRel heuristic: 121s (best bound 0)
Elapsed time for NoRel heuristic: 128s (best bound 0)
Found heuristic solution: objective 10492.000000
Found heuristic solution: objective 10324.000000
Elapsed time for NoRel heuristic: 191s (best bound 0)
Elapsed time for NoRel heuristic: 258s (best bound 0)
Found heuristic solution: objective 10281.000000
Elapsed time for NoRel heuristic: 263s (best bound 0)
Elapsed time for NoRel heuristic: 273s (best bound 0)
Found heuristic solution: objective 10038.000000
Elapsed time for NoRel heuristic: 404s (best bound 0)
Found heuristic solution: objective 10027.000000
Elapsed time for NoRel heuristic: 485s (best bound 0)
Found heuristic solution: objective 9854.0000000
Elapsed time for NoRel heuristic: 574s (best bound 0)
Elapsed time for NoRel heuristic: 653s (best bound 0)
Found heuristic solution: objective 9838.0000000
Elapsed time for NoRel heuristic: 724s (best bound 0)
Found heuristic solution: objective 9719.0000000
Elapsed time for NoRel heuristic: 822s (best bound 0)
Elapsed time for NoRel heuristic: 889s (best bound 0)
Elapsed time for NoRel heuristic: 984s (best bound 0)
NoRel heuristic complete
Root relaxation presolve removed 14 rows and 0 columns (presolve time = 5s)...
Root relaxation presolve removed 14 rows and 0 columns
Root relaxation presolved: 160968 rows, 382881 columns, 1567897 nonzeros

Deterministic concurrent LP optimizer: primal simplex, dual simplex, and barrier
Showing barrier log only...

Root barrier log...

Elapsed ordering time = 5s
Ordering time: 7.81s
Elapsed ordering time = 8s
Elapsed ordering time = 10s
Elapsed ordering time = 12s
Elapsed ordering time = 15s
Elapsed ordering time = 15s
Elapsed ordering time = 18s
Elapsed ordering time = 20s
Elapsed ordering time = 20s
Ordering time: 22.49s

Barrier statistics:
 Dense cols : 6455
 AA' NZ     : 2.088e+06
 Factor NZ  : 1.414e+08 (roughly 1.4 GB of memory)
 Factor Ops : 1.156e+12 (roughly 7 seconds per iteration)
 Threads    : 4

                  Objective                Residual
Iter       Primal          Dual         Primal    Dual     Compl     Time
   0   1.70404550e+08 -1.06091223e+08  2.44e+04 1.96e+02  1.22e+03  2106s
   1   8.26567056e+07 -8.03651205e+07  1.12e+04 5.69e+01  4.90e+02  2106s
   2   3.91593434e+07 -4.14501612e+07  4.70e+03 5.12e-13  1.78e+02  2106s
   3   1.36752412e+07 -9.97051756e+06  1.08e+03 4.26e-13  4.16e+01  2107s
   4   3.02409654e+06 -2.19776503e+06  1.69e+02 4.09e-13  8.15e+00  2107s
   5   5.30138307e+05 -5.84967125e+05  2.58e+01 3.86e-13  1.61e+00  2107s
   6   1.19814919e+05 -1.34973768e+05  5.02e+00 4.00e-13  3.49e-01  2107s
   7   2.26282420e+04 -5.06292085e+04  7.47e-01 3.91e-13  8.87e-02  2107s
   8   1.95329887e+04 -4.06321065e+04  5.96e-01 3.12e-13  7.58e-02  2107s
   9   1.57780868e+04 -3.30778422e+04  4.18e-01 3.66e-13  6.21e-02  2107s
  10   1.36766576e+04 -1.55008555e+04  3.12e-01 3.28e-13  4.08e-02  2108s
  11   1.01780629e+04 -7.31798233e+03  1.27e-01 3.35e-13  2.35e-02  2108s
  12   9.11274705e+03 -4.49247887e+03  6.45e-02 3.09e-13  1.73e-02  2108s
  13   7.85709657e+03 -4.85441759e+02  1.41e-02 3.00e-13  9.92e-03  2108s
  14   7.36471651e+03  1.30167217e+03  3.68e-03 3.00e-13  6.94e-03  2109s
  15   7.10722293e+03  2.76873546e+03  1.72e-03 3.42e-13  4.93e-03  2109s
  16   6.82211961e+03  5.07471024e+03  4.28e-04 1.24e-05  1.97e-03  2117s
  17   6.66368444e+03  6.10453442e+03  4.98e-05 3.91e-06  6.26e-04  2124s
  18   6.62654866e+03  6.40434806e+03  1.04e-05 1.55e-06  2.48e-04  2132s
  19   6.61446691e+03  6.58713562e+03  2.16e-06 1.59e-07  3.10e-05  2139s
  20   6.60961781e+03  6.60858895e+03  1.68e-07 2.12e-07  1.20e-06  2147s
  21   6.60914743e+03  6.60912575e+03  6.06e-08 3.37e-09  2.66e-08  2155s
  22   6.60913119e+03  6.60913110e+03  1.54e-09 7.88e-10  1.34e-10  2162s
  23   6.60913119e+03  6.60913110e+03  1.48e-09 5.21e-07  1.29e-10  2170s
  24   6.60913115e+03  6.60913115e+03  5.98e-11 7.97e-08  2.11e-12  2177s

Barrier solved model in 24 iterations and 2177.14 seconds (1282.34 work units)
Optimal objective 6.60913115e+03


Root crossover log...

   21286 DPushes remaining with DInf 0.0000000e+00              2177s
     683 DPushes remaining with DInf 0.0000000e+00              2181s
     163 DPushes remaining with DInf 0.0000000e+00              2185s
       0 DPushes remaining with DInf 0.0000000e+00              2187s

     956 PPushes remaining with PInf 0.0000000e+00              2187s
       0 PPushes remaining with PInf 0.0000000e+00              2187s

  Push phase complete: Pinf 0.0000000e+00, Dinf 1.0616925e-06   2187s


Root simplex log...

Iteration    Objective       Primal Inf.    Dual Inf.      Time
   22186    6.6091311e+03   0.000000e+00   0.000000e+00   2187s
Crossover time: 10.00 seconds (4.40 work units)
Concurrent spin time: 21.78s (can be avoided by choosing Method=3)

Solved with barrier
   22186    6.6091311e+03   0.000000e+00   0.000000e+00   2209s

Root relaxation: objective 6.609131e+03, 22186 iterations, 133.78 seconds (81.78 work units)

    Nodes    |    Current Node    |     Objective Bounds      |     Work
 Expl Unexpl |  Obj  Depth IntInf | Incumbent    BestBd   Gap | It/Node Time

     0     0 6609.13115    0  543 9719.00000 6609.13115  32.0%     - 2228s
     0     0 6717.56978    0  431 9719.00000 6717.56978  30.9%     - 2875s
     0     0 6717.56978    0  413 9719.00000 6717.56978  30.9%     - 3169s
     0     0 6726.90321    0  599 9719.00000 6726.90321  30.8%     - 3330s
     0     0 6740.21773    0  557 9719.00000 6740.21773  30.6%     - 3438s
     0     0 6740.24551    0  519 9719.00000 6740.24551  30.6%     - 3445s
     0     0 6740.24596    0  543 9719.00000 6740.24596  30.6%     - 3447s
     0     0 6756.60908    0  607 9719.00000 6756.60908  30.5%     - 3563s
     0     0 6756.73853    0  632 9719.00000 6756.73853  30.5%     - 3577s
     0     0 6756.73985    0  635 9719.00000 6756.73985  30.5%     - 3578s

Cutting planes:
  Gomory: 1
  Lift-and-project: 12
  Implied bound: 46
  Flow cover: 256
  Zero half: 73
  RLT: 40

Explored 1 nodes (158766 simplex iterations) in 3601.40 seconds (2411.67 work units)
Thread count was 6 (of 24 available processors)

Solution count 10: 9719 9838 9854 ... 11439

Time limit reached
Best objective 9.719000000000e+03, best bound 6.757000000000e+03, gap 30.4764%
