
Gurobi 13.0.1 (linux64) logging started Mon Apr 27 02:58:19 2026

Set parameter LogFile to value "outputs/llm_runs/trajectories/I5_P5_patchedit_auto_gpt41/step_01/attempt_01/candidate_01_solver.log"
Gurobi Optimizer version 13.0.1 build v13.0.1rc0 (linux64 - "Red Hat Enterprise Linux 9.6 (Plow)")

CPU model: Intel(R) Xeon(R) Gold 6226 CPU @ 2.70GHz, instruction set [SSE2|AVX|AVX2|AVX512]
Thread count: 24 physical cores, 24 logical processors, using up to 6 threads

Non-default parameters:
TimeLimit  3600
MIPGap  0.01
NoRelHeurTime  900
RINS  2500
LogToConsole  0
PrePasses  2
Threads  6

Optimize a model with 401007 rows, 677376 columns and 3542376 nonzeros (Min)
Model fingerprint: 0x126e7363
Model has 271709 linear objective coefficients
Variable types: 0 continuous, 677376 integer (677376 binary)
Coefficient statistics:
  Matrix range     [1e+00, 3e+03]
  Objective range  [5e+00, 1e+03]
  Bounds range     [1e+00, 1e+00]
  RHS range        [1e+00, 4e+03]

Presolve removed 276352 rows and 291904 columns (presolve time = 5s)...
Presolve removed 276352 rows and 291904 columns (presolve time = 10s)...
Presolve removed 276352 rows and 291904 columns
Presolve time: 11.81s
Presolved: 124655 rows, 385472 columns, 1771176 nonzeros
Variable types: 0 continuous, 385472 integer (385472 binary)
Starting NoRel heuristic
Found phase-1 solution: relaxation 62
Elapsed time for NoRel heuristic: 6s (best bound 0)
Elapsed time for NoRel heuristic: 16s (best bound 0)
Elapsed time for NoRel heuristic: 24s (best bound 0)
Elapsed time for NoRel heuristic: 35s (best bound 0)
Elapsed time for NoRel heuristic: 44s (best bound 0)
Found heuristic solution: objective 4715.0000000
Found heuristic solution: objective 4574.0000000
Transition to phase 2
Elapsed time for NoRel heuristic: 55s (best bound 0)
Elapsed time for NoRel heuristic: 64s (best bound 0)
Elapsed time for NoRel heuristic: 69s (best bound 0)
Found heuristic solution: objective 4539.0000000
Found heuristic solution: objective 4453.0000000
Found heuristic solution: objective 4420.0000000
Found heuristic solution: objective 3824.0000000
Found heuristic solution: objective 3727.0000000
Found heuristic solution: objective 3494.0000000
Elapsed time for NoRel heuristic: 83s (best bound 0)
Found heuristic solution: objective 3468.0000000
Elapsed time for NoRel heuristic: 92s (best bound 0)
Elapsed time for NoRel heuristic: 98s (best bound 0)
Elapsed time for NoRel heuristic: 104s (best bound 0)
Found heuristic solution: objective 3399.0000000
Found heuristic solution: objective 3248.0000000
Found heuristic solution: objective 3093.0000000
Elapsed time for NoRel heuristic: 116s (best bound 0)
Elapsed time for NoRel heuristic: 126s (best bound 0)
Found heuristic solution: objective 2983.0000000
Found heuristic solution: objective 2851.0000000
Elapsed time for NoRel heuristic: 134s (best bound 0)
Elapsed time for NoRel heuristic: 145s (best bound 0)
Found heuristic solution: objective 2760.0000000
Elapsed time for NoRel heuristic: 151s (best bound 0)
Elapsed time for NoRel heuristic: 157s (best bound 0)
Found heuristic solution: objective 2753.0000000
Elapsed time for NoRel heuristic: 167s (best bound 0)
Elapsed time for NoRel heuristic: 173s (best bound 0)
Elapsed time for NoRel heuristic: 185s (best bound 0)
Found heuristic solution: objective 2748.0000000
Elapsed time for NoRel heuristic: 197s (best bound 0)
Found heuristic solution: objective 2738.0000000
Elapsed time for NoRel heuristic: 211s (best bound 0)
Found heuristic solution: objective 2716.0000000
Elapsed time for NoRel heuristic: 217s (best bound 0)
Elapsed time for NoRel heuristic: 235s (best bound 0)
Found heuristic solution: objective 2697.0000000
Elapsed time for NoRel heuristic: 245s (best bound 0)
Elapsed time for NoRel heuristic: 261s (best bound 0)
Elapsed time for NoRel heuristic: 274s (best bound 0)
Elapsed time for NoRel heuristic: 288s (best bound 0)
Elapsed time for NoRel heuristic: 312s (best bound 0)
Elapsed time for NoRel heuristic: 359s (best bound 0)
Elapsed time for NoRel heuristic: 401s (best bound 0)
Elapsed time for NoRel heuristic: 447s (best bound 0)
Found heuristic solution: objective 2690.0000000
Found heuristic solution: objective 2687.0000000
Elapsed time for NoRel heuristic: 530s (best bound 0)
Found heuristic solution: objective 2682.0000000
Elapsed time for NoRel heuristic: 558s (best bound 0)
Elapsed time for NoRel heuristic: 590s (best bound 0)
Elapsed time for NoRel heuristic: 626s (best bound 0)
Elapsed time for NoRel heuristic: 663s (best bound 0)
Elapsed time for NoRel heuristic: 786s (best bound 0)
Elapsed time for NoRel heuristic: 891s (best bound 0)
Elapsed time for NoRel heuristic: 1026s (best bound 0)
NoRel heuristic complete
Deterministic concurrent LP optimizer: primal simplex, dual simplex, and barrier
Showing barrier log only...

Root barrier log...

Ordering time: 2.94s
Elapsed ordering time = 5s
Elapsed ordering time = 5s
Ordering time: 5.84s

Barrier statistics:
 Dense cols : 3547
 AA' NZ     : 5.727e+05
 Factor NZ  : 3.280e+07 (roughly 350 MB of memory)
 Factor Ops : 1.318e+11 (roughly 1 second per iteration)
 Threads    : 4

                  Objective                Residual
Iter       Primal          Dual         Primal    Dual     Compl     Time
   0   2.48921693e+08 -1.56155977e+08  6.24e+03 1.16e+03  6.78e+03  1048s
   1   1.10813512e+08 -1.36683460e+08  2.75e+03 2.73e-12  2.49e+03  1048s
   2   3.50297896e+07 -8.64502130e+07  7.18e+02 1.82e-12  7.17e+02  1048s
   3   1.10417656e+07 -2.26006305e+07  1.01e+02 1.36e-12  1.36e+02  1048s
   4   5.78937022e+06 -3.72747351e+06  2.72e+01 9.09e-13  3.83e+01  1048s
   5   1.73420377e+06 -1.10035408e+06  8.14e+00 9.09e-13  1.15e+01  1048s
   6   3.44846560e+05 -5.66861934e+05  1.56e+00 9.09e-13  3.27e+00  1048s
   7   6.31806036e+04 -1.84214025e+05  2.58e-01 9.09e-13  8.13e-01  1048s
   8   4.76921709e+04 -1.45183083e+05  1.87e-01 4.55e-13  6.17e-01  1048s
   9   3.34360596e+04 -1.11244640e+05  1.20e-01 4.55e-13  4.56e-01  1048s
  10   2.18907651e+04 -6.54787340e+04  6.71e-02 4.55e-13  2.72e-01  1048s
  11   1.71723524e+04 -5.11870545e+04  4.72e-02 9.09e-13  2.11e-01  1048s
  12   1.21112552e+04 -3.29335529e+04  2.66e-02 9.09e-13  1.37e-01  1048s
  13   8.16525559e+03 -2.28748388e+04  1.29e-02 4.55e-13  9.41e-02  1049s
  14   7.01922393e+03 -1.36211274e+04  9.39e-03 4.55e-13  6.26e-02  1049s
  15   5.35290045e+03 -8.16410870e+03  5.36e-03 4.55e-13  4.09e-02  1049s
  16   3.71021670e+03 -4.93474717e+03  1.54e-03 1.03e-04  2.60e-02  1049s
  17   3.41972472e+03 -6.63466667e+02  1.20e-03 4.13e-05  1.23e-02  1050s
  18   2.33500192e+03  1.13204727e+03  1.68e-04 1.39e-05  3.61e-03  1051s
  19   2.05668396e+03  1.96954275e+03  2.84e-06 8.74e-07  2.61e-04  1053s
  20   2.03817618e+03  2.03601608e+03  1.03e-07 3.48e-09  6.50e-06  1054s
  21   2.03700067e+03  2.03699901e+03  9.93e-11 4.78e-10  5.00e-09  1055s
  22   2.03700000e+03  2.03700000e+03  4.03e-12 3.97e-10  5.00e-12  1056s

Barrier solved model in 22 iterations and 1055.63 seconds (759.34 work units)
Optimal objective 2.03700000e+03


Root crossover log...

    9883 DPushes remaining with DInf 0.0000000e+00              1056s
       0 DPushes remaining with DInf 0.0000000e+00              1056s

     415 PPushes remaining with PInf 0.0000000e+00              1056s
       0 PPushes remaining with PInf 0.0000000e+00              1056s

  Push phase complete: Pinf 0.0000000e+00, Dinf 3.3706726e-09   1056s


Root simplex log...

Iteration    Objective       Primal Inf.    Dual Inf.      Time
   10242    2.0370000e+03   0.000000e+00   0.000000e+00   1056s
Crossover time: 0.73 seconds (0.43 work units)
Concurrent spin time: 0.00s

Solved with barrier
   10242    2.0370000e+03   0.000000e+00   0.000000e+00   1056s

Use crossover to convert LP symmetric solution to basic solution...

Root crossover log...

   12261 DPushes remaining with DInf 0.0000000e+00              1057s
       0 DPushes remaining with DInf 0.0000000e+00              1059s

     527 PPushes remaining with PInf 0.0000000e+00              1059s
       0 PPushes remaining with PInf 0.0000000e+00              1059s

  Push phase complete: Pinf 0.0000000e+00, Dinf 1.2012862e-09   1059s


Root simplex log...

Iteration    Objective       Primal Inf.    Dual Inf.      Time
   22883    2.0370000e+03   0.000000e+00   0.000000e+00   1060s
Crossover time: 3.08 seconds (2.22 work units)

Root relaxation: objective 2.037000e+03, 22883 iterations, 19.52 seconds (14.57 work units)

    Nodes    |    Current Node    |     Objective Bounds      |     Work
 Expl Unexpl |  Obj  Depth IntInf | Incumbent    BestBd   Gap | It/Node Time

     0     0 2037.00000    0  269 2682.00000 2037.00000  24.0%     - 1175s
     0     0 2037.00000    0  220 2682.00000 2037.00000  24.0%     - 1291s
     0     0 2037.00000    0  201 2682.00000 2037.00000  24.0%     - 1632s
     0     0 2037.00000    0  201 2682.00000 2037.00000  24.0%     - 1632s
     0     0 2037.00000    0  186 2682.00000 2037.00000  24.0%     - 1743s
     0     0 2037.00000    0  212 2682.00000 2037.00000  24.0%     - 2291s
     0     0 2037.00000    0  212 2682.00000 2037.00000  24.0%     - 2291s
     0     0 2037.00000    0  190 2682.00000 2037.00000  24.0%     - 2489s
     0     0 2037.00000    0  196 2682.00000 2037.00000  24.0%     - 2966s
     0     0 2037.00000    0  196 2682.00000 2037.00000  24.0%     - 2966s
     0     0 2037.00000    0  177 2682.00000 2037.00000  24.0%     - 3194s
     0     0 2037.00000    0  177 2682.00000 2037.00000  24.0%     - 3195s
     0     0 2037.00000    0  173 2682.00000 2037.00000  24.0%     - 3214s
     0     0 2037.00000    0  242 2682.00000 2037.00000  24.0%     - 3480s
     0     0 2037.00000    0  242 2682.00000 2037.00000  24.0%     - 3480s

Cutting planes:
  Lift-and-project: 1
  MIR: 21
  Zero half: 79
  RLT: 1

Explored 1 nodes (366738 simplex iterations) in 3600.05 seconds (2865.16 work units)
Thread count was 6 (of 24 available processors)

Solution count 10: 2682 2687 2690 ... 2851

Time limit reached
Best objective 2.682000000000e+03, best bound 2.037000000000e+03, gap 24.0492%
