
Gurobi 13.0.1 (linux64) logging started Mon Apr 27 02:58:20 2026

Set parameter LogFile to value "outputs/llm_runs/trajectories/I5_P1_patchedit_auto_gpt41/step_01/attempt_01/candidate_01_solver.log"
Gurobi Optimizer version 13.0.1 build v13.0.1rc0 (linux64 - "Red Hat Enterprise Linux 9.6 (Plow)")

CPU model: Intel(R) Xeon(R) Gold 6226 CPU @ 2.70GHz, instruction set [SSE2|AVX|AVX2|AVX512]
Thread count: 24 physical cores, 24 logical processors, using up to 6 threads

Non-default parameters:
TimeLimit  3600
MIPGap  0.01
NoRelHeurTime  900
RINS  2500
LogToConsole  0
PrePasses  2
Threads  6

Optimize a model with 401007 rows, 677376 columns and 3515304 nonzeros (Min)
Model fingerprint: 0x04d806db
Model has 271709 linear objective coefficients
Variable types: 0 continuous, 677376 integer (677376 binary)
Coefficient statistics:
  Matrix range     [1e+00, 2e+00]
  Objective range  [5e+00, 1e+03]
  Bounds range     [1e+00, 1e+00]
  RHS range        [1e+00, 1e+00]

Warning: Completing partial solution with 677309 unfixed non-continuous variables out of 677376
User MIP start produced solution with objective 12790 (1.01s)
Loaded user MIP start with objective 12790
Processed MIP start in 1.01 seconds (0.65 work units)

Presolve removed 280728 rows and 321965 columns (presolve time = 5s)...
Presolve removed 282258 rows and 360116 columns (presolve time = 10s)...
Presolve removed 285759 rows and 360116 columns
Presolve time: 10.36s
Presolved: 115248 rows, 317260 columns, 1249788 nonzeros
Variable types: 0 continuous, 317260 integer (317260 binary)
Starting NoRel heuristic
Found heuristic solution: objective 11999.000000
Found heuristic solution: objective 11209.000000
Found heuristic solution: objective 7420.0000000
Elapsed time for NoRel heuristic: 8s (best bound 0)
Elapsed time for NoRel heuristic: 14s (best bound 0)
Found heuristic solution: objective 5744.0000000
Found heuristic solution: objective 5325.0000000
Found heuristic solution: objective 3888.0000000
Elapsed time for NoRel heuristic: 24s (best bound 0)
Elapsed time for NoRel heuristic: 29s (best bound 0)
Found heuristic solution: objective 3770.0000000
Found heuristic solution: objective 3738.0000000
Elapsed time for NoRel heuristic: 41s (best bound 0)
Elapsed time for NoRel heuristic: 46s (best bound 0)
Found heuristic solution: objective 3636.0000000
Found heuristic solution: objective 3635.0000000
Elapsed time for NoRel heuristic: 52s (best bound 0)
Found heuristic solution: objective 3566.0000000
Found heuristic solution: objective 3057.0000000
Elapsed time for NoRel heuristic: 57s (best bound 0)
Found heuristic solution: objective 3003.0000000
Found heuristic solution: objective 2800.0000000
Elapsed time for NoRel heuristic: 66s (best bound 0)
Found heuristic solution: objective 2766.0000000
Found heuristic solution: objective 2735.0000000
Found heuristic solution: objective 2710.0000000
Elapsed time for NoRel heuristic: 77s (best bound 0)
Found heuristic solution: objective 2701.0000000
Elapsed time for NoRel heuristic: 87s (best bound 0)
Elapsed time for NoRel heuristic: 93s (best bound 0)
Elapsed time for NoRel heuristic: 102s (best bound 0)
Elapsed time for NoRel heuristic: 120s (best bound 0)
Elapsed time for NoRel heuristic: 142s (best bound 0)
Elapsed time for NoRel heuristic: 170s (best bound 0)
Found heuristic solution: objective 2612.0000000
Elapsed time for NoRel heuristic: 197s (best bound 0)
Elapsed time for NoRel heuristic: 210s (best bound 0)
Elapsed time for NoRel heuristic: 224s (best bound 0)
Elapsed time for NoRel heuristic: 238s (best bound 0)
Found heuristic solution: objective 2594.0000000
Elapsed time for NoRel heuristic: 271s (best bound 0)
Elapsed time for NoRel heuristic: 288s (best bound 0)
Elapsed time for NoRel heuristic: 303s (best bound 0)
Elapsed time for NoRel heuristic: 318s (best bound 0)
Elapsed time for NoRel heuristic: 359s (best bound 0)
Elapsed time for NoRel heuristic: 433s (best bound 0)
Elapsed time for NoRel heuristic: 508s (best bound 0)
Elapsed time for NoRel heuristic: 581s (best bound 0)
Elapsed time for NoRel heuristic: 693s (best bound 0)
Elapsed time for NoRel heuristic: 843s (best bound 0)
Found heuristic solution: objective 2578.0000000
Elapsed time for NoRel heuristic: 991s (best bound 0)
NoRel heuristic complete
Deterministic concurrent LP optimizer: primal simplex, dual simplex, and barrier
Showing barrier log only...

Root barrier log...

Ordering time: 2.70s
Ordering time: 4.48s

Barrier statistics:
 Dense cols : 3598
 AA' NZ     : 4.556e+05
 Factor NZ  : 2.969e+07 (roughly 300 MB of memory)
 Factor Ops : 1.190e+11 (roughly 1 second per iteration)
 Threads    : 4

                  Objective                Residual
Iter       Primal          Dual         Primal    Dual     Compl     Time
   0   7.50567309e+08 -1.41741298e+08  8.21e+03 1.06e+03  2.10e+04  1009s
   1   4.91968122e+08 -1.49324650e+08  5.29e+03 6.64e+01  1.17e+04  1009s
   2   1.72698858e+08 -1.46509274e+08  1.92e+03 2.73e-12  4.25e+03  1009s
   3   4.37201875e+07 -1.13959608e+08  4.04e+02 2.73e-12  1.10e+03  1009s
   4   1.92456656e+07 -4.11298643e+07  1.12e+02 2.27e-12  3.17e+02  1009s
   5   1.38795672e+07 -2.26130136e+07  6.27e+01 2.50e-12  1.82e+02  1009s
   6   1.14008393e+07 -1.61026613e+07  4.44e+01 2.61e-12  1.34e+02  1009s
   7   7.59715153e+06 -6.37724973e+06  2.60e+01 2.27e-12  7.09e+01  1009s
   8   4.71994179e+06 -1.25342048e+06  1.49e+01 2.39e-12  3.38e+01  1010s
   9   1.75371272e+06 -5.77405117e+05  5.31e+00 1.71e-12  1.28e+01  1010s
  10   3.59947732e+05 -2.41658126e+05  9.48e-01 1.99e-12  2.87e+00  1010s
  11   1.19743976e+05 -1.62728433e+05  2.88e-01 2.22e-12  1.18e+00  1010s
  12   6.93434580e+04 -1.33991790e+05  1.55e-01 2.42e-12  7.84e-01  1010s
  13   3.31196875e+04 -6.25987520e+04  5.62e-02 2.22e-12  3.35e-01  1010s
  14   1.70665398e+04 -3.94740572e+04  2.02e-02 5.43e-12  1.85e-01  1010s
  15   9.97430694e+03 -2.02628212e+04  7.14e-03 3.52e-12  9.53e-02  1010s
  16   7.99631848e+03 -1.32108398e+04  4.51e-03 3.32e-12  6.63e-02  1010s
  17   7.35257619e+03 -7.81450459e+03  3.81e-03 2.10e-12  4.71e-02  1010s
  18   6.51429232e+03 -6.57770118e+03  3.01e-03 1.80e-12  4.06e-02  1010s
  19   4.58539717e+03 -3.58529249e+03  1.21e-03 6.67e-12  2.53e-02  1011s
  20   3.91921995e+03 -1.19701662e+03  7.51e-04 7.19e-12  1.58e-02  1012s
  21   3.39288473e+03 -2.21324953e+02  4.52e-04 8.33e-12  1.12e-02  1013s
  22   2.90599284e+03  8.43341609e+02  2.60e-04 2.16e-12  6.38e-03  1014s
  23   2.29637951e+03  1.67067120e+03  5.79e-05 4.95e-12  1.94e-03  1015s
  24   2.05488320e+03  2.01552405e+03  1.77e-06 6.79e-12  1.22e-04  1016s
  25   2.03717179e+03  2.03685747e+03  4.56e-09 2.31e-10  9.79e-07  1017s
  26   2.03700017e+03  2.03699986e+03  8.82e-12 2.43e-10  9.83e-10  1017s
  27   2.03700000e+03  2.03700000e+03  7.13e-13 1.07e-10  9.83e-13  1018s

Barrier solved model in 27 iterations and 1018.26 seconds (855.78 work units)
Optimal objective 2.03700000e+03


Root crossover log...

    8985 DPushes remaining with DInf 0.0000000e+00              1018s
       0 DPushes remaining with DInf 0.0000000e+00              1019s

    1541 PPushes remaining with PInf 0.0000000e+00              1019s
       0 PPushes remaining with PInf 0.0000000e+00              1019s

  Push phase complete: Pinf 0.0000000e+00, Dinf 6.3000272e-10   1019s


Root simplex log...

Iteration    Objective       Primal Inf.    Dual Inf.      Time
   10458    2.0370000e+03   0.000000e+00   0.000000e+00   1019s
Crossover time: 0.77 seconds (0.45 work units)
Concurrent spin time: 5.41s (can be avoided by choosing Method=3)

Solved with barrier
   10458    2.0370000e+03   0.000000e+00   0.000000e+00   1020s

Use crossover to convert LP symmetric solution to basic solution...

Root crossover log...

   10678 DPushes remaining with DInf 0.0000000e+00              1021s
       0 DPushes remaining with DInf 0.0000000e+00              1023s

     300 PPushes remaining with PInf 0.0000000e+00              1023s
       0 PPushes remaining with PInf 0.0000000e+00              1023s

  Push phase complete: Pinf 0.0000000e+00, Dinf 1.3831993e-09   1023s


Root simplex log...

Iteration    Objective       Primal Inf.    Dual Inf.      Time
   21343    2.0370000e+03   0.000000e+00   0.000000e+00   1023s
Crossover time: 2.25 seconds (1.72 work units)
   21343    2.0370000e+03   0.000000e+00   0.000000e+00   1023s

Root relaxation: objective 2.037000e+03, 21343 iterations, 19.91 seconds (14.75 work units)

    Nodes    |    Current Node    |     Objective Bounds      |     Work
 Expl Unexpl |  Obj  Depth IntInf | Incumbent    BestBd   Gap | It/Node Time

     0     0 2037.00000    0  119 2578.00000 2037.00000  21.0%     - 1114s
     0     0          -    0      2578.00000 2037.00000  21.0%     - 3600s

Cutting planes:
  Zero half: 32

Explored 1 nodes (341356 simplex iterations) in 3600.07 seconds (4177.09 work units)
Thread count was 6 (of 24 available processors)

Solution count 10: 2578 2594 2612 ... 3057

Time limit reached
Best objective 2.578000000000e+03, best bound 2.037000000000e+03, gap 20.9853%
