
Gurobi 13.0.1 (linux64) logging started Sun Apr 26 22:47:35 2026

Set parameter LogFile to value "outputs/llm_runs/trajectories/I2_P1_patchedit_auto_gpt41/step_01/attempt_01/candidate_01_solver.log"
Gurobi Optimizer version 13.0.1 build v13.0.1rc0 (linux64 - "Red Hat Enterprise Linux 9.6 (Plow)")

CPU model: Intel(R) Xeon(R) Gold 6226 CPU @ 2.70GHz, instruction set [SSE2|AVX|AVX2|AVX512]
Thread count: 24 physical cores, 24 logical processors, using up to 6 threads

Non-default parameters:
TimeLimit  3600
MIPGap  0.01
MIPFocus  2
NoRelHeurTime  900
RINS  2500
LogToConsole  0
Threads  6

Optimize a model with 401011 rows, 677376 columns and 3563688 nonzeros (Min)
Model fingerprint: 0xa290ec28
Model has 351562 linear objective coefficients
Variable types: 0 continuous, 677376 integer (677376 binary)
Coefficient statistics:
  Matrix range     [1e+00, 2e+00]
  Objective range  [5e+00, 1e+03]
  Bounds range     [1e+00, 1e+00]
  RHS range        [1e+00, 1e+00]

Warning: Completing partial solution with 677309 unfixed non-continuous variables out of 677376
User MIP start produced solution with objective 12579 (1.13s)
Loaded user MIP start with objective 12579
Processed MIP start in 1.13 seconds (0.67 work units)

Presolve removed 238488 rows and 267010 columns (presolve time = 5s)...
Presolve removed 239685 rows and 274710 columns (presolve time = 10s)...
Presolve removed 239687 rows and 274710 columns (presolve time = 15s)...
Presolve removed 239687 rows and 274710 columns (presolve time = 20s)...
Presolve removed 239687 rows and 274710 columns (presolve time = 25s)...
Presolve removed 239687 rows and 274710 columns (presolve time = 30s)...
Presolve removed 239687 rows and 274710 columns (presolve time = 35s)...
Presolve removed 239687 rows and 274710 columns (presolve time = 40s)...
Presolve removed 239687 rows and 274710 columns (presolve time = 45s)...
Presolve removed 239687 rows and 274710 columns (presolve time = 50s)...
Presolve removed 239687 rows and 274710 columns (presolve time = 55s)...
Presolve removed 239687 rows and 274710 columns (presolve time = 63s)...
Presolve removed 239687 rows and 274710 columns (presolve time = 69s)...
Presolve removed 239687 rows and 274710 columns (presolve time = 74s)...
Presolve removed 239687 rows and 274710 columns (presolve time = 79s)...
Presolve removed 239687 rows and 274710 columns (presolve time = 84s)...
Presolve removed 239687 rows and 274710 columns (presolve time = 90s)...
Presolve removed 239687 rows and 274710 columns (presolve time = 95s)...
Presolve removed 239687 rows and 274710 columns (presolve time = 100s)...
Presolve removed 239687 rows and 274710 columns (presolve time = 106s)...
Presolve removed 239687 rows and 274710 columns (presolve time = 111s)...
Presolve removed 239687 rows and 274710 columns (presolve time = 116s)...
Presolve removed 239687 rows and 274710 columns (presolve time = 121s)...
Presolve removed 239687 rows and 274710 columns (presolve time = 127s)...
Presolve removed 239687 rows and 274710 columns (presolve time = 132s)...
Presolve removed 239687 rows and 274710 columns (presolve time = 137s)...
Presolve removed 239687 rows and 274710 columns (presolve time = 143s)...
Presolve removed 239687 rows and 274710 columns (presolve time = 148s)...
Presolve removed 239687 rows and 274710 columns (presolve time = 153s)...
Presolve removed 239687 rows and 274710 columns (presolve time = 158s)...
Presolve removed 239687 rows and 274710 columns (presolve time = 164s)...
Presolve removed 239687 rows and 274710 columns (presolve time = 169s)...
Presolve removed 239687 rows and 274710 columns (presolve time = 174s)...
Presolve removed 239687 rows and 274710 columns (presolve time = 179s)...
Presolve removed 239687 rows and 274710 columns (presolve time = 185s)...
Presolve removed 239687 rows and 274710 columns (presolve time = 190s)...
Presolve removed 239687 rows and 274710 columns (presolve time = 195s)...
Presolve removed 239687 rows and 274710 columns (presolve time = 201s)...
Presolve removed 239687 rows and 274710 columns (presolve time = 206s)...
Presolve removed 239687 rows and 274710 columns (presolve time = 211s)...
Presolve removed 239687 rows and 274710 columns (presolve time = 216s)...
Presolve removed 239687 rows and 274710 columns (presolve time = 222s)...
Presolve removed 239687 rows and 274710 columns (presolve time = 227s)...
Presolve removed 239687 rows and 274710 columns (presolve time = 232s)...
Presolve removed 239687 rows and 274710 columns (presolve time = 238s)...
Presolve removed 239687 rows and 274710 columns (presolve time = 243s)...
Presolve removed 239687 rows and 274710 columns (presolve time = 248s)...
Presolve removed 239687 rows and 274710 columns (presolve time = 253s)...
Presolve removed 239687 rows and 274710 columns (presolve time = 259s)...
Presolve removed 239687 rows and 274710 columns (presolve time = 264s)...
Presolve removed 239687 rows and 274710 columns (presolve time = 269s)...
Presolve removed 239687 rows and 274710 columns (presolve time = 274s)...
Presolve removed 239687 rows and 274710 columns (presolve time = 280s)...
Presolve removed 239687 rows and 274710 columns (presolve time = 285s)...
Presolve removed 239687 rows and 274710 columns (presolve time = 290s)...
Presolve removed 239687 rows and 274710 columns (presolve time = 296s)...
Presolve removed 239687 rows and 274710 columns (presolve time = 301s)...
Presolve removed 239687 rows and 274710 columns (presolve time = 306s)...
Presolve removed 239687 rows and 274710 columns (presolve time = 311s)...
Presolve removed 239687 rows and 274710 columns (presolve time = 317s)...
Presolve removed 239687 rows and 274710 columns (presolve time = 322s)...
Presolve removed 239687 rows and 274710 columns (presolve time = 327s)...
Presolve removed 239687 rows and 274710 columns (presolve time = 332s)...
Presolve removed 239687 rows and 274710 columns (presolve time = 338s)...
Presolve removed 239687 rows and 274710 columns (presolve time = 343s)...
Presolve removed 239687 rows and 274710 columns (presolve time = 348s)...
Presolve removed 239687 rows and 274710 columns (presolve time = 354s)...
Presolve removed 239687 rows and 274710 columns (presolve time = 359s)...
Presolve removed 239687 rows and 274710 columns (presolve time = 364s)...
Presolve removed 239687 rows and 274710 columns (presolve time = 369s)...
Presolve removed 239687 rows and 274710 columns (presolve time = 375s)...
Presolve removed 239687 rows and 274710 columns (presolve time = 380s)...
Presolve removed 239687 rows and 274710 columns (presolve time = 385s)...
Presolve removed 239687 rows and 274710 columns (presolve time = 391s)...
Presolve removed 239687 rows and 274710 columns (presolve time = 396s)...
Presolve removed 239687 rows and 274710 columns (presolve time = 401s)...
Presolve removed 239687 rows and 274710 columns (presolve time = 406s)...
Presolve removed 239687 rows and 274710 columns (presolve time = 412s)...
Presolve removed 239687 rows and 274710 columns (presolve time = 417s)...
Presolve removed 239687 rows and 274710 columns (presolve time = 422s)...
Presolve removed 239687 rows and 274710 columns (presolve time = 427s)...
Presolve removed 239687 rows and 274710 columns (presolve time = 433s)...
Presolve removed 239687 rows and 274710 columns (presolve time = 438s)...
Presolve removed 239687 rows and 274710 columns (presolve time = 443s)...
Presolve removed 239687 rows and 274710 columns (presolve time = 449s)...
Presolve removed 239687 rows and 274710 columns (presolve time = 454s)...
Presolve removed 239687 rows and 274710 columns (presolve time = 459s)...
Presolve removed 239687 rows and 274710 columns (presolve time = 464s)...
Presolve removed 239687 rows and 274710 columns (presolve time = 470s)...
Presolve removed 239687 rows and 274710 columns (presolve time = 475s)...
Presolve removed 239687 rows and 274710 columns (presolve time = 480s)...
Presolve removed 239687 rows and 274710 columns (presolve time = 486s)...
Presolve removed 239687 rows and 274710 columns (presolve time = 491s)...
Presolve removed 239687 rows and 274710 columns (presolve time = 496s)...
Presolve removed 239687 rows and 274710 columns (presolve time = 501s)...
Presolve removed 239687 rows and 274710 columns (presolve time = 507s)...
Presolve removed 239687 rows and 274710 columns (presolve time = 512s)...
Presolve removed 239687 rows and 274710 columns (presolve time = 517s)...
Presolve removed 239687 rows and 274710 columns (presolve time = 522s)...
Presolve removed 239687 rows and 274710 columns (presolve time = 528s)...
Presolve removed 239687 rows and 274710 columns (presolve time = 533s)...
Presolve removed 239687 rows and 274710 columns (presolve time = 538s)...
Presolve removed 239687 rows and 274710 columns (presolve time = 544s)...
Presolve removed 239687 rows and 274710 columns (presolve time = 549s)...
Presolve removed 239687 rows and 274710 columns (presolve time = 554s)...
Presolve removed 239687 rows and 274710 columns (presolve time = 559s)...
Presolve removed 239687 rows and 274710 columns (presolve time = 565s)...
Presolve removed 239687 rows and 274710 columns (presolve time = 570s)...
Presolve removed 239687 rows and 274710 columns (presolve time = 575s)...
Presolve removed 239687 rows and 274710 columns (presolve time = 580s)...
Presolve removed 239687 rows and 274710 columns (presolve time = 586s)...
Presolve removed 239687 rows and 319962 columns (presolve time = 642s)...
Presolve removed 241373 rows and 330498 columns (presolve time = 645s)...
Presolve removed 248110 rows and 342660 columns (presolve time = 650s)...
Presolve removed 248110 rows and 342660 columns (presolve time = 655s)...
Presolve removed 248110 rows and 342660 columns
Presolve time: 658.70s
Presolved: 152901 rows, 334716 columns, 1388740 nonzeros
Variable types: 0 continuous, 334716 integer (334716 binary)
Starting NoRel heuristic
Found heuristic solution: objective 10601.000000
Found heuristic solution: objective 9629.0000000
Found heuristic solution: objective 9424.0000000
Elapsed time for NoRel heuristic: 9s (best bound 0)
Found heuristic solution: objective 8802.0000000
Found heuristic solution: objective 8703.0000000
Elapsed time for NoRel heuristic: 14s (best bound 0)
Found heuristic solution: objective 7662.0000000
Found heuristic solution: objective 7651.0000000
Elapsed time for NoRel heuristic: 55s (best bound 0)
Elapsed time for NoRel heuristic: 93s (best bound 0)
Elapsed time for NoRel heuristic: 99s (best bound 0)
Found heuristic solution: objective 7597.0000000
Elapsed time for NoRel heuristic: 107s (best bound 0)
Elapsed time for NoRel heuristic: 145s (best bound 0)
Elapsed time for NoRel heuristic: 184s (best bound 0)
Found heuristic solution: objective 7582.0000000
Elapsed time for NoRel heuristic: 189s (best bound 0)
Found heuristic solution: objective 7257.0000000
Found heuristic solution: objective 7223.0000000
Elapsed time for NoRel heuristic: 221s (best bound 0)
Elapsed time for NoRel heuristic: 259s (best bound 0)
Elapsed time for NoRel heuristic: 298s (best bound 0)
Found heuristic solution: objective 7135.0000000
Found heuristic solution: objective 7021.0000000
Elapsed time for NoRel heuristic: 335s (best bound 0)
Found heuristic solution: objective 6875.0000000
Elapsed time for NoRel heuristic: 352s (best bound 0)
Elapsed time for NoRel heuristic: 365s (best bound 0)
Found heuristic solution: objective 6844.0000000
Found heuristic solution: objective 6803.0000000
Elapsed time for NoRel heuristic: 397s (best bound 0)
Elapsed time for NoRel heuristic: 439s (best bound 0)
Found heuristic solution: objective 6744.0000000
Elapsed time for NoRel heuristic: 452s (best bound 0)
Found heuristic solution: objective 6694.0000000
Elapsed time for NoRel heuristic: 490s (best bound 0)
Elapsed time for NoRel heuristic: 537s (best bound 0)
Elapsed time for NoRel heuristic: 585s (best bound 0)
Found heuristic solution: objective 6670.0000000
Elapsed time for NoRel heuristic: 632s (best bound 0)
Elapsed time for NoRel heuristic: 684s (best bound 0)
Elapsed time for NoRel heuristic: 740s (best bound 0)
Found heuristic solution: objective 6667.0000000
Found heuristic solution: objective 6627.0000000
Elapsed time for NoRel heuristic: 789s (best bound 0)
Found heuristic solution: objective 6513.0000000
Elapsed time for NoRel heuristic: 843s (best bound 0)
Elapsed time for NoRel heuristic: 905s (best bound 0)
NoRel heuristic complete
Root relaxation presolve removed 8 rows and 0 columns
Root relaxation presolved: 152893 rows, 334716 columns, 1387938 nonzeros

Deterministic concurrent LP optimizer: primal simplex, dual simplex, and barrier
Showing barrier log only...

Root barrier log...

Ordering time: 5.19s
Elapsed ordering time = 5s
Elapsed ordering time = 10s
Elapsed ordering time = 11s
Ordering time: 12.11s

Barrier statistics:
 Dense cols : 5347
 AA' NZ     : 1.163e+06
 Factor NZ  : 6.000e+07 (roughly 600 MB of memory)
 Factor Ops : 3.335e+11 (roughly 2 seconds per iteration)
 Threads    : 4

                  Objective                Residual
Iter       Primal          Dual         Primal    Dual     Compl     Time
   0   1.32652012e+09 -1.46087056e+08  2.97e+04 3.96e+02  1.95e+04  1585s
   1   1.08914854e+09 -1.58736860e+08  2.43e+04 6.51e+02  1.48e+04  1586s
   2   5.89700063e+08 -1.78839069e+08  1.30e+04 2.87e-10  7.60e+03  1588s
   3   8.11734028e+07 -1.51977411e+08  1.60e+03 2.74e-10  1.10e+03  1591s
   4   3.94244812e+07 -6.11325366e+07  6.72e+02 1.59e-10  3.50e+02  1593s
   5   2.01513813e+07 -2.88811592e+07  2.65e+02 6.53e-11  1.40e+02  1595s
   6   8.84824528e+06 -3.09094349e+06  7.09e+01 1.13e-10  3.26e+01  1598s
   7   4.56814059e+06 -1.27060759e+06  3.68e+01 9.00e-11  1.62e+01  1600s
   8   5.66684891e+05 -1.25479167e+05  4.12e+00 2.10e-10  1.87e+00  1603s
   9   9.43112938e+04 -4.55770005e+04  5.75e-01 1.24e-10  3.29e-01  1605s
  10   2.27030854e+04 -1.76815265e+04  9.13e-02 8.80e-11  8.11e-02  1608s
  11   1.28016207e+04 -3.09960703e+03  3.52e-02 6.74e-11  2.91e-02  1611s
  12   6.28851922e+03  3.43837581e+03  1.81e-03 6.14e-11  5.11e-03  1614s
  13   5.27297638e+03  4.27702234e+03  2.04e-04 7.27e-11  1.79e-03  1617s
  14   4.80118572e+03  4.54562711e+03  3.17e-05 7.33e-11  4.61e-04  1620s
  15   4.70665864e+03  4.61251799e+03  1.02e-05 6.44e-11  1.70e-04  1623s
  16   4.65898900e+03  4.65006088e+03  6.06e-07 1.20e-10  1.61e-05  1625s
  17   4.65433599e+03  4.65376723e+03  8.12e-09 2.03e-10  1.03e-06  1628s
  18   4.65411403e+03  4.65411002e+03  2.26e-09 5.70e-10  7.22e-09  1630s
  19   4.65411324e+03  4.65411320e+03  2.87e-09 3.99e-10  7.22e-12  1632s

Barrier solved model in 19 iterations and 1632.12 seconds (845.44 work units)
Optimal objective 4.65411324e+03


Root crossover log...

   12938 DPushes remaining with DInf 0.0000000e+00              1632s
     291 DPushes remaining with DInf 0.0000000e+00              1635s
       0 DPushes remaining with DInf 0.0000000e+00              1636s

     871 PPushes remaining with PInf 0.0000000e+00              1636s
       0 PPushes remaining with PInf 0.0000000e+00              1636s

  Push phase complete: Pinf 0.0000000e+00, Dinf 1.1579942e-08   1636s


Root simplex log...

Iteration    Objective       Primal Inf.    Dual Inf.      Time
   13749    4.6541132e+03   0.000000e+00   0.000000e+00   1637s
Crossover time: 4.43 seconds (2.24 work units)
Concurrent spin time: 2.76s

Solved with barrier
   13749    4.6541132e+03   0.000000e+00   0.000000e+00   1639s

Use crossover to convert LP symmetric solution to basic solution...

Root crossover log...

  150902 variables added to crossover basis                     1640s
  152517 variables added to crossover basis                     1645s

      69 DPushes remaining with DInf 0.0000000e+00              1648s

     537 PPushes remaining with PInf 0.0000000e+00              1649s
       0 PPushes remaining with PInf 0.0000000e+00              1649s

  Push phase complete: Pinf 0.0000000e+00, Dinf 2.4718304e-08   1649s


Root simplex log...

Iteration    Objective       Primal Inf.    Dual Inf.      Time
   14289    4.6541132e+03   0.000000e+00   0.000000e+00   1649s
Crossover time: 9.45 seconds (12.13 work units)

Root relaxation: objective 4.654113e+03, 14289 iterations, 83.39 seconds (66.25 work units)

    Nodes    |    Current Node    |     Objective Bounds      |     Work
 Expl Unexpl |  Obj  Depth IntInf | Incumbent    BestBd   Gap | It/Node Time

     0     0 4654.11321    0  378 6513.00000 4654.11321  28.5%     - 1717s
     0     0 4756.11260    0  390 6513.00000 4756.11260  27.0%     - 3512s
     0     0          -    0      6513.00000 4756.11260  27.0%     - 3600s

Cutting planes:
  Gomory: 2
  Lift-and-project: 20
  Implied bound: 21
  Dual implied bound: 2
  Clique: 17
  Flow cover: 44
  Zero half: 79
  RLT: 63
  BQP: 13

Explored 1 nodes (264105 simplex iterations) in 3600.06 seconds (2118.26 work units)
Thread count was 6 (of 24 available processors)

Solution count 10: 6513 6627 6667 ... 7021

Time limit reached
Best objective 6.513000000000e+03, best bound 4.757000000000e+03, gap 26.9615%
